Initialized native services in: C:\GradleHome\.gradle\native
Initialized jansi services in: C:\GradleHome\.gradle\native
The client will now receive all logging from the daemon (pid: 27608). The daemon log file: C:\GradleHome\.gradle\daemon\8.11.1\daemon-27608.out.log
Starting 3rd build in daemon [uptime: 30 mins 45.784 secs, performance: 99%, GC rate: 0.00/s, heap usage: 0% of 2 GiB]
Using 12 worker leases.
Now considering [C:\DEV\StudyWise-Fresh] as hierarchies to watch
Watching the file system is configured to be enabled if available
File system watching is active
Starting Build
Invalidating in-memory cache of C:\GradleHome\.gradle\caches\journal-1\file-access.bin
Settings evaluated using settings file 'C:\DEV\StudyWise-Fresh\settings.gradle.kts'.
Projects loaded. Root project using build file 'C:\DEV\StudyWise-Fresh\build.gradle.kts'.
Included projects: [root project 'StudyWise', project ':app']

> Configure project :
Evaluating root project 'StudyWise' using build file 'C:\DEV\StudyWise-Fresh\build.gradle.kts'.
Transforming gradle-8.10.1.jar (com.android.tools.build:gradle:8.10.1) with InstrumentationAnalysisTransform
Transforming hilt-android-gradle-plugin-2.48.jar (com.google.dagger:hilt-android-gradle-plugin:2.48) with InstrumentationAnalysisTransform
Transforming gradle-settings-api-8.10.1.jar (com.android.tools.build:gradle-settings-api:8.10.1) with InstrumentationAnalysisTransform
Transforming lint-model-31.10.1.jar (com.android.tools.lint:lint-model:31.10.1) with InstrumentationAnalysisTransform
Transforming builder-8.10.1.jar (com.android.tools.build:builder:8.10.1) with InstrumentationAnalysisTransform
Transforming manifest-merger-31.10.1.jar (com.android.tools.build:manifest-merger:31.10.1) with InstrumentationAnalysisTransform
Transforming sdk-common-31.10.1.jar (com.android.tools:sdk-common:31.10.1) with InstrumentationAnalysisTransform
Transforming sdklib-31.10.1.jar (com.android.tools:sdklib:31.10.1) with InstrumentationAnalysisTransform
Transforming repository-31.10.1.jar (com.android.tools:repository:31.10.1) with InstrumentationAnalysisTransform
Transforming aaptcompiler-8.10.1.jar (com.android.tools.build:aaptcompiler:8.10.1) with InstrumentationAnalysisTransform
Transforming tracker-31.10.1.jar (com.android.tools.analytics-library:tracker:31.10.1) with InstrumentationAnalysisTransform
Transforming shared-31.10.1.jar (com.android.tools.analytics-library:shared:31.10.1) with InstrumentationAnalysisTransform
Transforming databinding-compiler-common-8.10.1.jar (androidx.databinding:databinding-compiler-common:8.10.1) with InstrumentationAnalysisTransform
Transforming android-test-plugin-host-emulator-control-proto-31.10.1.jar (com.android.tools.utp:android-test-plugin-host-emulator-control-proto:31.10.1) with InstrumentationAnalysisTransform
Transforming builder-model-8.10.1.jar (com.android.tools.build:builder-model:8.10.1) with InstrumentationAnalysisTransform
Transforming gradle-api-8.10.1.jar (com.android.tools.build:gradle-api:8.10.1) with InstrumentationAnalysisTransform
Transforming builder-test-api-8.10.1.jar (com.android.tools.build:builder-test-api:8.10.1) with InstrumentationAnalysisTransform
Transforming ddmlib-31.10.1.jar (com.android.tools.ddms:ddmlib:31.10.1) with InstrumentationAnalysisTransform
Transforming layoutlib-api-31.10.1.jar (com.android.tools.layoutlib:layoutlib-api:31.10.1) with InstrumentationAnalysisTransform
Transforming dvlib-31.10.1.jar (com.android.tools:dvlib:31.10.1) with InstrumentationAnalysisTransform
Transforming common-31.10.1.jar (com.android.tools:common:31.10.1) with InstrumentationAnalysisTransform
Transforming kotlin-stdlib-jdk8-2.1.0.jar (org.jetbrains.kotlin:kotlin-stdlib-jdk8:2.1.0) with InstrumentationAnalysisTransform
Transforming jetifier-processor-1.0.0-beta10.jar (com.android.tools.build.jetifier:jetifier-processor:1.0.0-beta10) with InstrumentationAnalysisTransform
Transforming jetifier-core-1.0.0-beta10.jar (com.android.tools.build.jetifier:jetifier-core:1.0.0-beta10) with InstrumentationAnalysisTransform
Transforming kotlin-reflect-2.0.20.jar (org.jetbrains.kotlin:kotlin-reflect:2.0.20) with InstrumentationAnalysisTransform
Transforming kotlin-stdlib-jdk7-2.1.0.jar (org.jetbrains.kotlin:kotlin-stdlib-jdk7:2.1.0) with InstrumentationAnalysisTransform
Transforming kotlin-stdlib-2.0.20.jar (org.jetbrains.kotlin:kotlin-stdlib:2.0.20) with InstrumentationAnalysisTransform
Transforming annotations-13.0.jar (org.jetbrains:annotations:13.0) with InstrumentationAnalysisTransform
Transforming kotlin-gradle-plugin-model-1.9.24.jar (org.jetbrains.kotlin:kotlin-gradle-plugin-model:1.9.24) with InstrumentationAnalysisTransform
Transforming kotlin-gradle-plugin-api-1.9.24.jar (org.jetbrains.kotlin:kotlin-gradle-plugin-api:1.9.24) with InstrumentationAnalysisTransform
Transforming kotlin-gradle-plugin-1.9.24-gradle82.jar (org.jetbrains.kotlin:kotlin-gradle-plugin:1.9.24) with InstrumentationAnalysisTransform
Transforming bundletool-1.18.0.jar (com.android.tools.build:bundletool:1.18.0) with InstrumentationAnalysisTransform
Transforming aapt2-proto-8.10.1-12782657.jar (com.android.tools.build:aapt2-proto:8.10.1-12782657) with InstrumentationAnalysisTransform
Transforming crash-31.10.1.jar (com.android.tools.analytics-library:crash:31.10.1) with InstrumentationAnalysisTransform
Transforming lint-typedef-remover-31.10.1.jar (com.android.tools.lint:lint-typedef-remover:31.10.1) with InstrumentationAnalysisTransform
Transforming databinding-common-8.10.1.jar (androidx.databinding:databinding-common:8.10.1) with InstrumentationAnalysisTransform
Transforming baseLibrary-8.10.1.jar (com.android.databinding:baseLibrary:8.10.1) with InstrumentationAnalysisTransform
Transforming android-device-provider-ddmlib-proto-31.10.1.jar (com.android.tools.utp:android-device-provider-ddmlib-proto:31.10.1) with InstrumentationAnalysisTransform
Transforming android-device-provider-gradle-proto-31.10.1.jar (com.android.tools.utp:android-device-provider-gradle-proto:31.10.1) with InstrumentationAnalysisTransform
Transforming android-device-provider-profile-proto-31.10.1.jar (com.android.tools.utp:android-device-provider-profile-proto:31.10.1) with InstrumentationAnalysisTransform
Transforming android-test-plugin-host-additional-test-output-proto-31.10.1.jar (com.android.tools.utp:android-test-plugin-host-additional-test-output-proto:31.10.1) with InstrumentationAnalysisTransform
Transforming android-test-plugin-host-coverage-proto-31.10.1.jar (com.android.tools.utp:android-test-plugin-host-coverage-proto:31.10.1) with InstrumentationAnalysisTransform
Transforming android-test-plugin-host-logcat-proto-31.10.1.jar (com.android.tools.utp:android-test-plugin-host-logcat-proto:31.10.1) with InstrumentationAnalysisTransform
Transforming android-test-plugin-host-apk-installer-proto-31.10.1.jar (com.android.tools.utp:android-test-plugin-host-apk-installer-proto:31.10.1) with InstrumentationAnalysisTransform
Transforming android-test-plugin-result-listener-gradle-proto-31.10.1.jar (com.android.tools.utp:android-test-plugin-result-listener-gradle-proto:31.10.1) with InstrumentationAnalysisTransform
Transforming transform-api-2.0.0-deprecated-use-gradle-api.jar (com.android.tools.build:transform-api:2.0.0-deprecated-use-gradle-api) with InstrumentationAnalysisTransform
Transforming httpmime-4.5.6.jar (org.apache.httpcomponents:httpmime:4.5.6) with InstrumentationAnalysisTransform
Transforming commons-io-2.16.1.jar (commons-io:commons-io:2.16.1) with InstrumentationAnalysisTransform
Transforming asm-commons-9.7.1.jar (org.ow2.asm:asm-commons:9.7.1) with InstrumentationAnalysisTransform
Transforming asm-util-9.7.1.jar (org.ow2.asm:asm-util:9.7.1) with InstrumentationAnalysisTransform
Transforming asm-analysis-9.7.1.jar (org.ow2.asm:asm-analysis:9.7.1) with InstrumentationAnalysisTransform
Transforming asm-tree-9.7.1.jar (org.ow2.asm:asm-tree:9.7.1) with InstrumentationAnalysisTransform
Transforming asm-9.7.1.jar (org.ow2.asm:asm:9.7.1) with InstrumentationAnalysisTransform
Transforming apkzlib-8.10.1.jar (com.android.tools.build:apkzlib:8.10.1) with InstrumentationAnalysisTransform
Transforming bcpkix-jdk18on-1.79.jar (org.bouncycastle:bcpkix-jdk18on:1.79) with InstrumentationAnalysisTransform
Transforming jaxb-runtime-2.3.2.jar (org.glassfish.jaxb:jaxb-runtime:2.3.2) with InstrumentationAnalysisTransform
Transforming jopt-simple-4.9.jar (net.sf.jopt-simple:jopt-simple:4.9) with InstrumentationAnalysisTransform
Transforming javapoet-1.13.0.jar (com.squareup:javapoet:1.13.0) with InstrumentationAnalysisTransform
Transforming protobuf-java-util-3.25.5.jar (com.google.protobuf:protobuf-java-util:3.25.5) with InstrumentationAnalysisTransform
Transforming grpc-protobuf-1.69.1.jar (io.grpc:grpc-protobuf:1.69.1) with InstrumentationAnalysisTransform
Transforming tink-1.7.0.jar (com.google.crypto.tink:tink:1.7.0) with InstrumentationAnalysisTransform
Transforming core-proto-0.0.9-alpha03.jar (com.google.testing.platform:core-proto:0.0.9-alpha03) with InstrumentationAnalysisTransform
Transforming protos-31.10.1.jar (com.android.tools.analytics-library:protos:31.10.1) with InstrumentationAnalysisTransform
Transforming proto-google-common-protos-2.48.0.jar (com.google.api.grpc:proto-google-common-protos:2.48.0) with InstrumentationAnalysisTransform
Transforming protobuf-java-3.25.5.jar (com.google.protobuf:protobuf-java:3.25.5) with InstrumentationAnalysisTransform
Transforming grpc-netty-1.69.1.jar (io.grpc:grpc-netty:1.69.1) with InstrumentationAnalysisTransform
Transforming grpc-inprocess-1.69.1.jar (io.grpc:grpc-inprocess:1.69.1) with InstrumentationAnalysisTransform
Transforming grpc-util-1.69.1.jar (io.grpc:grpc-util:1.69.1) with InstrumentationAnalysisTransform
Transforming grpc-core-1.69.1.jar (io.grpc:grpc-core:1.69.1) with InstrumentationAnalysisTransform
Transforming gson-2.11.0.jar (com.google.code.gson:gson:2.11.0) with InstrumentationAnalysisTransform
Transforming grpc-stub-1.69.1.jar (io.grpc:grpc-stub:1.69.1) with InstrumentationAnalysisTransform
Transforming tensorflow-lite-metadata-0.2.0.jar (org.tensorflow:tensorflow-lite-metadata:0.2.0) with InstrumentationAnalysisTransform
Transforming flatbuffers-java-1.12.0.jar (com.google.flatbuffers:flatbuffers-java:1.12.0) with InstrumentationAnalysisTransform
Transforming kotlin-gradle-plugin-idea-proto-1.9.24.jar (org.jetbrains.kotlin:kotlin-gradle-plugin-idea-proto:1.9.24) with InstrumentationAnalysisTransform
Transforming kotlin-gradle-plugin-idea-1.9.24.jar (org.jetbrains.kotlin:kotlin-gradle-plugin-idea:1.9.24) with InstrumentationAnalysisTransform
Transforming kotlin-klib-commonizer-api-1.9.24.jar (org.jetbrains.kotlin:kotlin-klib-commonizer-api:1.9.24) with InstrumentationAnalysisTransform
Transforming kotlin-native-utils-1.9.24.jar (org.jetbrains.kotlin:kotlin-native-utils:1.9.24) with InstrumentationAnalysisTransform
Transforming kotlin-util-klib-1.9.24.jar (org.jetbrains.kotlin:kotlin-util-klib:1.9.24) with InstrumentationAnalysisTransform
Transforming kotlin-build-tools-api-1.9.24.jar (org.jetbrains.kotlin:kotlin-build-tools-api:1.9.24) with InstrumentationAnalysisTransform
Transforming kotlin-android-extensions-1.9.24.jar (org.jetbrains.kotlin:kotlin-android-extensions:1.9.24) with InstrumentationAnalysisTransform
Transforming kotlin-compiler-runner-1.9.24.jar (org.jetbrains.kotlin:kotlin-compiler-runner:1.9.24) with InstrumentationAnalysisTransform
Transforming kotlin-compiler-embeddable-1.9.24.jar (org.jetbrains.kotlin:kotlin-compiler-embeddable:1.9.24) with InstrumentationAnalysisTransform
Transforming kotlin-scripting-compiler-embeddable-1.9.24.jar (org.jetbrains.kotlin:kotlin-scripting-compiler-embeddable:1.9.24) with InstrumentationAnalysisTransform
Transforming kotlin-scripting-compiler-impl-embeddable-1.9.24.jar (org.jetbrains.kotlin:kotlin-scripting-compiler-impl-embeddable:1.9.24) with InstrumentationAnalysisTransform
Transforming jimfs-1.1.jar (com.google.jimfs:jimfs:1.1) with InstrumentationAnalysisTransform
Transforming grpc-context-1.69.1.jar (io.grpc:grpc-context:1.69.1) with InstrumentationAnalysisTransform
Transforming grpc-protobuf-lite-1.69.1.jar (io.grpc:grpc-protobuf-lite:1.69.1) with InstrumentationAnalysisTransform
Transforming grpc-api-1.69.1.jar (io.grpc:grpc-api:1.69.1) with InstrumentationAnalysisTransform
Transforming guava-33.3.1-jre.jar (com.google.guava:guava:33.3.1-jre) with InstrumentationAnalysisTransform
Transforming dagger-2.28.3.jar (com.google.dagger:dagger:2.28.3) with InstrumentationAnalysisTransform
Transforming javax.inject-1.jar (javax.inject:javax.inject:1) with InstrumentationAnalysisTransform
Transforming kxml2-2.3.0.jar (net.sf.kxml:kxml2:2.3.0) with InstrumentationAnalysisTransform
Transforming commons-compress-1.21.jar (org.apache.commons:commons-compress:1.21) with InstrumentationAnalysisTransform
Transforming bcutil-jdk18on-1.79.jar (org.bouncycastle:bcutil-jdk18on:1.79) with InstrumentationAnalysisTransform
Transforming bcprov-jdk18on-1.79.jar (org.bouncycastle:bcprov-jdk18on:1.79) with InstrumentationAnalysisTransform
Transforming httpclient-4.5.14.jar (org.apache.httpcomponents:httpclient:4.5.14) with InstrumentationAnalysisTransform
Transforming httpcore-4.4.16.jar (org.apache.httpcomponents:httpcore:4.4.16) with InstrumentationAnalysisTransform
Transforming javax.activation-1.2.0.jar (com.sun.activation:javax.activation:1.2.0) with InstrumentationAnalysisTransform
Transforming signflinger-8.10.1.jar (com.android:signflinger:8.10.1) with InstrumentationAnalysisTransform
Transforming zipflinger-8.10.1.jar (com.android:zipflinger:8.10.1) with InstrumentationAnalysisTransform
Transforming annotations-31.10.1.jar (com.android.tools:annotations:31.10.1) with InstrumentationAnalysisTransform
Transforming jna-platform-5.6.0.jar (net.java.dev.jna:jna-platform:5.6.0) with InstrumentationAnalysisTransform
Transforming juniversalchardet-1.0.3.jar (com.googlecode.juniversalchardet:juniversalchardet:1.0.3) with InstrumentationAnalysisTransform
Transforming javax.annotation-api-1.3.2.jar (javax.annotation:javax.annotation-api:1.3.2) with InstrumentationAnalysisTransform
Transforming stax-ex-1.8.1.jar (org.jvnet.staxex:stax-ex:1.8.1) with InstrumentationAnalysisTransform
Transforming jakarta.xml.bind-api-2.3.2.jar (jakarta.xml.bind:jakarta.xml.bind-api:2.3.2) with InstrumentationAnalysisTransform
Transforming txw2-2.3.2.jar (org.glassfish.jaxb:txw2:2.3.2) with InstrumentationAnalysisTransform
Transforming istack-commons-runtime-3.0.8.jar (com.sun.istack:istack-commons-runtime:3.0.8) with InstrumentationAnalysisTransform
Transforming FastInfoset-1.2.16.jar (com.sun.xml.fastinfoset:FastInfoset:1.2.16) with InstrumentationAnalysisTransform
Transforming jakarta.activation-api-1.2.1.jar (jakarta.activation:jakarta.activation-api:1.2.1) with InstrumentationAnalysisTransform
Transforming auto-value-annotations-1.6.2.jar (com.google.auto.value:auto-value-annotations:1.6.2) with InstrumentationAnalysisTransform
Transforming error_prone_annotations-2.30.0.jar (com.google.errorprone:error_prone_annotations:2.30.0) with InstrumentationAnalysisTransform
Transforming jose4j-0.9.5.jar (org.bitbucket.b_c:jose4j:0.9.5) with InstrumentationAnalysisTransform
Transforming slf4j-api-1.7.30.jar (org.slf4j:slf4j-api:1.7.30) with InstrumentationAnalysisTransform
Transforming jdom2-2.0.6.jar (org.jdom:jdom2:2.0.6) with InstrumentationAnalysisTransform
Transforming jsr305-3.0.2.jar (com.google.code.findbugs:jsr305:3.0.2) with InstrumentationAnalysisTransform
Transforming j2objc-annotations-3.0.0.jar (com.google.j2objc:j2objc-annotations:3.0.0) with InstrumentationAnalysisTransform
Transforming annotations-4.1.1.4.jar (com.google.android:annotations:4.1.1.4) with InstrumentationAnalysisTransform
Transforming animal-sniffer-annotations-1.24.jar (org.codehaus.mojo:animal-sniffer-annotations:1.24) with InstrumentationAnalysisTransform
Transforming perfmark-api-0.27.0.jar (io.perfmark:perfmark-api:0.27.0) with InstrumentationAnalysisTransform
Transforming netty-codec-http2-4.1.110.Final.jar (io.netty:netty-codec-http2:4.1.110.Final) with InstrumentationAnalysisTransform
Transforming netty-handler-proxy-4.1.110.Final.jar (io.netty:netty-handler-proxy:4.1.110.Final) with InstrumentationAnalysisTransform
Transforming netty-codec-http-4.1.110.Final.jar (io.netty:netty-codec-http:4.1.110.Final) with InstrumentationAnalysisTransform
Transforming netty-handler-4.1.110.Final.jar (io.netty:netty-handler:4.1.110.Final) with InstrumentationAnalysisTransform
Transforming netty-transport-native-unix-common-4.1.110.Final.jar (io.netty:netty-transport-native-unix-common:4.1.110.Final) with InstrumentationAnalysisTransform
Transforming checker-qual-3.43.0.jar (org.checkerframework:checker-qual:3.43.0) with InstrumentationAnalysisTransform
Transforming apksig-8.10.1.jar (com.android.tools.build:apksig:8.10.1) with InstrumentationAnalysisTransform
Transforming javawriter-2.5.0.jar (com.squareup:javawriter:2.5.0) with InstrumentationAnalysisTransform
Transforming kotlin-gradle-plugin-annotations-1.9.24.jar (org.jetbrains.kotlin:kotlin-gradle-plugin-annotations:1.9.24) with InstrumentationAnalysisTransform
Transforming kotlin-project-model-1.9.24.jar (org.jetbrains.kotlin:kotlin-project-model:1.9.24) with InstrumentationAnalysisTransform
Transforming kotlin-tooling-core-1.9.24.jar (org.jetbrains.kotlin:kotlin-tooling-core:1.9.24) with InstrumentationAnalysisTransform
Transforming kotlin-util-io-1.9.24.jar (org.jetbrains.kotlin:kotlin-util-io:1.9.24) with InstrumentationAnalysisTransform
Transforming kotlin-daemon-embeddable-1.9.24.jar (org.jetbrains.kotlin:kotlin-daemon-embeddable:1.9.24) with InstrumentationAnalysisTransform
Transforming trove4j-1.0.20200330.jar (org.jetbrains.intellij.deps:trove4j:1.0.20200330) with InstrumentationAnalysisTransform
Transforming kotlin-daemon-client-1.9.24.jar (org.jetbrains.kotlin:kotlin-daemon-client:1.9.24) with InstrumentationAnalysisTransform
Transforming kotlinx-coroutines-core-jvm-1.5.0.jar (org.jetbrains.kotlinx:kotlinx-coroutines-core-jvm:1.5.0) with InstrumentationAnalysisTransform
Transforming kotlin-scripting-jvm-1.9.24.jar (org.jetbrains.kotlin:kotlin-scripting-jvm:1.9.24) with InstrumentationAnalysisTransform
Transforming kotlin-scripting-common-1.9.24.jar (org.jetbrains.kotlin:kotlin-scripting-common:1.9.24) with InstrumentationAnalysisTransform
Transforming failureaccess-1.0.2.jar (com.google.guava:failureaccess:1.0.2) with InstrumentationAnalysisTransform
Transforming listenablefuture-9999.0-empty-to-avoid-conflict-with-guava.jar (com.google.guava:listenablefuture:9999.0-empty-to-avoid-conflict-with-guava) with InstrumentationAnalysisTransform
Transforming commons-logging-1.2.jar (commons-logging:commons-logging:1.2) with InstrumentationAnalysisTransform
Transforming commons-codec-1.11.jar (commons-codec:commons-codec:1.11) with InstrumentationAnalysisTransform
Transforming jna-5.6.0.jar (net.java.dev.jna:jna:5.6.0) with InstrumentationAnalysisTransform
Transforming netty-codec-socks-4.1.110.Final.jar (io.netty:netty-codec-socks:4.1.110.Final) with InstrumentationAnalysisTransform
Transforming netty-codec-4.1.110.Final.jar (io.netty:netty-codec:4.1.110.Final) with InstrumentationAnalysisTransform
Transforming netty-transport-4.1.110.Final.jar (io.netty:netty-transport:4.1.110.Final) with InstrumentationAnalysisTransform
Transforming netty-buffer-4.1.110.Final.jar (io.netty:netty-buffer:4.1.110.Final) with InstrumentationAnalysisTransform
Transforming netty-resolver-4.1.110.Final.jar (io.netty:netty-resolver:4.1.110.Final) with InstrumentationAnalysisTransform
Transforming netty-common-4.1.110.Final.jar (io.netty:netty-common:4.1.110.Final) with InstrumentationAnalysisTransform
Transforming gradle-8.10.1.jar (com.android.tools.build:gradle:8.10.1) with InstrumentationAnalysisTransform
Transforming gradle-8.10.1.jar (com.android.tools.build:gradle:8.10.1) with MergeInstrumentationAnalysisTransform
Transforming hilt-android-gradle-plugin-2.48.jar (com.google.dagger:hilt-android-gradle-plugin:2.48) with InstrumentationAnalysisTransform
Transforming hilt-android-gradle-plugin-2.48.jar (com.google.dagger:hilt-android-gradle-plugin:2.48) with MergeInstrumentationAnalysisTransform
Transforming gradle-settings-api-8.10.1.jar (com.android.tools.build:gradle-settings-api:8.10.1) with InstrumentationAnalysisTransform
Transforming gradle-8.10.1.jar (com.android.tools.build:gradle:8.10.1) with ExternalDependencyInstrumentingArtifactTransform
Transforming gradle-settings-api-8.10.1.jar (com.android.tools.build:gradle-settings-api:8.10.1) with MergeInstrumentationAnalysisTransform
Transforming hilt-android-gradle-plugin-2.48.jar (com.google.dagger:hilt-android-gradle-plugin:2.48) with ExternalDependencyInstrumentingArtifactTransform
Transforming lint-model-31.10.1.jar (com.android.tools.lint:lint-model:31.10.1) with InstrumentationAnalysisTransform
Transforming gradle-settings-api-8.10.1.jar (com.android.tools.build:gradle-settings-api:8.10.1) with ExternalDependencyInstrumentingArtifactTransform
Transforming lint-model-31.10.1.jar (com.android.tools.lint:lint-model:31.10.1) with MergeInstrumentationAnalysisTransform
Transforming builder-8.10.1.jar (com.android.tools.build:builder:8.10.1) with InstrumentationAnalysisTransform
Transforming lint-model-31.10.1.jar (com.android.tools.lint:lint-model:31.10.1) with ExternalDependencyInstrumentingArtifactTransform
Transforming builder-8.10.1.jar (com.android.tools.build:builder:8.10.1) with MergeInstrumentationAnalysisTransform
Transforming manifest-merger-31.10.1.jar (com.android.tools.build:manifest-merger:31.10.1) with InstrumentationAnalysisTransform
Transforming builder-8.10.1.jar (com.android.tools.build:builder:8.10.1) with ExternalDependencyInstrumentingArtifactTransform
Transforming manifest-merger-31.10.1.jar (com.android.tools.build:manifest-merger:31.10.1) with MergeInstrumentationAnalysisTransform
Transforming sdk-common-31.10.1.jar (com.android.tools:sdk-common:31.10.1) with InstrumentationAnalysisTransform
Transforming sdk-common-31.10.1.jar (com.android.tools:sdk-common:31.10.1) with MergeInstrumentationAnalysisTransform
Transforming manifest-merger-31.10.1.jar (com.android.tools.build:manifest-merger:31.10.1) with ExternalDependencyInstrumentingArtifactTransform
Transforming sdklib-31.10.1.jar (com.android.tools:sdklib:31.10.1) with InstrumentationAnalysisTransform
Transforming sdklib-31.10.1.jar (com.android.tools:sdklib:31.10.1) with MergeInstrumentationAnalysisTransform
Transforming sdk-common-31.10.1.jar (com.android.tools:sdk-common:31.10.1) with ExternalDependencyInstrumentingArtifactTransform
Transforming repository-31.10.1.jar (com.android.tools:repository:31.10.1) with InstrumentationAnalysisTransform
Transforming repository-31.10.1.jar (com.android.tools:repository:31.10.1) with MergeInstrumentationAnalysisTransform
Transforming sdklib-31.10.1.jar (com.android.tools:sdklib:31.10.1) with ExternalDependencyInstrumentingArtifactTransform
Transforming aaptcompiler-8.10.1.jar (com.android.tools.build:aaptcompiler:8.10.1) with InstrumentationAnalysisTransform
Transforming aaptcompiler-8.10.1.jar (com.android.tools.build:aaptcompiler:8.10.1) with MergeInstrumentationAnalysisTransform
Transforming repository-31.10.1.jar (com.android.tools:repository:31.10.1) with ExternalDependencyInstrumentingArtifactTransform
Transforming tracker-31.10.1.jar (com.android.tools.analytics-library:tracker:31.10.1) with InstrumentationAnalysisTransform
Transforming tracker-31.10.1.jar (com.android.tools.analytics-library:tracker:31.10.1) with MergeInstrumentationAnalysisTransform
Transforming aaptcompiler-8.10.1.jar (com.android.tools.build:aaptcompiler:8.10.1) with ExternalDependencyInstrumentingArtifactTransform
Transforming shared-31.10.1.jar (com.android.tools.analytics-library:shared:31.10.1) with InstrumentationAnalysisTransform
Transforming tracker-31.10.1.jar (com.android.tools.analytics-library:tracker:31.10.1) with ExternalDependencyInstrumentingArtifactTransform
Transforming shared-31.10.1.jar (com.android.tools.analytics-library:shared:31.10.1) with MergeInstrumentationAnalysisTransform
Transforming databinding-compiler-common-8.10.1.jar (androidx.databinding:databinding-compiler-common:8.10.1) with InstrumentationAnalysisTransform
Transforming shared-31.10.1.jar (com.android.tools.analytics-library:shared:31.10.1) with ExternalDependencyInstrumentingArtifactTransform
Transforming databinding-compiler-common-8.10.1.jar (androidx.databinding:databinding-compiler-common:8.10.1) with MergeInstrumentationAnalysisTransform
Transforming android-test-plugin-host-emulator-control-proto-31.10.1.jar (com.android.tools.utp:android-test-plugin-host-emulator-control-proto:31.10.1) with InstrumentationAnalysisTransform
Transforming databinding-compiler-common-8.10.1.jar (androidx.databinding:databinding-compiler-common:8.10.1) with ExternalDependencyInstrumentingArtifactTransform
Transforming android-test-plugin-host-emulator-control-proto-31.10.1.jar (com.android.tools.utp:android-test-plugin-host-emulator-control-proto:31.10.1) with MergeInstrumentationAnalysisTransform
Transforming builder-model-8.10.1.jar (com.android.tools.build:builder-model:8.10.1) with InstrumentationAnalysisTransform
Transforming builder-model-8.10.1.jar (com.android.tools.build:builder-model:8.10.1) with MergeInstrumentationAnalysisTransform
Transforming android-test-plugin-host-emulator-control-proto-31.10.1.jar (com.android.tools.utp:android-test-plugin-host-emulator-control-proto:31.10.1) with ExternalDependencyInstrumentingArtifactTransform
Transforming gradle-api-8.10.1.jar (com.android.tools.build:gradle-api:8.10.1) with InstrumentationAnalysisTransform
Transforming builder-model-8.10.1.jar (com.android.tools.build:builder-model:8.10.1) with ExternalDependencyInstrumentingArtifactTransform
Transforming gradle-api-8.10.1.jar (com.android.tools.build:gradle-api:8.10.1) with MergeInstrumentationAnalysisTransform
Transforming builder-test-api-8.10.1.jar (com.android.tools.build:builder-test-api:8.10.1) with InstrumentationAnalysisTransform
Transforming builder-test-api-8.10.1.jar (com.android.tools.build:builder-test-api:8.10.1) with MergeInstrumentationAnalysisTransform
Transforming ddmlib-31.10.1.jar (com.android.tools.ddms:ddmlib:31.10.1) with InstrumentationAnalysisTransform
Transforming gradle-api-8.10.1.jar (com.android.tools.build:gradle-api:8.10.1) with ExternalDependencyInstrumentingArtifactTransform
Transforming builder-test-api-8.10.1.jar (com.android.tools.build:builder-test-api:8.10.1) with ExternalDependencyInstrumentingArtifactTransform
Transforming ddmlib-31.10.1.jar (com.android.tools.ddms:ddmlib:31.10.1) with MergeInstrumentationAnalysisTransform
Transforming layoutlib-api-31.10.1.jar (com.android.tools.layoutlib:layoutlib-api:31.10.1) with InstrumentationAnalysisTransform
Transforming layoutlib-api-31.10.1.jar (com.android.tools.layoutlib:layoutlib-api:31.10.1) with MergeInstrumentationAnalysisTransform
Transforming ddmlib-31.10.1.jar (com.android.tools.ddms:ddmlib:31.10.1) with ExternalDependencyInstrumentingArtifactTransform
Transforming dvlib-31.10.1.jar (com.android.tools:dvlib:31.10.1) with InstrumentationAnalysisTransform
Transforming layoutlib-api-31.10.1.jar (com.android.tools.layoutlib:layoutlib-api:31.10.1) with ExternalDependencyInstrumentingArtifactTransform
Transforming dvlib-31.10.1.jar (com.android.tools:dvlib:31.10.1) with MergeInstrumentationAnalysisTransform
Transforming common-31.10.1.jar (com.android.tools:common:31.10.1) with InstrumentationAnalysisTransform
Transforming common-31.10.1.jar (com.android.tools:common:31.10.1) with MergeInstrumentationAnalysisTransform
Transforming kotlin-stdlib-jdk8-2.1.0.jar (org.jetbrains.kotlin:kotlin-stdlib-jdk8:2.1.0) with InstrumentationAnalysisTransform
Transforming common-31.10.1.jar (com.android.tools:common:31.10.1) with ExternalDependencyInstrumentingArtifactTransform
Transforming dvlib-31.10.1.jar (com.android.tools:dvlib:31.10.1) with ExternalDependencyInstrumentingArtifactTransform
Transforming kotlin-stdlib-jdk8-2.1.0.jar (org.jetbrains.kotlin:kotlin-stdlib-jdk8:2.1.0) with MergeInstrumentationAnalysisTransform
Transforming jetifier-processor-1.0.0-beta10.jar (com.android.tools.build.jetifier:jetifier-processor:1.0.0-beta10) with InstrumentationAnalysisTransform
Transforming jetifier-processor-1.0.0-beta10.jar (com.android.tools.build.jetifier:jetifier-processor:1.0.0-beta10) with MergeInstrumentationAnalysisTransform
Transforming jetifier-core-1.0.0-beta10.jar (com.android.tools.build.jetifier:jetifier-core:1.0.0-beta10) with InstrumentationAnalysisTransform
Transforming jetifier-core-1.0.0-beta10.jar (com.android.tools.build.jetifier:jetifier-core:1.0.0-beta10) with MergeInstrumentationAnalysisTransform
Transforming jetifier-processor-1.0.0-beta10.jar (com.android.tools.build.jetifier:jetifier-processor:1.0.0-beta10) with ExternalDependencyInstrumentingArtifactTransform
Transforming kotlin-reflect-2.0.20.jar (org.jetbrains.kotlin:kotlin-reflect:2.0.20) with InstrumentationAnalysisTransform
Transforming kotlin-stdlib-jdk8-2.1.0.jar (org.jetbrains.kotlin:kotlin-stdlib-jdk8:2.1.0) with ExternalDependencyInstrumentingArtifactTransform
Transforming jetifier-core-1.0.0-beta10.jar (com.android.tools.build.jetifier:jetifier-core:1.0.0-beta10) with ExternalDependencyInstrumentingArtifactTransform
Transforming kotlin-reflect-2.0.20.jar (org.jetbrains.kotlin:kotlin-reflect:2.0.20) with MergeInstrumentationAnalysisTransform
Transforming kotlin-stdlib-jdk7-2.1.0.jar (org.jetbrains.kotlin:kotlin-stdlib-jdk7:2.1.0) with InstrumentationAnalysisTransform
Transforming kotlin-stdlib-jdk7-2.1.0.jar (org.jetbrains.kotlin:kotlin-stdlib-jdk7:2.1.0) with MergeInstrumentationAnalysisTransform
Transforming kotlin-stdlib-2.0.20.jar (org.jetbrains.kotlin:kotlin-stdlib:2.0.20) with InstrumentationAnalysisTransform
Transforming kotlin-stdlib-2.0.20.jar (org.jetbrains.kotlin:kotlin-stdlib:2.0.20) with MergeInstrumentationAnalysisTransform
Transforming annotations-13.0.jar (org.jetbrains:annotations:13.0) with InstrumentationAnalysisTransform
Transforming annotations-13.0.jar (org.jetbrains:annotations:13.0) with MergeInstrumentationAnalysisTransform
Transforming kotlin-gradle-plugin-model-1.9.24.jar (org.jetbrains.kotlin:kotlin-gradle-plugin-model:1.9.24) with InstrumentationAnalysisTransform
Transforming kotlin-gradle-plugin-model-1.9.24.jar (org.jetbrains.kotlin:kotlin-gradle-plugin-model:1.9.24) with MergeInstrumentationAnalysisTransform
Transforming kotlin-gradle-plugin-api-1.9.24.jar (org.jetbrains.kotlin:kotlin-gradle-plugin-api:1.9.24) with InstrumentationAnalysisTransform
Transforming kotlin-gradle-plugin-api-1.9.24.jar (org.jetbrains.kotlin:kotlin-gradle-plugin-api:1.9.24) with MergeInstrumentationAnalysisTransform
Transforming kotlin-gradle-plugin-1.9.24-gradle82.jar (org.jetbrains.kotlin:kotlin-gradle-plugin:1.9.24) with InstrumentationAnalysisTransform
Transforming kotlin-stdlib-jdk7-2.1.0.jar (org.jetbrains.kotlin:kotlin-stdlib-jdk7:2.1.0) with ExternalDependencyInstrumentingArtifactTransform
Transforming annotations-13.0.jar (org.jetbrains:annotations:13.0) with ExternalDependencyInstrumentingArtifactTransform
Transforming kotlin-gradle-plugin-1.9.24-gradle82.jar (org.jetbrains.kotlin:kotlin-gradle-plugin:1.9.24) with MergeInstrumentationAnalysisTransform
Transforming kotlin-reflect-2.0.20.jar (org.jetbrains.kotlin:kotlin-reflect:2.0.20) with ExternalDependencyInstrumentingArtifactTransform
Transforming kotlin-gradle-plugin-model-1.9.24.jar (org.jetbrains.kotlin:kotlin-gradle-plugin-model:1.9.24) with ExternalDependencyInstrumentingArtifactTransform
Transforming bundletool-1.18.0.jar (com.android.tools.build:bundletool:1.18.0) with InstrumentationAnalysisTransform
Transforming kotlin-stdlib-2.0.20.jar (org.jetbrains.kotlin:kotlin-stdlib:2.0.20) with ExternalDependencyInstrumentingArtifactTransform
Transforming kotlin-gradle-plugin-api-1.9.24.jar (org.jetbrains.kotlin:kotlin-gradle-plugin-api:1.9.24) with ExternalDependencyInstrumentingArtifactTransform
Transforming bundletool-1.18.0.jar (com.android.tools.build:bundletool:1.18.0) with MergeInstrumentationAnalysisTransform
Transforming aapt2-proto-8.10.1-12782657.jar (com.android.tools.build:aapt2-proto:8.10.1-12782657) with InstrumentationAnalysisTransform
Transforming kotlin-gradle-plugin-1.9.24-gradle82.jar (org.jetbrains.kotlin:kotlin-gradle-plugin:1.9.24) with ExternalDependencyInstrumentingArtifactTransform
Transforming bundletool-1.18.0.jar (com.android.tools.build:bundletool:1.18.0) with ExternalDependencyInstrumentingArtifactTransform
Transforming aapt2-proto-8.10.1-12782657.jar (com.android.tools.build:aapt2-proto:8.10.1-12782657) with MergeInstrumentationAnalysisTransform
Transforming crash-31.10.1.jar (com.android.tools.analytics-library:crash:31.10.1) with InstrumentationAnalysisTransform
Transforming aapt2-proto-8.10.1-12782657.jar (com.android.tools.build:aapt2-proto:8.10.1-12782657) with ExternalDependencyInstrumentingArtifactTransform
Transforming crash-31.10.1.jar (com.android.tools.analytics-library:crash:31.10.1) with MergeInstrumentationAnalysisTransform
Transforming lint-typedef-remover-31.10.1.jar (com.android.tools.lint:lint-typedef-remover:31.10.1) with InstrumentationAnalysisTransform
Transforming lint-typedef-remover-31.10.1.jar (com.android.tools.lint:lint-typedef-remover:31.10.1) with MergeInstrumentationAnalysisTransform
Transforming crash-31.10.1.jar (com.android.tools.analytics-library:crash:31.10.1) with ExternalDependencyInstrumentingArtifactTransform
Transforming databinding-common-8.10.1.jar (androidx.databinding:databinding-common:8.10.1) with InstrumentationAnalysisTransform
Transforming lint-typedef-remover-31.10.1.jar (com.android.tools.lint:lint-typedef-remover:31.10.1) with ExternalDependencyInstrumentingArtifactTransform
Transforming databinding-common-8.10.1.jar (androidx.databinding:databinding-common:8.10.1) with MergeInstrumentationAnalysisTransform
Transforming baseLibrary-8.10.1.jar (com.android.databinding:baseLibrary:8.10.1) with InstrumentationAnalysisTransform
Transforming baseLibrary-8.10.1.jar (com.android.databinding:baseLibrary:8.10.1) with MergeInstrumentationAnalysisTransform
Transforming databinding-common-8.10.1.jar (androidx.databinding:databinding-common:8.10.1) with ExternalDependencyInstrumentingArtifactTransform
Transforming android-device-provider-ddmlib-proto-31.10.1.jar (com.android.tools.utp:android-device-provider-ddmlib-proto:31.10.1) with InstrumentationAnalysisTransform
Transforming android-device-provider-ddmlib-proto-31.10.1.jar (com.android.tools.utp:android-device-provider-ddmlib-proto:31.10.1) with MergeInstrumentationAnalysisTransform
Transforming android-device-provider-gradle-proto-31.10.1.jar (com.android.tools.utp:android-device-provider-gradle-proto:31.10.1) with InstrumentationAnalysisTransform
Transforming baseLibrary-8.10.1.jar (com.android.databinding:baseLibrary:8.10.1) with ExternalDependencyInstrumentingArtifactTransform
Transforming android-device-provider-gradle-proto-31.10.1.jar (com.android.tools.utp:android-device-provider-gradle-proto:31.10.1) with MergeInstrumentationAnalysisTransform
Transforming android-device-provider-profile-proto-31.10.1.jar (com.android.tools.utp:android-device-provider-profile-proto:31.10.1) with InstrumentationAnalysisTransform
Transforming android-device-provider-ddmlib-proto-31.10.1.jar (com.android.tools.utp:android-device-provider-ddmlib-proto:31.10.1) with ExternalDependencyInstrumentingArtifactTransform
Transforming android-device-provider-gradle-proto-31.10.1.jar (com.android.tools.utp:android-device-provider-gradle-proto:31.10.1) with ExternalDependencyInstrumentingArtifactTransform
Transforming android-device-provider-profile-proto-31.10.1.jar (com.android.tools.utp:android-device-provider-profile-proto:31.10.1) with MergeInstrumentationAnalysisTransform
Transforming android-test-plugin-host-additional-test-output-proto-31.10.1.jar (com.android.tools.utp:android-test-plugin-host-additional-test-output-proto:31.10.1) with InstrumentationAnalysisTransform
Transforming android-test-plugin-host-additional-test-output-proto-31.10.1.jar (com.android.tools.utp:android-test-plugin-host-additional-test-output-proto:31.10.1) with MergeInstrumentationAnalysisTransform
Transforming android-test-plugin-host-coverage-proto-31.10.1.jar (com.android.tools.utp:android-test-plugin-host-coverage-proto:31.10.1) with InstrumentationAnalysisTransform
Transforming android-test-plugin-host-coverage-proto-31.10.1.jar (com.android.tools.utp:android-test-plugin-host-coverage-proto:31.10.1) with MergeInstrumentationAnalysisTransform
Transforming android-test-plugin-host-logcat-proto-31.10.1.jar (com.android.tools.utp:android-test-plugin-host-logcat-proto:31.10.1) with InstrumentationAnalysisTransform
Transforming android-test-plugin-host-logcat-proto-31.10.1.jar (com.android.tools.utp:android-test-plugin-host-logcat-proto:31.10.1) with MergeInstrumentationAnalysisTransform
Transforming android-test-plugin-host-apk-installer-proto-31.10.1.jar (com.android.tools.utp:android-test-plugin-host-apk-installer-proto:31.10.1) with InstrumentationAnalysisTransform
Transforming android-test-plugin-host-additional-test-output-proto-31.10.1.jar (com.android.tools.utp:android-test-plugin-host-additional-test-output-proto:31.10.1) with ExternalDependencyInstrumentingArtifactTransform
Transforming android-test-plugin-host-apk-installer-proto-31.10.1.jar (com.android.tools.utp:android-test-plugin-host-apk-installer-proto:31.10.1) with MergeInstrumentationAnalysisTransform
Transforming android-test-plugin-result-listener-gradle-proto-31.10.1.jar (com.android.tools.utp:android-test-plugin-result-listener-gradle-proto:31.10.1) with InstrumentationAnalysisTransform
Transforming android-test-plugin-host-logcat-proto-31.10.1.jar (com.android.tools.utp:android-test-plugin-host-logcat-proto:31.10.1) with ExternalDependencyInstrumentingArtifactTransform
Transforming android-device-provider-profile-proto-31.10.1.jar (com.android.tools.utp:android-device-provider-profile-proto:31.10.1) with ExternalDependencyInstrumentingArtifactTransform
Transforming android-test-plugin-host-apk-installer-proto-31.10.1.jar (com.android.tools.utp:android-test-plugin-host-apk-installer-proto:31.10.1) with ExternalDependencyInstrumentingArtifactTransform
Transforming android-test-plugin-result-listener-gradle-proto-31.10.1.jar (com.android.tools.utp:android-test-plugin-result-listener-gradle-proto:31.10.1) with MergeInstrumentationAnalysisTransform
Transforming android-test-plugin-host-coverage-proto-31.10.1.jar (com.android.tools.utp:android-test-plugin-host-coverage-proto:31.10.1) with ExternalDependencyInstrumentingArtifactTransform
Transforming transform-api-2.0.0-deprecated-use-gradle-api.jar (com.android.tools.build:transform-api:2.0.0-deprecated-use-gradle-api) with InstrumentationAnalysisTransform
Transforming android-test-plugin-result-listener-gradle-proto-31.10.1.jar (com.android.tools.utp:android-test-plugin-result-listener-gradle-proto:31.10.1) with ExternalDependencyInstrumentingArtifactTransform
Transforming transform-api-2.0.0-deprecated-use-gradle-api.jar (com.android.tools.build:transform-api:2.0.0-deprecated-use-gradle-api) with MergeInstrumentationAnalysisTransform
Transforming httpmime-4.5.6.jar (org.apache.httpcomponents:httpmime:4.5.6) with InstrumentationAnalysisTransform
Transforming transform-api-2.0.0-deprecated-use-gradle-api.jar (com.android.tools.build:transform-api:2.0.0-deprecated-use-gradle-api) with ExternalDependencyInstrumentingArtifactTransform
Transforming httpmime-4.5.6.jar (org.apache.httpcomponents:httpmime:4.5.6) with MergeInstrumentationAnalysisTransform
Transforming commons-io-2.16.1.jar (commons-io:commons-io:2.16.1) with InstrumentationAnalysisTransform
Transforming commons-io-2.16.1.jar (commons-io:commons-io:2.16.1) with MergeInstrumentationAnalysisTransform
Transforming asm-commons-9.7.1.jar (org.ow2.asm:asm-commons:9.7.1) with InstrumentationAnalysisTransform
Transforming httpmime-4.5.6.jar (org.apache.httpcomponents:httpmime:4.5.6) with ExternalDependencyInstrumentingArtifactTransform
Transforming commons-io-2.16.1.jar (commons-io:commons-io:2.16.1) with ExternalDependencyInstrumentingArtifactTransform
Transforming asm-commons-9.7.1.jar (org.ow2.asm:asm-commons:9.7.1) with MergeInstrumentationAnalysisTransform
Transforming asm-util-9.7.1.jar (org.ow2.asm:asm-util:9.7.1) with InstrumentationAnalysisTransform
Transforming asm-util-9.7.1.jar (org.ow2.asm:asm-util:9.7.1) with MergeInstrumentationAnalysisTransform
Transforming asm-commons-9.7.1.jar (org.ow2.asm:asm-commons:9.7.1) with ExternalDependencyInstrumentingArtifactTransform
Transforming asm-util-9.7.1.jar (org.ow2.asm:asm-util:9.7.1) with ExternalDependencyInstrumentingArtifactTransform
Transforming asm-analysis-9.7.1.jar (org.ow2.asm:asm-analysis:9.7.1) with InstrumentationAnalysisTransform
Transforming asm-analysis-9.7.1.jar (org.ow2.asm:asm-analysis:9.7.1) with MergeInstrumentationAnalysisTransform
Transforming asm-tree-9.7.1.jar (org.ow2.asm:asm-tree:9.7.1) with InstrumentationAnalysisTransform
Transforming asm-tree-9.7.1.jar (org.ow2.asm:asm-tree:9.7.1) with MergeInstrumentationAnalysisTransform
Transforming asm-9.7.1.jar (org.ow2.asm:asm:9.7.1) with InstrumentationAnalysisTransform
Transforming asm-analysis-9.7.1.jar (org.ow2.asm:asm-analysis:9.7.1) with ExternalDependencyInstrumentingArtifactTransform
Transforming asm-9.7.1.jar (org.ow2.asm:asm:9.7.1) with MergeInstrumentationAnalysisTransform
Transforming apkzlib-8.10.1.jar (com.android.tools.build:apkzlib:8.10.1) with InstrumentationAnalysisTransform
Transforming asm-tree-9.7.1.jar (org.ow2.asm:asm-tree:9.7.1) with ExternalDependencyInstrumentingArtifactTransform
Transforming apkzlib-8.10.1.jar (com.android.tools.build:apkzlib:8.10.1) with MergeInstrumentationAnalysisTransform
Transforming asm-9.7.1.jar (org.ow2.asm:asm:9.7.1) with ExternalDependencyInstrumentingArtifactTransform
Transforming bcpkix-jdk18on-1.79.jar (org.bouncycastle:bcpkix-jdk18on:1.79) with InstrumentationAnalysisTransform
Transforming apkzlib-8.10.1.jar (com.android.tools.build:apkzlib:8.10.1) with ExternalDependencyInstrumentingArtifactTransform
Transforming bcpkix-jdk18on-1.79.jar (org.bouncycastle:bcpkix-jdk18on:1.79) with MergeInstrumentationAnalysisTransform
Transforming jaxb-runtime-2.3.2.jar (org.glassfish.jaxb:jaxb-runtime:2.3.2) with InstrumentationAnalysisTransform
Transforming bcpkix-jdk18on-1.79.jar (org.bouncycastle:bcpkix-jdk18on:1.79) with ExternalDependencyInstrumentingArtifactTransform
Transforming jaxb-runtime-2.3.2.jar (org.glassfish.jaxb:jaxb-runtime:2.3.2) with MergeInstrumentationAnalysisTransform
Transforming jopt-simple-4.9.jar (net.sf.jopt-simple:jopt-simple:4.9) with InstrumentationAnalysisTransform
Transforming jopt-simple-4.9.jar (net.sf.jopt-simple:jopt-simple:4.9) with MergeInstrumentationAnalysisTransform
Transforming javapoet-1.13.0.jar (com.squareup:javapoet:1.13.0) with InstrumentationAnalysisTransform
Transforming javapoet-1.13.0.jar (com.squareup:javapoet:1.13.0) with MergeInstrumentationAnalysisTransform
Transforming protobuf-java-util-3.25.5.jar (com.google.protobuf:protobuf-java-util:3.25.5) with InstrumentationAnalysisTransform
Transforming protobuf-java-util-3.25.5.jar (com.google.protobuf:protobuf-java-util:3.25.5) with MergeInstrumentationAnalysisTransform
Transforming grpc-protobuf-1.69.1.jar (io.grpc:grpc-protobuf:1.69.1) with InstrumentationAnalysisTransform
Transforming jaxb-runtime-2.3.2.jar (org.glassfish.jaxb:jaxb-runtime:2.3.2) with ExternalDependencyInstrumentingArtifactTransform
Transforming protobuf-java-util-3.25.5.jar (com.google.protobuf:protobuf-java-util:3.25.5) with ExternalDependencyInstrumentingArtifactTransform
Transforming jopt-simple-4.9.jar (net.sf.jopt-simple:jopt-simple:4.9) with ExternalDependencyInstrumentingArtifactTransform
Transforming javapoet-1.13.0.jar (com.squareup:javapoet:1.13.0) with ExternalDependencyInstrumentingArtifactTransform
Transforming grpc-protobuf-1.69.1.jar (io.grpc:grpc-protobuf:1.69.1) with MergeInstrumentationAnalysisTransform
Transforming tink-1.7.0.jar (com.google.crypto.tink:tink:1.7.0) with InstrumentationAnalysisTransform
Transforming tink-1.7.0.jar (com.google.crypto.tink:tink:1.7.0) with MergeInstrumentationAnalysisTransform
Transforming core-proto-0.0.9-alpha03.jar (com.google.testing.platform:core-proto:0.0.9-alpha03) with InstrumentationAnalysisTransform
Transforming core-proto-0.0.9-alpha03.jar (com.google.testing.platform:core-proto:0.0.9-alpha03) with MergeInstrumentationAnalysisTransform
Transforming grpc-protobuf-1.69.1.jar (io.grpc:grpc-protobuf:1.69.1) with ExternalDependencyInstrumentingArtifactTransform
Transforming tink-1.7.0.jar (com.google.crypto.tink:tink:1.7.0) with ExternalDependencyInstrumentingArtifactTransform
Transforming core-proto-0.0.9-alpha03.jar (com.google.testing.platform:core-proto:0.0.9-alpha03) with ExternalDependencyInstrumentingArtifactTransform
Transforming protos-31.10.1.jar (com.android.tools.analytics-library:protos:31.10.1) with InstrumentationAnalysisTransform
Transforming protos-31.10.1.jar (com.android.tools.analytics-library:protos:31.10.1) with MergeInstrumentationAnalysisTransform
Transforming proto-google-common-protos-2.48.0.jar (com.google.api.grpc:proto-google-common-protos:2.48.0) with InstrumentationAnalysisTransform
Transforming proto-google-common-protos-2.48.0.jar (com.google.api.grpc:proto-google-common-protos:2.48.0) with MergeInstrumentationAnalysisTransform
Transforming protos-31.10.1.jar (com.android.tools.analytics-library:protos:31.10.1) with ExternalDependencyInstrumentingArtifactTransform
Transforming protobuf-java-3.25.5.jar (com.google.protobuf:protobuf-java:3.25.5) with InstrumentationAnalysisTransform
Transforming protobuf-java-3.25.5.jar (com.google.protobuf:protobuf-java:3.25.5) with MergeInstrumentationAnalysisTransform
Transforming grpc-netty-1.69.1.jar (io.grpc:grpc-netty:1.69.1) with InstrumentationAnalysisTransform
Transforming protobuf-java-3.25.5.jar (com.google.protobuf:protobuf-java:3.25.5) with ExternalDependencyInstrumentingArtifactTransform
Transforming proto-google-common-protos-2.48.0.jar (com.google.api.grpc:proto-google-common-protos:2.48.0) with ExternalDependencyInstrumentingArtifactTransform
Transforming grpc-netty-1.69.1.jar (io.grpc:grpc-netty:1.69.1) with MergeInstrumentationAnalysisTransform
Transforming grpc-inprocess-1.69.1.jar (io.grpc:grpc-inprocess:1.69.1) with InstrumentationAnalysisTransform
Transforming grpc-inprocess-1.69.1.jar (io.grpc:grpc-inprocess:1.69.1) with MergeInstrumentationAnalysisTransform
Transforming grpc-netty-1.69.1.jar (io.grpc:grpc-netty:1.69.1) with ExternalDependencyInstrumentingArtifactTransform
Transforming grpc-util-1.69.1.jar (io.grpc:grpc-util:1.69.1) with InstrumentationAnalysisTransform
Transforming grpc-inprocess-1.69.1.jar (io.grpc:grpc-inprocess:1.69.1) with ExternalDependencyInstrumentingArtifactTransform
Transforming grpc-util-1.69.1.jar (io.grpc:grpc-util:1.69.1) with MergeInstrumentationAnalysisTransform
Transforming grpc-core-1.69.1.jar (io.grpc:grpc-core:1.69.1) with InstrumentationAnalysisTransform
Transforming grpc-util-1.69.1.jar (io.grpc:grpc-util:1.69.1) with ExternalDependencyInstrumentingArtifactTransform
Transforming grpc-core-1.69.1.jar (io.grpc:grpc-core:1.69.1) with MergeInstrumentationAnalysisTransform
Transforming gson-2.11.0.jar (com.google.code.gson:gson:2.11.0) with InstrumentationAnalysisTransform
Transforming grpc-core-1.69.1.jar (io.grpc:grpc-core:1.69.1) with ExternalDependencyInstrumentingArtifactTransform
Transforming gson-2.11.0.jar (com.google.code.gson:gson:2.11.0) with MergeInstrumentationAnalysisTransform
Transforming grpc-stub-1.69.1.jar (io.grpc:grpc-stub:1.69.1) with InstrumentationAnalysisTransform
Transforming gson-2.11.0.jar (com.google.code.gson:gson:2.11.0) with ExternalDependencyInstrumentingArtifactTransform
Transforming grpc-stub-1.69.1.jar (io.grpc:grpc-stub:1.69.1) with MergeInstrumentationAnalysisTransform
Transforming tensorflow-lite-metadata-0.2.0.jar (org.tensorflow:tensorflow-lite-metadata:0.2.0) with InstrumentationAnalysisTransform
Transforming tensorflow-lite-metadata-0.2.0.jar (org.tensorflow:tensorflow-lite-metadata:0.2.0) with MergeInstrumentationAnalysisTransform
Transforming grpc-stub-1.69.1.jar (io.grpc:grpc-stub:1.69.1) with ExternalDependencyInstrumentingArtifactTransform
Transforming flatbuffers-java-1.12.0.jar (com.google.flatbuffers:flatbuffers-java:1.12.0) with InstrumentationAnalysisTransform
Transforming tensorflow-lite-metadata-0.2.0.jar (org.tensorflow:tensorflow-lite-metadata:0.2.0) with ExternalDependencyInstrumentingArtifactTransform
Transforming flatbuffers-java-1.12.0.jar (com.google.flatbuffers:flatbuffers-java:1.12.0) with MergeInstrumentationAnalysisTransform
Transforming kotlin-gradle-plugin-idea-proto-1.9.24.jar (org.jetbrains.kotlin:kotlin-gradle-plugin-idea-proto:1.9.24) with InstrumentationAnalysisTransform
Transforming kotlin-gradle-plugin-idea-proto-1.9.24.jar (org.jetbrains.kotlin:kotlin-gradle-plugin-idea-proto:1.9.24) with MergeInstrumentationAnalysisTransform
Transforming flatbuffers-java-1.12.0.jar (com.google.flatbuffers:flatbuffers-java:1.12.0) with ExternalDependencyInstrumentingArtifactTransform
Transforming kotlin-gradle-plugin-idea-1.9.24.jar (org.jetbrains.kotlin:kotlin-gradle-plugin-idea:1.9.24) with InstrumentationAnalysisTransform
Transforming kotlin-gradle-plugin-idea-1.9.24.jar (org.jetbrains.kotlin:kotlin-gradle-plugin-idea:1.9.24) with MergeInstrumentationAnalysisTransform
Transforming kotlin-gradle-plugin-idea-proto-1.9.24.jar (org.jetbrains.kotlin:kotlin-gradle-plugin-idea-proto:1.9.24) with ExternalDependencyInstrumentingArtifactTransform
Transforming kotlin-klib-commonizer-api-1.9.24.jar (org.jetbrains.kotlin:kotlin-klib-commonizer-api:1.9.24) with InstrumentationAnalysisTransform
Transforming kotlin-gradle-plugin-idea-1.9.24.jar (org.jetbrains.kotlin:kotlin-gradle-plugin-idea:1.9.24) with ExternalDependencyInstrumentingArtifactTransform
Transforming kotlin-klib-commonizer-api-1.9.24.jar (org.jetbrains.kotlin:kotlin-klib-commonizer-api:1.9.24) with MergeInstrumentationAnalysisTransform
Transforming kotlin-native-utils-1.9.24.jar (org.jetbrains.kotlin:kotlin-native-utils:1.9.24) with InstrumentationAnalysisTransform
Transforming kotlin-native-utils-1.9.24.jar (org.jetbrains.kotlin:kotlin-native-utils:1.9.24) with MergeInstrumentationAnalysisTransform
Transforming kotlin-util-klib-1.9.24.jar (org.jetbrains.kotlin:kotlin-util-klib:1.9.24) with InstrumentationAnalysisTransform
Transforming kotlin-klib-commonizer-api-1.9.24.jar (org.jetbrains.kotlin:kotlin-klib-commonizer-api:1.9.24) with ExternalDependencyInstrumentingArtifactTransform
Transforming kotlin-util-klib-1.9.24.jar (org.jetbrains.kotlin:kotlin-util-klib:1.9.24) with MergeInstrumentationAnalysisTransform
Transforming kotlin-build-tools-api-1.9.24.jar (org.jetbrains.kotlin:kotlin-build-tools-api:1.9.24) with InstrumentationAnalysisTransform
Transforming kotlin-build-tools-api-1.9.24.jar (org.jetbrains.kotlin:kotlin-build-tools-api:1.9.24) with MergeInstrumentationAnalysisTransform
Transforming kotlin-android-extensions-1.9.24.jar (org.jetbrains.kotlin:kotlin-android-extensions:1.9.24) with InstrumentationAnalysisTransform
Transforming kotlin-android-extensions-1.9.24.jar (org.jetbrains.kotlin:kotlin-android-extensions:1.9.24) with MergeInstrumentationAnalysisTransform
Transforming kotlin-native-utils-1.9.24.jar (org.jetbrains.kotlin:kotlin-native-utils:1.9.24) with ExternalDependencyInstrumentingArtifactTransform
Transforming kotlin-util-klib-1.9.24.jar (org.jetbrains.kotlin:kotlin-util-klib:1.9.24) with ExternalDependencyInstrumentingArtifactTransform
Transforming kotlin-compiler-runner-1.9.24.jar (org.jetbrains.kotlin:kotlin-compiler-runner:1.9.24) with InstrumentationAnalysisTransform
Transforming kotlin-compiler-runner-1.9.24.jar (org.jetbrains.kotlin:kotlin-compiler-runner:1.9.24) with MergeInstrumentationAnalysisTransform
Transforming kotlin-compiler-embeddable-1.9.24.jar (org.jetbrains.kotlin:kotlin-compiler-embeddable:1.9.24) with InstrumentationAnalysisTransform
Transforming kotlin-compiler-embeddable-1.9.24.jar (org.jetbrains.kotlin:kotlin-compiler-embeddable:1.9.24) with MergeInstrumentationAnalysisTransform
Transforming kotlin-compiler-runner-1.9.24.jar (org.jetbrains.kotlin:kotlin-compiler-runner:1.9.24) with ExternalDependencyInstrumentingArtifactTransform
Transforming kotlin-compiler-embeddable-1.9.24.jar (org.jetbrains.kotlin:kotlin-compiler-embeddable:1.9.24) with ExternalDependencyInstrumentingArtifactTransform
Transforming kotlin-build-tools-api-1.9.24.jar (org.jetbrains.kotlin:kotlin-build-tools-api:1.9.24) with ExternalDependencyInstrumentingArtifactTransform
Transforming kotlin-scripting-compiler-embeddable-1.9.24.jar (org.jetbrains.kotlin:kotlin-scripting-compiler-embeddable:1.9.24) with InstrumentationAnalysisTransform
Transforming kotlin-scripting-compiler-embeddable-1.9.24.jar (org.jetbrains.kotlin:kotlin-scripting-compiler-embeddable:1.9.24) with MergeInstrumentationAnalysisTransform
Transforming kotlin-android-extensions-1.9.24.jar (org.jetbrains.kotlin:kotlin-android-extensions:1.9.24) with ExternalDependencyInstrumentingArtifactTransform
Transforming kotlin-scripting-compiler-impl-embeddable-1.9.24.jar (org.jetbrains.kotlin:kotlin-scripting-compiler-impl-embeddable:1.9.24) with InstrumentationAnalysisTransform
Transforming kotlin-scripting-compiler-embeddable-1.9.24.jar (org.jetbrains.kotlin:kotlin-scripting-compiler-embeddable:1.9.24) with ExternalDependencyInstrumentingArtifactTransform
Transforming kotlin-scripting-compiler-impl-embeddable-1.9.24.jar (org.jetbrains.kotlin:kotlin-scripting-compiler-impl-embeddable:1.9.24) with MergeInstrumentationAnalysisTransform
Transforming jimfs-1.1.jar (com.google.jimfs:jimfs:1.1) with InstrumentationAnalysisTransform
Transforming jimfs-1.1.jar (com.google.jimfs:jimfs:1.1) with MergeInstrumentationAnalysisTransform
Transforming grpc-context-1.69.1.jar (io.grpc:grpc-context:1.69.1) with InstrumentationAnalysisTransform
Transforming grpc-context-1.69.1.jar (io.grpc:grpc-context:1.69.1) with MergeInstrumentationAnalysisTransform
Transforming kotlin-scripting-compiler-impl-embeddable-1.9.24.jar (org.jetbrains.kotlin:kotlin-scripting-compiler-impl-embeddable:1.9.24) with ExternalDependencyInstrumentingArtifactTransform
Transforming jimfs-1.1.jar (com.google.jimfs:jimfs:1.1) with ExternalDependencyInstrumentingArtifactTransform
Transforming grpc-protobuf-lite-1.69.1.jar (io.grpc:grpc-protobuf-lite:1.69.1) with InstrumentationAnalysisTransform
Transforming grpc-protobuf-lite-1.69.1.jar (io.grpc:grpc-protobuf-lite:1.69.1) with MergeInstrumentationAnalysisTransform
Transforming grpc-api-1.69.1.jar (io.grpc:grpc-api:1.69.1) with InstrumentationAnalysisTransform
Transforming grpc-context-1.69.1.jar (io.grpc:grpc-context:1.69.1) with ExternalDependencyInstrumentingArtifactTransform
Transforming grpc-api-1.69.1.jar (io.grpc:grpc-api:1.69.1) with MergeInstrumentationAnalysisTransform
Transforming guava-33.3.1-jre.jar (com.google.guava:guava:33.3.1-jre) with InstrumentationAnalysisTransform
Transforming guava-33.3.1-jre.jar (com.google.guava:guava:33.3.1-jre) with MergeInstrumentationAnalysisTransform
Transforming dagger-2.28.3.jar (com.google.dagger:dagger:2.28.3) with InstrumentationAnalysisTransform
Transforming grpc-protobuf-lite-1.69.1.jar (io.grpc:grpc-protobuf-lite:1.69.1) with ExternalDependencyInstrumentingArtifactTransform
Transforming dagger-2.28.3.jar (com.google.dagger:dagger:2.28.3) with MergeInstrumentationAnalysisTransform
Transforming javax.inject-1.jar (javax.inject:javax.inject:1) with InstrumentationAnalysisTransform
Transforming javax.inject-1.jar (javax.inject:javax.inject:1) with MergeInstrumentationAnalysisTransform
Transforming grpc-api-1.69.1.jar (io.grpc:grpc-api:1.69.1) with ExternalDependencyInstrumentingArtifactTransform
Transforming dagger-2.28.3.jar (com.google.dagger:dagger:2.28.3) with ExternalDependencyInstrumentingArtifactTransform
Transforming guava-33.3.1-jre.jar (com.google.guava:guava:33.3.1-jre) with ExternalDependencyInstrumentingArtifactTransform
Transforming kxml2-2.3.0.jar (net.sf.kxml:kxml2:2.3.0) with InstrumentationAnalysisTransform
Transforming kxml2-2.3.0.jar (net.sf.kxml:kxml2:2.3.0) with MergeInstrumentationAnalysisTransform
Transforming javax.inject-1.jar (javax.inject:javax.inject:1) with ExternalDependencyInstrumentingArtifactTransform
Transforming commons-compress-1.21.jar (org.apache.commons:commons-compress:1.21) with InstrumentationAnalysisTransform
Transforming kxml2-2.3.0.jar (net.sf.kxml:kxml2:2.3.0) with ExternalDependencyInstrumentingArtifactTransform
Transforming commons-compress-1.21.jar (org.apache.commons:commons-compress:1.21) with MergeInstrumentationAnalysisTransform
Transforming bcutil-jdk18on-1.79.jar (org.bouncycastle:bcutil-jdk18on:1.79) with InstrumentationAnalysisTransform
Transforming bcutil-jdk18on-1.79.jar (org.bouncycastle:bcutil-jdk18on:1.79) with MergeInstrumentationAnalysisTransform
Transforming commons-compress-1.21.jar (org.apache.commons:commons-compress:1.21) with ExternalDependencyInstrumentingArtifactTransform
Transforming bcutil-jdk18on-1.79.jar (org.bouncycastle:bcutil-jdk18on:1.79) with ExternalDependencyInstrumentingArtifactTransform
Transforming bcprov-jdk18on-1.79.jar (org.bouncycastle:bcprov-jdk18on:1.79) with InstrumentationAnalysisTransform
Transforming bcprov-jdk18on-1.79.jar (org.bouncycastle:bcprov-jdk18on:1.79) with MergeInstrumentationAnalysisTransform
Transforming httpclient-4.5.14.jar (org.apache.httpcomponents:httpclient:4.5.14) with InstrumentationAnalysisTransform
Transforming httpclient-4.5.14.jar (org.apache.httpcomponents:httpclient:4.5.14) with MergeInstrumentationAnalysisTransform
Transforming bcprov-jdk18on-1.79.jar (org.bouncycastle:bcprov-jdk18on:1.79) with ExternalDependencyInstrumentingArtifactTransform
Transforming httpcore-4.4.16.jar (org.apache.httpcomponents:httpcore:4.4.16) with InstrumentationAnalysisTransform
Transforming httpclient-4.5.14.jar (org.apache.httpcomponents:httpclient:4.5.14) with ExternalDependencyInstrumentingArtifactTransform
Transforming httpcore-4.4.16.jar (org.apache.httpcomponents:httpcore:4.4.16) with MergeInstrumentationAnalysisTransform
Transforming javax.activation-1.2.0.jar (com.sun.activation:javax.activation:1.2.0) with InstrumentationAnalysisTransform
Transforming httpcore-4.4.16.jar (org.apache.httpcomponents:httpcore:4.4.16) with ExternalDependencyInstrumentingArtifactTransform
Transforming javax.activation-1.2.0.jar (com.sun.activation:javax.activation:1.2.0) with MergeInstrumentationAnalysisTransform
Transforming signflinger-8.10.1.jar (com.android:signflinger:8.10.1) with InstrumentationAnalysisTransform
Transforming signflinger-8.10.1.jar (com.android:signflinger:8.10.1) with MergeInstrumentationAnalysisTransform
Transforming javax.activation-1.2.0.jar (com.sun.activation:javax.activation:1.2.0) with ExternalDependencyInstrumentingArtifactTransform
Transforming zipflinger-8.10.1.jar (com.android:zipflinger:8.10.1) with InstrumentationAnalysisTransform
Transforming signflinger-8.10.1.jar (com.android:signflinger:8.10.1) with ExternalDependencyInstrumentingArtifactTransform
Transforming zipflinger-8.10.1.jar (com.android:zipflinger:8.10.1) with MergeInstrumentationAnalysisTransform
Transforming annotations-31.10.1.jar (com.android.tools:annotations:31.10.1) with InstrumentationAnalysisTransform
Transforming annotations-31.10.1.jar (com.android.tools:annotations:31.10.1) with MergeInstrumentationAnalysisTransform
Transforming zipflinger-8.10.1.jar (com.android:zipflinger:8.10.1) with ExternalDependencyInstrumentingArtifactTransform
Transforming annotations-31.10.1.jar (com.android.tools:annotations:31.10.1) with ExternalDependencyInstrumentingArtifactTransform
Transforming jna-platform-5.6.0.jar (net.java.dev.jna:jna-platform:5.6.0) with InstrumentationAnalysisTransform
Transforming jna-platform-5.6.0.jar (net.java.dev.jna:jna-platform:5.6.0) with MergeInstrumentationAnalysisTransform
Transforming juniversalchardet-1.0.3.jar (com.googlecode.juniversalchardet:juniversalchardet:1.0.3) with InstrumentationAnalysisTransform
Transforming juniversalchardet-1.0.3.jar (com.googlecode.juniversalchardet:juniversalchardet:1.0.3) with MergeInstrumentationAnalysisTransform
Transforming jna-platform-5.6.0.jar (net.java.dev.jna:jna-platform:5.6.0) with ExternalDependencyInstrumentingArtifactTransform
Transforming javax.annotation-api-1.3.2.jar (javax.annotation:javax.annotation-api:1.3.2) with InstrumentationAnalysisTransform
Transforming juniversalchardet-1.0.3.jar (com.googlecode.juniversalchardet:juniversalchardet:1.0.3) with ExternalDependencyInstrumentingArtifactTransform
Transforming javax.annotation-api-1.3.2.jar (javax.annotation:javax.annotation-api:1.3.2) with MergeInstrumentationAnalysisTransform
Transforming stax-ex-1.8.1.jar (org.jvnet.staxex:stax-ex:1.8.1) with InstrumentationAnalysisTransform
Transforming javax.annotation-api-1.3.2.jar (javax.annotation:javax.annotation-api:1.3.2) with ExternalDependencyInstrumentingArtifactTransform
Transforming stax-ex-1.8.1.jar (org.jvnet.staxex:stax-ex:1.8.1) with MergeInstrumentationAnalysisTransform
Transforming jakarta.xml.bind-api-2.3.2.jar (jakarta.xml.bind:jakarta.xml.bind-api:2.3.2) with InstrumentationAnalysisTransform
Transforming jakarta.xml.bind-api-2.3.2.jar (jakarta.xml.bind:jakarta.xml.bind-api:2.3.2) with MergeInstrumentationAnalysisTransform
Transforming stax-ex-1.8.1.jar (org.jvnet.staxex:stax-ex:1.8.1) with ExternalDependencyInstrumentingArtifactTransform
Transforming txw2-2.3.2.jar (org.glassfish.jaxb:txw2:2.3.2) with InstrumentationAnalysisTransform
Transforming txw2-2.3.2.jar (org.glassfish.jaxb:txw2:2.3.2) with MergeInstrumentationAnalysisTransform
Transforming istack-commons-runtime-3.0.8.jar (com.sun.istack:istack-commons-runtime:3.0.8) with InstrumentationAnalysisTransform
Transforming jakarta.xml.bind-api-2.3.2.jar (jakarta.xml.bind:jakarta.xml.bind-api:2.3.2) with ExternalDependencyInstrumentingArtifactTransform
Transforming istack-commons-runtime-3.0.8.jar (com.sun.istack:istack-commons-runtime:3.0.8) with MergeInstrumentationAnalysisTransform
Transforming txw2-2.3.2.jar (org.glassfish.jaxb:txw2:2.3.2) with ExternalDependencyInstrumentingArtifactTransform
Transforming istack-commons-runtime-3.0.8.jar (com.sun.istack:istack-commons-runtime:3.0.8) with ExternalDependencyInstrumentingArtifactTransform
Transforming FastInfoset-1.2.16.jar (com.sun.xml.fastinfoset:FastInfoset:1.2.16) with InstrumentationAnalysisTransform
Transforming FastInfoset-1.2.16.jar (com.sun.xml.fastinfoset:FastInfoset:1.2.16) with MergeInstrumentationAnalysisTransform
Transforming FastInfoset-1.2.16.jar (com.sun.xml.fastinfoset:FastInfoset:1.2.16) with ExternalDependencyInstrumentingArtifactTransform
Transforming jakarta.activation-api-1.2.1.jar (jakarta.activation:jakarta.activation-api:1.2.1) with InstrumentationAnalysisTransform
Transforming jakarta.activation-api-1.2.1.jar (jakarta.activation:jakarta.activation-api:1.2.1) with MergeInstrumentationAnalysisTransform
Transforming auto-value-annotations-1.6.2.jar (com.google.auto.value:auto-value-annotations:1.6.2) with InstrumentationAnalysisTransform
Transforming auto-value-annotations-1.6.2.jar (com.google.auto.value:auto-value-annotations:1.6.2) with MergeInstrumentationAnalysisTransform
Transforming jakarta.activation-api-1.2.1.jar (jakarta.activation:jakarta.activation-api:1.2.1) with ExternalDependencyInstrumentingArtifactTransform
Transforming error_prone_annotations-2.30.0.jar (com.google.errorprone:error_prone_annotations:2.30.0) with InstrumentationAnalysisTransform
Transforming error_prone_annotations-2.30.0.jar (com.google.errorprone:error_prone_annotations:2.30.0) with MergeInstrumentationAnalysisTransform
Transforming jose4j-0.9.5.jar (org.bitbucket.b_c:jose4j:0.9.5) with InstrumentationAnalysisTransform
Transforming jose4j-0.9.5.jar (org.bitbucket.b_c:jose4j:0.9.5) with MergeInstrumentationAnalysisTransform
Transforming slf4j-api-1.7.30.jar (org.slf4j:slf4j-api:1.7.30) with InstrumentationAnalysisTransform
Transforming error_prone_annotations-2.30.0.jar (com.google.errorprone:error_prone_annotations:2.30.0) with ExternalDependencyInstrumentingArtifactTransform
Transforming slf4j-api-1.7.30.jar (org.slf4j:slf4j-api:1.7.30) with MergeInstrumentationAnalysisTransform
Transforming jdom2-2.0.6.jar (org.jdom:jdom2:2.0.6) with InstrumentationAnalysisTransform
Transforming jdom2-2.0.6.jar (org.jdom:jdom2:2.0.6) with MergeInstrumentationAnalysisTransform
Transforming jsr305-3.0.2.jar (com.google.code.findbugs:jsr305:3.0.2) with InstrumentationAnalysisTransform
Transforming jsr305-3.0.2.jar (com.google.code.findbugs:jsr305:3.0.2) with MergeInstrumentationAnalysisTransform
Transforming slf4j-api-1.7.30.jar (org.slf4j:slf4j-api:1.7.30) with ExternalDependencyInstrumentingArtifactTransform
Transforming j2objc-annotations-3.0.0.jar (com.google.j2objc:j2objc-annotations:3.0.0) with InstrumentationAnalysisTransform
Transforming j2objc-annotations-3.0.0.jar (com.google.j2objc:j2objc-annotations:3.0.0) with MergeInstrumentationAnalysisTransform
Transforming jose4j-0.9.5.jar (org.bitbucket.b_c:jose4j:0.9.5) with ExternalDependencyInstrumentingArtifactTransform
Transforming jsr305-3.0.2.jar (com.google.code.findbugs:jsr305:3.0.2) with ExternalDependencyInstrumentingArtifactTransform
Transforming auto-value-annotations-1.6.2.jar (com.google.auto.value:auto-value-annotations:1.6.2) with ExternalDependencyInstrumentingArtifactTransform
Transforming jdom2-2.0.6.jar (org.jdom:jdom2:2.0.6) with ExternalDependencyInstrumentingArtifactTransform
Transforming annotations-4.1.1.4.jar (com.google.android:annotations:4.1.1.4) with InstrumentationAnalysisTransform
Transforming j2objc-annotations-3.0.0.jar (com.google.j2objc:j2objc-annotations:3.0.0) with ExternalDependencyInstrumentingArtifactTransform
Transforming annotations-4.1.1.4.jar (com.google.android:annotations:4.1.1.4) with MergeInstrumentationAnalysisTransform
Transforming animal-sniffer-annotations-1.24.jar (org.codehaus.mojo:animal-sniffer-annotations:1.24) with InstrumentationAnalysisTransform
Transforming animal-sniffer-annotations-1.24.jar (org.codehaus.mojo:animal-sniffer-annotations:1.24) with MergeInstrumentationAnalysisTransform
Transforming annotations-4.1.1.4.jar (com.google.android:annotations:4.1.1.4) with ExternalDependencyInstrumentingArtifactTransform
Transforming perfmark-api-0.27.0.jar (io.perfmark:perfmark-api:0.27.0) with InstrumentationAnalysisTransform
Transforming animal-sniffer-annotations-1.24.jar (org.codehaus.mojo:animal-sniffer-annotations:1.24) with ExternalDependencyInstrumentingArtifactTransform
Transforming perfmark-api-0.27.0.jar (io.perfmark:perfmark-api:0.27.0) with MergeInstrumentationAnalysisTransform
Transforming netty-codec-http2-4.1.110.Final.jar (io.netty:netty-codec-http2:4.1.110.Final) with InstrumentationAnalysisTransform
Transforming netty-codec-http2-4.1.110.Final.jar (io.netty:netty-codec-http2:4.1.110.Final) with MergeInstrumentationAnalysisTransform
Transforming netty-handler-proxy-4.1.110.Final.jar (io.netty:netty-handler-proxy:4.1.110.Final) with InstrumentationAnalysisTransform
Transforming perfmark-api-0.27.0.jar (io.perfmark:perfmark-api:0.27.0) with ExternalDependencyInstrumentingArtifactTransform
Transforming netty-codec-http2-4.1.110.Final.jar (io.netty:netty-codec-http2:4.1.110.Final) with ExternalDependencyInstrumentingArtifactTransform
Transforming netty-handler-proxy-4.1.110.Final.jar (io.netty:netty-handler-proxy:4.1.110.Final) with MergeInstrumentationAnalysisTransform
Transforming netty-codec-http-4.1.110.Final.jar (io.netty:netty-codec-http:4.1.110.Final) with InstrumentationAnalysisTransform
Transforming netty-codec-http-4.1.110.Final.jar (io.netty:netty-codec-http:4.1.110.Final) with MergeInstrumentationAnalysisTransform
Transforming netty-handler-4.1.110.Final.jar (io.netty:netty-handler:4.1.110.Final) with InstrumentationAnalysisTransform
Transforming netty-handler-4.1.110.Final.jar (io.netty:netty-handler:4.1.110.Final) with MergeInstrumentationAnalysisTransform
Transforming netty-codec-http-4.1.110.Final.jar (io.netty:netty-codec-http:4.1.110.Final) with ExternalDependencyInstrumentingArtifactTransform
Transforming netty-handler-4.1.110.Final.jar (io.netty:netty-handler:4.1.110.Final) with ExternalDependencyInstrumentingArtifactTransform
Transforming netty-handler-proxy-4.1.110.Final.jar (io.netty:netty-handler-proxy:4.1.110.Final) with ExternalDependencyInstrumentingArtifactTransform
Transforming netty-transport-native-unix-common-4.1.110.Final.jar (io.netty:netty-transport-native-unix-common:4.1.110.Final) with InstrumentationAnalysisTransform
Transforming netty-transport-native-unix-common-4.1.110.Final.jar (io.netty:netty-transport-native-unix-common:4.1.110.Final) with MergeInstrumentationAnalysisTransform
Transforming checker-qual-3.43.0.jar (org.checkerframework:checker-qual:3.43.0) with InstrumentationAnalysisTransform
Transforming checker-qual-3.43.0.jar (org.checkerframework:checker-qual:3.43.0) with MergeInstrumentationAnalysisTransform
Transforming apksig-8.10.1.jar (com.android.tools.build:apksig:8.10.1) with InstrumentationAnalysisTransform
Transforming apksig-8.10.1.jar (com.android.tools.build:apksig:8.10.1) with MergeInstrumentationAnalysisTransform
Transforming javawriter-2.5.0.jar (com.squareup:javawriter:2.5.0) with InstrumentationAnalysisTransform
Transforming javawriter-2.5.0.jar (com.squareup:javawriter:2.5.0) with MergeInstrumentationAnalysisTransform
Transforming kotlin-gradle-plugin-annotations-1.9.24.jar (org.jetbrains.kotlin:kotlin-gradle-plugin-annotations:1.9.24) with InstrumentationAnalysisTransform
Transforming kotlin-gradle-plugin-annotations-1.9.24.jar (org.jetbrains.kotlin:kotlin-gradle-plugin-annotations:1.9.24) with MergeInstrumentationAnalysisTransform
Transforming kotlin-project-model-1.9.24.jar (org.jetbrains.kotlin:kotlin-project-model:1.9.24) with InstrumentationAnalysisTransform
Transforming kotlin-project-model-1.9.24.jar (org.jetbrains.kotlin:kotlin-project-model:1.9.24) with MergeInstrumentationAnalysisTransform
Transforming kotlin-tooling-core-1.9.24.jar (org.jetbrains.kotlin:kotlin-tooling-core:1.9.24) with InstrumentationAnalysisTransform
Transforming kotlin-tooling-core-1.9.24.jar (org.jetbrains.kotlin:kotlin-tooling-core:1.9.24) with MergeInstrumentationAnalysisTransform
Transforming kotlin-util-io-1.9.24.jar (org.jetbrains.kotlin:kotlin-util-io:1.9.24) with InstrumentationAnalysisTransform
Transforming kotlin-util-io-1.9.24.jar (org.jetbrains.kotlin:kotlin-util-io:1.9.24) with MergeInstrumentationAnalysisTransform
Transforming kotlin-daemon-embeddable-1.9.24.jar (org.jetbrains.kotlin:kotlin-daemon-embeddable:1.9.24) with InstrumentationAnalysisTransform
Transforming kotlin-daemon-embeddable-1.9.24.jar (org.jetbrains.kotlin:kotlin-daemon-embeddable:1.9.24) with MergeInstrumentationAnalysisTransform
Transforming trove4j-1.0.20200330.jar (org.jetbrains.intellij.deps:trove4j:1.0.20200330) with InstrumentationAnalysisTransform
Transforming kotlin-project-model-1.9.24.jar (org.jetbrains.kotlin:kotlin-project-model:1.9.24) with ExternalDependencyInstrumentingArtifactTransform
Transforming kotlin-tooling-core-1.9.24.jar (org.jetbrains.kotlin:kotlin-tooling-core:1.9.24) with ExternalDependencyInstrumentingArtifactTransform
Transforming kotlin-daemon-embeddable-1.9.24.jar (org.jetbrains.kotlin:kotlin-daemon-embeddable:1.9.24) with ExternalDependencyInstrumentingArtifactTransform
Transforming netty-transport-native-unix-common-4.1.110.Final.jar (io.netty:netty-transport-native-unix-common:4.1.110.Final) with ExternalDependencyInstrumentingArtifactTransform
Transforming kotlin-util-io-1.9.24.jar (org.jetbrains.kotlin:kotlin-util-io:1.9.24) with ExternalDependencyInstrumentingArtifactTransform
Transforming trove4j-1.0.20200330.jar (org.jetbrains.intellij.deps:trove4j:1.0.20200330) with MergeInstrumentationAnalysisTransform
Transforming kotlin-gradle-plugin-annotations-1.9.24.jar (org.jetbrains.kotlin:kotlin-gradle-plugin-annotations:1.9.24) with ExternalDependencyInstrumentingArtifactTransform
Transforming apksig-8.10.1.jar (com.android.tools.build:apksig:8.10.1) with ExternalDependencyInstrumentingArtifactTransform
Transforming javawriter-2.5.0.jar (com.squareup:javawriter:2.5.0) with ExternalDependencyInstrumentingArtifactTransform
Transforming checker-qual-3.43.0.jar (org.checkerframework:checker-qual:3.43.0) with ExternalDependencyInstrumentingArtifactTransform
Transforming trove4j-1.0.20200330.jar (org.jetbrains.intellij.deps:trove4j:1.0.20200330) with ExternalDependencyInstrumentingArtifactTransform
Transforming kotlin-daemon-client-1.9.24.jar (org.jetbrains.kotlin:kotlin-daemon-client:1.9.24) with InstrumentationAnalysisTransform
Transforming kotlin-daemon-client-1.9.24.jar (org.jetbrains.kotlin:kotlin-daemon-client:1.9.24) with MergeInstrumentationAnalysisTransform
Transforming kotlinx-coroutines-core-jvm-1.5.0.jar (org.jetbrains.kotlinx:kotlinx-coroutines-core-jvm:1.5.0) with InstrumentationAnalysisTransform
Transforming kotlinx-coroutines-core-jvm-1.5.0.jar (org.jetbrains.kotlinx:kotlinx-coroutines-core-jvm:1.5.0) with MergeInstrumentationAnalysisTransform
Transforming kotlin-daemon-client-1.9.24.jar (org.jetbrains.kotlin:kotlin-daemon-client:1.9.24) with ExternalDependencyInstrumentingArtifactTransform
Transforming kotlin-scripting-jvm-1.9.24.jar (org.jetbrains.kotlin:kotlin-scripting-jvm:1.9.24) with InstrumentationAnalysisTransform
Transforming kotlinx-coroutines-core-jvm-1.5.0.jar (org.jetbrains.kotlinx:kotlinx-coroutines-core-jvm:1.5.0) with ExternalDependencyInstrumentingArtifactTransform
Transforming kotlin-scripting-jvm-1.9.24.jar (org.jetbrains.kotlin:kotlin-scripting-jvm:1.9.24) with MergeInstrumentationAnalysisTransform
Transforming kotlin-scripting-common-1.9.24.jar (org.jetbrains.kotlin:kotlin-scripting-common:1.9.24) with InstrumentationAnalysisTransform
Transforming kotlin-scripting-common-1.9.24.jar (org.jetbrains.kotlin:kotlin-scripting-common:1.9.24) with MergeInstrumentationAnalysisTransform
Transforming failureaccess-1.0.2.jar (com.google.guava:failureaccess:1.0.2) with InstrumentationAnalysisTransform
Transforming kotlin-scripting-jvm-1.9.24.jar (org.jetbrains.kotlin:kotlin-scripting-jvm:1.9.24) with ExternalDependencyInstrumentingArtifactTransform
Transforming kotlin-scripting-common-1.9.24.jar (org.jetbrains.kotlin:kotlin-scripting-common:1.9.24) with ExternalDependencyInstrumentingArtifactTransform
Transforming failureaccess-1.0.2.jar (com.google.guava:failureaccess:1.0.2) with MergeInstrumentationAnalysisTransform
Transforming listenablefuture-9999.0-empty-to-avoid-conflict-with-guava.jar (com.google.guava:listenablefuture:9999.0-empty-to-avoid-conflict-with-guava) with InstrumentationAnalysisTransform
Transforming listenablefuture-9999.0-empty-to-avoid-conflict-with-guava.jar (com.google.guava:listenablefuture:9999.0-empty-to-avoid-conflict-with-guava) with MergeInstrumentationAnalysisTransform
Transforming failureaccess-1.0.2.jar (com.google.guava:failureaccess:1.0.2) with ExternalDependencyInstrumentingArtifactTransform
Transforming commons-logging-1.2.jar (commons-logging:commons-logging:1.2) with InstrumentationAnalysisTransform
Transforming listenablefuture-9999.0-empty-to-avoid-conflict-with-guava.jar (com.google.guava:listenablefuture:9999.0-empty-to-avoid-conflict-with-guava) with ExternalDependencyInstrumentingArtifactTransform
Transforming commons-logging-1.2.jar (commons-logging:commons-logging:1.2) with MergeInstrumentationAnalysisTransform
Transforming commons-codec-1.11.jar (commons-codec:commons-codec:1.11) with InstrumentationAnalysisTransform
Transforming commons-codec-1.11.jar (commons-codec:commons-codec:1.11) with MergeInstrumentationAnalysisTransform
Transforming commons-logging-1.2.jar (commons-logging:commons-logging:1.2) with ExternalDependencyInstrumentingArtifactTransform
Transforming jna-5.6.0.jar (net.java.dev.jna:jna:5.6.0) with InstrumentationAnalysisTransform
Transforming commons-codec-1.11.jar (commons-codec:commons-codec:1.11) with ExternalDependencyInstrumentingArtifactTransform
Transforming jna-5.6.0.jar (net.java.dev.jna:jna:5.6.0) with MergeInstrumentationAnalysisTransform
Transforming netty-codec-socks-4.1.110.Final.jar (io.netty:netty-codec-socks:4.1.110.Final) with InstrumentationAnalysisTransform
Transforming netty-codec-socks-4.1.110.Final.jar (io.netty:netty-codec-socks:4.1.110.Final) with MergeInstrumentationAnalysisTransform
Transforming jna-5.6.0.jar (net.java.dev.jna:jna:5.6.0) with ExternalDependencyInstrumentingArtifactTransform
Transforming netty-codec-4.1.110.Final.jar (io.netty:netty-codec:4.1.110.Final) with InstrumentationAnalysisTransform
Transforming netty-codec-socks-4.1.110.Final.jar (io.netty:netty-codec-socks:4.1.110.Final) with ExternalDependencyInstrumentingArtifactTransform
Transforming netty-codec-4.1.110.Final.jar (io.netty:netty-codec:4.1.110.Final) with MergeInstrumentationAnalysisTransform
Transforming netty-transport-4.1.110.Final.jar (io.netty:netty-transport:4.1.110.Final) with InstrumentationAnalysisTransform
Transforming netty-transport-4.1.110.Final.jar (io.netty:netty-transport:4.1.110.Final) with MergeInstrumentationAnalysisTransform
Transforming netty-buffer-4.1.110.Final.jar (io.netty:netty-buffer:4.1.110.Final) with InstrumentationAnalysisTransform
Transforming netty-buffer-4.1.110.Final.jar (io.netty:netty-buffer:4.1.110.Final) with MergeInstrumentationAnalysisTransform
Transforming netty-resolver-4.1.110.Final.jar (io.netty:netty-resolver:4.1.110.Final) with InstrumentationAnalysisTransform
Transforming netty-resolver-4.1.110.Final.jar (io.netty:netty-resolver:4.1.110.Final) with MergeInstrumentationAnalysisTransform
Transforming netty-common-4.1.110.Final.jar (io.netty:netty-common:4.1.110.Final) with InstrumentationAnalysisTransform
Transforming netty-common-4.1.110.Final.jar (io.netty:netty-common:4.1.110.Final) with MergeInstrumentationAnalysisTransform
Transforming netty-buffer-4.1.110.Final.jar (io.netty:netty-buffer:4.1.110.Final) with ExternalDependencyInstrumentingArtifactTransform
Transforming netty-transport-4.1.110.Final.jar (io.netty:netty-transport:4.1.110.Final) with ExternalDependencyInstrumentingArtifactTransform
Transforming netty-codec-4.1.110.Final.jar (io.netty:netty-codec:4.1.110.Final) with ExternalDependencyInstrumentingArtifactTransform
Transforming netty-common-4.1.110.Final.jar (io.netty:netty-common:4.1.110.Final) with ExternalDependencyInstrumentingArtifactTransform
Transforming netty-resolver-4.1.110.Final.jar (io.netty:netty-resolver:4.1.110.Final) with ExternalDependencyInstrumentingArtifactTransform

> Configure project :app
Evaluating project ':app' using build file 'C:\DEV\StudyWise-Fresh\app\build.gradle.kts'.
Using default execution profile
Using Kotlin Gradle Plugin gradle82 variant
All projects evaluated.
Task name matched 'clean'
Task name matched 'assembleDebug'
Selected primary task 'clean' from project :
Selected primary task 'assembleDebug' from project :
Tasks to be executed: [task ':app:clean', task ':app:preBuild', task ':app:preDebugBuild', task ':app:mergeDebugNativeDebugMetadata', task ':app:checkKotlinGradlePluginConfigurationErrors', task ':app:generateDebugBuildConfig', task ':app:checkDebugAarMetadata', task ':app:generateDebugResValues', task ':app:mapDebugSourceSetPaths', task ':app:generateDebugResources', task ':app:mergeDebugResources', task ':app:packageDebugResources', task ':app:parseDebugLocalResources', task ':app:createDebugCompatibleScreenManifests', task ':app:extractDeepLinksDebug', task ':app:processDebugMainManifest', task ':app:processDebugManifest', task ':app:processDebugManifestForPackage', task ':app:processDebugResources', task ':app:kaptGenerateStubsDebugKotlin', task ':app:kaptDebugKotlin', task ':app:compileDebugKotlin', task ':app:javaPreCompileDebug', task ':app:compileDebugJavaWithJavac', task ':app:mergeDebugShaders', task ':app:compileDebugShaders', task ':app:generateDebugAssets', task ':app:mergeDebugAssets', task ':app:compressDebugAssets', task ':app:desugarDebugFileDependencies', task ':app:hiltAggregateDepsDebug', task ':app:hiltJavaCompileDebug', task ':app:transformDebugClassesWithAsm', task ':app:dexBuilderDebug', task ':app:mergeDebugGlobalSynthetics', task ':app:processDebugJavaRes', task ':app:mergeDebugJavaResource', task ':app:checkDebugDuplicateClasses', task ':app:mergeExtDexDebug', task ':app:mergeLibDexDebug', task ':app:mergeProjectDexDebug', task ':app:mergeDebugJniLibFolders', task ':app:mergeDebugNativeLibs', task ':app:stripDebugDebugSymbols', task ':app:validateSigningDebug', task ':app:writeDebugAppMetadata', task ':app:writeDebugSigningConfigVersions', task ':app:packageDebug', task ':app:createDebugApkListingFileRedirect', task ':app:assembleDebug']
Tasks that were excluded: []
Resolve mutations for :app:clean (Thread[Execution worker,5,main]) started.
:app:clean (Thread[Execution worker Thread 9,5,main]) started.
destroyer locations for task group 0 (Thread[Execution worker Thread 10,5,main]) started.

> Task :app:clean
Caching disabled for task ':app:clean' because:
  Build cache is disabled
Task ':app:clean' is not up-to-date because:
  Task has not declared any outputs despite executing actions.
Resolve mutations for :app:preBuild (Thread[Execution worker Thread 9,5,main]) started.
:app:preBuild (Thread[Execution worker Thread 9,5,main]) started.

> Task :app:preBuild UP-TO-DATE
Skipping task ':app:preBuild' as it has no actions.
Resolve mutations for :app:preDebugBuild (Thread[Execution worker Thread 9,5,main]) started.
:app:preDebugBuild (Thread[Execution worker Thread 9,5,main]) started.

> Task :app:preDebugBuild UP-TO-DATE
Skipping task ':app:preDebugBuild' as it has no actions.
Resolve mutations for :app:mergeDebugNativeDebugMetadata (Thread[Execution worker Thread 9,5,main]) started.
:app:mergeDebugNativeDebugMetadata (Thread[Execution worker Thread 9,5,main]) started.

> Task :app:mergeDebugNativeDebugMetadata NO-SOURCE
Skipping task ':app:mergeDebugNativeDebugMetadata' as it has no source files and no previous output files.
Resolve mutations for :app:checkKotlinGradlePluginConfigurationErrors (Thread[Execution worker Thread 9,5,main]) started.
:app:checkKotlinGradlePluginConfigurationErrors (Thread[Execution worker Thread 9,5,main]) started.

> Task :app:checkKotlinGradlePluginConfigurationErrors
Caching disabled for task ':app:checkKotlinGradlePluginConfigurationErrors' because:
  Build cache is disabled
Task ':app:checkKotlinGradlePluginConfigurationErrors' is not up-to-date because:
  Task has not declared any outputs despite executing actions.
Resolve mutations for :app:generateDebugBuildConfig (Thread[Execution worker Thread 9,5,main]) started.
:app:generateDebugBuildConfig (Thread[Execution worker Thread 9,5,main]) started.

> Task :app:generateDebugBuildConfig
Caching disabled for task ':app:generateDebugBuildConfig' because:
  Build cache is disabled
Task ':app:generateDebugBuildConfig' is not up-to-date because:
  Output property 'sourceOutputDir' file C:\DEV\StudyWise-Fresh\app\build\generated\source\buildConfig\debug has been removed.
  Output property 'sourceOutputDir' file C:\DEV\StudyWise-Fresh\app\build\generated\source\buildConfig\debug\com has been removed.
  Output property 'sourceOutputDir' file C:\DEV\StudyWise-Fresh\app\build\generated\source\buildConfig\debug\com\studywise has been removed.
  and more...
Resolve mutations for :app:checkDebugAarMetadata (Thread[Execution worker Thread 9,5,main]) started.
:app:checkDebugAarMetadata (Thread[Execution worker Thread 9,5,main]) started.
Resolve mutations for :app:generateDebugResValues (Thread[Execution worker Thread 11,5,main]) started.
:app:generateDebugResValues (Thread[Execution worker Thread 11,5,main]) started.

> Task :app:generateDebugResValues
Caching disabled for task ':app:generateDebugResValues' because:
  Build cache is disabled
Task ':app:generateDebugResValues' is not up-to-date because:
  Output property 'outputDirectory' file C:\DEV\StudyWise-Fresh\app\build\generated\res\resValues\debug has been removed.
Resolve mutations for :app:mapDebugSourceSetPaths (Thread[Execution worker Thread 11,5,main]) started.
:app:mapDebugSourceSetPaths (Thread[Execution worker Thread 11,5,main]) started.

> Task :app:checkDebugAarMetadata
Transforming datastore-release.aar (androidx.datastore:datastore-android:1.1.1) with ExtractAarTransform
Transforming datastore-release.aar (androidx.datastore:datastore-android:1.1.1) with AarTransform
Transforming datastore-preferences-release.aar (androidx.datastore:datastore-preferences-android:1.1.1) with ExtractAarTransform
Transforming datastore-preferences-release.aar (androidx.datastore:datastore-preferences-android:1.1.1) with AarTransform
Transforming hilt-navigation-compose-1.2.0.aar (androidx.hilt:hilt-navigation-compose:1.2.0) with ExtractAarTransform
Transforming hilt-navigation-compose-1.2.0.aar (androidx.hilt:hilt-navigation-compose:1.2.0) with AarTransform
Transforming datastore-core-release.aar (androidx.datastore:datastore-core-android:1.1.1) with ExtractAarTransform
Transforming datastore-core-release.aar (androidx.datastore:datastore-core-android:1.1.1) with AarTransform
Transforming navigation-compose-2.8.4.aar (androidx.navigation:navigation-compose:2.8.4) with ExtractAarTransform
Transforming navigation-compose-2.8.4.aar (androidx.navigation:navigation-compose:2.8.4) with AarTransform
Transforming hilt-navigation-1.2.0.aar (androidx.hilt:hilt-navigation:1.2.0) with ExtractAarTransform
Transforming hilt-navigation-1.2.0.aar (androidx.hilt:hilt-navigation:1.2.0) with AarTransform
Transforming fragment-1.5.1.aar (androidx.fragment:fragment:1.5.1) with ExtractAarTransform
Transforming fragment-1.5.1.aar (androidx.fragment:fragment:1.5.1) with AarTransform
Transforming navigation-runtime-ktx-2.8.4.aar (androidx.navigation:navigation-runtime-ktx:2.8.4) with ExtractAarTransform
Transforming navigation-runtime-ktx-2.8.4.aar (androidx.navigation:navigation-runtime-ktx:2.8.4) with AarTransform
Transforming work-runtime-ktx-2.9.1.aar (androidx.work:work-runtime-ktx:2.9.1) with ExtractAarTransform
Transforming work-runtime-ktx-2.9.1.aar (androidx.work:work-runtime-ktx:2.9.1) with AarTransform
Transforming work-runtime-2.9.1.aar (androidx.work:work-runtime:2.9.1) with ExtractAarTransform
Transforming work-runtime-2.9.1.aar (androidx.work:work-runtime:2.9.1) with AarTransform
Transforming navigation-common-2.8.4.aar (androidx.navigation:navigation-common:2.8.4) with ExtractAarTransform
Transforming navigation-common-2.8.4.aar (androidx.navigation:navigation-common:2.8.4) with AarTransform
Transforming accompanist-permissions-0.34.0.aar (com.google.accompanist:accompanist-permissions:0.34.0) with ExtractAarTransform
Transforming accompanist-permissions-0.34.0.aar (com.google.accompanist:accompanist-permissions:0.34.0) with AarTransform
Transforming coil-compose-2.7.0.aar (io.coil-kt:coil-compose:2.7.0) with ExtractAarTransform
Transforming coil-compose-2.7.0.aar (io.coil-kt:coil-compose:2.7.0) with AarTransform
Transforming coil-base-2.7.0.aar (io.coil-kt:coil-base:2.7.0) with ExtractAarTransform
Transforming coil-base-2.7.0.aar (io.coil-kt:coil-base:2.7.0) with AarTransform
Transforming navigation-runtime-2.8.4.aar (androidx.navigation:navigation-runtime:2.8.4) with ExtractAarTransform
Transforming navigation-runtime-2.8.4.aar (androidx.navigation:navigation-runtime:2.8.4) with AarTransform
Transforming navigation-common-ktx-2.8.4.aar (androidx.navigation:navigation-common-ktx:2.8.4) with ExtractAarTransform
Transforming navigation-common-ktx-2.8.4.aar (androidx.navigation:navigation-common-ktx:2.8.4) with AarTransform
Transforming hilt-work-1.2.0.aar (androidx.hilt:hilt-work:1.2.0) with ExtractAarTransform
Transforming hilt-work-1.2.0.aar (androidx.hilt:hilt-work:1.2.0) with AarTransform
Transforming loader-1.0.0.aar (androidx.loader:loader:1.0.0) with ExtractAarTransform
Transforming loader-1.0.0.aar (androidx.loader:loader:1.0.0) with AarTransform
Transforming material3-release.aar (androidx.compose.material3:material3-android:1.3.0) with ExtractAarTransform
Transforming material3-release.aar (androidx.compose.material3:material3-android:1.3.0) with AarTransform
Transforming hilt-android-2.49.aar (com.google.dagger:hilt-android:2.49) with ExtractAarTransform
Transforming hilt-android-2.49.aar (com.google.dagger:hilt-android:2.49) with AarTransform
Transforming accompanist-systemuicontroller-0.34.0.aar (com.google.accompanist:accompanist-systemuicontroller:0.34.0) with ExtractAarTransform
Transforming accompanist-systemuicontroller-0.34.0.aar (com.google.accompanist:accompanist-systemuicontroller:0.34.0) with AarTransform
Transforming viewpager-1.0.0.aar (androidx.viewpager:viewpager:1.0.0) with ExtractAarTransform
Transforming viewpager-1.0.0.aar (androidx.viewpager:viewpager:1.0.0) with AarTransform
Transforming coil-compose-base-2.7.0.aar (io.coil-kt:coil-compose-base:2.7.0) with ExtractAarTransform
Transforming coil-compose-base-2.7.0.aar (io.coil-kt:coil-compose-base:2.7.0) with AarTransform
Transforming coil-2.7.0.aar (io.coil-kt:coil:2.7.0) with ExtractAarTransform
Transforming coil-2.7.0.aar (io.coil-kt:coil:2.7.0) with AarTransform
Transforming autofill-1.0.0.aar (androidx.autofill:autofill:1.0.0) with ExtractAarTransform
Transforming autofill-1.0.0.aar (androidx.autofill:autofill:1.0.0) with AarTransform
Transforming customview-1.0.0.aar (androidx.customview:customview:1.0.0) with ExtractAarTransform
Transforming customview-1.0.0.aar (androidx.customview:customview:1.0.0) with AarTransform
Transforming vectordrawable-animated-1.1.0.aar (androidx.vectordrawable:vectordrawable-animated:1.1.0) with ExtractAarTransform
Transforming vectordrawable-animated-1.1.0.aar (androidx.vectordrawable:vectordrawable-animated:1.1.0) with AarTransform
Transforming ui-tooling-data-release.aar (androidx.compose.ui:ui-tooling-data-android:1.7.8) with ExtractAarTransform
Transforming ui-tooling-data-release.aar (androidx.compose.ui:ui-tooling-data-android:1.7.8) with AarTransform
Transforming vectordrawable-1.1.0.aar (androidx.vectordrawable:vectordrawable:1.1.0) with ExtractAarTransform
Transforming vectordrawable-1.1.0.aar (androidx.vectordrawable:vectordrawable:1.1.0) with ExtractAarTransform
Transforming vectordrawable-1.1.0.aar (androidx.vectordrawable:vectordrawable:1.1.0) with AarTransform
Transforming vectordrawable-1.1.0.aar (androidx.vectordrawable:vectordrawable:1.1.0) with AarTransform
Transforming ui-tooling-preview-release.aar (androidx.compose.ui:ui-tooling-preview-android:1.7.8) with ExtractAarTransform
Transforming ui-tooling-preview-release.aar (androidx.compose.ui:ui-tooling-preview-android:1.7.8) with AarTransform
Transforming appcompat-resources-1.6.1.aar (androidx.appcompat:appcompat-resources:1.6.1) with ExtractAarTransform
Transforming appcompat-resources-1.6.1.aar (androidx.appcompat:appcompat-resources:1.6.1) with AarTransform
Transforming ui-text-release.aar (androidx.compose.ui:ui-text-android:1.7.8) with ExtractAarTransform
Transforming ui-text-release.aar (androidx.compose.ui:ui-text-android:1.7.8) with AarTransform
Transforming material-release.aar (androidx.compose.material:material-android:1.7.0) with ExtractAarTransform
Transforming material-release.aar (androidx.compose.material:material-android:1.7.0) with AarTransform
Transforming ui-tooling-release.aar (androidx.compose.ui:ui-tooling-android:1.7.8) with ExtractAarTransform
Transforming ui-tooling-release.aar (androidx.compose.ui:ui-tooling-android:1.7.8) with AarTransform
Transforming material-ripple-release.aar (androidx.compose.material:material-ripple-android:1.7.0) with ExtractAarTransform
Transforming material-ripple-release.aar (androidx.compose.material:material-ripple-android:1.7.0) with AarTransform
Transforming animation-core-release.aar (androidx.compose.animation:animation-core-android:1.7.8) with ExtractAarTransform
Transforming animation-core-release.aar (androidx.compose.animation:animation-core-android:1.7.8) with AarTransform
Transforming animation-release.aar (androidx.compose.animation:animation-android:1.7.8) with ExtractAarTransform
Transforming animation-release.aar (androidx.compose.animation:animation-android:1.7.8) with AarTransform
Transforming foundation-layout-release.aar (androidx.compose.foundation:foundation-layout-android:1.7.8) with ExtractAarTransform
Transforming foundation-layout-release.aar (androidx.compose.foundation:foundation-layout-android:1.7.8) with AarTransform
Transforming foundation-release.aar (androidx.compose.foundation:foundation-android:1.7.8) with ExtractAarTransform
Transforming foundation-release.aar (androidx.compose.foundation:foundation-android:1.7.8) with AarTransform
Transforming ui-util-release.aar (androidx.compose.ui:ui-util-android:1.7.8) with ExtractAarTransform
Transforming ui-util-release.aar (androidx.compose.ui:ui-util-android:1.7.8) with AarTransform
Transforming ui-unit-release.aar (androidx.compose.ui:ui-unit-android:1.7.8) with ExtractAarTransform
Transforming ui-unit-release.aar (androidx.compose.ui:ui-unit-android:1.7.8) with AarTransform
Transforming graphics-path-1.0.1.aar (androidx.graphics:graphics-path:1.0.1) with ExtractAarTransform
Transforming graphics-path-1.0.1.aar (androidx.graphics:graphics-path:1.0.1) with AarTransform
Transforming emoji2-1.3.0.aar (androidx.emoji2:emoji2:1.3.0) with ExtractAarTransform
Transforming emoji2-1.3.0.aar (androidx.emoji2:emoji2:1.3.0) with AarTransform
Transforming core-1.16.0.aar (androidx.core:core:1.16.0) with ExtractAarTransform
Transforming core-1.16.0.aar (androidx.core:core:1.16.0) with AarTransform
Transforming core-1.16.0.aar (androidx.core:core:1.16.0) with ExtractAarTransform
Transforming core-1.16.0.aar (androidx.core:core:1.16.0) with ExtractAarTransform
Transforming core-1.16.0.aar (androidx.core:core:1.16.0) with ExtractAarTransform
Transforming core-1.16.0.aar (androidx.core:core:1.16.0) with ExtractAarTransform
Transforming core-1.16.0.aar (androidx.core:core:1.16.0) with ExtractAarTransform
Transforming lifecycle-process-2.9.1.aar (androidx.lifecycle:lifecycle-process:2.9.1) with ExtractAarTransform
Transforming core-1.16.0.aar (androidx.core:core:1.16.0) with AarTransform
Transforming core-1.16.0.aar (androidx.core:core:1.16.0) with AarTransform
Transforming core-1.16.0.aar (androidx.core:core:1.16.0) with AarTransform
Transforming core-1.16.0.aar (androidx.core:core:1.16.0) with AarTransform
Transforming core-1.16.0.aar (androidx.core:core:1.16.0) with AarTransform
Transforming lifecycle-runtime-compose-release.aar (androidx.lifecycle:lifecycle-runtime-compose-android:2.9.1) with ExtractAarTransform
Transforming lifecycle-process-2.9.1.aar (androidx.lifecycle:lifecycle-process:2.9.1) with AarTransform
Transforming lifecycle-runtime-compose-release.aar (androidx.lifecycle:lifecycle-runtime-compose-android:2.9.1) with AarTransform
Transforming savedstate-release.aar (androidx.savedstate:savedstate-android:1.3.0) with ExtractAarTransform
Transforming savedstate-release.aar (androidx.savedstate:savedstate-android:1.3.0) with AarTransform
Transforming ui-geometry-release.aar (androidx.compose.ui:ui-geometry-android:1.7.8) with ExtractAarTransform
Transforming ui-geometry-release.aar (androidx.compose.ui:ui-geometry-android:1.7.8) with AarTransform
Transforming lifecycle-runtime-release.aar (androidx.lifecycle:lifecycle-runtime-android:2.9.1) with ExtractAarTransform
Transforming lifecycle-runtime-release.aar (androidx.lifecycle:lifecycle-runtime-android:2.9.1) with AarTransform
Transforming ui-graphics-release.aar (androidx.compose.ui:ui-graphics-android:1.7.8) with ExtractAarTransform
Transforming ui-graphics-release.aar (androidx.compose.ui:ui-graphics-android:1.7.8) with AarTransform
Transforming lifecycle-livedata-core-ktx-2.9.1.aar (androidx.lifecycle:lifecycle-livedata-core-ktx:2.9.1) with ExtractAarTransform
Transforming lifecycle-livedata-core-ktx-2.9.1.aar (androidx.lifecycle:lifecycle-livedata-core-ktx:2.9.1) with AarTransform
Transforming lifecycle-livedata-core-2.9.1.aar (androidx.lifecycle:lifecycle-livedata-core:2.9.1) with ExtractAarTransform
Transforming lifecycle-livedata-core-2.9.1.aar (androidx.lifecycle:lifecycle-livedata-core:2.9.1) with AarTransform
Transforming lifecycle-viewmodel-savedstate-release.aar (androidx.lifecycle:lifecycle-viewmodel-savedstate-android:2.9.1) with ExtractAarTransform
Transforming lifecycle-viewmodel-savedstate-release.aar (androidx.lifecycle:lifecycle-viewmodel-savedstate-android:2.9.1) with AarTransform
Transforming lifecycle-livedata-2.9.1.aar (androidx.lifecycle:lifecycle-livedata:2.9.1) with ExtractAarTransform
Transforming lifecycle-livedata-2.9.1.aar (androidx.lifecycle:lifecycle-livedata:2.9.1) with AarTransform
Transforming lifecycle-viewmodel-2.9.1.aar (androidx.lifecycle:lifecycle-viewmodel:2.9.1) with ExtractAarTransform
Transforming lifecycle-viewmodel-2.9.1.aar (androidx.lifecycle:lifecycle-viewmodel:2.9.1) with AarTransform
Transforming lifecycle-viewmodel-release.aar (androidx.lifecycle:lifecycle-viewmodel-android:2.9.1) with ExtractAarTransform
Transforming lifecycle-viewmodel-release.aar (androidx.lifecycle:lifecycle-viewmodel-android:2.9.1) with AarTransform
Transforming savedstate-ktx-1.3.0.aar (androidx.savedstate:savedstate-ktx:1.3.0) with ExtractAarTransform
Transforming savedstate-ktx-1.3.0.aar (androidx.savedstate:savedstate-ktx:1.3.0) with AarTransform
Transforming lifecycle-service-2.9.1.aar (androidx.lifecycle:lifecycle-service:2.9.1) with ExtractAarTransform
Transforming lifecycle-service-2.9.1.aar (androidx.lifecycle:lifecycle-service:2.9.1) with AarTransform
Transforming lifecycle-livedata-2.9.1.aar (androidx.lifecycle:lifecycle-livedata:2.9.1) with ExtractAarTransform
Transforming lifecycle-livedata-2.9.1.aar (androidx.lifecycle:lifecycle-livedata:2.9.1) with AarTransform
Transforming lifecycle-viewmodel-ktx-2.9.1.aar (androidx.lifecycle:lifecycle-viewmodel-ktx:2.9.1) with ExtractAarTransform
Transforming lifecycle-viewmodel-ktx-2.9.1.aar (androidx.lifecycle:lifecycle-viewmodel-ktx:2.9.1) with AarTransform
Transforming lifecycle-runtime-ktx.aar (androidx.lifecycle:lifecycle-runtime-ktx-android:2.9.1) with ExtractAarTransform
Transforming lifecycle-runtime-ktx.aar (androidx.lifecycle:lifecycle-runtime-ktx-android:2.9.1) with AarTransform
Transforming lifecycle-viewmodel-compose-release.aar (androidx.lifecycle:lifecycle-viewmodel-compose-android:2.9.1) with ExtractAarTransform
Transforming lifecycle-viewmodel-compose-release.aar (androidx.lifecycle:lifecycle-viewmodel-compose-android:2.9.1) with AarTransform
Transforming accompanist-drawablepainter-0.32.0.aar (com.google.accompanist:accompanist-drawablepainter:0.32.0) with ExtractAarTransform
Transforming accompanist-drawablepainter-0.32.0.aar (com.google.accompanist:accompanist-drawablepainter:0.32.0) with AarTransform
Transforming material-icons-core-release.aar (androidx.compose.material:material-icons-core-android:1.7.0) with ExtractAarTransform
Transforming material-icons-core-release.aar (androidx.compose.material:material-icons-core-android:1.7.0) with AarTransform
Transforming ui-release.aar (androidx.compose.ui:ui-android:1.7.8) with ExtractAarTransform
Transforming ui-release.aar (androidx.compose.ui:ui-android:1.7.8) with AarTransform
Transforming ui-test-manifest-1.7.8.aar (androidx.compose.ui:ui-test-manifest:1.7.8) with ExtractAarTransform
Transforming ui-test-manifest-1.7.8.aar (androidx.compose.ui:ui-test-manifest:1.7.8) with AarTransform
Transforming activity-1.10.1.aar (androidx.activity:activity:1.10.1) with ExtractAarTransform
Transforming activity-1.10.1.aar (androidx.activity:activity:1.10.1) with AarTransform
Transforming activity-ktx-1.10.1.aar (androidx.activity:activity-ktx:1.10.1) with ExtractAarTransform
Transforming activity-ktx-1.10.1.aar (androidx.activity:activity-ktx:1.10.1) with AarTransform
Transforming activity-compose-1.10.1.aar (androidx.activity:activity-compose:1.10.1) with ExtractAarTransform
Transforming activity-compose-1.10.1.aar (androidx.activity:activity-compose:1.10.1) with AarTransform
Transforming customview-poolingcontainer-1.0.0.aar (androidx.customview:customview-poolingcontainer:1.0.0) with ExtractAarTransform
Transforming customview-poolingcontainer-1.0.0.aar (androidx.customview:customview-poolingcontainer:1.0.0) with AarTransform
Transforming core-ktx-1.16.0.aar (androidx.core:core-ktx:1.16.0) with ExtractAarTransform
Transforming core-ktx-1.16.0.aar (androidx.core:core-ktx:1.16.0) with AarTransform
Transforming room-runtime-2.6.1.aar (androidx.room:room-runtime:2.6.1) with ExtractAarTransform
Transforming room-runtime-2.6.1.aar (androidx.room:room-runtime:2.6.1) with AarTransform
Transforming room-ktx-2.6.1.aar (androidx.room:room-ktx:2.6.1) with ExtractAarTransform
Transforming room-ktx-2.6.1.aar (androidx.room:room-ktx:2.6.1) with AarTransform
Transforming runtime-saveable-release.aar (androidx.compose.runtime:runtime-saveable-android:1.7.8) with ExtractAarTransform
Transforming runtime-saveable-release.aar (androidx.compose.runtime:runtime-saveable-android:1.7.8) with AarTransform
Transforming runtime-release.aar (androidx.compose.runtime:runtime-android:1.7.8) with ExtractAarTransform
Transforming runtime-release.aar (androidx.compose.runtime:runtime-android:1.7.8) with AarTransform
Transforming core-viewtree-1.0.0.aar (androidx.core:core-viewtree:1.0.0) with ExtractAarTransform
Transforming core-viewtree-1.0.0.aar (androidx.core:core-viewtree:1.0.0) with AarTransform
Transforming timber-5.0.1.aar (com.jakewharton.timber:timber:5.0.1) with ExtractAarTransform
Transforming timber-5.0.1.aar (com.jakewharton.timber:timber:5.0.1) with AarTransform
Transforming startup-runtime-1.1.1.aar (androidx.startup:startup-runtime:1.1.1) with ExtractAarTransform
Transforming startup-runtime-1.1.1.aar (androidx.startup:startup-runtime:1.1.1) with AarTransform
Transforming sqlite-framework-2.4.0.aar (androidx.sqlite:sqlite-framework:2.4.0) with ExtractAarTransform
Transforming sqlite-framework-2.4.0.aar (androidx.sqlite:sqlite-framework:2.4.0) with AarTransform
Transforming sqlite-2.4.0.aar (androidx.sqlite:sqlite:2.4.0) with ExtractAarTransform
Transforming sqlite-2.4.0.aar (androidx.sqlite:sqlite:2.4.0) with AarTransform
Transforming annotation-experimental-1.4.1.aar (androidx.annotation:annotation-experimental:1.4.1) with ExtractAarTransform
Transforming annotation-experimental-1.4.1.aar (androidx.annotation:annotation-experimental:1.4.1) with AarTransform
Transforming versionedparcelable-1.1.1.aar (androidx.versionedparcelable:versionedparcelable:1.1.1) with ExtractAarTransform
Transforming versionedparcelable-1.1.1.aar (androidx.versionedparcelable:versionedparcelable:1.1.1) with AarTransform
Transforming core-runtime-2.2.0.aar (androidx.arch.core:core-runtime:2.2.0) with ExtractAarTransform
Transforming core-runtime-2.2.0.aar (androidx.arch.core:core-runtime:2.2.0) with AarTransform
Transforming interpolator-1.0.0.aar (androidx.interpolator:interpolator:1.0.0) with ExtractAarTransform
Transforming interpolator-1.0.0.aar (androidx.interpolator:interpolator:1.0.0) with ExtractAarTransform
Transforming interpolator-1.0.0.aar (androidx.interpolator:interpolator:1.0.0) with AarTransform
Transforming interpolator-1.0.0.aar (androidx.interpolator:interpolator:1.0.0) with AarTransform
Transforming profileinstaller-1.4.0.aar (androidx.profileinstaller:profileinstaller:1.4.0) with ExtractAarTransform
Transforming profileinstaller-1.4.0.aar (androidx.profileinstaller:profileinstaller:1.4.0) with AarTransform
Transforming tracing-1.2.0.aar (androidx.tracing:tracing:1.2.0) with ExtractAarTransform
Transforming tracing-1.2.0.aar (androidx.tracing:tracing:1.2.0) with AarTransform
Transforming exifinterface-1.3.7.aar (androidx.exifinterface:exifinterface:1.3.7) with ExtractAarTransform
Transforming exifinterface-1.3.7.aar (androidx.exifinterface:exifinterface:1.3.7) with AarTransform
Transforming dagger-lint-aar-2.49.aar (com.google.dagger:dagger-lint-aar:2.49) with ExtractAarTransform
Transforming dagger-lint-aar-2.49.aar (com.google.dagger:dagger-lint-aar:2.49) with AarTransform
Transforming play-services-tasks-16.0.1.aar (com.google.android.gms:play-services-tasks:16.0.1) with ExtractAarTransform
Transforming play-services-tasks-16.0.1.aar (com.google.android.gms:play-services-tasks:16.0.1) with AarTransform
Transforming play-services-basement-16.0.1.aar (com.google.android.gms:play-services-basement:16.0.1) with ExtractAarTransform
Transforming play-services-basement-16.0.1.aar (com.google.android.gms:play-services-basement:16.0.1) with AarTransform
Caching disabled for task ':app:checkDebugAarMetadata' because:
  Build cache is disabled
  Caching has been disabled for the task
Task ':app:checkDebugAarMetadata' is not up-to-date because:
  Output property 'dummyOutputDirectory' file C:\DEV\StudyWise-Fresh\app\build\intermediates\aar_metadata_check\debug\checkDebugAarMetadata has been removed.

> Task :app:mapDebugSourceSetPaths
Transforming datastore-preferences-release.aar (androidx.datastore:datastore-preferences-android:1.1.1) with ExtractAarTransform
Transforming datastore-preferences-release.aar (androidx.datastore:datastore-preferences-android:1.1.1) with AarTransform
Transforming datastore-release.aar (androidx.datastore:datastore-android:1.1.1) with ExtractAarTransform
Transforming datastore-release.aar (androidx.datastore:datastore-android:1.1.1) with AarTransform
Transforming datastore-core-release.aar (androidx.datastore:datastore-core-android:1.1.1) with ExtractAarTransform
Transforming datastore-core-release.aar (androidx.datastore:datastore-core-android:1.1.1) with AarTransform
Transforming hilt-navigation-compose-1.2.0.aar (androidx.hilt:hilt-navigation-compose:1.2.0) with ExtractAarTransform
Transforming hilt-navigation-compose-1.2.0.aar (androidx.hilt:hilt-navigation-compose:1.2.0) with AarTransform
Transforming hilt-navigation-1.2.0.aar (androidx.hilt:hilt-navigation:1.2.0) with ExtractAarTransform
Transforming hilt-navigation-1.2.0.aar (androidx.hilt:hilt-navigation:1.2.0) with AarTransform
Transforming navigation-common-2.8.4.aar (androidx.navigation:navigation-common:2.8.4) with ExtractAarTransform
Transforming navigation-common-2.8.4.aar (androidx.navigation:navigation-common:2.8.4) with AarTransform
Transforming navigation-runtime-2.8.4.aar (androidx.navigation:navigation-runtime:2.8.4) with ExtractAarTransform
Transforming navigation-runtime-2.8.4.aar (androidx.navigation:navigation-runtime:2.8.4) with AarTransform
Transforming navigation-common-ktx-2.8.4.aar (androidx.navigation:navigation-common-ktx:2.8.4) with ExtractAarTransform
Transforming navigation-common-ktx-2.8.4.aar (androidx.navigation:navigation-common-ktx:2.8.4) with AarTransform
Transforming navigation-runtime-ktx-2.8.4.aar (androidx.navigation:navigation-runtime-ktx:2.8.4) with ExtractAarTransform
Transforming navigation-runtime-ktx-2.8.4.aar (androidx.navigation:navigation-runtime-ktx:2.8.4) with AarTransform
Transforming navigation-compose-2.8.4.aar (androidx.navigation:navigation-compose:2.8.4) with ExtractAarTransform
Transforming navigation-compose-2.8.4.aar (androidx.navigation:navigation-compose:2.8.4) with AarTransform
Transforming accompanist-permissions-0.34.0.aar (com.google.accompanist:accompanist-permissions:0.34.0) with ExtractAarTransform
Transforming accompanist-permissions-0.34.0.aar (com.google.accompanist:accompanist-permissions:0.34.0) with AarTransform
Transforming hilt-work-1.2.0.aar (androidx.hilt:hilt-work:1.2.0) with ExtractAarTransform
Transforming hilt-work-1.2.0.aar (androidx.hilt:hilt-work:1.2.0) with AarTransform
Transforming hilt-android-2.49.aar (com.google.dagger:hilt-android:2.49) with ExtractAarTransform
Transforming hilt-android-2.49.aar (com.google.dagger:hilt-android:2.49) with AarTransform
Transforming fragment-1.5.1.aar (androidx.fragment:fragment:1.5.1) with ExtractAarTransform
Transforming fragment-1.5.1.aar (androidx.fragment:fragment:1.5.1) with AarTransform
Transforming accompanist-systemuicontroller-0.34.0.aar (com.google.accompanist:accompanist-systemuicontroller:0.34.0) with ExtractAarTransform
Transforming accompanist-systemuicontroller-0.34.0.aar (com.google.accompanist:accompanist-systemuicontroller:0.34.0) with AarTransform
Transforming work-runtime-ktx-2.9.1.aar (androidx.work:work-runtime-ktx:2.9.1) with ExtractAarTransform
Transforming work-runtime-ktx-2.9.1.aar (androidx.work:work-runtime-ktx:2.9.1) with AarTransform
Transforming work-runtime-2.9.1.aar (androidx.work:work-runtime:2.9.1) with ExtractAarTransform
Transforming work-runtime-2.9.1.aar (androidx.work:work-runtime:2.9.1) with AarTransform
Transforming loader-1.0.0.aar (androidx.loader:loader:1.0.0) with ExtractAarTransform
Transforming loader-1.0.0.aar (androidx.loader:loader:1.0.0) with AarTransform
Transforming viewpager-1.0.0.aar (androidx.viewpager:viewpager:1.0.0) with ExtractAarTransform
Transforming viewpager-1.0.0.aar (androidx.viewpager:viewpager:1.0.0) with AarTransform
Transforming coil-compose-2.7.0.aar (io.coil-kt:coil-compose:2.7.0) with ExtractAarTransform
Transforming coil-compose-2.7.0.aar (io.coil-kt:coil-compose:2.7.0) with AarTransform
Transforming coil-compose-base-2.7.0.aar (io.coil-kt:coil-compose-base:2.7.0) with ExtractAarTransform
Transforming coil-compose-base-2.7.0.aar (io.coil-kt:coil-compose-base:2.7.0) with AarTransform
Transforming coil-2.7.0.aar (io.coil-kt:coil:2.7.0) with ExtractAarTransform
Transforming coil-2.7.0.aar (io.coil-kt:coil:2.7.0) with AarTransform
Transforming coil-base-2.7.0.aar (io.coil-kt:coil-base:2.7.0) with ExtractAarTransform
Transforming coil-base-2.7.0.aar (io.coil-kt:coil-base:2.7.0) with AarTransform
Transforming appcompat-resources-1.6.1.aar (androidx.appcompat:appcompat-resources:1.6.1) with ExtractAarTransform
Transforming appcompat-resources-1.6.1.aar (androidx.appcompat:appcompat-resources:1.6.1) with AarTransform
Transforming autofill-1.0.0.aar (androidx.autofill:autofill:1.0.0) with ExtractAarTransform
Transforming autofill-1.0.0.aar (androidx.autofill:autofill:1.0.0) with AarTransform
Transforming customview-1.0.0.aar (androidx.customview:customview:1.0.0) with ExtractAarTransform
Transforming customview-1.0.0.aar (androidx.customview:customview:1.0.0) with AarTransform
Transforming vectordrawable-animated-1.1.0.aar (androidx.vectordrawable:vectordrawable-animated:1.1.0) with ExtractAarTransform
Transforming vectordrawable-animated-1.1.0.aar (androidx.vectordrawable:vectordrawable-animated:1.1.0) with AarTransform
Transforming vectordrawable-1.1.0.aar (androidx.vectordrawable:vectordrawable:1.1.0) with ExtractAarTransform
Transforming vectordrawable-1.1.0.aar (androidx.vectordrawable:vectordrawable:1.1.0) with AarTransform
Transforming vectordrawable-1.1.0.aar (androidx.vectordrawable:vectordrawable:1.1.0) with ExtractAarTransform
Transforming vectordrawable-1.1.0.aar (androidx.vectordrawable:vectordrawable:1.1.0) with AarTransform
Transforming material3-release.aar (androidx.compose.material3:material3-android:1.3.0) with ExtractAarTransform
Transforming material3-release.aar (androidx.compose.material3:material3-android:1.3.0) with AarTransform
Transforming ui-tooling-data-release.aar (androidx.compose.ui:ui-tooling-data-android:1.7.8) with ExtractAarTransform
Transforming ui-tooling-data-release.aar (androidx.compose.ui:ui-tooling-data-android:1.7.8) with AarTransform
Transforming ui-tooling-preview-release.aar (androidx.compose.ui:ui-tooling-preview-android:1.7.8) with ExtractAarTransform
Transforming ui-tooling-preview-release.aar (androidx.compose.ui:ui-tooling-preview-android:1.7.8) with AarTransform
Transforming ui-tooling-release.aar (androidx.compose.ui:ui-tooling-android:1.7.8) with ExtractAarTransform
Transforming ui-tooling-release.aar (androidx.compose.ui:ui-tooling-android:1.7.8) with AarTransform
Transforming material-release.aar (androidx.compose.material:material-android:1.7.0) with ExtractAarTransform
Transforming material-release.aar (androidx.compose.material:material-android:1.7.0) with AarTransform
Transforming material-ripple-release.aar (androidx.compose.material:material-ripple-android:1.7.0) with ExtractAarTransform
Transforming material-ripple-release.aar (androidx.compose.material:material-ripple-android:1.7.0) with AarTransform
Transforming animation-core-release.aar (androidx.compose.animation:animation-core-android:1.7.8) with ExtractAarTransform
Transforming animation-core-release.aar (androidx.compose.animation:animation-core-android:1.7.8) with AarTransform
Transforming animation-release.aar (androidx.compose.animation:animation-android:1.7.8) with ExtractAarTransform
Transforming animation-release.aar (androidx.compose.animation:animation-android:1.7.8) with AarTransform
Transforming foundation-layout-release.aar (androidx.compose.foundation:foundation-layout-android:1.7.8) with ExtractAarTransform
Transforming foundation-layout-release.aar (androidx.compose.foundation:foundation-layout-android:1.7.8) with AarTransform
Transforming foundation-release.aar (androidx.compose.foundation:foundation-android:1.7.8) with ExtractAarTransform
Transforming foundation-release.aar (androidx.compose.foundation:foundation-android:1.7.8) with AarTransform
Transforming ui-util-release.aar (androidx.compose.ui:ui-util-android:1.7.8) with ExtractAarTransform
Transforming ui-util-release.aar (androidx.compose.ui:ui-util-android:1.7.8) with AarTransform
Transforming ui-unit-release.aar (androidx.compose.ui:ui-unit-android:1.7.8) with ExtractAarTransform
Transforming ui-unit-release.aar (androidx.compose.ui:ui-unit-android:1.7.8) with AarTransform
Transforming ui-text-release.aar (androidx.compose.ui:ui-text-android:1.7.8) with ExtractAarTransform
Transforming ui-text-release.aar (androidx.compose.ui:ui-text-android:1.7.8) with AarTransform
Transforming ui-geometry-release.aar (androidx.compose.ui:ui-geometry-android:1.7.8) with ExtractAarTransform
Transforming ui-geometry-release.aar (androidx.compose.ui:ui-geometry-android:1.7.8) with AarTransform
Transforming ui-graphics-release.aar (androidx.compose.ui:ui-graphics-android:1.7.8) with ExtractAarTransform
Transforming ui-graphics-release.aar (androidx.compose.ui:ui-graphics-android:1.7.8) with AarTransform
Transforming graphics-path-1.0.1.aar (androidx.graphics:graphics-path:1.0.1) with ExtractAarTransform
Transforming graphics-path-1.0.1.aar (androidx.graphics:graphics-path:1.0.1) with AarTransform
Transforming emoji2-1.3.0.aar (androidx.emoji2:emoji2:1.3.0) with ExtractAarTransform
Transforming emoji2-1.3.0.aar (androidx.emoji2:emoji2:1.3.0) with AarTransform
Transforming core-1.16.0.aar (androidx.core:core:1.16.0) with ExtractAarTransform
Transforming core-1.16.0.aar (androidx.core:core:1.16.0) with AarTransform
Transforming core-1.16.0.aar (androidx.core:core:1.16.0) with ExtractAarTransform
Transforming core-1.16.0.aar (androidx.core:core:1.16.0) with AarTransform
Transforming lifecycle-process-2.9.1.aar (androidx.lifecycle:lifecycle-process:2.9.1) with ExtractAarTransform
Transforming lifecycle-process-2.9.1.aar (androidx.lifecycle:lifecycle-process:2.9.1) with AarTransform
Transforming lifecycle-runtime-compose-release.aar (androidx.lifecycle:lifecycle-runtime-compose-android:2.9.1) with ExtractAarTransform
Transforming lifecycle-runtime-compose-release.aar (androidx.lifecycle:lifecycle-runtime-compose-android:2.9.1) with AarTransform
Transforming lifecycle-livedata-core-ktx-2.9.1.aar (androidx.lifecycle:lifecycle-livedata-core-ktx:2.9.1) with ExtractAarTransform
Transforming lifecycle-livedata-core-ktx-2.9.1.aar (androidx.lifecycle:lifecycle-livedata-core-ktx:2.9.1) with AarTransform
Transforming lifecycle-livedata-core-2.9.1.aar (androidx.lifecycle:lifecycle-livedata-core:2.9.1) with ExtractAarTransform
Transforming lifecycle-livedata-core-2.9.1.aar (androidx.lifecycle:lifecycle-livedata-core:2.9.1) with AarTransform
Transforming lifecycle-viewmodel-savedstate-release.aar (androidx.lifecycle:lifecycle-viewmodel-savedstate-android:2.9.1) with ExtractAarTransform
Transforming lifecycle-viewmodel-savedstate-release.aar (androidx.lifecycle:lifecycle-viewmodel-savedstate-android:2.9.1) with AarTransform
Transforming lifecycle-viewmodel-2.9.1.aar (androidx.lifecycle:lifecycle-viewmodel:2.9.1) with ExtractAarTransform
Transforming lifecycle-viewmodel-2.9.1.aar (androidx.lifecycle:lifecycle-viewmodel:2.9.1) with AarTransform
Transforming lifecycle-viewmodel-release.aar (androidx.lifecycle:lifecycle-viewmodel-android:2.9.1) with ExtractAarTransform
Transforming lifecycle-viewmodel-release.aar (androidx.lifecycle:lifecycle-viewmodel-android:2.9.1) with AarTransform
Transforming savedstate-ktx-1.3.0.aar (androidx.savedstate:savedstate-ktx:1.3.0) with ExtractAarTransform
Transforming savedstate-ktx-1.3.0.aar (androidx.savedstate:savedstate-ktx:1.3.0) with AarTransform
Transforming savedstate-release.aar (androidx.savedstate:savedstate-android:1.3.0) with ExtractAarTransform
Transforming savedstate-release.aar (androidx.savedstate:savedstate-android:1.3.0) with AarTransform
Transforming lifecycle-runtime-release.aar (androidx.lifecycle:lifecycle-runtime-android:2.9.1) with ExtractAarTransform
Transforming lifecycle-runtime-release.aar (androidx.lifecycle:lifecycle-runtime-android:2.9.1) with AarTransform
Transforming lifecycle-service-2.9.1.aar (androidx.lifecycle:lifecycle-service:2.9.1) with ExtractAarTransform
Transforming lifecycle-service-2.9.1.aar (androidx.lifecycle:lifecycle-service:2.9.1) with AarTransform
Transforming lifecycle-livedata-2.9.1.aar (androidx.lifecycle:lifecycle-livedata:2.9.1) with ExtractAarTransform
Transforming lifecycle-livedata-2.9.1.aar (androidx.lifecycle:lifecycle-livedata:2.9.1) with AarTransform
Transforming lifecycle-livedata-2.9.1.aar (androidx.lifecycle:lifecycle-livedata:2.9.1) with ExtractAarTransform
Transforming lifecycle-livedata-2.9.1.aar (androidx.lifecycle:lifecycle-livedata:2.9.1) with AarTransform
Transforming lifecycle-viewmodel-ktx-2.9.1.aar (androidx.lifecycle:lifecycle-viewmodel-ktx:2.9.1) with ExtractAarTransform
Transforming lifecycle-viewmodel-ktx-2.9.1.aar (androidx.lifecycle:lifecycle-viewmodel-ktx:2.9.1) with AarTransform
Transforming lifecycle-runtime-ktx.aar (androidx.lifecycle:lifecycle-runtime-ktx-android:2.9.1) with ExtractAarTransform
Transforming lifecycle-runtime-ktx.aar (androidx.lifecycle:lifecycle-runtime-ktx-android:2.9.1) with AarTransform
Transforming lifecycle-viewmodel-compose-release.aar (androidx.lifecycle:lifecycle-viewmodel-compose-android:2.9.1) with ExtractAarTransform
Transforming lifecycle-viewmodel-compose-release.aar (androidx.lifecycle:lifecycle-viewmodel-compose-android:2.9.1) with AarTransform
Transforming accompanist-drawablepainter-0.32.0.aar (com.google.accompanist:accompanist-drawablepainter:0.32.0) with ExtractAarTransform
Transforming accompanist-drawablepainter-0.32.0.aar (com.google.accompanist:accompanist-drawablepainter:0.32.0) with AarTransform
Transforming material-icons-core-release.aar (androidx.compose.material:material-icons-core-android:1.7.0) with ExtractAarTransform
Transforming material-icons-core-release.aar (androidx.compose.material:material-icons-core-android:1.7.0) with AarTransform
Transforming ui-release.aar (androidx.compose.ui:ui-android:1.7.8) with ExtractAarTransform
Transforming ui-release.aar (androidx.compose.ui:ui-android:1.7.8) with AarTransform
Transforming ui-test-manifest-1.7.8.aar (androidx.compose.ui:ui-test-manifest:1.7.8) with ExtractAarTransform
Transforming ui-test-manifest-1.7.8.aar (androidx.compose.ui:ui-test-manifest:1.7.8) with AarTransform
Transforming activity-1.10.1.aar (androidx.activity:activity:1.10.1) with ExtractAarTransform
Transforming activity-1.10.1.aar (androidx.activity:activity:1.10.1) with AarTransform
Transforming activity-ktx-1.10.1.aar (androidx.activity:activity-ktx:1.10.1) with ExtractAarTransform
Transforming activity-ktx-1.10.1.aar (androidx.activity:activity-ktx:1.10.1) with AarTransform
Transforming activity-compose-1.10.1.aar (androidx.activity:activity-compose:1.10.1) with ExtractAarTransform
Transforming activity-compose-1.10.1.aar (androidx.activity:activity-compose:1.10.1) with AarTransform
Transforming customview-poolingcontainer-1.0.0.aar (androidx.customview:customview-poolingcontainer:1.0.0) with ExtractAarTransform
Transforming customview-poolingcontainer-1.0.0.aar (androidx.customview:customview-poolingcontainer:1.0.0) with AarTransform
Transforming core-ktx-1.16.0.aar (androidx.core:core-ktx:1.16.0) with ExtractAarTransform
Transforming core-ktx-1.16.0.aar (androidx.core:core-ktx:1.16.0) with AarTransform
Transforming room-runtime-2.6.1.aar (androidx.room:room-runtime:2.6.1) with ExtractAarTransform
Transforming room-runtime-2.6.1.aar (androidx.room:room-runtime:2.6.1) with AarTransform
Transforming room-ktx-2.6.1.aar (androidx.room:room-ktx:2.6.1) with ExtractAarTransform
Transforming room-ktx-2.6.1.aar (androidx.room:room-ktx:2.6.1) with AarTransform
Transforming runtime-saveable-release.aar (androidx.compose.runtime:runtime-saveable-android:1.7.8) with ExtractAarTransform
Transforming runtime-saveable-release.aar (androidx.compose.runtime:runtime-saveable-android:1.7.8) with AarTransform
Transforming runtime-release.aar (androidx.compose.runtime:runtime-android:1.7.8) with ExtractAarTransform
Transforming runtime-release.aar (androidx.compose.runtime:runtime-android:1.7.8) with AarTransform
Transforming timber-5.0.1.aar (com.jakewharton.timber:timber:5.0.1) with ExtractAarTransform
Transforming timber-5.0.1.aar (com.jakewharton.timber:timber:5.0.1) with AarTransform
Transforming sqlite-framework-2.4.0.aar (androidx.sqlite:sqlite-framework:2.4.0) with ExtractAarTransform
Transforming sqlite-framework-2.4.0.aar (androidx.sqlite:sqlite-framework:2.4.0) with AarTransform
Transforming sqlite-2.4.0.aar (androidx.sqlite:sqlite:2.4.0) with ExtractAarTransform
Transforming sqlite-2.4.0.aar (androidx.sqlite:sqlite:2.4.0) with AarTransform
Transforming annotation-experimental-1.4.1.aar (androidx.annotation:annotation-experimental:1.4.1) with ExtractAarTransform
Transforming annotation-experimental-1.4.1.aar (androidx.annotation:annotation-experimental:1.4.1) with AarTransform
Transforming core-viewtree-1.0.0.aar (androidx.core:core-viewtree:1.0.0) with ExtractAarTransform
Transforming core-viewtree-1.0.0.aar (androidx.core:core-viewtree:1.0.0) with AarTransform
Transforming versionedparcelable-1.1.1.aar (androidx.versionedparcelable:versionedparcelable:1.1.1) with ExtractAarTransform
Transforming versionedparcelable-1.1.1.aar (androidx.versionedparcelable:versionedparcelable:1.1.1) with AarTransform
Transforming core-runtime-2.2.0.aar (androidx.arch.core:core-runtime:2.2.0) with ExtractAarTransform
Transforming core-runtime-2.2.0.aar (androidx.arch.core:core-runtime:2.2.0) with AarTransform
Transforming interpolator-1.0.0.aar (androidx.interpolator:interpolator:1.0.0) with ExtractAarTransform
Transforming interpolator-1.0.0.aar (androidx.interpolator:interpolator:1.0.0) with AarTransform
Transforming interpolator-1.0.0.aar (androidx.interpolator:interpolator:1.0.0) with ExtractAarTransform
Transforming interpolator-1.0.0.aar (androidx.interpolator:interpolator:1.0.0) with AarTransform
Transforming profileinstaller-1.4.0.aar (androidx.profileinstaller:profileinstaller:1.4.0) with ExtractAarTransform
Transforming profileinstaller-1.4.0.aar (androidx.profileinstaller:profileinstaller:1.4.0) with AarTransform
Transforming startup-runtime-1.1.1.aar (androidx.startup:startup-runtime:1.1.1) with ExtractAarTransform
Transforming startup-runtime-1.1.1.aar (androidx.startup:startup-runtime:1.1.1) with AarTransform
Transforming tracing-1.2.0.aar (androidx.tracing:tracing:1.2.0) with ExtractAarTransform
Transforming tracing-1.2.0.aar (androidx.tracing:tracing:1.2.0) with AarTransform
Transforming exifinterface-1.3.7.aar (androidx.exifinterface:exifinterface:1.3.7) with ExtractAarTransform
Transforming exifinterface-1.3.7.aar (androidx.exifinterface:exifinterface:1.3.7) with AarTransform
Transforming dagger-lint-aar-2.49.aar (com.google.dagger:dagger-lint-aar:2.49) with ExtractAarTransform
Transforming dagger-lint-aar-2.49.aar (com.google.dagger:dagger-lint-aar:2.49) with AarTransform
Transforming play-services-tasks-16.0.1.aar (com.google.android.gms:play-services-tasks:16.0.1) with ExtractAarTransform
Transforming play-services-tasks-16.0.1.aar (com.google.android.gms:play-services-tasks:16.0.1) with AarTransform
Transforming play-services-basement-16.0.1.aar (com.google.android.gms:play-services-basement:16.0.1) with ExtractAarTransform
Transforming play-services-basement-16.0.1.aar (com.google.android.gms:play-services-basement:16.0.1) with AarTransform
Caching disabled for task ':app:mapDebugSourceSetPaths' because:
  Build cache is disabled
  Caching has been disabled for the task
Task ':app:mapDebugSourceSetPaths' is not up-to-date because:
  Output property 'filepathMappingFile' file C:\DEV\StudyWise-Fresh\app\build\intermediates\source_set_path_map\debug\mapDebugSourceSetPaths\file-map.txt has been removed.
Resolve mutations for :app:generateDebugResources (Thread[Execution worker Thread 9,5,main]) started.
:app:generateDebugResources (Thread[Execution worker Thread 9,5,main]) started.

> Task :app:generateDebugResources
Caching disabled for task ':app:generateDebugResources' because:
  Build cache is disabled
Task ':app:generateDebugResources' is not up-to-date because:
  Output property 'validationReportFile' file C:\DEV\StudyWise-Fresh\app\build\intermediates\nested_resources_validation_report\debug\generateDebugResources\nestedResourcesValidationReport.txt has been removed.
Resolve mutations for :app:mergeDebugResources (Thread[Execution worker Thread 11,5,main]) started.
:app:mergeDebugResources (Thread[Execution worker Thread 11,5,main]) started.

> Task :app:mergeDebugResources
Caching disabled for task ':app:mergeDebugResources' because:
  Build cache is disabled
Task ':app:mergeDebugResources' is not up-to-date because:
  Output property 'blameLogOutputFolder' file C:\DEV\StudyWise-Fresh\app\build\intermediates\merged_res_blame_folder\debug\mergeDebugResources\out has been removed.
  Output property 'blameLogOutputFolder' file C:\DEV\StudyWise-Fresh\app\build\intermediates\merged_res_blame_folder\debug\mergeDebugResources\out\multi-v2 has been removed.
  Output property 'blameLogOutputFolder' file C:\DEV\StudyWise-Fresh\app\build\intermediates\merged_res_blame_folder\debug\mergeDebugResources\out\multi-v2\mergeDebugResources.json has been removed.
  and more...
  and more...
  and more...
  and more...
  and more...
  and more...
  and more...
  and more...
  and more...
  and more...
  and more...
  and more...
  and more...
  and more...
  and more...
  and more...
  and more...
  and more...
  and more...
  and more...
  and more...
  and more...
  and more...
  and more...
  and more...
  and more...
  and more...
  and more...
  and more...
  and more...
  and more...
  and more...
  and more...
  and more...
  and more...
  and more...
  and more...
  and more...
  and more...
  and more...
  and more...
  and more...
  and more...
  and more...
  and more...
  and more...
  and more...
  and more...
  and more...
  and more...
  and more...
  and more...
  and more...
  and more...
  and more...
  and more...
  and more...
  and more...
  and more...
  and more...
  and more...
  and more...
  and more...
  and more...
  and more...
  and more...
  and more...
  and more...
  and more...
  and more...
  and more...
  and more...
  and more...
  and more...
  and more...
  and more...
  and more...
  and more...
  and more...
  and more...
  and more...
  and more...
  and more...
  and more...
  and more...
  and more...
  and more...
  and more...
  and more...
  and more...
  and more...
  and more...
The input changes require a full rebuild for incremental task ':app:mergeDebugResources'.
[MergeResources] Inputs are non-incremental full task action.
Compiling XML table C:\DEV\StudyWise-Fresh\app\build\intermediates\incremental\debug\mergeDebugResources\merged.dir\values\values.xml to C:\DEV\StudyWise-Fresh\app\build\intermediates\merged_res\debug\mergeDebugResources\values_values.arsc.flat
Compiling XML table C:\DEV\StudyWise-Fresh\app\build\intermediates\incremental\debug\mergeDebugResources\merged.dir\values-de\values-de.xml to C:\DEV\StudyWise-Fresh\app\build\intermediates\merged_res\debug\mergeDebugResources\values-de_values-de.arsc.flat
Compiling XML table C:\DEV\StudyWise-Fresh\app\build\intermediates\incremental\debug\mergeDebugResources\merged.dir\values-hi\values-hi.xml to C:\DEV\StudyWise-Fresh\app\build\intermediates\merged_res\debug\mergeDebugResources\values-hi_values-hi.arsc.flat
Compiling XML table C:\DEV\StudyWise-Fresh\app\build\intermediates\incremental\debug\mergeDebugResources\merged.dir\values-mk\values-mk.xml to C:\DEV\StudyWise-Fresh\app\build\intermediates\merged_res\debug\mergeDebugResources\values-mk_values-mk.arsc.flat
Compiling XML table C:\DEV\StudyWise-Fresh\app\build\intermediates\incremental\debug\mergeDebugResources\merged.dir\values-lo\values-lo.xml to C:\DEV\StudyWise-Fresh\app\build\intermediates\merged_res\debug\mergeDebugResources\values-lo_values-lo.arsc.flat
Compiling XML table C:\DEV\StudyWise-Fresh\app\build\intermediates\incremental\debug\mergeDebugResources\merged.dir\values-lt\values-lt.xml to C:\DEV\StudyWise-Fresh\app\build\intermediates\merged_res\debug\mergeDebugResources\values-lt_values-lt.arsc.flat
Compiling XML table C:\DEV\StudyWise-Fresh\app\build\intermediates\incremental\debug\mergeDebugResources\merged.dir\values-ml\values-ml.xml to C:\DEV\StudyWise-Fresh\app\build\intermediates\merged_res\debug\mergeDebugResources\values-ml_values-ml.arsc.flat
Compiling XML table C:\DEV\StudyWise-Fresh\app\build\intermediates\incremental\debug\mergeDebugResources\merged.dir\values-pt\values-pt.xml to C:\DEV\StudyWise-Fresh\app\build\intermediates\merged_res\debug\mergeDebugResources\values-pt_values-pt.arsc.flat
Compiling XML table C:\DEV\StudyWise-Fresh\app\build\intermediates\incremental\debug\mergeDebugResources\merged.dir\values-is\values-is.xml to C:\DEV\StudyWise-Fresh\app\build\intermediates\merged_res\debug\mergeDebugResources\values-is_values-is.arsc.flat
Compiling XML table C:\DEV\StudyWise-Fresh\app\build\intermediates\incremental\debug\mergeDebugResources\merged.dir\values-hr\values-hr.xml to C:\DEV\StudyWise-Fresh\app\build\intermediates\merged_res\debug\mergeDebugResources\values-hr_values-hr.arsc.flat
Compiling XML table C:\DEV\StudyWise-Fresh\app\build\intermediates\incremental\debug\mergeDebugResources\merged.dir\values-hu\values-hu.xml to C:\DEV\StudyWise-Fresh\app\build\intermediates\merged_res\debug\mergeDebugResources\values-hu_values-hu.arsc.flat
Compiling XML table C:\DEV\StudyWise-Fresh\app\build\intermediates\incremental\debug\mergeDebugResources\merged.dir\values-lv\values-lv.xml to C:\DEV\StudyWise-Fresh\app\build\intermediates\merged_res\debug\mergeDebugResources\values-lv_values-lv.arsc.flat
Compiling XML table C:\DEV\StudyWise-Fresh\app\build\intermediates\incremental\debug\mergeDebugResources\merged.dir\values-mn\values-mn.xml to C:\DEV\StudyWise-Fresh\app\build\intermediates\merged_res\debug\mergeDebugResources\values-mn_values-mn.arsc.flat
Compiling XML table C:\DEV\StudyWise-Fresh\app\build\intermediates\incremental\debug\mergeDebugResources\merged.dir\values-mr\values-mr.xml to C:\DEV\StudyWise-Fresh\app\build\intermediates\merged_res\debug\mergeDebugResources\values-mr_values-mr.arsc.flat
Compiling XML table C:\DEV\StudyWise-Fresh\app\build\intermediates\incremental\debug\mergeDebugResources\merged.dir\values-nb\values-nb.xml to C:\DEV\StudyWise-Fresh\app\build\intermediates\merged_res\debug\mergeDebugResources\values-nb_values-nb.arsc.flat

Resolve mutations for :app:packageDebugResources (Thread[Execution worker Thread 9,5,main]) started.
:app:packageDebugResources (Thread[Execution worker Thread 9,5,main]) started.

> Task :app:packageDebugResources
Caching disabled for task ':app:packageDebugResources' because:
  Build cache is disabled
Task ':app:packageDebugResources' is not up-to-date because:
  Output property 'dataBindingLayoutInfoOutFolder' file C:\DEV\StudyWise-Fresh\app\build\intermediates\data_binding_layout_info_type_package\debug\packageDebugResources\out has been removed.
  Output property 'incrementalFolder' file C:\DEV\StudyWise-Fresh\app\build\intermediates\incremental\debug\packageDebugResources has been removed.
  Output property 'incrementalFolder' file C:\DEV\StudyWise-Fresh\app\build\intermediates\incremental\debug\packageDebugResources\compile-file-map.properties has been removed.
  and more...
  and more...
  and more...
  and more...
The input changes require a full rebuild for incremental task ':app:packageDebugResources'.
[MergeResources] Inputs are non-incremental full task action.
Resolve mutations for :app:parseDebugLocalResources (Thread[Execution worker Thread 3,5,main]) started.
:app:parseDebugLocalResources (Thread[Execution worker Thread 3,5,main]) started.
Resolve mutations for :app:createDebugCompatibleScreenManifests (Thread[Execution worker Thread 9,5,main]) started.
:app:createDebugCompatibleScreenManifests (Thread[Execution worker Thread 9,5,main]) started.

> Task :app:createDebugCompatibleScreenManifests
Caching disabled for task ':app:createDebugCompatibleScreenManifests' because:
  Build cache is disabled
  Caching has been disabled for the task
Task ':app:createDebugCompatibleScreenManifests' is not up-to-date because:
  Output property 'outputFolder' file C:\DEV\StudyWise-Fresh\app\build\intermediates\compatible_screen_manifest\debug\createDebugCompatibleScreenManifests has been removed.
  Output property 'outputFolder' file C:\DEV\StudyWise-Fresh\app\build\intermediates\compatible_screen_manifest\debug\createDebugCompatibleScreenManifests\output-metadata.json has been removed.
Resolve mutations for :app:extractDeepLinksDebug (Thread[Execution worker Thread 9,5,main]) started.
:app:extractDeepLinksDebug (Thread[Execution worker Thread 9,5,main]) started.

> Task :app:extractDeepLinksDebug
Caching disabled for task ':app:extractDeepLinksDebug' because:
  Build cache is disabled
Task ':app:extractDeepLinksDebug' is not up-to-date because:
  Output property 'navigationJson' file C:\DEV\StudyWise-Fresh\app\build\intermediates\navigation_json\debug\extractDeepLinksDebug\navigation.json has been removed.
Resolve mutations for :app:processDebugMainManifest (Thread[Execution worker Thread 9,5,main]) started.
:app:processDebugMainManifest (Thread[Execution worker Thread 9,5,main]) started.

> Task :app:parseDebugLocalResources
Transforming android.jar with PlatformAttrTransform
Transforming android.jar with PlatformAttrTransform
Transforming android.jar with PlatformAttrTransform
Transforming android.jar with PlatformAttrTransform
Transforming android.jar with PlatformAttrTransform
Transforming android.jar with PlatformAttrTransform
Caching disabled for task ':app:parseDebugLocalResources' because:
  Build cache is disabled
Task ':app:parseDebugLocalResources' is not up-to-date because:
  Output property 'librarySymbolsFile' file C:\DEV\StudyWise-Fresh\app\build\intermediates\local_only_symbol_list\debug\parseDebugLocalResources\R-def.txt has been removed.
The input changes require a full rebuild for incremental task ':app:parseDebugLocalResources'.
Transforming android.jar with PlatformAttrTransform
Transforming android.jar with PlatformAttrTransform
Transforming android.jar with PlatformAttrTransform

> Task :app:mergeDebugResources
Compiling XML table C:\DEV\StudyWise-Fresh\app\build\intermediates\incremental\debug\mergeDebugResources\merged.dir\values-it\values-it.xml to C:\DEV\StudyWise-Fresh\app\build\intermediates\merged_res\debug\mergeDebugResources\values-it_values-it.arsc.flat
Compiling XML table C:\DEV\StudyWise-Fresh\app\build\intermediates\incremental\debug\mergeDebugResources\merged.dir\values-my\values-my.xml to C:\DEV\StudyWise-Fresh\app\build\intermediates\merged_res\debug\mergeDebugResources\values-my_values-my.arsc.flat
Compiling XML table C:\DEV\StudyWise-Fresh\app\build\intermediates\incremental\debug\mergeDebugResources\merged.dir\values-ur\values-ur.xml to C:\DEV\StudyWise-Fresh\app\build\intermediates\merged_res\debug\mergeDebugResources\values-ur_values-ur.arsc.flat
Compiling XML table C:\DEV\StudyWise-Fresh\app\build\intermediates\incremental\debug\mergeDebugResources\merged.dir\values-hy\values-hy.xml to C:\DEV\StudyWise-Fresh\app\build\intermediates\merged_res\debug\mergeDebugResources\values-hy_values-hy.arsc.flat
Compiling XML table C:\DEV\StudyWise-Fresh\app\build\intermediates\incremental\debug\mergeDebugResources\merged.dir\values-af\values-af.xml to C:\DEV\StudyWise-Fresh\app\build\intermediates\merged_res\debug\mergeDebugResources\values-af_values-af.arsc.flat
Compiling XML table C:\DEV\StudyWise-Fresh\app\build\intermediates\incremental\debug\mergeDebugResources\merged.dir\values-fr-rCA\values-fr-rCA.xml to C:\DEV\StudyWise-Fresh\app\build\intermediates\merged_res\debug\mergeDebugResources\values-fr-rCA_values-fr-rCA.arsc.flat
Compiling XML table C:\DEV\StudyWise-Fresh\app\build\intermediates\incremental\debug\mergeDebugResources\merged.dir\values-iw\values-iw.xml to C:\DEV\StudyWise-Fresh\app\build\intermediates\merged_res\debug\mergeDebugResources\values-iw_values-iw.arsc.flat
Compiling XML table C:\DEV\StudyWise-Fresh\app\build\intermediates\incremental\debug\mergeDebugResources\merged.dir\values-en-rIN\values-en-rIN.xml to C:\DEV\StudyWise-Fresh\app\build\intermediates\merged_res\debug\mergeDebugResources\values-en-rIN_values-en-rIN.arsc.flat
Compiling XML table C:\DEV\StudyWise-Fresh\app\build\intermediates\incremental\debug\mergeDebugResources\merged.dir\values-es-rUS\values-es-rUS.xml to C:\DEV\StudyWise-Fresh\app\build\intermediates\merged_res\debug\mergeDebugResources\values-es-rUS_values-es-rUS.arsc.flat
Compiling XML table C:\DEV\StudyWise-Fresh\app\build\intermediates\incremental\debug\mergeDebugResources\merged.dir\values-night-v8\values-night-v8.xml to C:\DEV\StudyWise-Fresh\app\build\intermediates\merged_res\debug\mergeDebugResources\values-night-v8_values-night-v8.arsc.flat
Compiling XML table C:\DEV\StudyWise-Fresh\app\build\intermediates\incremental\debug\mergeDebugResources\merged.dir\values-nl\values-nl.xml to C:\DEV\StudyWise-Fresh\app\build\intermediates\merged_res\debug\mergeDebugResources\values-nl_values-nl.arsc.flat
Compiling XML table C:\DEV\StudyWise-Fresh\app\build\intermediates\incremental\debug\mergeDebugResources\merged.dir\values-in\values-in.xml to C:\DEV\StudyWise-Fresh\app\build\intermediates\merged_res\debug\mergeDebugResources\values-in_values-in.arsc.flat
Compiling XML table C:\DEV\StudyWise-Fresh\app\build\intermediates\incremental\debug\mergeDebugResources\merged.dir\values-el\values-el.xml to C:\DEV\StudyWise-Fresh\app\build\intermediates\merged_res\debug\mergeDebugResources\values-el_values-el.arsc.flat
Compiling XML table C:\DEV\StudyWise-Fresh\app\build\intermediates\incremental\debug\mergeDebugResources\merged.dir\values-zh-rHK\values-zh-rHK.xml to C:\DEV\StudyWise-Fresh\app\build\intermediates\merged_res\debug\mergeDebugResources\values-zh-rHK_values-zh-rHK.arsc.flat
Compiling XML table C:\DEV\StudyWise-Fresh\app\build\intermediates\incremental\debug\mergeDebugResources\merged.dir\values-b+sr+Latn\values-b+sr+Latn.xml to C:\DEV\StudyWise-Fresh\app\build\intermediates\merged_res\debug\mergeDebugResources\values-b+sr+Latn_values-b+sr+Latn.arsc.flat
Compiling XML table C:\DEV\StudyWise-Fresh\app\build\intermediates\incremental\debug\mergeDebugResources\merged.dir\values-fi\values-fi.xml to C:\DEV\StudyWise-Fresh\app\build\intermediates\merged_res\debug\mergeDebugResources\values-fi_values-fi.arsc.flat
Compiling XML table C:\DEV\StudyWise-Fresh\app\build\intermediates\incremental\debug\mergeDebugResources\merged.dir\values-en-rGB\values-en-rGB.xml to C:\DEV\StudyWise-Fresh\app\build\intermediates\merged_res\debug\mergeDebugResources\values-en-rGB_values-en-rGB.arsc.flat
Compiling XML table C:\DEV\StudyWise-Fresh\app\build\intermediates\incremental\debug\mergeDebugResources\merged.dir\values-v21\values-v21.xml to C:\DEV\StudyWise-Fresh\app\build\intermediates\merged_res\debug\mergeDebugResources\values-v21_values-v21.arsc.flat
Compiling XML table C:\DEV\StudyWise-Fresh\app\build\intermediates\incremental\debug\mergeDebugResources\merged.dir\values-es\values-es.xml to C:\DEV\StudyWise-Fresh\app\build\intermediates\merged_res\debug\mergeDebugResources\values-es_values-es.arsc.flat
Compiling XML table C:\DEV\StudyWise-Fresh\app\build\intermediates\incremental\debug\mergeDebugResources\merged.dir\values-ms\values-ms.xml to C:\DEV\StudyWise-Fresh\app\build\intermediates\merged_res\debug\mergeDebugResources\values-ms_values-ms.arsc.flat
Compiling XML table C:\DEV\StudyWise-Fresh\app\build\intermediates\incremental\debug\mergeDebugResources\merged.dir\values-ja\values-ja.xml to C:\DEV\StudyWise-Fresh\app\build\intermediates\merged_res\debug\mergeDebugResources\values-ja_values-ja.arsc.flat
Compiling XML table C:\DEV\StudyWise-Fresh\app\build\intermediates\incremental\debug\mergeDebugResources\merged.dir\values-uz\values-uz.xml to C:\DEV\StudyWise-Fresh\app\build\intermediates\merged_res\debug\mergeDebugResources\values-uz_values-uz.arsc.flat
Compiling XML table C:\DEV\StudyWise-Fresh\app\build\intermediates\incremental\debug\mergeDebugResources\merged.dir\values-ar\values-ar.xml to C:\DEV\StudyWise-Fresh\app\build\intermediates\merged_res\debug\mergeDebugResources\values-ar_values-ar.arsc.flat
Compiling XML table C:\DEV\StudyWise-Fresh\app\build\intermediates\incremental\debug\mergeDebugResources\merged.dir\values-vi\values-vi.xml to C:\DEV\StudyWise-Fresh\app\build\intermediates\merged_res\debug\mergeDebugResources\values-vi_values-vi.arsc.flat
Compiling XML table C:\DEV\StudyWise-Fresh\app\build\intermediates\incremental\debug\mergeDebugResources\merged.dir\values-or\values-or.xml to C:\DEV\StudyWise-Fresh\app\build\intermediates\merged_res\debug\mergeDebugResources\values-or_values-or.arsc.flat
Compiling XML table C:\DEV\StudyWise-Fresh\app\build\intermediates\incremental\debug\mergeDebugResources\merged.dir\values-ne\values-ne.xml to C:\DEV\StudyWise-Fresh\app\build\intermediates\merged_res\debug\mergeDebugResources\values-ne_values-ne.arsc.flat
Compiling XML table C:\DEV\StudyWise-Fresh\app\build\intermediates\incremental\debug\mergeDebugResources\merged.dir\values-zh-rCN\values-zh-rCN.xml to C:\DEV\StudyWise-Fresh\app\build\intermediates\merged_res\debug\mergeDebugResources\values-zh-rCN_values-zh-rCN.arsc.flat
Compiling XML table C:\DEV\StudyWise-Fresh\app\build\intermediates\incremental\debug\mergeDebugResources\merged.dir\values-be\values-be.xml to C:\DEV\StudyWise-Fresh\app\build\intermediates\merged_res\debug\mergeDebugResources\values-be_values-be.arsc.flat
Compiling XML table C:\DEV\StudyWise-Fresh\app\build\intermediates\incremental\debug\mergeDebugResources\merged.dir\values-ro\values-ro.xml to C:\DEV\StudyWise-Fresh\app\build\intermediates\merged_res\debug\mergeDebugResources\values-ro_values-ro.arsc.flat
Compiling XML table C:\DEV\StudyWise-Fresh\app\build\intermediates\incremental\debug\mergeDebugResources\merged.dir\values-et\values-et.xml to C:\DEV\StudyWise-Fresh\app\build\intermediates\merged_res\debug\mergeDebugResources\values-et_values-et.arsc.flat
Compiling XML table C:\DEV\StudyWise-Fresh\app\build\intermediates\incremental\debug\mergeDebugResources\merged.dir\values-tl\values-tl.xml to C:\DEV\StudyWise-Fresh\app\build\intermediates\merged_res\debug\mergeDebugResources\values-tl_values-tl.arsc.flat
Compiling XML table C:\DEV\StudyWise-Fresh\app\build\intermediates\incremental\debug\mergeDebugResources\merged.dir\values-fa\values-fa.xml to C:\DEV\StudyWise-Fresh\app\build\intermediates\merged_res\debug\mergeDebugResources\values-fa_values-fa.arsc.flat
Compiling XML table C:\DEV\StudyWise-Fresh\app\build\intermediates\incremental\debug\mergeDebugResources\merged.dir\values-am\values-am.xml to C:\DEV\StudyWise-Fresh\app\build\intermediates\merged_res\debug\mergeDebugResources\values-am_values-am.arsc.flat
Compiling XML table C:\DEV\StudyWise-Fresh\app\build\intermediates\incremental\debug\mergeDebugResources\merged.dir\values-en-rXC\values-en-rXC.xml to C:\DEV\StudyWise-Fresh\app\build\intermediates\merged_res\debug\mergeDebugResources\values-en-rXC_values-en-rXC.arsc.flat
Compiling XML table C:\DEV\StudyWise-Fresh\app\build\intermediates\incremental\debug\mergeDebugResources\merged.dir\values-ka\values-ka.xml to C:\DEV\StudyWise-Fresh\app\build\intermediates\merged_res\debug\mergeDebugResources\values-ka_values-ka.arsc.flat
Compiling XML table C:\DEV\StudyWise-Fresh\app\build\intermediates\incremental\debug\mergeDebugResources\merged.dir\values-eu\values-eu.xml to C:\DEV\StudyWise-Fresh\app\build\intermediates\merged_res\debug\mergeDebugResources\values-eu_values-eu.arsc.flat
Compiling XML table C:\DEV\StudyWise-Fresh\app\build\intermediates\incremental\debug\mergeDebugResources\merged.dir\values-si\values-si.xml to C:\DEV\StudyWise-Fresh\app\build\intermediates\merged_res\debug\mergeDebugResources\values-si_values-si.arsc.flat
Compiling file C:\DEV\StudyWise-Fresh\app\src\main\res\mipmap-hdpi\ic_launcher_round.webp to C:\DEV\StudyWise-Fresh\app\build\intermediates\merged_res\debug\mergeDebugResources\mipmap-hdpi_ic_launcher_round.webp.flat
Compiling XML table C:\DEV\StudyWise-Fresh\app\build\intermediates\incremental\debug\mergeDebugResources\merged.dir\values-v30\values-v30.xml to C:\DEV\StudyWise-Fresh\app\build\intermediates\merged_res\debug\mergeDebugResources\values-v30_values-v30.arsc.flat
Compiling XML table C:\DEV\StudyWise-Fresh\app\build\intermediates\incremental\debug\mergeDebugResources\merged.dir\values-ko\values-ko.xml to C:\DEV\StudyWise-Fresh\app\build\intermediates\merged_res\debug\mergeDebugResources\values-ko_values-ko.arsc.flat
Compiling XML table C:\DEV\StudyWise-Fresh\app\build\intermediates\incremental\debug\mergeDebugResources\merged.dir\values-az\values-az.xml to C:\DEV\StudyWise-Fresh\app\build\intermediates\merged_res\debug\mergeDebugResources\values-az_values-az.arsc.flat
Compiling XML table C:\DEV\StudyWise-Fresh\app\build\intermediates\incremental\debug\mergeDebugResources\merged.dir\values-v23\values-v23.xml to C:\DEV\StudyWise-Fresh\app\build\intermediates\merged_res\debug\mergeDebugResources\values-v23_values-v23.arsc.flat
Compiling XML table C:\DEV\StudyWise-Fresh\app\build\intermediates\incremental\debug\mergeDebugResources\merged.dir\values-sq\values-sq.xml to C:\DEV\StudyWise-Fresh\app\build\intermediates\merged_res\debug\mergeDebugResources\values-sq_values-sq.arsc.flat
Compiling XML table C:\DEV\StudyWise-Fresh\app\build\intermediates\incremental\debug\mergeDebugResources\merged.dir\values-sl\values-sl.xml to C:\DEV\StudyWise-Fresh\app\build\intermediates\merged_res\debug\mergeDebugResources\values-sl_values-sl.arsc.flat
Compiling XML table C:\DEV\StudyWise-Fresh\app\build\intermediates\incremental\debug\mergeDebugResources\merged.dir\values-pt-rPT\values-pt-rPT.xml to C:\DEV\StudyWise-Fresh\app\build\intermediates\merged_res\debug\mergeDebugResources\values-pt-rPT_values-pt-rPT.arsc.flat
Compiling XML table C:\DEV\StudyWise-Fresh\app\build\intermediates\incremental\debug\mergeDebugResources\merged.dir\values-en-rCA\values-en-rCA.xml to C:\DEV\StudyWise-Fresh\app\build\intermediates\merged_res\debug\mergeDebugResources\values-en-rCA_values-en-rCA.arsc.flat
Compiling XML table C:\DEV\StudyWise-Fresh\app\build\intermediates\incremental\debug\mergeDebugResources\merged.dir\values-ru\values-ru.xml to C:\DEV\StudyWise-Fresh\app\build\intermediates\merged_res\debug\mergeDebugResources\values-ru_values-ru.arsc.flat
Compiling XML table C:\DEV\StudyWise-Fresh\app\build\intermediates\incremental\debug\mergeDebugResources\merged.dir\values-pl\values-pl.xml to C:\DEV\StudyWise-Fresh\app\build\intermediates\merged_res\debug\mergeDebugResources\values-pl_values-pl.arsc.flat
Compiling XML table C:\DEV\StudyWise-Fresh\app\build\intermediates\incremental\debug\mergeDebugResources\merged.dir\values-bn\values-bn.xml to C:\DEV\StudyWise-Fresh\app\build\intermediates\merged_res\debug\mergeDebugResources\values-bn_values-bn.arsc.flat
Compiling XML table C:\DEV\StudyWise-Fresh\app\build\intermediates\incremental\debug\mergeDebugResources\merged.dir\values-fr\values-fr.xml to C:\DEV\StudyWise-Fresh\app\build\intermediates\merged_res\debug\mergeDebugResources\values-fr_values-fr.arsc.flat
Compiling XML table C:\DEV\StudyWise-Fresh\app\build\intermediates\incremental\debug\mergeDebugResources\merged.dir\values-sw\values-sw.xml to C:\DEV\StudyWise-Fresh\app\build\intermediates\merged_res\debug\mergeDebugResources\values-sw_values-sw.arsc.flat
Compiling XML table C:\DEV\StudyWise-Fresh\app\build\intermediates\incremental\debug\mergeDebugResources\merged.dir\values-uk\values-uk.xml to C:\DEV\StudyWise-Fresh\app\build\intermediates\merged_res\debug\mergeDebugResources\values-uk_values-uk.arsc.flat
Compiling XML table C:\DEV\StudyWise-Fresh\app\build\intermediates\incremental\debug\mergeDebugResources\merged.dir\values-sk\values-sk.xml to C:\DEV\StudyWise-Fresh\app\build\intermediates\merged_res\debug\mergeDebugResources\values-sk_values-sk.arsc.flat
Compiling XML table C:\DEV\StudyWise-Fresh\app\build\intermediates\incremental\debug\mergeDebugResources\merged.dir\values-zh-rTW\values-zh-rTW.xml to C:\DEV\StudyWise-Fresh\app\build\intermediates\merged_res\debug\mergeDebugResources\values-zh-rTW_values-zh-rTW.arsc.flat
Compiling XML table C:\DEV\StudyWise-Fresh\app\build\intermediates\incremental\debug\mergeDebugResources\merged.dir\values-kn\values-kn.xml to C:\DEV\StudyWise-Fresh\app\build\intermediates\merged_res\debug\mergeDebugResources\values-kn_values-kn.arsc.flat
Compiling XML table C:\DEV\StudyWise-Fresh\app\build\intermediates\incremental\debug\mergeDebugResources\merged.dir\values-sr\values-sr.xml to C:\DEV\StudyWise-Fresh\app\build\intermediates\merged_res\debug\mergeDebugResources\values-sr_values-sr.arsc.flat
Compiling XML table C:\DEV\StudyWise-Fresh\app\build\intermediates\incremental\debug\mergeDebugResources\merged.dir\values-km\values-km.xml to C:\DEV\StudyWise-Fresh\app\build\intermediates\merged_res\debug\mergeDebugResources\values-km_values-km.arsc.flat
Compiling XML table C:\DEV\StudyWise-Fresh\app\build\intermediates\incremental\debug\mergeDebugResources\merged.dir\values-gl\values-gl.xml to C:\DEV\StudyWise-Fresh\app\build\intermediates\merged_res\debug\mergeDebugResources\values-gl_values-gl.arsc.flat
Compiling XML table C:\DEV\StudyWise-Fresh\app\build\intermediates\incremental\debug\mergeDebugResources\merged.dir\values-bg\values-bg.xml to C:\DEV\StudyWise-Fresh\app\build\intermediates\merged_res\debug\mergeDebugResources\values-bg_values-bg.arsc.flat
Compiling XML table C:\DEV\StudyWise-Fresh\app\build\intermediates\incremental\debug\mergeDebugResources\merged.dir\values-ta\values-ta.xml to C:\DEV\StudyWise-Fresh\app\build\intermediates\merged_res\debug\mergeDebugResources\values-ta_values-ta.arsc.flat
Compiling XML table C:\DEV\StudyWise-Fresh\app\build\intermediates\incremental\debug\mergeDebugResources\merged.dir\values-kk\values-kk.xml to C:\DEV\StudyWise-Fresh\app\build\intermediates\merged_res\debug\mergeDebugResources\values-kk_values-kk.arsc.flat
Compiling XML table C:\DEV\StudyWise-Fresh\app\build\intermediates\incremental\debug\mergeDebugResources\merged.dir\values-ky\values-ky.xml to C:\DEV\StudyWise-Fresh\app\build\intermediates\merged_res\debug\mergeDebugResources\values-ky_values-ky.arsc.flat
Compiling XML table C:\DEV\StudyWise-Fresh\app\build\intermediates\incremental\debug\mergeDebugResources\merged.dir\values-as\values-as.xml to C:\DEV\StudyWise-Fresh\app\build\intermediates\merged_res\debug\mergeDebugResources\values-as_values-as.arsc.flat
Compiling XML table C:\DEV\StudyWise-Fresh\app\build\intermediates\incremental\debug\mergeDebugResources\merged.dir\values-cs\values-cs.xml to C:\DEV\StudyWise-Fresh\app\build\intermediates\merged_res\debug\mergeDebugResources\values-cs_values-cs.arsc.flat
Compiling XML table C:\DEV\StudyWise-Fresh\app\build\intermediates\incremental\debug\mergeDebugResources\merged.dir\values-da\values-da.xml to C:\DEV\StudyWise-Fresh\app\build\intermediates\merged_res\debug\mergeDebugResources\values-da_values-da.arsc.flat
Compiling XML table C:\DEV\StudyWise-Fresh\app\build\intermediates\incremental\debug\mergeDebugResources\merged.dir\values-pt-rBR\values-pt-rBR.xml to C:\DEV\StudyWise-Fresh\app\build\intermediates\merged_res\debug\mergeDebugResources\values-pt-rBR_values-pt-rBR.arsc.flat
Compiling XML table C:\DEV\StudyWise-Fresh\app\build\intermediates\incremental\debug\mergeDebugResources\merged.dir\values-th\values-th.xml to C:\DEV\StudyWise-Fresh\app\build\intermediates\merged_res\debug\mergeDebugResources\values-th_values-th.arsc.flat
Compiling XML table C:\DEV\StudyWise-Fresh\app\build\intermediates\incremental\debug\mergeDebugResources\merged.dir\values-en-rAU\values-en-rAU.xml to C:\DEV\StudyWise-Fresh\app\build\intermediates\merged_res\debug\mergeDebugResources\values-en-rAU_values-en-rAU.arsc.flat
Compiling file C:\DEV\StudyWise-Fresh\app\src\main\res\mipmap-hdpi\ic_launcher.webp to C:\DEV\StudyWise-Fresh\app\build\intermediates\merged_res\debug\mergeDebugResources\mipmap-hdpi_ic_launcher.webp.flat
Compiling XML table C:\DEV\StudyWise-Fresh\app\build\intermediates\incremental\debug\mergeDebugResources\merged.dir\values-te\values-te.xml to C:\DEV\StudyWise-Fresh\app\build\intermediates\merged_res\debug\mergeDebugResources\values-te_values-te.arsc.flat
Compiling file C:\DEV\StudyWise-Fresh\app\src\main\res\mipmap-xhdpi\ic_launcher_round.webp to C:\DEV\StudyWise-Fresh\app\build\intermediates\merged_res\debug\mergeDebugResources\mipmap-xhdpi_ic_launcher_round.webp.flat
Compiling XML table C:\DEV\StudyWise-Fresh\app\build\intermediates\incremental\debug\mergeDebugResources\merged.dir\values-zu\values-zu.xml to C:\DEV\StudyWise-Fresh\app\build\intermediates\merged_res\debug\mergeDebugResources\values-zu_values-zu.arsc.flat
Compiling XML table C:\DEV\StudyWise-Fresh\app\build\intermediates\incremental\debug\mergeDebugResources\merged.dir\values-tr\values-tr.xml to C:\DEV\StudyWise-Fresh\app\build\intermediates\merged_res\debug\mergeDebugResources\values-tr_values-tr.arsc.flat
Compiling xml file C:\DEV\StudyWise-Fresh\app\src\main\res\mipmap-anydpi-v26\ic_launcher.xml to C:\DEV\StudyWise-Fresh\app\build\intermediates\merged_res\debug\mergeDebugResources\mipmap-anydpi-v26_ic_launcher.xml.flat
Compiling xml file C:\DEV\StudyWise-Fresh\app\src\main\res\xml\backup_rules.xml to C:\DEV\StudyWise-Fresh\app\build\intermediates\merged_res\debug\mergeDebugResources\xml_backup_rules.xml.flat
Compiling XML table C:\DEV\StudyWise-Fresh\app\build\intermediates\incremental\debug\mergeDebugResources\merged.dir\values-ca\values-ca.xml to C:\DEV\StudyWise-Fresh\app\build\intermediates\merged_res\debug\mergeDebugResources\values-ca_values-ca.arsc.flat
Compiling file C:\DEV\StudyWise-Fresh\app\src\main\res\mipmap-mdpi\ic_launcher.webp to C:\DEV\StudyWise-Fresh\app\build\intermediates\merged_res\debug\mergeDebugResources\mipmap-mdpi_ic_launcher.webp.flat
Compiling xml file C:\DEV\StudyWise-Fresh\app\src\main\res\mipmap-anydpi-v26\ic_launcher_round.xml to C:\DEV\StudyWise-Fresh\app\build\intermediates\merged_res\debug\mergeDebugResources\mipmap-anydpi-v26_ic_launcher_round.xml.flat
Compiling file C:\DEV\StudyWise-Fresh\app\src\main\res\mipmap-xxxhdpi\ic_launcher_round.webp to C:\DEV\StudyWise-Fresh\app\build\intermediates\merged_res\debug\mergeDebugResources\mipmap-xxxhdpi_ic_launcher_round.webp.flat
Compiling file C:\DEV\StudyWise-Fresh\app\src\main\res\mipmap-xxhdpi\ic_launcher_round.webp to C:\DEV\StudyWise-Fresh\app\build\intermediates\merged_res\debug\mergeDebugResources\mipmap-xxhdpi_ic_launcher_round.webp.flat
Compiling file C:\DEV\StudyWise-Fresh\app\src\main\res\mipmap-mdpi\ic_launcher_round.webp to C:\DEV\StudyWise-Fresh\app\build\intermediates\merged_res\debug\mergeDebugResources\mipmap-mdpi_ic_launcher_round.webp.flat
Compiling xml file C:\DEV\StudyWise-Fresh\app\src\main\res\xml\data_extraction_rules.xml to C:\DEV\StudyWise-Fresh\app\build\intermediates\merged_res\debug\mergeDebugResources\xml_data_extraction_rules.xml.flat
Compiling XML table C:\DEV\StudyWise-Fresh\app\build\intermediates\incremental\debug\mergeDebugResources\merged.dir\values-bs\values-bs.xml to C:\DEV\StudyWise-Fresh\app\build\intermediates\merged_res\debug\mergeDebugResources\values-bs_values-bs.arsc.flat
Compiling XML table C:\DEV\StudyWise-Fresh\app\build\intermediates\incremental\debug\mergeDebugResources\merged.dir\values-gu\values-gu.xml to C:\DEV\StudyWise-Fresh\app\build\intermediates\merged_res\debug\mergeDebugResources\values-gu_values-gu.arsc.flat
Compiling xml file C:\DEV\StudyWise-Fresh\app\src\main\res\drawable\ic_launcher_background.xml to C:\DEV\StudyWise-Fresh\app\build\intermediates\merged_res\debug\mergeDebugResources\drawable_ic_launcher_background.xml.flat
Compiling file C:\DEV\StudyWise-Fresh\app\src\main\res\mipmap-xxhdpi\ic_launcher.webp to C:\DEV\StudyWise-Fresh\app\build\intermediates\merged_res\debug\mergeDebugResources\mipmap-xxhdpi_ic_launcher.webp.flat
Compiling XML table C:\DEV\StudyWise-Fresh\app\build\intermediates\incremental\debug\mergeDebugResources\merged.dir\values-sv\values-sv.xml to C:\DEV\StudyWise-Fresh\app\build\intermediates\merged_res\debug\mergeDebugResources\values-sv_values-sv.arsc.flat
Compiling xml file C:\DEV\StudyWise-Fresh\app\src\main\res\xml\file_paths.xml to C:\DEV\StudyWise-Fresh\app\build\intermediates\merged_res\debug\mergeDebugResources\xml_file_paths.xml.flat
Compiling file C:\DEV\StudyWise-Fresh\app\src\main\res\mipmap-xxxhdpi\ic_launcher.webp to C:\DEV\StudyWise-Fresh\app\build\intermediates\merged_res\debug\mergeDebugResources\mipmap-xxxhdpi_ic_launcher.webp.flat
Compiling XML table C:\DEV\StudyWise-Fresh\app\build\intermediates\incremental\debug\mergeDebugResources\merged.dir\values-pa\values-pa.xml to C:\DEV\StudyWise-Fresh\app\build\intermediates\merged_res\debug\mergeDebugResources\values-pa_values-pa.arsc.flat
Compiling file C:\DEV\StudyWise-Fresh\app\src\main\res\mipmap-xhdpi\ic_launcher.webp to C:\DEV\StudyWise-Fresh\app\build\intermediates\merged_res\debug\mergeDebugResources\mipmap-xhdpi_ic_launcher.webp.flat
Compiling xml file C:\DEV\StudyWise-Fresh\app\src\main\res\drawable\ic_launcher_foreground.xml to C:\DEV\StudyWise-Fresh\app\build\intermediates\merged_res\debug\mergeDebugResources\drawable_ic_launcher_foreground.xml.flat

> Task :app:processDebugMainManifest
Transforming datastore-preferences-release.aar (androidx.datastore:datastore-preferences-android:1.1.1) with ExtractAarTransform
Transforming datastore-preferences-release.aar (androidx.datastore:datastore-preferences-android:1.1.1) with AarTransform
Transforming datastore-release.aar (androidx.datastore:datastore-android:1.1.1) with ExtractAarTransform
Transforming datastore-release.aar (androidx.datastore:datastore-android:1.1.1) with AarTransform
Transforming datastore-core-release.aar (androidx.datastore:datastore-core-android:1.1.1) with ExtractAarTransform
Transforming datastore-core-release.aar (androidx.datastore:datastore-core-android:1.1.1) with AarTransform
Transforming hilt-navigation-compose-1.2.0.aar (androidx.hilt:hilt-navigation-compose:1.2.0) with ExtractAarTransform
Transforming hilt-navigation-compose-1.2.0.aar (androidx.hilt:hilt-navigation-compose:1.2.0) with AarTransform
Transforming hilt-navigation-1.2.0.aar (androidx.hilt:hilt-navigation:1.2.0) with ExtractAarTransform
Transforming hilt-navigation-1.2.0.aar (androidx.hilt:hilt-navigation:1.2.0) with AarTransform
Transforming navigation-common-2.8.4.aar (androidx.navigation:navigation-common:2.8.4) with ExtractAarTransform
Transforming navigation-common-2.8.4.aar (androidx.navigation:navigation-common:2.8.4) with AarTransform
Transforming navigation-runtime-2.8.4.aar (androidx.navigation:navigation-runtime:2.8.4) with ExtractAarTransform
Transforming navigation-runtime-2.8.4.aar (androidx.navigation:navigation-runtime:2.8.4) with AarTransform
Transforming navigation-common-ktx-2.8.4.aar (androidx.navigation:navigation-common-ktx:2.8.4) with ExtractAarTransform
Transforming navigation-common-ktx-2.8.4.aar (androidx.navigation:navigation-common-ktx:2.8.4) with AarTransform
Transforming navigation-runtime-ktx-2.8.4.aar (androidx.navigation:navigation-runtime-ktx:2.8.4) with ExtractAarTransform
Transforming navigation-runtime-ktx-2.8.4.aar (androidx.navigation:navigation-runtime-ktx:2.8.4) with AarTransform
Transforming navigation-compose-2.8.4.aar (androidx.navigation:navigation-compose:2.8.4) with ExtractAarTransform
Transforming navigation-compose-2.8.4.aar (androidx.navigation:navigation-compose:2.8.4) with AarTransform
Transforming accompanist-permissions-0.34.0.aar (com.google.accompanist:accompanist-permissions:0.34.0) with ExtractAarTransform
Transforming accompanist-permissions-0.34.0.aar (com.google.accompanist:accompanist-permissions:0.34.0) with AarTransform
Transforming hilt-work-1.2.0.aar (androidx.hilt:hilt-work:1.2.0) with ExtractAarTransform
Transforming hilt-work-1.2.0.aar (androidx.hilt:hilt-work:1.2.0) with AarTransform
Transforming hilt-android-2.49.aar (com.google.dagger:hilt-android:2.49) with ExtractAarTransform
Transforming hilt-android-2.49.aar (com.google.dagger:hilt-android:2.49) with AarTransform
Transforming fragment-1.5.1.aar (androidx.fragment:fragment:1.5.1) with ExtractAarTransform
Transforming fragment-1.5.1.aar (androidx.fragment:fragment:1.5.1) with AarTransform
Transforming accompanist-systemuicontroller-0.34.0.aar (com.google.accompanist:accompanist-systemuicontroller:0.34.0) with ExtractAarTransform
Transforming accompanist-systemuicontroller-0.34.0.aar (com.google.accompanist:accompanist-systemuicontroller:0.34.0) with AarTransform
Transforming work-runtime-ktx-2.9.1.aar (androidx.work:work-runtime-ktx:2.9.1) with ExtractAarTransform
Transforming work-runtime-ktx-2.9.1.aar (androidx.work:work-runtime-ktx:2.9.1) with AarTransform
Transforming work-runtime-2.9.1.aar (androidx.work:work-runtime:2.9.1) with ExtractAarTransform
Transforming work-runtime-2.9.1.aar (androidx.work:work-runtime:2.9.1) with AarTransform
Transforming loader-1.0.0.aar (androidx.loader:loader:1.0.0) with ExtractAarTransform
Transforming loader-1.0.0.aar (androidx.loader:loader:1.0.0) with AarTransform
Transforming viewpager-1.0.0.aar (androidx.viewpager:viewpager:1.0.0) with ExtractAarTransform
Transforming viewpager-1.0.0.aar (androidx.viewpager:viewpager:1.0.0) with AarTransform
Transforming coil-compose-2.7.0.aar (io.coil-kt:coil-compose:2.7.0) with ExtractAarTransform
Transforming coil-compose-2.7.0.aar (io.coil-kt:coil-compose:2.7.0) with AarTransform
Transforming coil-compose-base-2.7.0.aar (io.coil-kt:coil-compose-base:2.7.0) with ExtractAarTransform
Transforming coil-compose-base-2.7.0.aar (io.coil-kt:coil-compose-base:2.7.0) with AarTransform
Transforming coil-2.7.0.aar (io.coil-kt:coil:2.7.0) with ExtractAarTransform
Transforming coil-2.7.0.aar (io.coil-kt:coil:2.7.0) with AarTransform
Transforming coil-base-2.7.0.aar (io.coil-kt:coil-base:2.7.0) with ExtractAarTransform
Transforming coil-base-2.7.0.aar (io.coil-kt:coil-base:2.7.0) with AarTransform
Transforming appcompat-resources-1.6.1.aar (androidx.appcompat:appcompat-resources:1.6.1) with ExtractAarTransform
Transforming appcompat-resources-1.6.1.aar (androidx.appcompat:appcompat-resources:1.6.1) with AarTransform
Transforming autofill-1.0.0.aar (androidx.autofill:autofill:1.0.0) with ExtractAarTransform
Transforming autofill-1.0.0.aar (androidx.autofill:autofill:1.0.0) with AarTransform
Transforming customview-1.0.0.aar (androidx.customview:customview:1.0.0) with ExtractAarTransform
Transforming customview-1.0.0.aar (androidx.customview:customview:1.0.0) with AarTransform
Transforming vectordrawable-animated-1.1.0.aar (androidx.vectordrawable:vectordrawable-animated:1.1.0) with ExtractAarTransform
Transforming vectordrawable-animated-1.1.0.aar (androidx.vectordrawable:vectordrawable-animated:1.1.0) with AarTransform
Transforming vectordrawable-1.1.0.aar (androidx.vectordrawable:vectordrawable:1.1.0) with ExtractAarTransform
Transforming vectordrawable-1.1.0.aar (androidx.vectordrawable:vectordrawable:1.1.0) with AarTransform
Transforming vectordrawable-1.1.0.aar (androidx.vectordrawable:vectordrawable:1.1.0) with ExtractAarTransform
Transforming vectordrawable-1.1.0.aar (androidx.vectordrawable:vectordrawable:1.1.0) with AarTransform
Transforming material3-release.aar (androidx.compose.material3:material3-android:1.3.0) with ExtractAarTransform
Transforming material3-release.aar (androidx.compose.material3:material3-android:1.3.0) with AarTransform
Transforming ui-tooling-data-release.aar (androidx.compose.ui:ui-tooling-data-android:1.7.8) with ExtractAarTransform
Transforming ui-tooling-data-release.aar (androidx.compose.ui:ui-tooling-data-android:1.7.8) with AarTransform
Transforming ui-tooling-preview-release.aar (androidx.compose.ui:ui-tooling-preview-android:1.7.8) with ExtractAarTransform
Transforming ui-tooling-preview-release.aar (androidx.compose.ui:ui-tooling-preview-android:1.7.8) with AarTransform
Transforming ui-tooling-release.aar (androidx.compose.ui:ui-tooling-android:1.7.8) with ExtractAarTransform
Transforming ui-tooling-release.aar (androidx.compose.ui:ui-tooling-android:1.7.8) with AarTransform
Transforming material-release.aar (androidx.compose.material:material-android:1.7.0) with ExtractAarTransform
Transforming material-release.aar (androidx.compose.material:material-android:1.7.0) with AarTransform
Transforming material-ripple-release.aar (androidx.compose.material:material-ripple-android:1.7.0) with ExtractAarTransform
Transforming material-ripple-release.aar (androidx.compose.material:material-ripple-android:1.7.0) with AarTransform
Transforming animation-core-release.aar (androidx.compose.animation:animation-core-android:1.7.8) with ExtractAarTransform
Transforming animation-core-release.aar (androidx.compose.animation:animation-core-android:1.7.8) with AarTransform
Transforming animation-release.aar (androidx.compose.animation:animation-android:1.7.8) with ExtractAarTransform
Transforming animation-release.aar (androidx.compose.animation:animation-android:1.7.8) with AarTransform
Transforming foundation-layout-release.aar (androidx.compose.foundation:foundation-layout-android:1.7.8) with ExtractAarTransform
Transforming foundation-layout-release.aar (androidx.compose.foundation:foundation-layout-android:1.7.8) with AarTransform
Transforming foundation-release.aar (androidx.compose.foundation:foundation-android:1.7.8) with ExtractAarTransform
Transforming foundation-release.aar (androidx.compose.foundation:foundation-android:1.7.8) with AarTransform
Transforming ui-util-release.aar (androidx.compose.ui:ui-util-android:1.7.8) with ExtractAarTransform
Transforming ui-util-release.aar (androidx.compose.ui:ui-util-android:1.7.8) with AarTransform
Transforming ui-unit-release.aar (androidx.compose.ui:ui-unit-android:1.7.8) with ExtractAarTransform
Transforming ui-unit-release.aar (androidx.compose.ui:ui-unit-android:1.7.8) with AarTransform
Transforming ui-text-release.aar (androidx.compose.ui:ui-text-android:1.7.8) with ExtractAarTransform
Transforming ui-text-release.aar (androidx.compose.ui:ui-text-android:1.7.8) with AarTransform
Transforming ui-geometry-release.aar (androidx.compose.ui:ui-geometry-android:1.7.8) with ExtractAarTransform
Transforming ui-geometry-release.aar (androidx.compose.ui:ui-geometry-android:1.7.8) with AarTransform
Transforming ui-graphics-release.aar (androidx.compose.ui:ui-graphics-android:1.7.8) with ExtractAarTransform
Transforming ui-graphics-release.aar (androidx.compose.ui:ui-graphics-android:1.7.8) with AarTransform
Transforming graphics-path-1.0.1.aar (androidx.graphics:graphics-path:1.0.1) with ExtractAarTransform
Transforming graphics-path-1.0.1.aar (androidx.graphics:graphics-path:1.0.1) with AarTransform
Transforming emoji2-1.3.0.aar (androidx.emoji2:emoji2:1.3.0) with ExtractAarTransform
Transforming emoji2-1.3.0.aar (androidx.emoji2:emoji2:1.3.0) with AarTransform
Transforming core-1.16.0.aar (androidx.core:core:1.16.0) with ExtractAarTransform
Transforming core-1.16.0.aar (androidx.core:core:1.16.0) with AarTransform
Transforming core-1.16.0.aar (androidx.core:core:1.16.0) with ExtractAarTransform
Transforming core-1.16.0.aar (androidx.core:core:1.16.0) with AarTransform
Transforming lifecycle-process-2.9.1.aar (androidx.lifecycle:lifecycle-process:2.9.1) with ExtractAarTransform
Transforming lifecycle-process-2.9.1.aar (androidx.lifecycle:lifecycle-process:2.9.1) with AarTransform
Transforming lifecycle-runtime-compose-release.aar (androidx.lifecycle:lifecycle-runtime-compose-android:2.9.1) with ExtractAarTransform
Transforming lifecycle-runtime-compose-release.aar (androidx.lifecycle:lifecycle-runtime-compose-android:2.9.1) with AarTransform
Transforming lifecycle-livedata-core-ktx-2.9.1.aar (androidx.lifecycle:lifecycle-livedata-core-ktx:2.9.1) with ExtractAarTransform
Transforming lifecycle-livedata-core-ktx-2.9.1.aar (androidx.lifecycle:lifecycle-livedata-core-ktx:2.9.1) with AarTransform
Transforming lifecycle-livedata-core-2.9.1.aar (androidx.lifecycle:lifecycle-livedata-core:2.9.1) with ExtractAarTransform
Transforming lifecycle-livedata-core-2.9.1.aar (androidx.lifecycle:lifecycle-livedata-core:2.9.1) with AarTransform
Transforming lifecycle-viewmodel-savedstate-release.aar (androidx.lifecycle:lifecycle-viewmodel-savedstate-android:2.9.1) with ExtractAarTransform
Transforming lifecycle-viewmodel-savedstate-release.aar (androidx.lifecycle:lifecycle-viewmodel-savedstate-android:2.9.1) with AarTransform
Transforming lifecycle-viewmodel-2.9.1.aar (androidx.lifecycle:lifecycle-viewmodel:2.9.1) with ExtractAarTransform
Transforming lifecycle-viewmodel-2.9.1.aar (androidx.lifecycle:lifecycle-viewmodel:2.9.1) with AarTransform
Transforming lifecycle-viewmodel-release.aar (androidx.lifecycle:lifecycle-viewmodel-android:2.9.1) with ExtractAarTransform
Transforming lifecycle-viewmodel-release.aar (androidx.lifecycle:lifecycle-viewmodel-android:2.9.1) with AarTransform
Transforming savedstate-ktx-1.3.0.aar (androidx.savedstate:savedstate-ktx:1.3.0) with ExtractAarTransform
Transforming savedstate-ktx-1.3.0.aar (androidx.savedstate:savedstate-ktx:1.3.0) with AarTransform
Transforming savedstate-release.aar (androidx.savedstate:savedstate-android:1.3.0) with ExtractAarTransform
Transforming savedstate-release.aar (androidx.savedstate:savedstate-android:1.3.0) with AarTransform
Transforming lifecycle-runtime-release.aar (androidx.lifecycle:lifecycle-runtime-android:2.9.1) with ExtractAarTransform
Transforming lifecycle-runtime-release.aar (androidx.lifecycle:lifecycle-runtime-android:2.9.1) with AarTransform
Transforming lifecycle-service-2.9.1.aar (androidx.lifecycle:lifecycle-service:2.9.1) with ExtractAarTransform
Transforming lifecycle-service-2.9.1.aar (androidx.lifecycle:lifecycle-service:2.9.1) with AarTransform
Transforming lifecycle-livedata-2.9.1.aar (androidx.lifecycle:lifecycle-livedata:2.9.1) with ExtractAarTransform
Transforming lifecycle-livedata-2.9.1.aar (androidx.lifecycle:lifecycle-livedata:2.9.1) with AarTransform
Transforming lifecycle-livedata-2.9.1.aar (androidx.lifecycle:lifecycle-livedata:2.9.1) with ExtractAarTransform
Transforming lifecycle-livedata-2.9.1.aar (androidx.lifecycle:lifecycle-livedata:2.9.1) with AarTransform
Transforming lifecycle-viewmodel-ktx-2.9.1.aar (androidx.lifecycle:lifecycle-viewmodel-ktx:2.9.1) with ExtractAarTransform
Transforming lifecycle-viewmodel-ktx-2.9.1.aar (androidx.lifecycle:lifecycle-viewmodel-ktx:2.9.1) with AarTransform
Transforming lifecycle-runtime-ktx.aar (androidx.lifecycle:lifecycle-runtime-ktx-android:2.9.1) with ExtractAarTransform
Transforming lifecycle-runtime-ktx.aar (androidx.lifecycle:lifecycle-runtime-ktx-android:2.9.1) with AarTransform
Transforming lifecycle-viewmodel-compose-release.aar (androidx.lifecycle:lifecycle-viewmodel-compose-android:2.9.1) with ExtractAarTransform
Transforming lifecycle-viewmodel-compose-release.aar (androidx.lifecycle:lifecycle-viewmodel-compose-android:2.9.1) with AarTransform
Transforming accompanist-drawablepainter-0.32.0.aar (com.google.accompanist:accompanist-drawablepainter:0.32.0) with ExtractAarTransform
Transforming accompanist-drawablepainter-0.32.0.aar (com.google.accompanist:accompanist-drawablepainter:0.32.0) with AarTransform
Transforming material-icons-core-release.aar (androidx.compose.material:material-icons-core-android:1.7.0) with ExtractAarTransform
Transforming material-icons-core-release.aar (androidx.compose.material:material-icons-core-android:1.7.0) with AarTransform
Transforming ui-release.aar (androidx.compose.ui:ui-android:1.7.8) with ExtractAarTransform
Transforming ui-release.aar (androidx.compose.ui:ui-android:1.7.8) with AarTransform
Transforming ui-test-manifest-1.7.8.aar (androidx.compose.ui:ui-test-manifest:1.7.8) with ExtractAarTransform
Transforming ui-test-manifest-1.7.8.aar (androidx.compose.ui:ui-test-manifest:1.7.8) with AarTransform
Transforming activity-1.10.1.aar (androidx.activity:activity:1.10.1) with ExtractAarTransform
Transforming activity-1.10.1.aar (androidx.activity:activity:1.10.1) with AarTransform
Transforming activity-ktx-1.10.1.aar (androidx.activity:activity-ktx:1.10.1) with ExtractAarTransform
Transforming activity-ktx-1.10.1.aar (androidx.activity:activity-ktx:1.10.1) with AarTransform
Transforming activity-compose-1.10.1.aar (androidx.activity:activity-compose:1.10.1) with ExtractAarTransform
Transforming activity-compose-1.10.1.aar (androidx.activity:activity-compose:1.10.1) with AarTransform
Transforming customview-poolingcontainer-1.0.0.aar (androidx.customview:customview-poolingcontainer:1.0.0) with ExtractAarTransform
Transforming customview-poolingcontainer-1.0.0.aar (androidx.customview:customview-poolingcontainer:1.0.0) with AarTransform
Transforming core-ktx-1.16.0.aar (androidx.core:core-ktx:1.16.0) with ExtractAarTransform
Transforming core-ktx-1.16.0.aar (androidx.core:core-ktx:1.16.0) with AarTransform
Transforming room-runtime-2.6.1.aar (androidx.room:room-runtime:2.6.1) with ExtractAarTransform
Transforming room-runtime-2.6.1.aar (androidx.room:room-runtime:2.6.1) with AarTransform
Transforming room-ktx-2.6.1.aar (androidx.room:room-ktx:2.6.1) with ExtractAarTransform
Transforming room-ktx-2.6.1.aar (androidx.room:room-ktx:2.6.1) with AarTransform
Transforming runtime-saveable-release.aar (androidx.compose.runtime:runtime-saveable-android:1.7.8) with ExtractAarTransform
Transforming runtime-saveable-release.aar (androidx.compose.runtime:runtime-saveable-android:1.7.8) with AarTransform
Transforming runtime-release.aar (androidx.compose.runtime:runtime-android:1.7.8) with ExtractAarTransform
Transforming runtime-release.aar (androidx.compose.runtime:runtime-android:1.7.8) with AarTransform
Transforming timber-5.0.1.aar (com.jakewharton.timber:timber:5.0.1) with ExtractAarTransform
Transforming timber-5.0.1.aar (com.jakewharton.timber:timber:5.0.1) with AarTransform
Transforming sqlite-framework-2.4.0.aar (androidx.sqlite:sqlite-framework:2.4.0) with ExtractAarTransform
Transforming sqlite-framework-2.4.0.aar (androidx.sqlite:sqlite-framework:2.4.0) with AarTransform
Transforming sqlite-2.4.0.aar (androidx.sqlite:sqlite:2.4.0) with ExtractAarTransform
Transforming sqlite-2.4.0.aar (androidx.sqlite:sqlite:2.4.0) with AarTransform
Transforming annotation-experimental-1.4.1.aar (androidx.annotation:annotation-experimental:1.4.1) with ExtractAarTransform
Transforming annotation-experimental-1.4.1.aar (androidx.annotation:annotation-experimental:1.4.1) with AarTransform
Transforming core-viewtree-1.0.0.aar (androidx.core:core-viewtree:1.0.0) with ExtractAarTransform
Transforming core-viewtree-1.0.0.aar (androidx.core:core-viewtree:1.0.0) with AarTransform
Transforming versionedparcelable-1.1.1.aar (androidx.versionedparcelable:versionedparcelable:1.1.1) with ExtractAarTransform
Transforming versionedparcelable-1.1.1.aar (androidx.versionedparcelable:versionedparcelable:1.1.1) with AarTransform
Transforming core-runtime-2.2.0.aar (androidx.arch.core:core-runtime:2.2.0) with ExtractAarTransform
Transforming core-runtime-2.2.0.aar (androidx.arch.core:core-runtime:2.2.0) with AarTransform
Transforming interpolator-1.0.0.aar (androidx.interpolator:interpolator:1.0.0) with ExtractAarTransform
Transforming interpolator-1.0.0.aar (androidx.interpolator:interpolator:1.0.0) with AarTransform
Transforming interpolator-1.0.0.aar (androidx.interpolator:interpolator:1.0.0) with ExtractAarTransform
Transforming interpolator-1.0.0.aar (androidx.interpolator:interpolator:1.0.0) with AarTransform
Transforming profileinstaller-1.4.0.aar (androidx.profileinstaller:profileinstaller:1.4.0) with ExtractAarTransform
Transforming profileinstaller-1.4.0.aar (androidx.profileinstaller:profileinstaller:1.4.0) with AarTransform
Transforming startup-runtime-1.1.1.aar (androidx.startup:startup-runtime:1.1.1) with ExtractAarTransform
Transforming startup-runtime-1.1.1.aar (androidx.startup:startup-runtime:1.1.1) with AarTransform
Transforming tracing-1.2.0.aar (androidx.tracing:tracing:1.2.0) with ExtractAarTransform
Transforming tracing-1.2.0.aar (androidx.tracing:tracing:1.2.0) with AarTransform
Transforming exifinterface-1.3.7.aar (androidx.exifinterface:exifinterface:1.3.7) with ExtractAarTransform
Transforming exifinterface-1.3.7.aar (androidx.exifinterface:exifinterface:1.3.7) with AarTransform
Transforming dagger-lint-aar-2.49.aar (com.google.dagger:dagger-lint-aar:2.49) with ExtractAarTransform
Transforming dagger-lint-aar-2.49.aar (com.google.dagger:dagger-lint-aar:2.49) with AarTransform
Transforming play-services-tasks-16.0.1.aar (com.google.android.gms:play-services-tasks:16.0.1) with ExtractAarTransform
Transforming play-services-tasks-16.0.1.aar (com.google.android.gms:play-services-tasks:16.0.1) with AarTransform
Transforming play-services-basement-16.0.1.aar (com.google.android.gms:play-services-basement:16.0.1) with ExtractAarTransform
Transforming play-services-basement-16.0.1.aar (com.google.android.gms:play-services-basement:16.0.1) with AarTransform
Transforming datastore-preferences-release.aar (androidx.datastore:datastore-preferences-android:1.1.1) with ExtractAarTransform
Transforming datastore-preferences-release.aar (androidx.datastore:datastore-preferences-android:1.1.1) with AarTransform
Transforming datastore-release.aar (androidx.datastore:datastore-android:1.1.1) with ExtractAarTransform
Transforming datastore-release.aar (androidx.datastore:datastore-android:1.1.1) with AarTransform
Transforming datastore-core-release.aar (androidx.datastore:datastore-core-android:1.1.1) with ExtractAarTransform
Transforming datastore-core-release.aar (androidx.datastore:datastore-core-android:1.1.1) with AarTransform
Transforming hilt-navigation-compose-1.2.0.aar (androidx.hilt:hilt-navigation-compose:1.2.0) with ExtractAarTransform
Transforming hilt-navigation-compose-1.2.0.aar (androidx.hilt:hilt-navigation-compose:1.2.0) with AarTransform
Transforming hilt-navigation-1.2.0.aar (androidx.hilt:hilt-navigation:1.2.0) with ExtractAarTransform
Transforming hilt-navigation-1.2.0.aar (androidx.hilt:hilt-navigation:1.2.0) with AarTransform
Transforming navigation-common-2.8.4.aar (androidx.navigation:navigation-common:2.8.4) with ExtractAarTransform
Transforming navigation-common-2.8.4.aar (androidx.navigation:navigation-common:2.8.4) with AarTransform
Transforming navigation-runtime-2.8.4.aar (androidx.navigation:navigation-runtime:2.8.4) with ExtractAarTransform
Transforming navigation-runtime-2.8.4.aar (androidx.navigation:navigation-runtime:2.8.4) with AarTransform
Transforming navigation-common-ktx-2.8.4.aar (androidx.navigation:navigation-common-ktx:2.8.4) with ExtractAarTransform
Transforming navigation-common-ktx-2.8.4.aar (androidx.navigation:navigation-common-ktx:2.8.4) with AarTransform
Transforming navigation-runtime-ktx-2.8.4.aar (androidx.navigation:navigation-runtime-ktx:2.8.4) with ExtractAarTransform
Transforming navigation-runtime-ktx-2.8.4.aar (androidx.navigation:navigation-runtime-ktx:2.8.4) with AarTransform
Transforming navigation-compose-2.8.4.aar (androidx.navigation:navigation-compose:2.8.4) with ExtractAarTransform
Transforming navigation-compose-2.8.4.aar (androidx.navigation:navigation-compose:2.8.4) with AarTransform
Transforming accompanist-permissions-0.34.0.aar (com.google.accompanist:accompanist-permissions:0.34.0) with ExtractAarTransform
Transforming accompanist-permissions-0.34.0.aar (com.google.accompanist:accompanist-permissions:0.34.0) with AarTransform
Transforming hilt-work-1.2.0.aar (androidx.hilt:hilt-work:1.2.0) with ExtractAarTransform
Transforming hilt-work-1.2.0.aar (androidx.hilt:hilt-work:1.2.0) with AarTransform
Transforming hilt-android-2.49.aar (com.google.dagger:hilt-android:2.49) with ExtractAarTransform
Transforming hilt-android-2.49.aar (com.google.dagger:hilt-android:2.49) with AarTransform
Transforming fragment-1.5.1.aar (androidx.fragment:fragment:1.5.1) with ExtractAarTransform
Transforming fragment-1.5.1.aar (androidx.fragment:fragment:1.5.1) with AarTransform
Transforming accompanist-systemuicontroller-0.34.0.aar (com.google.accompanist:accompanist-systemuicontroller:0.34.0) with ExtractAarTransform
Transforming accompanist-systemuicontroller-0.34.0.aar (com.google.accompanist:accompanist-systemuicontroller:0.34.0) with AarTransform
Transforming work-runtime-ktx-2.9.1.aar (androidx.work:work-runtime-ktx:2.9.1) with ExtractAarTransform
Transforming work-runtime-ktx-2.9.1.aar (androidx.work:work-runtime-ktx:2.9.1) with AarTransform
Transforming work-runtime-2.9.1.aar (androidx.work:work-runtime:2.9.1) with ExtractAarTransform
Transforming work-runtime-2.9.1.aar (androidx.work:work-runtime:2.9.1) with AarTransform
Transforming loader-1.0.0.aar (androidx.loader:loader:1.0.0) with ExtractAarTransform
Transforming loader-1.0.0.aar (androidx.loader:loader:1.0.0) with AarTransform
Transforming viewpager-1.0.0.aar (androidx.viewpager:viewpager:1.0.0) with ExtractAarTransform
Transforming viewpager-1.0.0.aar (androidx.viewpager:viewpager:1.0.0) with AarTransform
Transforming coil-compose-2.7.0.aar (io.coil-kt:coil-compose:2.7.0) with ExtractAarTransform
Transforming coil-compose-2.7.0.aar (io.coil-kt:coil-compose:2.7.0) with AarTransform
Transforming coil-compose-base-2.7.0.aar (io.coil-kt:coil-compose-base:2.7.0) with ExtractAarTransform
Transforming coil-compose-base-2.7.0.aar (io.coil-kt:coil-compose-base:2.7.0) with AarTransform
Transforming coil-2.7.0.aar (io.coil-kt:coil:2.7.0) with ExtractAarTransform
Transforming coil-2.7.0.aar (io.coil-kt:coil:2.7.0) with AarTransform
Transforming coil-base-2.7.0.aar (io.coil-kt:coil-base:2.7.0) with ExtractAarTransform
Transforming coil-base-2.7.0.aar (io.coil-kt:coil-base:2.7.0) with AarTransform
Transforming appcompat-resources-1.6.1.aar (androidx.appcompat:appcompat-resources:1.6.1) with ExtractAarTransform
Transforming appcompat-resources-1.6.1.aar (androidx.appcompat:appcompat-resources:1.6.1) with AarTransform
Transforming autofill-1.0.0.aar (androidx.autofill:autofill:1.0.0) with ExtractAarTransform
Transforming autofill-1.0.0.aar (androidx.autofill:autofill:1.0.0) with AarTransform
Transforming customview-1.0.0.aar (androidx.customview:customview:1.0.0) with ExtractAarTransform
Transforming customview-1.0.0.aar (androidx.customview:customview:1.0.0) with AarTransform
Transforming vectordrawable-animated-1.1.0.aar (androidx.vectordrawable:vectordrawable-animated:1.1.0) with ExtractAarTransform
Transforming vectordrawable-animated-1.1.0.aar (androidx.vectordrawable:vectordrawable-animated:1.1.0) with AarTransform
Transforming vectordrawable-1.1.0.aar (androidx.vectordrawable:vectordrawable:1.1.0) with ExtractAarTransform
Transforming vectordrawable-1.1.0.aar (androidx.vectordrawable:vectordrawable:1.1.0) with AarTransform
Transforming vectordrawable-1.1.0.aar (androidx.vectordrawable:vectordrawable:1.1.0) with ExtractAarTransform
Transforming vectordrawable-1.1.0.aar (androidx.vectordrawable:vectordrawable:1.1.0) with AarTransform
Transforming material3-release.aar (androidx.compose.material3:material3-android:1.3.0) with ExtractAarTransform
Transforming material3-release.aar (androidx.compose.material3:material3-android:1.3.0) with AarTransform
Transforming ui-tooling-data-release.aar (androidx.compose.ui:ui-tooling-data-android:1.7.8) with ExtractAarTransform
Transforming ui-tooling-data-release.aar (androidx.compose.ui:ui-tooling-data-android:1.7.8) with AarTransform
Transforming ui-tooling-preview-release.aar (androidx.compose.ui:ui-tooling-preview-android:1.7.8) with ExtractAarTransform
Transforming ui-tooling-preview-release.aar (androidx.compose.ui:ui-tooling-preview-android:1.7.8) with AarTransform
Transforming ui-tooling-release.aar (androidx.compose.ui:ui-tooling-android:1.7.8) with ExtractAarTransform
Transforming ui-tooling-release.aar (androidx.compose.ui:ui-tooling-android:1.7.8) with AarTransform
Transforming material-release.aar (androidx.compose.material:material-android:1.7.0) with ExtractAarTransform
Transforming material-release.aar (androidx.compose.material:material-android:1.7.0) with AarTransform
Transforming material-ripple-release.aar (androidx.compose.material:material-ripple-android:1.7.0) with ExtractAarTransform
Transforming material-ripple-release.aar (androidx.compose.material:material-ripple-android:1.7.0) with AarTransform
Transforming animation-core-release.aar (androidx.compose.animation:animation-core-android:1.7.8) with ExtractAarTransform
Transforming animation-core-release.aar (androidx.compose.animation:animation-core-android:1.7.8) with AarTransform
Transforming animation-release.aar (androidx.compose.animation:animation-android:1.7.8) with ExtractAarTransform
Transforming animation-release.aar (androidx.compose.animation:animation-android:1.7.8) with AarTransform
Transforming foundation-layout-release.aar (androidx.compose.foundation:foundation-layout-android:1.7.8) with ExtractAarTransform
Transforming foundation-layout-release.aar (androidx.compose.foundation:foundation-layout-android:1.7.8) with AarTransform
Transforming foundation-release.aar (androidx.compose.foundation:foundation-android:1.7.8) with ExtractAarTransform
Transforming foundation-release.aar (androidx.compose.foundation:foundation-android:1.7.8) with AarTransform
Transforming ui-util-release.aar (androidx.compose.ui:ui-util-android:1.7.8) with ExtractAarTransform
Transforming ui-util-release.aar (androidx.compose.ui:ui-util-android:1.7.8) with AarTransform
Transforming ui-unit-release.aar (androidx.compose.ui:ui-unit-android:1.7.8) with ExtractAarTransform
Transforming ui-unit-release.aar (androidx.compose.ui:ui-unit-android:1.7.8) with AarTransform
Transforming ui-text-release.aar (androidx.compose.ui:ui-text-android:1.7.8) with ExtractAarTransform
Transforming ui-text-release.aar (androidx.compose.ui:ui-text-android:1.7.8) with AarTransform
Transforming ui-geometry-release.aar (androidx.compose.ui:ui-geometry-android:1.7.8) with ExtractAarTransform
Transforming ui-geometry-release.aar (androidx.compose.ui:ui-geometry-android:1.7.8) with AarTransform
Transforming ui-graphics-release.aar (androidx.compose.ui:ui-graphics-android:1.7.8) with ExtractAarTransform
Transforming ui-graphics-release.aar (androidx.compose.ui:ui-graphics-android:1.7.8) with AarTransform
Transforming graphics-path-1.0.1.aar (androidx.graphics:graphics-path:1.0.1) with ExtractAarTransform
Transforming graphics-path-1.0.1.aar (androidx.graphics:graphics-path:1.0.1) with AarTransform
Transforming emoji2-1.3.0.aar (androidx.emoji2:emoji2:1.3.0) with ExtractAarTransform
Transforming emoji2-1.3.0.aar (androidx.emoji2:emoji2:1.3.0) with AarTransform
Transforming core-1.16.0.aar (androidx.core:core:1.16.0) with ExtractAarTransform
Transforming core-1.16.0.aar (androidx.core:core:1.16.0) with AarTransform
Transforming core-1.16.0.aar (androidx.core:core:1.16.0) with ExtractAarTransform
Transforming core-1.16.0.aar (androidx.core:core:1.16.0) with AarTransform
Transforming lifecycle-process-2.9.1.aar (androidx.lifecycle:lifecycle-process:2.9.1) with ExtractAarTransform
Transforming lifecycle-process-2.9.1.aar (androidx.lifecycle:lifecycle-process:2.9.1) with AarTransform
Transforming lifecycle-runtime-compose-release.aar (androidx.lifecycle:lifecycle-runtime-compose-android:2.9.1) with ExtractAarTransform
Transforming lifecycle-runtime-compose-release.aar (androidx.lifecycle:lifecycle-runtime-compose-android:2.9.1) with AarTransform
Transforming lifecycle-livedata-core-ktx-2.9.1.aar (androidx.lifecycle:lifecycle-livedata-core-ktx:2.9.1) with ExtractAarTransform
Transforming lifecycle-livedata-core-ktx-2.9.1.aar (androidx.lifecycle:lifecycle-livedata-core-ktx:2.9.1) with AarTransform
Transforming lifecycle-livedata-core-2.9.1.aar (androidx.lifecycle:lifecycle-livedata-core:2.9.1) with ExtractAarTransform
Transforming lifecycle-livedata-core-2.9.1.aar (androidx.lifecycle:lifecycle-livedata-core:2.9.1) with AarTransform
Transforming lifecycle-viewmodel-savedstate-release.aar (androidx.lifecycle:lifecycle-viewmodel-savedstate-android:2.9.1) with ExtractAarTransform
Transforming lifecycle-viewmodel-savedstate-release.aar (androidx.lifecycle:lifecycle-viewmodel-savedstate-android:2.9.1) with AarTransform
Transforming lifecycle-viewmodel-2.9.1.aar (androidx.lifecycle:lifecycle-viewmodel:2.9.1) with ExtractAarTransform
Transforming lifecycle-viewmodel-2.9.1.aar (androidx.lifecycle:lifecycle-viewmodel:2.9.1) with AarTransform
Transforming lifecycle-viewmodel-release.aar (androidx.lifecycle:lifecycle-viewmodel-android:2.9.1) with ExtractAarTransform
Transforming lifecycle-viewmodel-release.aar (androidx.lifecycle:lifecycle-viewmodel-android:2.9.1) with AarTransform
Transforming savedstate-ktx-1.3.0.aar (androidx.savedstate:savedstate-ktx:1.3.0) with ExtractAarTransform
Transforming savedstate-ktx-1.3.0.aar (androidx.savedstate:savedstate-ktx:1.3.0) with AarTransform
Transforming savedstate-release.aar (androidx.savedstate:savedstate-android:1.3.0) with ExtractAarTransform
Transforming savedstate-release.aar (androidx.savedstate:savedstate-android:1.3.0) with AarTransform
Transforming lifecycle-runtime-release.aar (androidx.lifecycle:lifecycle-runtime-android:2.9.1) with ExtractAarTransform
Transforming lifecycle-runtime-release.aar (androidx.lifecycle:lifecycle-runtime-android:2.9.1) with AarTransform
Transforming lifecycle-service-2.9.1.aar (androidx.lifecycle:lifecycle-service:2.9.1) with ExtractAarTransform
Transforming lifecycle-service-2.9.1.aar (androidx.lifecycle:lifecycle-service:2.9.1) with AarTransform
Transforming lifecycle-livedata-2.9.1.aar (androidx.lifecycle:lifecycle-livedata:2.9.1) with ExtractAarTransform
Transforming lifecycle-livedata-2.9.1.aar (androidx.lifecycle:lifecycle-livedata:2.9.1) with AarTransform
Transforming lifecycle-livedata-2.9.1.aar (androidx.lifecycle:lifecycle-livedata:2.9.1) with ExtractAarTransform
Transforming lifecycle-livedata-2.9.1.aar (androidx.lifecycle:lifecycle-livedata:2.9.1) with AarTransform
Transforming lifecycle-viewmodel-ktx-2.9.1.aar (androidx.lifecycle:lifecycle-viewmodel-ktx:2.9.1) with ExtractAarTransform
Transforming lifecycle-viewmodel-ktx-2.9.1.aar (androidx.lifecycle:lifecycle-viewmodel-ktx:2.9.1) with AarTransform
Transforming lifecycle-runtime-ktx.aar (androidx.lifecycle:lifecycle-runtime-ktx-android:2.9.1) with ExtractAarTransform
Transforming lifecycle-runtime-ktx.aar (androidx.lifecycle:lifecycle-runtime-ktx-android:2.9.1) with AarTransform
Transforming lifecycle-viewmodel-compose-release.aar (androidx.lifecycle:lifecycle-viewmodel-compose-android:2.9.1) with ExtractAarTransform
Transforming lifecycle-viewmodel-compose-release.aar (androidx.lifecycle:lifecycle-viewmodel-compose-android:2.9.1) with AarTransform
Transforming accompanist-drawablepainter-0.32.0.aar (com.google.accompanist:accompanist-drawablepainter:0.32.0) with ExtractAarTransform
Transforming accompanist-drawablepainter-0.32.0.aar (com.google.accompanist:accompanist-drawablepainter:0.32.0) with AarTransform
Transforming material-icons-core-release.aar (androidx.compose.material:material-icons-core-android:1.7.0) with ExtractAarTransform
Transforming material-icons-core-release.aar (androidx.compose.material:material-icons-core-android:1.7.0) with AarTransform
Transforming ui-release.aar (androidx.compose.ui:ui-android:1.7.8) with ExtractAarTransform
Transforming ui-release.aar (androidx.compose.ui:ui-android:1.7.8) with AarTransform
Transforming ui-test-manifest-1.7.8.aar (androidx.compose.ui:ui-test-manifest:1.7.8) with ExtractAarTransform
Transforming ui-test-manifest-1.7.8.aar (androidx.compose.ui:ui-test-manifest:1.7.8) with AarTransform
Transforming activity-1.10.1.aar (androidx.activity:activity:1.10.1) with ExtractAarTransform
Transforming activity-1.10.1.aar (androidx.activity:activity:1.10.1) with AarTransform
Transforming activity-ktx-1.10.1.aar (androidx.activity:activity-ktx:1.10.1) with ExtractAarTransform
Transforming activity-ktx-1.10.1.aar (androidx.activity:activity-ktx:1.10.1) with AarTransform
Transforming activity-compose-1.10.1.aar (androidx.activity:activity-compose:1.10.1) with ExtractAarTransform
Transforming activity-compose-1.10.1.aar (androidx.activity:activity-compose:1.10.1) with AarTransform
Transforming customview-poolingcontainer-1.0.0.aar (androidx.customview:customview-poolingcontainer:1.0.0) with ExtractAarTransform
Transforming customview-poolingcontainer-1.0.0.aar (androidx.customview:customview-poolingcontainer:1.0.0) with AarTransform
Transforming core-ktx-1.16.0.aar (androidx.core:core-ktx:1.16.0) with ExtractAarTransform
Transforming core-ktx-1.16.0.aar (androidx.core:core-ktx:1.16.0) with AarTransform
Transforming room-runtime-2.6.1.aar (androidx.room:room-runtime:2.6.1) with ExtractAarTransform
Transforming room-runtime-2.6.1.aar (androidx.room:room-runtime:2.6.1) with AarTransform
Transforming room-ktx-2.6.1.aar (androidx.room:room-ktx:2.6.1) with ExtractAarTransform
Transforming room-ktx-2.6.1.aar (androidx.room:room-ktx:2.6.1) with AarTransform
Transforming runtime-saveable-release.aar (androidx.compose.runtime:runtime-saveable-android:1.7.8) with ExtractAarTransform
Transforming runtime-saveable-release.aar (androidx.compose.runtime:runtime-saveable-android:1.7.8) with AarTransform
Transforming runtime-release.aar (androidx.compose.runtime:runtime-android:1.7.8) with ExtractAarTransform
Transforming runtime-release.aar (androidx.compose.runtime:runtime-android:1.7.8) with AarTransform
Transforming timber-5.0.1.aar (com.jakewharton.timber:timber:5.0.1) with ExtractAarTransform
Transforming timber-5.0.1.aar (com.jakewharton.timber:timber:5.0.1) with AarTransform
Transforming sqlite-framework-2.4.0.aar (androidx.sqlite:sqlite-framework:2.4.0) with ExtractAarTransform
Transforming sqlite-framework-2.4.0.aar (androidx.sqlite:sqlite-framework:2.4.0) with AarTransform
Transforming sqlite-2.4.0.aar (androidx.sqlite:sqlite:2.4.0) with ExtractAarTransform
Transforming sqlite-2.4.0.aar (androidx.sqlite:sqlite:2.4.0) with AarTransform
Transforming annotation-experimental-1.4.1.aar (androidx.annotation:annotation-experimental:1.4.1) with ExtractAarTransform
Transforming annotation-experimental-1.4.1.aar (androidx.annotation:annotation-experimental:1.4.1) with AarTransform
Transforming core-viewtree-1.0.0.aar (androidx.core:core-viewtree:1.0.0) with ExtractAarTransform
Transforming core-viewtree-1.0.0.aar (androidx.core:core-viewtree:1.0.0) with AarTransform
Transforming versionedparcelable-1.1.1.aar (androidx.versionedparcelable:versionedparcelable:1.1.1) with ExtractAarTransform
Transforming versionedparcelable-1.1.1.aar (androidx.versionedparcelable:versionedparcelable:1.1.1) with AarTransform
Transforming core-runtime-2.2.0.aar (androidx.arch.core:core-runtime:2.2.0) with ExtractAarTransform
Transforming core-runtime-2.2.0.aar (androidx.arch.core:core-runtime:2.2.0) with AarTransform
Transforming interpolator-1.0.0.aar (androidx.interpolator:interpolator:1.0.0) with ExtractAarTransform
Transforming interpolator-1.0.0.aar (androidx.interpolator:interpolator:1.0.0) with AarTransform
Transforming interpolator-1.0.0.aar (androidx.interpolator:interpolator:1.0.0) with ExtractAarTransform
Transforming interpolator-1.0.0.aar (androidx.interpolator:interpolator:1.0.0) with AarTransform
Transforming profileinstaller-1.4.0.aar (androidx.profileinstaller:profileinstaller:1.4.0) with ExtractAarTransform
Transforming profileinstaller-1.4.0.aar (androidx.profileinstaller:profileinstaller:1.4.0) with AarTransform
Transforming startup-runtime-1.1.1.aar (androidx.startup:startup-runtime:1.1.1) with ExtractAarTransform
Transforming startup-runtime-1.1.1.aar (androidx.startup:startup-runtime:1.1.1) with AarTransform
Transforming tracing-1.2.0.aar (androidx.tracing:tracing:1.2.0) with ExtractAarTransform
Transforming tracing-1.2.0.aar (androidx.tracing:tracing:1.2.0) with AarTransform
Transforming exifinterface-1.3.7.aar (androidx.exifinterface:exifinterface:1.3.7) with ExtractAarTransform
Transforming exifinterface-1.3.7.aar (androidx.exifinterface:exifinterface:1.3.7) with AarTransform
Transforming dagger-lint-aar-2.49.aar (com.google.dagger:dagger-lint-aar:2.49) with ExtractAarTransform
Transforming dagger-lint-aar-2.49.aar (com.google.dagger:dagger-lint-aar:2.49) with AarTransform
Transforming play-services-tasks-16.0.1.aar (com.google.android.gms:play-services-tasks:16.0.1) with ExtractAarTransform
Transforming play-services-tasks-16.0.1.aar (com.google.android.gms:play-services-tasks:16.0.1) with AarTransform
Transforming play-services-basement-16.0.1.aar (com.google.android.gms:play-services-basement:16.0.1) with ExtractAarTransform
Transforming play-services-basement-16.0.1.aar (com.google.android.gms:play-services-basement:16.0.1) with AarTransform
Caching disabled for task ':app:processDebugMainManifest' because:
  Build cache is disabled
Task ':app:processDebugMainManifest' is not up-to-date because:
  Output property 'mergeBlameFile' file C:\DEV\StudyWise-Fresh\app\build\intermediates\manifest_merge_blame_file\debug\processDebugMainManifest\manifest-merger-blame-debug-report.txt has been removed.
  Output property 'mergedManifest' file C:\DEV\StudyWise-Fresh\app\build\intermediates\merged_manifest\debug\processDebugMainManifest\AndroidManifest.xml has been removed.
  Output property 'reportFile' file C:\DEV\StudyWise-Fresh\app\build\outputs\logs\manifest-merger-debug-report.txt has been removed.
Loading library manifest C:\GradleHome\.gradle\caches\8.11.1\transforms\b27b5c3700b5c1432050d625e7adeb6e\transformed\datastore-preferences-release\AndroidManifest.xml
Loading library manifest C:\GradleHome\.gradle\caches\8.11.1\transforms\8a40f82e2a83185473e7a27df7b919f1\transformed\datastore-release\AndroidManifest.xml
Loading library manifest C:\GradleHome\.gradle\caches\8.11.1\transforms\2eab5babc332d7fc30984095d457e7c4\transformed\datastore-core-release\AndroidManifest.xml
Loading library manifest C:\GradleHome\.gradle\caches\8.11.1\transforms\845d788b09c9e5d90086b96f9c4730ec\transformed\hilt-navigation-compose-1.2.0\AndroidManifest.xml
Loading library manifest C:\GradleHome\.gradle\caches\8.11.1\transforms\fa5b67cb1a8fe011395e9eed4dc34d7f\transformed\hilt-navigation-1.2.0\AndroidManifest.xml
Loading library manifest C:\GradleHome\.gradle\caches\8.11.1\transforms\4df32600663b60bb5fd5a28c7f53e47f\transformed\navigation-common-2.8.4\AndroidManifest.xml
Loading library manifest C:\GradleHome\.gradle\caches\8.11.1\transforms\eb85b0f615daea47db4042880c15e2a2\transformed\navigation-runtime-2.8.4\AndroidManifest.xml
Loading library manifest C:\GradleHome\.gradle\caches\8.11.1\transforms\59a86653d583b8e5ea9105cd093fece0\transformed\navigation-common-ktx-2.8.4\AndroidManifest.xml
Loading library manifest C:\GradleHome\.gradle\caches\8.11.1\transforms\835c14942b86291188acc9f59d69ea3b\transformed\navigation-runtime-ktx-2.8.4\AndroidManifest.xml
Loading library manifest C:\GradleHome\.gradle\caches\8.11.1\transforms\1e340af9c6501c3f5d1be65c23e23cca\transformed\navigation-compose-2.8.4\AndroidManifest.xml
Loading library manifest C:\GradleHome\.gradle\caches\8.11.1\transforms\a7d6fa4be9e440a726ec035614e96138\transformed\accompanist-permissions-0.34.0\AndroidManifest.xml
Loading library manifest C:\GradleHome\.gradle\caches\8.11.1\transforms\15c4c4919c20d1e99573ecb99abf6eaf\transformed\hilt-work-1.2.0\AndroidManifest.xml
Loading library manifest C:\GradleHome\.gradle\caches\8.11.1\transforms\d8049ab062652b2f8d9b17c9e924515e\transformed\hilt-android-2.49\AndroidManifest.xml
Loading library manifest C:\GradleHome\.gradle\caches\8.11.1\transforms\4addc503b5100aeddd527cbe1446385d\transformed\fragment-1.5.1\AndroidManifest.xml
Loading library manifest C:\GradleHome\.gradle\caches\8.11.1\transforms\4101e2dd7db96bb2505fa6ca128c9d73\transformed\accompanist-systemuicontroller-0.34.0\AndroidManifest.xml
Loading library manifest C:\GradleHome\.gradle\caches\8.11.1\transforms\d45be6ae811a97da3694fe692c176f28\transformed\work-runtime-ktx-2.9.1\AndroidManifest.xml
Loading library manifest C:\GradleHome\.gradle\caches\8.11.1\transforms\38b1bfe84d845b3d8c33f19a6a277145\transformed\work-runtime-2.9.1\AndroidManifest.xml
Loading library manifest C:\GradleHome\.gradle\caches\8.11.1\transforms\8942dae782a5db6a8acf80b107d30a50\transformed\loader-1.0.0\AndroidManifest.xml
Loading library manifest C:\GradleHome\.gradle\caches\8.11.1\transforms\a23003b73524fdaae1d9e2c3e23ab916\transformed\viewpager-1.0.0\AndroidManifest.xml
Loading library manifest C:\GradleHome\.gradle\caches\8.11.1\transforms\4d675d294f3c046ddf41289c0702d91e\transformed\coil-compose-2.7.0\AndroidManifest.xml
Loading library manifest C:\GradleHome\.gradle\caches\8.11.1\transforms\b76d84f71430ce5270ed94c1efe815c4\transformed\coil-compose-base-2.7.0\AndroidManifest.xml
Loading library manifest C:\GradleHome\.gradle\caches\8.11.1\transforms\3e15b2b970fdfeec75bf73c5c5165713\transformed\coil-2.7.0\AndroidManifest.xml
Loading library manifest C:\GradleHome\.gradle\caches\8.11.1\transforms\22c9c87c57a1b9005cb6505d8073e7f5\transformed\coil-base-2.7.0\AndroidManifest.xml
Loading library manifest C:\GradleHome\.gradle\caches\8.11.1\transforms\a523b21696a9cda7fc7c6274f63034ff\transformed\appcompat-resources-1.6.1\AndroidManifest.xml
Loading library manifest C:\GradleHome\.gradle\caches\8.11.1\transforms\31e786627969e12e96df43b6c3cc86c8\transformed\autofill-1.0.0\AndroidManifest.xml
Loading library manifest C:\GradleHome\.gradle\caches\8.11.1\transforms\59288c83cd8b50bba1ecfb9c8a8f24e3\transformed\customview-1.0.0\AndroidManifest.xml
Loading library manifest C:\GradleHome\.gradle\caches\8.11.1\transforms\512d4150aea0dd1cda094bafac84a726\transformed\vectordrawable-animated-1.1.0\AndroidManifest.xml
Loading library manifest C:\GradleHome\.gradle\caches\8.11.1\transforms\75c4813dcd4e985e5b41a0684c74d974\transformed\vectordrawable-1.1.0\AndroidManifest.xml
Loading library manifest C:\GradleHome\.gradle\caches\8.11.1\transforms\1ea5916796c1cf66b2149ff77e6fb722\transformed\material3-release\AndroidManifest.xml
Loading library manifest C:\GradleHome\.gradle\caches\8.11.1\transforms\f1b12d7dc33367bc1f66fc24620b8af9\transformed\ui-tooling-data-release\AndroidManifest.xml
Loading library manifest C:\GradleHome\.gradle\caches\8.11.1\transforms\245381fd80cc35ec0825564e63354d5e\transformed\ui-tooling-preview-release\AndroidManifest.xml
Loading library manifest C:\GradleHome\.gradle\caches\8.11.1\transforms\89042f8c8fc6f6381407a3a6b354009e\transformed\ui-tooling-release\AndroidManifest.xml
Loading library manifest C:\GradleHome\.gradle\caches\8.11.1\transforms\6d1c43caa6be12b4da633405315c40ef\transformed\material-release\AndroidManifest.xml
Loading library manifest C:\GradleHome\.gradle\caches\8.11.1\transforms\4b58ac3bfe914530dfd78742c23c3538\transformed\material-ripple-release\AndroidManifest.xml
Loading library manifest C:\GradleHome\.gradle\caches\8.11.1\transforms\5f51684991d4cda403245f959c28eabe\transformed\animation-core-release\AndroidManifest.xml
Loading library manifest C:\GradleHome\.gradle\caches\8.11.1\transforms\bbcad1d6f3020a071d08041c2e1e6ef7\transformed\animation-release\AndroidManifest.xml
Loading library manifest C:\GradleHome\.gradle\caches\8.11.1\transforms\41c33db5ec313a1c13baa316fd199e62\transformed\foundation-layout-release\AndroidManifest.xml
Loading library manifest C:\GradleHome\.gradle\caches\8.11.1\transforms\e3108224999babba64b45e4d700b85d2\transformed\foundation-release\AndroidManifest.xml
Loading library manifest C:\GradleHome\.gradle\caches\8.11.1\transforms\b357404cdfcd5f8ba1be2026e3536fc3\transformed\ui-util-release\AndroidManifest.xml
Loading library manifest C:\GradleHome\.gradle\caches\8.11.1\transforms\a9502dd8123feee091f4368304cdf61b\transformed\ui-unit-release\AndroidManifest.xml
Loading library manifest C:\GradleHome\.gradle\caches\8.11.1\transforms\feccb6f0d2ffa2c2132c1f9f62eb6809\transformed\ui-text-release\AndroidManifest.xml
Loading library manifest C:\GradleHome\.gradle\caches\8.11.1\transforms\c0801addce12adc528aaa6ddcfc9fe96\transformed\ui-geometry-release\AndroidManifest.xml
Loading library manifest C:\GradleHome\.gradle\caches\8.11.1\transforms\cc1cdb9a9c9ac9001a5b48c6b9c3e78e\transformed\ui-graphics-release\AndroidManifest.xml
Loading library manifest C:\GradleHome\.gradle\caches\8.11.1\transforms\4f9461c3b5669dae60b3d321e9ea0f27\transformed\graphics-path-1.0.1\AndroidManifest.xml
Loading library manifest C:\GradleHome\.gradle\caches\8.11.1\transforms\470b101915b7803fdb43da334efdd1ac\transformed\emoji2-1.3.0\AndroidManifest.xml
Loading library manifest C:\GradleHome\.gradle\caches\8.11.1\transforms\dcb0299caed165a1edf3cdf42189fdb1\transformed\core-1.16.0\AndroidManifest.xml
Loading library manifest C:\GradleHome\.gradle\caches\8.11.1\transforms\5c42de5edf39b866bebb64abe4d8ee31\transformed\lifecycle-process-2.9.1\AndroidManifest.xml
Loading library manifest C:\GradleHome\.gradle\caches\8.11.1\transforms\8221c5f28b16707609c5db740e4c1b4e\transformed\lifecycle-runtime-compose-release\AndroidManifest.xml
Loading library manifest C:\GradleHome\.gradle\caches\8.11.1\transforms\75fb546ef6851196d0bbc69055dbd558\transformed\lifecycle-livedata-core-ktx-2.9.1\AndroidManifest.xml
Loading library manifest C:\GradleHome\.gradle\caches\8.11.1\transforms\2a7760c33b0a2070cd3a0037faa66446\transformed\lifecycle-livedata-core-2.9.1\AndroidManifest.xml
Loading library manifest C:\GradleHome\.gradle\caches\8.11.1\transforms\347c203ea38a376e2039abdc426de248\transformed\lifecycle-viewmodel-savedstate-release\AndroidManifest.xml
Loading library manifest C:\GradleHome\.gradle\caches\8.11.1\transforms\b66249ec5f54d7eb73c15654aaf2c69b\transformed\lifecycle-viewmodel-2.9.1\AndroidManifest.xml
Loading library manifest C:\GradleHome\.gradle\caches\8.11.1\transforms\d9aa8cf782aceba63343f9ac338bdc60\transformed\lifecycle-viewmodel-release\AndroidManifest.xml
Loading library manifest C:\GradleHome\.gradle\caches\8.11.1\transforms\829c3352d15808624ad81c1bfacb3495\transformed\savedstate-ktx-1.3.0\AndroidManifest.xml
Loading library manifest C:\GradleHome\.gradle\caches\8.11.1\transforms\10214c100acb29285b9982ac75484e97\transformed\savedstate-release\AndroidManifest.xml
Loading library manifest C:\GradleHome\.gradle\caches\8.11.1\transforms\6b6bfb75f089e3fb10869360bbac5864\transformed\lifecycle-runtime-release\AndroidManifest.xml
Loading library manifest C:\GradleHome\.gradle\caches\8.11.1\transforms\ac1ac9523d6796cedc8255d40434c775\transformed\lifecycle-service-2.9.1\AndroidManifest.xml
Loading library manifest C:\GradleHome\.gradle\caches\8.11.1\transforms\239b883535597f71fe9c8abfa11bce4b\transformed\lifecycle-livedata-2.9.1\AndroidManifest.xml
Loading library manifest C:\GradleHome\.gradle\caches\8.11.1\transforms\35c24ad2bd091e917b7b688f48c2a629\transformed\lifecycle-viewmodel-ktx-2.9.1\AndroidManifest.xml
Loading library manifest C:\GradleHome\.gradle\caches\8.11.1\transforms\1fdcc5441e51be53763bd40969afbea9\transformed\lifecycle-runtime-ktx\AndroidManifest.xml
Loading library manifest C:\GradleHome\.gradle\caches\8.11.1\transforms\5d20f86e999013de902c843b455a2bbe\transformed\lifecycle-viewmodel-compose-release\AndroidManifest.xml
Loading library manifest C:\GradleHome\.gradle\caches\8.11.1\transforms\8fb830aa96a3863ef1dc0f46527785a4\transformed\accompanist-drawablepainter-0.32.0\AndroidManifest.xml
Loading library manifest C:\GradleHome\.gradle\caches\8.11.1\transforms\2641dce7df97f6bbe761ab0c27ad6390\transformed\material-icons-core-release\AndroidManifest.xml
Loading library manifest C:\GradleHome\.gradle\caches\8.11.1\transforms\48e9af555eab0ef1263ab0656533074a\transformed\ui-release\AndroidManifest.xml
Loading library manifest C:\GradleHome\.gradle\caches\8.11.1\transforms\62d21847971436654eb38fc26ee73ba8\transformed\ui-test-manifest-1.7.8\AndroidManifest.xml
Loading library manifest C:\GradleHome\.gradle\caches\8.11.1\transforms\592a84830b73357efeb49b5985eff5e3\transformed\activity-1.10.1\AndroidManifest.xml
Loading library manifest C:\GradleHome\.gradle\caches\8.11.1\transforms\dc66037d7f62470a8447479474359f08\transformed\activity-ktx-1.10.1\AndroidManifest.xml
Loading library manifest C:\GradleHome\.gradle\caches\8.11.1\transforms\c1d9e31f1f7f215518f49b476bffc755\transformed\activity-compose-1.10.1\AndroidManifest.xml
Loading library manifest C:\GradleHome\.gradle\caches\8.11.1\transforms\719e23488ce13bb8a66340716b9efd00\transformed\customview-poolingcontainer-1.0.0\AndroidManifest.xml
Loading library manifest C:\GradleHome\.gradle\caches\8.11.1\transforms\78938f8f3aa53c03765f4a2ce1322f98\transformed\core-ktx-1.16.0\AndroidManifest.xml
Loading library manifest C:\GradleHome\.gradle\caches\8.11.1\transforms\dd882e4ec5382d386db81820b9a8da06\transformed\room-runtime-2.6.1\AndroidManifest.xml
Loading library manifest C:\GradleHome\.gradle\caches\8.11.1\transforms\bacb079c6745d8933bb9fb0c2841474c\transformed\room-ktx-2.6.1\AndroidManifest.xml
Loading library manifest C:\GradleHome\.gradle\caches\8.11.1\transforms\45e92f0105521c7fe98f70ba5eef50be\transformed\runtime-saveable-release\AndroidManifest.xml
Loading library manifest C:\GradleHome\.gradle\caches\8.11.1\transforms\8e97be238818685c323d8e356268307d\transformed\runtime-release\AndroidManifest.xml
Loading library manifest C:\GradleHome\.gradle\caches\8.11.1\transforms\713f0aaaa8b5c1d88a8aa3b581503601\transformed\timber-5.0.1\AndroidManifest.xml
Loading library manifest C:\GradleHome\.gradle\caches\8.11.1\transforms\e7e8ed8b3637959f6a5ceb0caebd42b6\transformed\sqlite-framework-2.4.0\AndroidManifest.xml
Loading library manifest C:\GradleHome\.gradle\caches\8.11.1\transforms\392b7b7aa406ef51bc3a56af7a1d9ee4\transformed\sqlite-2.4.0\AndroidManifest.xml
Loading library manifest C:\GradleHome\.gradle\caches\8.11.1\transforms\e69b27976c42af9d8880b87673e7062f\transformed\annotation-experimental-1.4.1\AndroidManifest.xml
Loading library manifest C:\GradleHome\.gradle\caches\8.11.1\transforms\a8ecb960365e9f477ee612d2986f679b\transformed\core-viewtree-1.0.0\AndroidManifest.xml
Loading library manifest C:\GradleHome\.gradle\caches\8.11.1\transforms\0c0ad12d6c9059f9608720b749adbc9d\transformed\versionedparcelable-1.1.1\AndroidManifest.xml
Loading library manifest C:\GradleHome\.gradle\caches\8.11.1\transforms\47c54506b6c873e6a48baae355f17b9e\transformed\core-runtime-2.2.0\AndroidManifest.xml
Loading library manifest C:\GradleHome\.gradle\caches\8.11.1\transforms\c67624a8e6845ebbce143a0d235b342a\transformed\interpolator-1.0.0\AndroidManifest.xml
Loading library manifest C:\GradleHome\.gradle\caches\8.11.1\transforms\a34c31deee888028e52c87025887536a\transformed\profileinstaller-1.4.0\AndroidManifest.xml
Loading library manifest C:\GradleHome\.gradle\caches\8.11.1\transforms\c41282ae876c07f52228830360c804db\transformed\startup-runtime-1.1.1\AndroidManifest.xml
Loading library manifest C:\GradleHome\.gradle\caches\8.11.1\transforms\e2d8ce8a25d89c16139c8f1b8f595702\transformed\tracing-1.2.0\AndroidManifest.xml
Loading library manifest C:\GradleHome\.gradle\caches\8.11.1\transforms\4d149c03265e6ff1042c65a84e3d58e0\transformed\exifinterface-1.3.7\AndroidManifest.xml
Loading library manifest C:\GradleHome\.gradle\caches\8.11.1\transforms\79cf6d6b878b0406092910308cfc4aad\transformed\dagger-lint-aar-2.49\AndroidManifest.xml
Loading library manifest C:\GradleHome\.gradle\caches\8.11.1\transforms\81d010473911e6ebc5c9b31ba4ca8271\transformed\play-services-tasks-16.0.1\AndroidManifest.xml
Loading library manifest C:\GradleHome\.gradle\caches\8.11.1\transforms\70be690989ced7de7bc4b007034c599f\transformed\play-services-basement-16.0.1\AndroidManifest.xml
Merging main manifest C:\DEV\StudyWise-Fresh\app\src\main\AndroidManifest.xml

Merging library manifest C:\GradleHome\.gradle\caches\8.11.1\transforms\b27b5c3700b5c1432050d625e7adeb6e\transformed\datastore-preferences-release\AndroidManifest.xml
Merging manifest with lower [androidx.datastore:datastore-preferences-android:1.1.1] AndroidManifest.xml:17:1-22:12
uses-sdk defined in both files...
Merging uses-sdk with lower [androidx.datastore:datastore-preferences-android:1.1.1] AndroidManifest.xml:20:5-44
Merging library manifest C:\GradleHome\.gradle\caches\8.11.1\transforms\8a40f82e2a83185473e7a27df7b919f1\transformed\datastore-release\AndroidManifest.xml
Merging manifest with lower [androidx.datastore:datastore-android:1.1.1] AndroidManifest.xml:17:1-22:12
uses-sdk defined in both files...
Merging uses-sdk with lower [androidx.datastore:datastore-android:1.1.1] AndroidManifest.xml:20:5-44
Merging library manifest C:\GradleHome\.gradle\caches\8.11.1\transforms\2eab5babc332d7fc30984095d457e7c4\transformed\datastore-core-release\AndroidManifest.xml
Merging manifest with lower [androidx.datastore:datastore-core-android:1.1.1] AndroidManifest.xml:2:1-7:12
uses-sdk defined in both files...
Merging uses-sdk with lower [androidx.datastore:datastore-core-android:1.1.1] AndroidManifest.xml:5:5-44
Merging library manifest C:\GradleHome\.gradle\caches\8.11.1\transforms\845d788b09c9e5d90086b96f9c4730ec\transformed\hilt-navigation-compose-1.2.0\AndroidManifest.xml
Merging manifest with lower [androidx.hilt:hilt-navigation-compose:1.2.0] AndroidManifest.xml:2:1-7:12
uses-sdk defined in both files...
Merging uses-sdk with lower [androidx.hilt:hilt-navigation-compose:1.2.0] AndroidManifest.xml:5:5-44
Merging library manifest C:\GradleHome\.gradle\caches\8.11.1\transforms\fa5b67cb1a8fe011395e9eed4dc34d7f\transformed\hilt-navigation-1.2.0\AndroidManifest.xml
Merging manifest with lower [androidx.hilt:hilt-navigation:1.2.0] AndroidManifest.xml:2:1-7:12
uses-sdk defined in both files...
Merging uses-sdk with lower [androidx.hilt:hilt-navigation:1.2.0] AndroidManifest.xml:5:5-44
Merging library manifest C:\GradleHome\.gradle\caches\8.11.1\transforms\4df32600663b60bb5fd5a28c7f53e47f\transformed\navigation-common-2.8.4\AndroidManifest.xml
Merging manifest with lower [androidx.navigation:navigation-common:2.8.4] AndroidManifest.xml:17:1-22:12
uses-sdk defined in both files...
Merging uses-sdk with lower [androidx.navigation:navigation-common:2.8.4] AndroidManifest.xml:20:5-44
Merging library manifest C:\GradleHome\.gradle\caches\8.11.1\transforms\eb85b0f615daea47db4042880c15e2a2\transformed\navigation-runtime-2.8.4\AndroidManifest.xml
Merging manifest with lower [androidx.navigation:navigation-runtime:2.8.4] AndroidManifest.xml:17:1-22:12
uses-sdk defined in both files...
Merging uses-sdk with lower [androidx.navigation:navigation-runtime:2.8.4] AndroidManifest.xml:20:5-44
Merging library manifest C:\GradleHome\.gradle\caches\8.11.1\transforms\59a86653d583b8e5ea9105cd093fece0\transformed\navigation-common-ktx-2.8.4\AndroidManifest.xml
Merging manifest with lower [androidx.navigation:navigation-common-ktx:2.8.4] AndroidManifest.xml:2:1-7:12
uses-sdk defined in both files...
Merging uses-sdk with lower [androidx.navigation:navigation-common-ktx:2.8.4] AndroidManifest.xml:5:5-44
Merging library manifest C:\GradleHome\.gradle\caches\8.11.1\transforms\835c14942b86291188acc9f59d69ea3b\transformed\navigation-runtime-ktx-2.8.4\AndroidManifest.xml
Merging manifest with lower [androidx.navigation:navigation-runtime-ktx:2.8.4] AndroidManifest.xml:2:1-7:12
uses-sdk defined in both files...
Merging uses-sdk with lower [androidx.navigation:navigation-runtime-ktx:2.8.4] AndroidManifest.xml:5:5-44
Merging library manifest C:\GradleHome\.gradle\caches\8.11.1\transforms\1e340af9c6501c3f5d1be65c23e23cca\transformed\navigation-compose-2.8.4\AndroidManifest.xml
Merging manifest with lower [androidx.navigation:navigation-compose:2.8.4] AndroidManifest.xml:2:1-7:12
uses-sdk defined in both files...
Merging uses-sdk with lower [androidx.navigation:navigation-compose:2.8.4] AndroidManifest.xml:5:5-44
Merging library manifest C:\GradleHome\.gradle\caches\8.11.1\transforms\a7d6fa4be9e440a726ec035614e96138\transformed\accompanist-permissions-0.34.0\AndroidManifest.xml
Merging manifest with lower [com.google.accompanist:accompanist-permissions:0.34.0] AndroidManifest.xml:17:1-23:12
uses-sdk defined in both files...
Merging uses-sdk with lower [com.google.accompanist:accompanist-permissions:0.34.0] AndroidManifest.xml:21:5-44
Merging library manifest C:\GradleHome\.gradle\caches\8.11.1\transforms\15c4c4919c20d1e99573ecb99abf6eaf\transformed\hilt-work-1.2.0\AndroidManifest.xml
Merging manifest with lower [androidx.hilt:hilt-work:1.2.0] AndroidManifest.xml:17:1-22:12
uses-sdk defined in both files...
Merging uses-sdk with lower [androidx.hilt:hilt-work:1.2.0] AndroidManifest.xml:20:5-44
Merging library manifest C:\GradleHome\.gradle\caches\8.11.1\transforms\d8049ab062652b2f8d9b17c9e924515e\transformed\hilt-android-2.49\AndroidManifest.xml
Merging manifest with lower [com.google.dagger:hilt-android:2.49] AndroidManifest.xml:16:1-19:12
uses-sdk defined in both files...
Merging uses-sdk with lower [com.google.dagger:hilt-android:2.49] AndroidManifest.xml:18:3-42
Merging library manifest C:\GradleHome\.gradle\caches\8.11.1\transforms\4addc503b5100aeddd527cbe1446385d\transformed\fragment-1.5.1\AndroidManifest.xml
Merging manifest with lower [androidx.fragment:fragment:1.5.1] AndroidManifest.xml:17:1-24:12
uses-sdk defined in both files...
Merging uses-sdk with lower [androidx.fragment:fragment:1.5.1] AndroidManifest.xml:20:5-22:41
Merging library manifest C:\GradleHome\.gradle\caches\8.11.1\transforms\4101e2dd7db96bb2505fa6ca128c9d73\transformed\accompanist-systemuicontroller-0.34.0\AndroidManifest.xml
Merging manifest with lower [com.google.accompanist:accompanist-systemuicontroller:0.34.0] AndroidManifest.xml:17:1-23:12
uses-sdk defined in both files...
Merging uses-sdk with lower [com.google.accompanist:accompanist-systemuicontroller:0.34.0] AndroidManifest.xml:21:5-44
Merging library manifest C:\GradleHome\.gradle\caches\8.11.1\transforms\d45be6ae811a97da3694fe692c176f28\transformed\work-runtime-ktx-2.9.1\AndroidManifest.xml
Merging manifest with lower [androidx.work:work-runtime-ktx:2.9.1] AndroidManifest.xml:17:1-22:12
uses-sdk defined in both files...
Merging uses-sdk with lower [androidx.work:work-runtime-ktx:2.9.1] AndroidManifest.xml:20:5-44
Merging library manifest C:\GradleHome\.gradle\caches\8.11.1\transforms\38b1bfe84d845b3d8c33f19a6a277145\transformed\work-runtime-2.9.1\AndroidManifest.xml
Merging manifest with lower [androidx.work:work-runtime:2.9.1] AndroidManifest.xml:17:1-145:12
uses-sdk defined in both files...
Merging uses-sdk with lower [androidx.work:work-runtime:2.9.1] AndroidManifest.xml:21:5-44
Adopted [uses-permission: null]
Adopted [uses-permission: null]
Adopted [uses-permission: null]
Adopted [uses-permission: null]
application defined in both files...
Merging application with lower [androidx.work:work-runtime:2.9.1] AndroidManifest.xml:28:5-143:19
Adopted [provider: null]
Adopted [service: null]
Adopted [service: null]
Adopted [service: null]
Adopted [receiver: null]
Adopted [receiver: null]
Adopted [receiver: null]
Adopted [receiver: null]
Adopted [receiver: null]
Adopted [receiver: null]
Adopted [receiver: null]
Adopted [receiver: null]
Merging library manifest C:\GradleHome\.gradle\caches\8.11.1\transforms\8942dae782a5db6a8acf80b107d30a50\transformed\loader-1.0.0\AndroidManifest.xml
Merging manifest with lower [androidx.loader:loader:1.0.0] AndroidManifest.xml:17:1-22:12
uses-sdk defined in both files...
Merging uses-sdk with lower [androidx.loader:loader:1.0.0] AndroidManifest.xml:20:5-44
Merging library manifest C:\GradleHome\.gradle\caches\8.11.1\transforms\a23003b73524fdaae1d9e2c3e23ab916\transformed\viewpager-1.0.0\AndroidManifest.xml
Merging manifest with lower [androidx.viewpager:viewpager:1.0.0] AndroidManifest.xml:17:1-22:12
uses-sdk defined in both files...
Merging uses-sdk with lower [androidx.viewpager:viewpager:1.0.0] AndroidManifest.xml:20:5-44
Merging library manifest C:\GradleHome\.gradle\caches\8.11.1\transforms\4d675d294f3c046ddf41289c0702d91e\transformed\coil-compose-2.7.0\AndroidManifest.xml
Merging manifest with lower [io.coil-kt:coil-compose:2.7.0] AndroidManifest.xml:2:1-7:12
uses-sdk defined in both files...
Merging uses-sdk with lower [io.coil-kt:coil-compose:2.7.0] AndroidManifest.xml:5:5-44
Merging library manifest C:\GradleHome\.gradle\caches\8.11.1\transforms\b76d84f71430ce5270ed94c1efe815c4\transformed\coil-compose-base-2.7.0\AndroidManifest.xml
Merging manifest with lower [io.coil-kt:coil-compose-base:2.7.0] AndroidManifest.xml:2:1-7:12
uses-sdk defined in both files...
Merging uses-sdk with lower [io.coil-kt:coil-compose-base:2.7.0] AndroidManifest.xml:5:5-44
Merging library manifest C:\GradleHome\.gradle\caches\8.11.1\transforms\3e15b2b970fdfeec75bf73c5c5165713\transformed\coil-2.7.0\AndroidManifest.xml
Merging manifest with lower [io.coil-kt:coil:2.7.0] AndroidManifest.xml:2:1-7:12
uses-sdk defined in both files...
Merging uses-sdk with lower [io.coil-kt:coil:2.7.0] AndroidManifest.xml:5:5-44
Merging library manifest C:\GradleHome\.gradle\caches\8.11.1\transforms\22c9c87c57a1b9005cb6505d8073e7f5\transformed\coil-base-2.7.0\AndroidManifest.xml
Merging manifest with lower [io.coil-kt:coil-base:2.7.0] AndroidManifest.xml:2:1-7:12
uses-sdk defined in both files...
Merging uses-sdk with lower [io.coil-kt:coil-base:2.7.0] AndroidManifest.xml:5:5-44
Merging library manifest C:\GradleHome\.gradle\caches\8.11.1\transforms\a523b21696a9cda7fc7c6274f63034ff\transformed\appcompat-resources-1.6.1\AndroidManifest.xml
Merging manifest with lower [androidx.appcompat:appcompat-resources:1.6.1] AndroidManifest.xml:17:1-22:12
uses-sdk defined in both files...
Merging uses-sdk with lower [androidx.appcompat:appcompat-resources:1.6.1] AndroidManifest.xml:20:5-44
Merging library manifest C:\GradleHome\.gradle\caches\8.11.1\transforms\31e786627969e12e96df43b6c3cc86c8\transformed\autofill-1.0.0\AndroidManifest.xml
Merging manifest with lower [androidx.autofill:autofill:1.0.0] AndroidManifest.xml:17:1-24:12
uses-sdk defined in both files...
Merging uses-sdk with lower [androidx.autofill:autofill:1.0.0] AndroidManifest.xml:20:5-22:41
Merging library manifest C:\GradleHome\.gradle\caches\8.11.1\transforms\59288c83cd8b50bba1ecfb9c8a8f24e3\transformed\customview-1.0.0\AndroidManifest.xml
Merging manifest with lower [androidx.customview:customview:1.0.0] AndroidManifest.xml:17:1-22:12
uses-sdk defined in both files...
Merging uses-sdk with lower [androidx.customview:customview:1.0.0] AndroidManifest.xml:20:5-44
Merging library manifest C:\GradleHome\.gradle\caches\8.11.1\transforms\512d4150aea0dd1cda094bafac84a726\transformed\vectordrawable-animated-1.1.0\AndroidManifest.xml
Merging manifest with lower [androidx.vectordrawable:vectordrawable-animated:1.1.0] AndroidManifest.xml:17:1-24:12
uses-sdk defined in both files...
Merging uses-sdk with lower [androidx.vectordrawable:vectordrawable-animated:1.1.0] AndroidManifest.xml:20:5-22:41
Merging library manifest C:\GradleHome\.gradle\caches\8.11.1\transforms\75c4813dcd4e985e5b41a0684c74d974\transformed\vectordrawable-1.1.0\AndroidManifest.xml
Merging manifest with lower [androidx.vectordrawable:vectordrawable:1.1.0] AndroidManifest.xml:17:1-24:12
uses-sdk defined in both files...
Merging uses-sdk with lower [androidx.vectordrawable:vectordrawable:1.1.0] AndroidManifest.xml:20:5-22:41
Merging library manifest C:\GradleHome\.gradle\caches\8.11.1\transforms\1ea5916796c1cf66b2149ff77e6fb722\transformed\material3-release\AndroidManifest.xml
Merging manifest with lower [androidx.compose.material3:material3-android:1.3.0] AndroidManifest.xml:17:1-22:12
uses-sdk defined in both files...
Merging uses-sdk with lower [androidx.compose.material3:material3-android:1.3.0] AndroidManifest.xml:20:5-44
Merging library manifest C:\GradleHome\.gradle\caches\8.11.1\transforms\f1b12d7dc33367bc1f66fc24620b8af9\transformed\ui-tooling-data-release\AndroidManifest.xml
Merging manifest with lower [androidx.compose.ui:ui-tooling-data-android:1.7.8] AndroidManifest.xml:2:1-7:12
uses-sdk defined in both files...
Merging uses-sdk with lower [androidx.compose.ui:ui-tooling-data-android:1.7.8] AndroidManifest.xml:5:5-44
Merging library manifest C:\GradleHome\.gradle\caches\8.11.1\transforms\245381fd80cc35ec0825564e63354d5e\transformed\ui-tooling-preview-release\AndroidManifest.xml
Merging manifest with lower [androidx.compose.ui:ui-tooling-preview-android:1.7.8] AndroidManifest.xml:17:1-22:12
uses-sdk defined in both files...
Merging uses-sdk with lower [androidx.compose.ui:ui-tooling-preview-android:1.7.8] AndroidManifest.xml:20:5-44
Merging library manifest C:\GradleHome\.gradle\caches\8.11.1\transforms\89042f8c8fc6f6381407a3a6b354009e\transformed\ui-tooling-release\AndroidManifest.xml
Merging manifest with lower [androidx.compose.ui:ui-tooling-android:1.7.8] AndroidManifest.xml:17:1-28:12
uses-sdk defined in both files...
Merging uses-sdk with lower [androidx.compose.ui:ui-tooling-android:1.7.8] AndroidManifest.xml:20:5-44
application defined in both files...
Merging application with lower [androidx.compose.ui:ui-tooling-android:1.7.8] AndroidManifest.xml:22:5-26:19
Adopted [activity: null]
Merging library manifest C:\GradleHome\.gradle\caches\8.11.1\transforms\6d1c43caa6be12b4da633405315c40ef\transformed\material-release\AndroidManifest.xml
Merging manifest with lower [androidx.compose.material:material-android:1.7.0] AndroidManifest.xml:2:1-7:12
uses-sdk defined in both files...
Merging uses-sdk with lower [androidx.compose.material:material-android:1.7.0] AndroidManifest.xml:5:5-44
Merging library manifest C:\GradleHome\.gradle\caches\8.11.1\transforms\4b58ac3bfe914530dfd78742c23c3538\transformed\material-ripple-release\AndroidManifest.xml
Merging manifest with lower [androidx.compose.material:material-ripple-android:1.7.0] AndroidManifest.xml:2:1-7:12
uses-sdk defined in both files...
Merging uses-sdk with lower [androidx.compose.material:material-ripple-android:1.7.0] AndroidManifest.xml:5:5-44
Merging library manifest C:\GradleHome\.gradle\caches\8.11.1\transforms\5f51684991d4cda403245f959c28eabe\transformed\animation-core-release\AndroidManifest.xml
Merging manifest with lower [androidx.compose.animation:animation-core-android:1.7.8] AndroidManifest.xml:2:1-7:12
uses-sdk defined in both files...
Merging uses-sdk with lower [androidx.compose.animation:animation-core-android:1.7.8] AndroidManifest.xml:5:5-44
Merging library manifest C:\GradleHome\.gradle\caches\8.11.1\transforms\bbcad1d6f3020a071d08041c2e1e6ef7\transformed\animation-release\AndroidManifest.xml
Merging manifest with lower [androidx.compose.animation:animation-android:1.7.8] AndroidManifest.xml:2:1-7:12
uses-sdk defined in both files...
Merging uses-sdk with lower [androidx.compose.animation:animation-android:1.7.8] AndroidManifest.xml:5:5-44
Merging library manifest C:\GradleHome\.gradle\caches\8.11.1\transforms\41c33db5ec313a1c13baa316fd199e62\transformed\foundation-layout-release\AndroidManifest.xml
Merging manifest with lower [androidx.compose.foundation:foundation-layout-android:1.7.8] AndroidManifest.xml:2:1-7:12
uses-sdk defined in both files...
Merging uses-sdk with lower [androidx.compose.foundation:foundation-layout-android:1.7.8] AndroidManifest.xml:5:5-44
Merging library manifest C:\GradleHome\.gradle\caches\8.11.1\transforms\e3108224999babba64b45e4d700b85d2\transformed\foundation-release\AndroidManifest.xml
Merging manifest with lower [androidx.compose.foundation:foundation-android:1.7.8] AndroidManifest.xml:2:1-7:12
uses-sdk defined in both files...
Merging uses-sdk with lower [androidx.compose.foundation:foundation-android:1.7.8] AndroidManifest.xml:5:5-44
Merging library manifest C:\GradleHome\.gradle\caches\8.11.1\transforms\b357404cdfcd5f8ba1be2026e3536fc3\transformed\ui-util-release\AndroidManifest.xml
Merging manifest with lower [androidx.compose.ui:ui-util-android:1.7.8] AndroidManifest.xml:2:1-7:12
uses-sdk defined in both files...
Merging uses-sdk with lower [androidx.compose.ui:ui-util-android:1.7.8] AndroidManifest.xml:5:5-44
Merging library manifest C:\GradleHome\.gradle\caches\8.11.1\transforms\a9502dd8123feee091f4368304cdf61b\transformed\ui-unit-release\AndroidManifest.xml
Merging manifest with lower [androidx.compose.ui:ui-unit-android:1.7.8] AndroidManifest.xml:2:1-7:12
uses-sdk defined in both files...
Merging uses-sdk with lower [androidx.compose.ui:ui-unit-android:1.7.8] AndroidManifest.xml:5:5-44
Merging library manifest C:\GradleHome\.gradle\caches\8.11.1\transforms\feccb6f0d2ffa2c2132c1f9f62eb6809\transformed\ui-text-release\AndroidManifest.xml
Merging manifest with lower [androidx.compose.ui:ui-text-android:1.7.8] AndroidManifest.xml:2:1-7:12
uses-sdk defined in both files...
Merging uses-sdk with lower [androidx.compose.ui:ui-text-android:1.7.8] AndroidManifest.xml:5:5-44
Merging library manifest C:\GradleHome\.gradle\caches\8.11.1\transforms\c0801addce12adc528aaa6ddcfc9fe96\transformed\ui-geometry-release\AndroidManifest.xml
Merging manifest with lower [androidx.compose.ui:ui-geometry-android:1.7.8] AndroidManifest.xml:2:1-7:12
uses-sdk defined in both files...
Merging uses-sdk with lower [androidx.compose.ui:ui-geometry-android:1.7.8] AndroidManifest.xml:5:5-44
Merging library manifest C:\GradleHome\.gradle\caches\8.11.1\transforms\cc1cdb9a9c9ac9001a5b48c6b9c3e78e\transformed\ui-graphics-release\AndroidManifest.xml
Merging manifest with lower [androidx.compose.ui:ui-graphics-android:1.7.8] AndroidManifest.xml:2:1-7:12
uses-sdk defined in both files...
Merging uses-sdk with lower [androidx.compose.ui:ui-graphics-android:1.7.8] AndroidManifest.xml:5:5-44
Merging library manifest C:\GradleHome\.gradle\caches\8.11.1\transforms\4f9461c3b5669dae60b3d321e9ea0f27\transformed\graphics-path-1.0.1\AndroidManifest.xml
Merging manifest with lower [androidx.graphics:graphics-path:1.0.1] AndroidManifest.xml:2:1-7:12
uses-sdk defined in both files...
Merging uses-sdk with lower [androidx.graphics:graphics-path:1.0.1] AndroidManifest.xml:5:5-44
Merging library manifest C:\GradleHome\.gradle\caches\8.11.1\transforms\470b101915b7803fdb43da334efdd1ac\transformed\emoji2-1.3.0\AndroidManifest.xml
Merging manifest with lower [androidx.emoji2:emoji2:1.3.0] AndroidManifest.xml:17:1-35:12
uses-sdk defined in both files...
Merging uses-sdk with lower [androidx.emoji2:emoji2:1.3.0] AndroidManifest.xml:21:5-44
application defined in both files...
Merging application with lower [androidx.emoji2:emoji2:1.3.0] AndroidManifest.xml:23:5-33:19
provider#androidx.startup.InitializationProvider defined in both files...
Merging provider#androidx.startup.InitializationProvider with lower [androidx.emoji2:emoji2:1.3.0] AndroidManifest.xml:24:9-32:20
Adopted [meta-data: null]
Merging library manifest C:\GradleHome\.gradle\caches\8.11.1\transforms\dcb0299caed165a1edf3cdf42189fdb1\transformed\core-1.16.0\AndroidManifest.xml
Merging manifest with lower [androidx.core:core:1.16.0] AndroidManifest.xml:17:1-30:12
uses-sdk defined in both files...
Merging uses-sdk with lower [androidx.core:core:1.16.0] AndroidManifest.xml:20:5-44
Adopted [permission: null]
Adopted [uses-permission: null]
application defined in both files...
Merging application with lower [androidx.core:core:1.16.0] AndroidManifest.xml:28:5-89
Merging library manifest C:\GradleHome\.gradle\caches\8.11.1\transforms\5c42de5edf39b866bebb64abe4d8ee31\transformed\lifecycle-process-2.9.1\AndroidManifest.xml
Merging manifest with lower [androidx.lifecycle:lifecycle-process:2.9.1] AndroidManifest.xml:17:1-35:12
uses-sdk defined in both files...
Merging uses-sdk with lower [androidx.lifecycle:lifecycle-process:2.9.1] AndroidManifest.xml:21:5-44
application defined in both files...
Merging application with lower [androidx.lifecycle:lifecycle-process:2.9.1] AndroidManifest.xml:23:5-33:19
provider#androidx.startup.InitializationProvider defined in both files...
Merging provider#androidx.startup.InitializationProvider with lower [androidx.lifecycle:lifecycle-process:2.9.1] AndroidManifest.xml:24:9-32:20
Adopted [meta-data: null]
Merging library manifest C:\GradleHome\.gradle\caches\8.11.1\transforms\8221c5f28b16707609c5db740e4c1b4e\transformed\lifecycle-runtime-compose-release\AndroidManifest.xml
Merging manifest with lower [androidx.lifecycle:lifecycle-runtime-compose-android:2.9.1] AndroidManifest.xml:2:1-7:12
uses-sdk defined in both files...
Merging uses-sdk with lower [androidx.lifecycle:lifecycle-runtime-compose-android:2.9.1] AndroidManifest.xml:5:5-44
Merging library manifest C:\GradleHome\.gradle\caches\8.11.1\transforms\75fb546ef6851196d0bbc69055dbd558\transformed\lifecycle-livedata-core-ktx-2.9.1\AndroidManifest.xml
Merging manifest with lower [androidx.lifecycle:lifecycle-livedata-core-ktx:2.9.1] AndroidManifest.xml:2:1-7:12
uses-sdk defined in both files...
Merging uses-sdk with lower [androidx.lifecycle:lifecycle-livedata-core-ktx:2.9.1] AndroidManifest.xml:5:5-44
Merging library manifest C:\GradleHome\.gradle\caches\8.11.1\transforms\2a7760c33b0a2070cd3a0037faa66446\transformed\lifecycle-livedata-core-2.9.1\AndroidManifest.xml
Merging manifest with lower [androidx.lifecycle:lifecycle-livedata-core:2.9.1] AndroidManifest.xml:17:1-22:12
uses-sdk defined in both files...
Merging uses-sdk with lower [androidx.lifecycle:lifecycle-livedata-core:2.9.1] AndroidManifest.xml:20:5-44
Merging library manifest C:\GradleHome\.gradle\caches\8.11.1\transforms\347c203ea38a376e2039abdc426de248\transformed\lifecycle-viewmodel-savedstate-release\AndroidManifest.xml
Merging manifest with lower [androidx.lifecycle:lifecycle-viewmodel-savedstate-android:2.9.1] AndroidManifest.xml:17:1-22:12
uses-sdk defined in both files...
Merging uses-sdk with lower [androidx.lifecycle:lifecycle-viewmodel-savedstate-android:2.9.1] AndroidManifest.xml:20:5-44
Merging library manifest C:\GradleHome\.gradle\caches\8.11.1\transforms\b66249ec5f54d7eb73c15654aaf2c69b\transformed\lifecycle-viewmodel-2.9.1\AndroidManifest.xml
Merging manifest with lower [androidx.lifecycle:lifecycle-viewmodel:2.9.1] AndroidManifest.xml:2:1-5:12
uses-sdk defined in both files...
Merging uses-sdk with lower [androidx.lifecycle:lifecycle-viewmodel:2.9.1] AndroidManifest.xml:4:5-43
Merging library manifest C:\GradleHome\.gradle\caches\8.11.1\transforms\d9aa8cf782aceba63343f9ac338bdc60\transformed\lifecycle-viewmodel-release\AndroidManifest.xml
Merging manifest with lower [androidx.lifecycle:lifecycle-viewmodel-android:2.9.1] AndroidManifest.xml:17:1-22:12
uses-sdk defined in both files...
Merging uses-sdk with lower [androidx.lifecycle:lifecycle-viewmodel-android:2.9.1] AndroidManifest.xml:20:5-44
Merging library manifest C:\GradleHome\.gradle\caches\8.11.1\transforms\829c3352d15808624ad81c1bfacb3495\transformed\savedstate-ktx-1.3.0\AndroidManifest.xml
Merging manifest with lower [androidx.savedstate:savedstate-ktx:1.3.0] AndroidManifest.xml:2:1-7:12
uses-sdk defined in both files...
Merging uses-sdk with lower [androidx.savedstate:savedstate-ktx:1.3.0] AndroidManifest.xml:5:5-44
Merging library manifest C:\GradleHome\.gradle\caches\8.11.1\transforms\10214c100acb29285b9982ac75484e97\transformed\savedstate-release\AndroidManifest.xml
Merging manifest with lower [androidx.savedstate:savedstate-android:1.3.0] AndroidManifest.xml:17:1-22:12
uses-sdk defined in both files...
Merging uses-sdk with lower [androidx.savedstate:savedstate-android:1.3.0] AndroidManifest.xml:20:5-44
Merging library manifest C:\GradleHome\.gradle\caches\8.11.1\transforms\6b6bfb75f089e3fb10869360bbac5864\transformed\lifecycle-runtime-release\AndroidManifest.xml
Merging manifest with lower [androidx.lifecycle:lifecycle-runtime-android:2.9.1] AndroidManifest.xml:17:1-22:12
uses-sdk defined in both files...
Merging uses-sdk with lower [androidx.lifecycle:lifecycle-runtime-android:2.9.1] AndroidManifest.xml:20:5-44
Merging library manifest C:\GradleHome\.gradle\caches\8.11.1\transforms\ac1ac9523d6796cedc8255d40434c775\transformed\lifecycle-service-2.9.1\AndroidManifest.xml
Merging manifest with lower [androidx.lifecycle:lifecycle-service:2.9.1] AndroidManifest.xml:2:1-7:12
uses-sdk defined in both files...
Merging uses-sdk with lower [androidx.lifecycle:lifecycle-service:2.9.1] AndroidManifest.xml:5:5-44
Merging library manifest C:\GradleHome\.gradle\caches\8.11.1\transforms\239b883535597f71fe9c8abfa11bce4b\transformed\lifecycle-livedata-2.9.1\AndroidManifest.xml
Merging manifest with lower [androidx.lifecycle:lifecycle-livedata:2.9.1] AndroidManifest.xml:17:1-22:12
uses-sdk defined in both files...
Merging uses-sdk with lower [androidx.lifecycle:lifecycle-livedata:2.9.1] AndroidManifest.xml:20:5-44
Merging library manifest C:\GradleHome\.gradle\caches\8.11.1\transforms\35c24ad2bd091e917b7b688f48c2a629\transformed\lifecycle-viewmodel-ktx-2.9.1\AndroidManifest.xml
Merging manifest with lower [androidx.lifecycle:lifecycle-viewmodel-ktx:2.9.1] AndroidManifest.xml:2:1-7:12
uses-sdk defined in both files...
Merging uses-sdk with lower [androidx.lifecycle:lifecycle-viewmodel-ktx:2.9.1] AndroidManifest.xml:5:5-44
Merging library manifest C:\GradleHome\.gradle\caches\8.11.1\transforms\1fdcc5441e51be53763bd40969afbea9\transformed\lifecycle-runtime-ktx\AndroidManifest.xml
Merging manifest with lower [androidx.lifecycle:lifecycle-runtime-ktx-android:2.9.1] AndroidManifest.xml:2:1-7:12
uses-sdk defined in both files...
Merging uses-sdk with lower [androidx.lifecycle:lifecycle-runtime-ktx-android:2.9.1] AndroidManifest.xml:5:5-44
Merging library manifest C:\GradleHome\.gradle\caches\8.11.1\transforms\5d20f86e999013de902c843b455a2bbe\transformed\lifecycle-viewmodel-compose-release\AndroidManifest.xml
Merging manifest with lower [androidx.lifecycle:lifecycle-viewmodel-compose-android:2.9.1] AndroidManifest.xml:2:1-7:12
uses-sdk defined in both files...
Merging uses-sdk with lower [androidx.lifecycle:lifecycle-viewmodel-compose-android:2.9.1] AndroidManifest.xml:5:5-44
Merging library manifest C:\GradleHome\.gradle\caches\8.11.1\transforms\8fb830aa96a3863ef1dc0f46527785a4\transformed\accompanist-drawablepainter-0.32.0\AndroidManifest.xml
Merging manifest with lower [com.google.accompanist:accompanist-drawablepainter:0.32.0] AndroidManifest.xml:17:1-23:12
uses-sdk defined in both files...
Merging uses-sdk with lower [com.google.accompanist:accompanist-drawablepainter:0.32.0] AndroidManifest.xml:21:5-44
Merging library manifest C:\GradleHome\.gradle\caches\8.11.1\transforms\2641dce7df97f6bbe761ab0c27ad6390\transformed\material-icons-core-release\AndroidManifest.xml
Merging manifest with lower [androidx.compose.material:material-icons-core-android:1.7.0] AndroidManifest.xml:2:1-7:12
uses-sdk defined in both files...
Merging uses-sdk with lower [androidx.compose.material:material-icons-core-android:1.7.0] AndroidManifest.xml:5:5-44
Merging library manifest C:\GradleHome\.gradle\caches\8.11.1\transforms\48e9af555eab0ef1263ab0656533074a\transformed\ui-release\AndroidManifest.xml
Merging manifest with lower [androidx.compose.ui:ui-android:1.7.8] AndroidManifest.xml:2:1-7:12
uses-sdk defined in both files...
Merging uses-sdk with lower [androidx.compose.ui:ui-android:1.7.8] AndroidManifest.xml:5:5-44
Merging library manifest C:\GradleHome\.gradle\caches\8.11.1\transforms\62d21847971436654eb38fc26ee73ba8\transformed\ui-test-manifest-1.7.8\AndroidManifest.xml
Merging manifest with lower [androidx.compose.ui:ui-test-manifest:1.7.8] AndroidManifest.xml:17:1-28:12
uses-sdk defined in both files...
Merging uses-sdk with lower [androidx.compose.ui:ui-test-manifest:1.7.8] AndroidManifest.xml:20:5-44
application defined in both files...
Merging application with lower [androidx.compose.ui:ui-test-manifest:1.7.8] AndroidManifest.xml:22:5-26:19
Adopted [activity: null]
Merging library manifest C:\GradleHome\.gradle\caches\8.11.1\transforms\592a84830b73357efeb49b5985eff5e3\transformed\activity-1.10.1\AndroidManifest.xml
Merging manifest with lower [androidx.activity:activity:1.10.1] AndroidManifest.xml:17:1-22:12
uses-sdk defined in both files...
Merging uses-sdk with lower [androidx.activity:activity:1.10.1] AndroidManifest.xml:20:5-44
Merging library manifest C:\GradleHome\.gradle\caches\8.11.1\transforms\dc66037d7f62470a8447479474359f08\transformed\activity-ktx-1.10.1\AndroidManifest.xml
Merging manifest with lower [androidx.activity:activity-ktx:1.10.1] AndroidManifest.xml:2:1-7:12
uses-sdk defined in both files...
Merging uses-sdk with lower [androidx.activity:activity-ktx:1.10.1] AndroidManifest.xml:5:5-44
Merging library manifest C:\GradleHome\.gradle\caches\8.11.1\transforms\c1d9e31f1f7f215518f49b476bffc755\transformed\activity-compose-1.10.1\AndroidManifest.xml
Merging manifest with lower [androidx.activity:activity-compose:1.10.1] AndroidManifest.xml:2:1-7:12
uses-sdk defined in both files...
Merging uses-sdk with lower [androidx.activity:activity-compose:1.10.1] AndroidManifest.xml:5:5-44
Merging library manifest C:\GradleHome\.gradle\caches\8.11.1\transforms\719e23488ce13bb8a66340716b9efd00\transformed\customview-poolingcontainer-1.0.0\AndroidManifest.xml
Merging manifest with lower [androidx.customview:customview-poolingcontainer:1.0.0] AndroidManifest.xml:17:1-23:12
uses-sdk defined in both files...
Merging uses-sdk with lower [androidx.customview:customview-poolingcontainer:1.0.0] AndroidManifest.xml:20:5-21:38
Merging library manifest C:\GradleHome\.gradle\caches\8.11.1\transforms\78938f8f3aa53c03765f4a2ce1322f98\transformed\core-ktx-1.16.0\AndroidManifest.xml
Merging manifest with lower [androidx.core:core-ktx:1.16.0] AndroidManifest.xml:2:1-7:12
uses-sdk defined in both files...
Merging uses-sdk with lower [androidx.core:core-ktx:1.16.0] AndroidManifest.xml:5:5-44
Merging library manifest C:\GradleHome\.gradle\caches\8.11.1\transforms\dd882e4ec5382d386db81820b9a8da06\transformed\room-runtime-2.6.1\AndroidManifest.xml
Merging manifest with lower [androidx.room:room-runtime:2.6.1] AndroidManifest.xml:17:1-31:12
uses-sdk defined in both files...
Merging uses-sdk with lower [androidx.room:room-runtime:2.6.1] AndroidManifest.xml:21:5-44
application defined in both files...
Merging application with lower [androidx.room:room-runtime:2.6.1] AndroidManifest.xml:23:5-29:19
Adopted [service: null]
Merging library manifest C:\GradleHome\.gradle\caches\8.11.1\transforms\bacb079c6745d8933bb9fb0c2841474c\transformed\room-ktx-2.6.1\AndroidManifest.xml
Merging manifest with lower [androidx.room:room-ktx:2.6.1] AndroidManifest.xml:17:1-22:12
uses-sdk defined in both files...
Merging uses-sdk with lower [androidx.room:room-ktx:2.6.1] AndroidManifest.xml:20:5-44
Merging library manifest C:\GradleHome\.gradle\caches\8.11.1\transforms\45e92f0105521c7fe98f70ba5eef50be\transformed\runtime-saveable-release\AndroidManifest.xml
Merging manifest with lower [androidx.compose.runtime:runtime-saveable-android:1.7.8] AndroidManifest.xml:2:1-7:12
uses-sdk defined in both files...
Merging uses-sdk with lower [androidx.compose.runtime:runtime-saveable-android:1.7.8] AndroidManifest.xml:5:5-44
Merging library manifest C:\GradleHome\.gradle\caches\8.11.1\transforms\8e97be238818685c323d8e356268307d\transformed\runtime-release\AndroidManifest.xml
Merging manifest with lower [androidx.compose.runtime:runtime-android:1.7.8] AndroidManifest.xml:2:1-7:12
uses-sdk defined in both files...
Merging uses-sdk with lower [androidx.compose.runtime:runtime-android:1.7.8] AndroidManifest.xml:5:5-44
Merging library manifest C:\GradleHome\.gradle\caches\8.11.1\transforms\713f0aaaa8b5c1d88a8aa3b581503601\transformed\timber-5.0.1\AndroidManifest.xml
Merging manifest with lower [com.jakewharton.timber:timber:5.0.1] AndroidManifest.xml:2:1-9:12
uses-sdk defined in both files...
Merging uses-sdk with lower [com.jakewharton.timber:timber:5.0.1] AndroidManifest.xml:5:5-44
application defined in both files...
Merging application with lower [com.jakewharton.timber:timber:5.0.1] AndroidManifest.xml:7:5-20
Merging library manifest C:\GradleHome\.gradle\caches\8.11.1\transforms\e7e8ed8b3637959f6a5ceb0caebd42b6\transformed\sqlite-framework-2.4.0\AndroidManifest.xml
Merging manifest with lower [androidx.sqlite:sqlite-framework:2.4.0] AndroidManifest.xml:17:1-22:12
uses-sdk defined in both files...
Merging uses-sdk with lower [androidx.sqlite:sqlite-framework:2.4.0] AndroidManifest.xml:20:5-44
Merging library manifest C:\GradleHome\.gradle\caches\8.11.1\transforms\392b7b7aa406ef51bc3a56af7a1d9ee4\transformed\sqlite-2.4.0\AndroidManifest.xml
Merging manifest with lower [androidx.sqlite:sqlite:2.4.0] AndroidManifest.xml:17:1-22:12
uses-sdk defined in both files...
Merging uses-sdk with lower [androidx.sqlite:sqlite:2.4.0] AndroidManifest.xml:20:5-44
Merging library manifest C:\GradleHome\.gradle\caches\8.11.1\transforms\e69b27976c42af9d8880b87673e7062f\transformed\annotation-experimental-1.4.1\AndroidManifest.xml
Merging manifest with lower [androidx.annotation:annotation-experimental:1.4.1] AndroidManifest.xml:2:1-7:12
uses-sdk defined in both files...
Merging uses-sdk with lower [androidx.annotation:annotation-experimental:1.4.1] AndroidManifest.xml:5:5-44
Merging library manifest C:\GradleHome\.gradle\caches\8.11.1\transforms\a8ecb960365e9f477ee612d2986f679b\transformed\core-viewtree-1.0.0\AndroidManifest.xml
Merging manifest with lower [androidx.core:core-viewtree:1.0.0] AndroidManifest.xml:2:1-7:12
uses-sdk defined in both files...
Merging uses-sdk with lower [androidx.core:core-viewtree:1.0.0] AndroidManifest.xml:5:5-44
Merging library manifest C:\GradleHome\.gradle\caches\8.11.1\transforms\0c0ad12d6c9059f9608720b749adbc9d\transformed\versionedparcelable-1.1.1\AndroidManifest.xml
Merging manifest with lower [androidx.versionedparcelable:versionedparcelable:1.1.1] AndroidManifest.xml:17:1-27:12
uses-sdk defined in both files...
Merging uses-sdk with lower [androidx.versionedparcelable:versionedparcelable:1.1.1] AndroidManifest.xml:20:5-22:41
application defined in both files...
Merging application with lower [androidx.versionedparcelable:versionedparcelable:1.1.1] AndroidManifest.xml:24:5-25:19
Merging library manifest C:\GradleHome\.gradle\caches\8.11.1\transforms\47c54506b6c873e6a48baae355f17b9e\transformed\core-runtime-2.2.0\AndroidManifest.xml
Merging manifest with lower [androidx.arch.core:core-runtime:2.2.0] AndroidManifest.xml:17:1-22:12
uses-sdk defined in both files...
Merging uses-sdk with lower [androidx.arch.core:core-runtime:2.2.0] AndroidManifest.xml:20:5-44
Merging library manifest C:\GradleHome\.gradle\caches\8.11.1\transforms\c67624a8e6845ebbce143a0d235b342a\transformed\interpolator-1.0.0\AndroidManifest.xml
Merging manifest with lower [androidx.interpolator:interpolator:1.0.0] AndroidManifest.xml:17:1-22:12
uses-sdk defined in both files...
Merging uses-sdk with lower [androidx.interpolator:interpolator:1.0.0] AndroidManifest.xml:20:5-44
Merging library manifest C:\GradleHome\.gradle\caches\8.11.1\transforms\a34c31deee888028e52c87025887536a\transformed\profileinstaller-1.4.0\AndroidManifest.xml
Merging manifest with lower [androidx.profileinstaller:profileinstaller:1.4.0] AndroidManifest.xml:17:1-55:12
uses-sdk defined in both files...
Merging uses-sdk with lower [androidx.profileinstaller:profileinstaller:1.4.0] AndroidManifest.xml:21:5-44
application defined in both files...
Merging application with lower [androidx.profileinstaller:profileinstaller:1.4.0] AndroidManifest.xml:23:5-53:19
provider#androidx.startup.InitializationProvider defined in both files...
Merging provider#androidx.startup.InitializationProvider with lower [androidx.profileinstaller:profileinstaller:1.4.0] AndroidManifest.xml:24:9-32:20
Adopted [meta-data: null]
Adopted [receiver: null]
Merging library manifest C:\GradleHome\.gradle\caches\8.11.1\transforms\c41282ae876c07f52228830360c804db\transformed\startup-runtime-1.1.1\AndroidManifest.xml
Merging manifest with lower [androidx.startup:startup-runtime:1.1.1] AndroidManifest.xml:17:1-33:12
uses-sdk defined in both files...
Merging uses-sdk with lower [androidx.startup:startup-runtime:1.1.1] AndroidManifest.xml:21:5-23:41
application defined in both files...
Merging application with lower [androidx.startup:startup-runtime:1.1.1] AndroidManifest.xml:25:5-31:19
provider#androidx.startup.InitializationProvider defined in both files...
Merging provider#androidx.startup.InitializationProvider with lower [androidx.startup:startup-runtime:1.1.1] AndroidManifest.xml:26:9-30:34
Merging library manifest C:\GradleHome\.gradle\caches\8.11.1\transforms\e2d8ce8a25d89c16139c8f1b8f595702\transformed\tracing-1.2.0\AndroidManifest.xml
Merging manifest with lower [androidx.tracing:tracing:1.2.0] AndroidManifest.xml:17:1-22:12
uses-sdk defined in both files...
Merging uses-sdk with lower [androidx.tracing:tracing:1.2.0] AndroidManifest.xml:20:5-44
Merging library manifest C:\GradleHome\.gradle\caches\8.11.1\transforms\4d149c03265e6ff1042c65a84e3d58e0\transformed\exifinterface-1.3.7\AndroidManifest.xml
Merging manifest with lower [androidx.exifinterface:exifinterface:1.3.7] AndroidManifest.xml:17:1-24:12
uses-sdk defined in both files...
Merging uses-sdk with lower [androidx.exifinterface:exifinterface:1.3.7] AndroidManifest.xml:20:5-22:41
Merging library manifest C:\GradleHome\.gradle\caches\8.11.1\transforms\79cf6d6b878b0406092910308cfc4aad\transformed\dagger-lint-aar-2.49\AndroidManifest.xml
Merging manifest with lower [com.google.dagger:dagger-lint-aar:2.49] AndroidManifest.xml:16:1-19:12
uses-sdk defined in both files...
Merging uses-sdk with lower [com.google.dagger:dagger-lint-aar:2.49] AndroidManifest.xml:18:3-42
Merging library manifest C:\GradleHome\.gradle\caches\8.11.1\transforms\81d010473911e6ebc5c9b31ba4ca8271\transformed\play-services-tasks-16.0.1\AndroidManifest.xml
Merging manifest with lower [com.google.android.gms:play-services-tasks:16.0.1] AndroidManifest.xml:2:1-9:12
uses-sdk defined in both files...
Merging uses-sdk with lower [com.google.android.gms:play-services-tasks:16.0.1] AndroidManifest.xml:5:5-44
application defined in both files...
Merging application with lower [com.google.android.gms:play-services-tasks:16.0.1] AndroidManifest.xml:7:5-20
Merging library manifest C:\GradleHome\.gradle\caches\8.11.1\transforms\70be690989ced7de7bc4b007034c599f\transformed\play-services-basement-16.0.1\AndroidManifest.xml
Merging manifest with lower [com.google.android.gms:play-services-basement:16.0.1] AndroidManifest.xml:17:1-28:12
uses-sdk defined in both files...
Merging uses-sdk with lower [com.google.android.gms:play-services-basement:16.0.1] AndroidManifest.xml:20:5-44
application defined in both files...
Merging application with lower [com.google.android.gms:play-services-basement:16.0.1] AndroidManifest.xml:22:5-26:19
Adopted [meta-data: null]
Merging result: SUCCESS
1<?xml version="1.0" encoding="utf-8"?>
2<manifest xmlns:android="http://schemas.android.com/apk/res/android"
3    package="com.studywise.ai"
4    android:versionCode="1"
5    android:versionName="1.0" >
6
7    <uses-sdk
8        android:minSdkVersion="24"
9        android:targetSdkVersion="35" />
10
11    <!-- Permissions for multi-input text methods -->
12    <uses-permission android:name="android.permission.CAMERA" />
12-->C:\DEV\StudyWise-Fresh\app\src\main\AndroidManifest.xml:6:5-65
12-->C:\DEV\StudyWise-Fresh\app\src\main\AndroidManifest.xml:6:22-62
13    <uses-permission android:name="android.permission.RECORD_AUDIO" />
13-->C:\DEV\StudyWise-Fresh\app\src\main\AndroidManifest.xml:7:5-71
13-->C:\DEV\StudyWise-Fresh\app\src\main\AndroidManifest.xml:7:22-68
14    <uses-permission android:name="android.permission.READ_EXTERNAL_STORAGE" />
14-->C:\DEV\StudyWise-Fresh\app\src\main\AndroidManifest.xml:8:5-80
14-->C:\DEV\StudyWise-Fresh\app\src\main\AndroidManifest.xml:8:22-77
15
16    <!-- Camera features (optional) -->
17    <uses-feature
17-->C:\DEV\StudyWise-Fresh\app\src\main\AndroidManifest.xml:11:5-85
18        android:name="android.hardware.camera"
18-->C:\DEV\StudyWise-Fresh\app\src\main\AndroidManifest.xml:11:19-57
19        android:required="false" />
19-->C:\DEV\StudyWise-Fresh\app\src\main\AndroidManifest.xml:11:58-82
20    <uses-feature
20-->C:\DEV\StudyWise-Fresh\app\src\main\AndroidManifest.xml:12:5-95
21        android:name="android.hardware.camera.autofocus"
21-->C:\DEV\StudyWise-Fresh\app\src\main\AndroidManifest.xml:12:19-67
22        android:required="false" />
22-->C:\DEV\StudyWise-Fresh\app\src\main\AndroidManifest.xml:12:68-92
23    <uses-feature
23-->C:\DEV\StudyWise-Fresh\app\src\main\AndroidManifest.xml:13:5-89
24        android:name="android.hardware.microphone"
24-->C:\DEV\StudyWise-Fresh\app\src\main\AndroidManifest.xml:13:19-61
25        android:required="false" />
25-->C:\DEV\StudyWise-Fresh\app\src\main\AndroidManifest.xml:13:62-86
26
27    <uses-permission android:name="android.permission.WAKE_LOCK" />
27-->[androidx.work:work-runtime:2.9.1] C:\GradleHome\.gradle\caches\8.11.1\transforms\38b1bfe84d845b3d8c33f19a6a277145\transformed\work-runtime-2.9.1\AndroidManifest.xml:23:5-68
27-->[androidx.work:work-runtime:2.9.1] C:\GradleHome\.gradle\caches\8.11.1\transforms\38b1bfe84d845b3d8c33f19a6a277145\transformed\work-runtime-2.9.1\AndroidManifest.xml:23:22-65
28    <uses-permission android:name="android.permission.ACCESS_NETWORK_STATE" />
28-->[androidx.work:work-runtime:2.9.1] C:\GradleHome\.gradle\caches\8.11.1\transforms\38b1bfe84d845b3d8c33f19a6a277145\transformed\work-runtime-2.9.1\AndroidManifest.xml:24:5-79
28-->[androidx.work:work-runtime:2.9.1] C:\GradleHome\.gradle\caches\8.11.1\transforms\38b1bfe84d845b3d8c33f19a6a277145\transformed\work-runtime-2.9.1\AndroidManifest.xml:24:22-76
29    <uses-permission android:name="android.permission.RECEIVE_BOOT_COMPLETED" />
29-->[androidx.work:work-runtime:2.9.1] C:\GradleHome\.gradle\caches\8.11.1\transforms\38b1bfe84d845b3d8c33f19a6a277145\transformed\work-runtime-2.9.1\AndroidManifest.xml:25:5-81
29-->[androidx.work:work-runtime:2.9.1] C:\GradleHome\.gradle\caches\8.11.1\transforms\38b1bfe84d845b3d8c33f19a6a277145\transformed\work-runtime-2.9.1\AndroidManifest.xml:25:22-78
30    <uses-permission android:name="android.permission.FOREGROUND_SERVICE" />
30-->[androidx.work:work-runtime:2.9.1] C:\GradleHome\.gradle\caches\8.11.1\transforms\38b1bfe84d845b3d8c33f19a6a277145\transformed\work-runtime-2.9.1\AndroidManifest.xml:26:5-77
30-->[androidx.work:work-runtime:2.9.1] C:\GradleHome\.gradle\caches\8.11.1\transforms\38b1bfe84d845b3d8c33f19a6a277145\transformed\work-runtime-2.9.1\AndroidManifest.xml:26:22-74
31
32    <permission
32-->[androidx.core:core:1.16.0] C:\GradleHome\.gradle\caches\8.11.1\transforms\dcb0299caed165a1edf3cdf42189fdb1\transformed\core-1.16.0\AndroidManifest.xml:22:5-24:47
33        android:name="com.studywise.ai.DYNAMIC_RECEIVER_NOT_EXPORTED_PERMISSION"
33-->[androidx.core:core:1.16.0] C:\GradleHome\.gradle\caches\8.11.1\transforms\dcb0299caed165a1edf3cdf42189fdb1\transformed\core-1.16.0\AndroidManifest.xml:23:9-81
34        android:protectionLevel="signature" />
34-->[androidx.core:core:1.16.0] C:\GradleHome\.gradle\caches\8.11.1\transforms\dcb0299caed165a1edf3cdf42189fdb1\transformed\core-1.16.0\AndroidManifest.xml:24:9-44
35
36    <uses-permission android:name="com.studywise.ai.DYNAMIC_RECEIVER_NOT_EXPORTED_PERMISSION" />
36-->[androidx.core:core:1.16.0] C:\GradleHome\.gradle\caches\8.11.1\transforms\dcb0299caed165a1edf3cdf42189fdb1\transformed\core-1.16.0\AndroidManifest.xml:26:5-97
36-->[androidx.core:core:1.16.0] C:\GradleHome\.gradle\caches\8.11.1\transforms\dcb0299caed165a1edf3cdf42189fdb1\transformed\core-1.16.0\AndroidManifest.xml:26:22-94
37
38    <application
38-->C:\DEV\StudyWise-Fresh\app\src\main\AndroidManifest.xml:15:5-48:19
39        android:name="com.studywise.ai.StudyWiseApp"
39-->C:\DEV\StudyWise-Fresh\app\src\main\AndroidManifest.xml:16:9-37
40        android:allowBackup="true"
40-->C:\DEV\StudyWise-Fresh\app\src\main\AndroidManifest.xml:17:9-35
41        android:appComponentFactory="androidx.core.app.CoreComponentFactory"
41-->[androidx.core:core:1.16.0] C:\GradleHome\.gradle\caches\8.11.1\transforms\dcb0299caed165a1edf3cdf42189fdb1\transformed\core-1.16.0\AndroidManifest.xml:28:18-86
42        android:dataExtractionRules="@xml/data_extraction_rules"
42-->C:\DEV\StudyWise-Fresh\app\src\main\AndroidManifest.xml:18:9-65
43        android:debuggable="true"
44        android:extractNativeLibs="false"
45        android:fullBackupContent="@xml/backup_rules"
45-->C:\DEV\StudyWise-Fresh\app\src\main\AndroidManifest.xml:19:9-54
46        android:icon="@mipmap/ic_launcher"
46-->C:\DEV\StudyWise-Fresh\app\src\main\AndroidManifest.xml:20:9-43
47        android:label="@string/app_name"
47-->C:\DEV\StudyWise-Fresh\app\src\main\AndroidManifest.xml:21:9-41
48        android:roundIcon="@mipmap/ic_launcher_round"
48-->C:\DEV\StudyWise-Fresh\app\src\main\AndroidManifest.xml:22:9-54
49        android:supportsRtl="true"
49-->C:\DEV\StudyWise-Fresh\app\src\main\AndroidManifest.xml:23:9-35
50        android:theme="@style/Theme.StudyWise" >
50-->C:\DEV\StudyWise-Fresh\app\src\main\AndroidManifest.xml:24:9-47
51        <activity
51-->C:\DEV\StudyWise-Fresh\app\src\main\AndroidManifest.xml:26:9-36:20
52            android:name="com.studywise.ai.MainActivity"
52-->C:\DEV\StudyWise-Fresh\app\src\main\AndroidManifest.xml:27:13-41
53            android:exported="true"
53-->C:\DEV\StudyWise-Fresh\app\src\main\AndroidManifest.xml:28:13-36
54            android:label="@string/app_name"
54-->C:\DEV\StudyWise-Fresh\app\src\main\AndroidManifest.xml:29:13-45
55            android:theme="@style/Theme.StudyWise" >
55-->C:\DEV\StudyWise-Fresh\app\src\main\AndroidManifest.xml:30:13-51
56            <intent-filter>
56-->C:\DEV\StudyWise-Fresh\app\src\main\AndroidManifest.xml:31:13-35:29
57                <action android:name="android.intent.action.MAIN" />
57-->C:\DEV\StudyWise-Fresh\app\src\main\AndroidManifest.xml:32:17-69
57-->C:\DEV\StudyWise-Fresh\app\src\main\AndroidManifest.xml:32:25-66
58
59                <category android:name="android.intent.category.LAUNCHER" />
59-->C:\DEV\StudyWise-Fresh\app\src\main\AndroidManifest.xml:34:17-77
59-->C:\DEV\StudyWise-Fresh\app\src\main\AndroidManifest.xml:34:27-74
60            </intent-filter>
61        </activity>
62
63        <!-- FileProvider for camera photos -->
64        <provider
65            android:name="androidx.core.content.FileProvider"
65-->C:\DEV\StudyWise-Fresh\app\src\main\AndroidManifest.xml:40:13-62
66            android:authorities="com.studywise.ai.fileprovider"
66-->C:\DEV\StudyWise-Fresh\app\src\main\AndroidManifest.xml:41:13-64
67            android:exported="false"
67-->C:\DEV\StudyWise-Fresh\app\src\main\AndroidManifest.xml:42:13-37
68            android:grantUriPermissions="true" >
68-->C:\DEV\StudyWise-Fresh\app\src\main\AndroidManifest.xml:43:13-47
69            <meta-data
69-->C:\DEV\StudyWise-Fresh\app\src\main\AndroidManifest.xml:44:13-46:54
70                android:name="android.support.FILE_PROVIDER_PATHS"
70-->C:\DEV\StudyWise-Fresh\app\src\main\AndroidManifest.xml:45:17-67
71                android:resource="@xml/file_paths" />
71-->C:\DEV\StudyWise-Fresh\app\src\main\AndroidManifest.xml:46:17-51
72        </provider>
73        <provider
73-->[androidx.work:work-runtime:2.9.1] C:\GradleHome\.gradle\caches\8.11.1\transforms\38b1bfe84d845b3d8c33f19a6a277145\transformed\work-runtime-2.9.1\AndroidManifest.xml:29:9-37:20
74            android:name="androidx.startup.InitializationProvider"
74-->[androidx.work:work-runtime:2.9.1] C:\GradleHome\.gradle\caches\8.11.1\transforms\38b1bfe84d845b3d8c33f19a6a277145\transformed\work-runtime-2.9.1\AndroidManifest.xml:30:13-67
75            android:authorities="com.studywise.ai.androidx-startup"
75-->[androidx.work:work-runtime:2.9.1] C:\GradleHome\.gradle\caches\8.11.1\transforms\38b1bfe84d845b3d8c33f19a6a277145\transformed\work-runtime-2.9.1\AndroidManifest.xml:31:13-68
76            android:exported="false" >
76-->[androidx.work:work-runtime:2.9.1] C:\GradleHome\.gradle\caches\8.11.1\transforms\38b1bfe84d845b3d8c33f19a6a277145\transformed\work-runtime-2.9.1\AndroidManifest.xml:32:13-37
77            <meta-data
77-->[androidx.work:work-runtime:2.9.1] C:\GradleHome\.gradle\caches\8.11.1\transforms\38b1bfe84d845b3d8c33f19a6a277145\transformed\work-runtime-2.9.1\AndroidManifest.xml:34:13-36:52
78                android:name="androidx.work.WorkManagerInitializer"
78-->[androidx.work:work-runtime:2.9.1] C:\GradleHome\.gradle\caches\8.11.1\transforms\38b1bfe84d845b3d8c33f19a6a277145\transformed\work-runtime-2.9.1\AndroidManifest.xml:35:17-68
79                android:value="androidx.startup" />
79-->[androidx.work:work-runtime:2.9.1] C:\GradleHome\.gradle\caches\8.11.1\transforms\38b1bfe84d845b3d8c33f19a6a277145\transformed\work-runtime-2.9.1\AndroidManifest.xml:36:17-49
80            <meta-data
80-->[androidx.emoji2:emoji2:1.3.0] C:\GradleHome\.gradle\caches\8.11.1\transforms\470b101915b7803fdb43da334efdd1ac\transformed\emoji2-1.3.0\AndroidManifest.xml:29:13-31:52
81                android:name="androidx.emoji2.text.EmojiCompatInitializer"
81-->[androidx.emoji2:emoji2:1.3.0] C:\GradleHome\.gradle\caches\8.11.1\transforms\470b101915b7803fdb43da334efdd1ac\transformed\emoji2-1.3.0\AndroidManifest.xml:30:17-75
82                android:value="androidx.startup" />
82-->[androidx.emoji2:emoji2:1.3.0] C:\GradleHome\.gradle\caches\8.11.1\transforms\470b101915b7803fdb43da334efdd1ac\transformed\emoji2-1.3.0\AndroidManifest.xml:31:17-49
83            <meta-data
83-->[androidx.lifecycle:lifecycle-process:2.9.1] C:\GradleHome\.gradle\caches\8.11.1\transforms\5c42de5edf39b866bebb64abe4d8ee31\transformed\lifecycle-process-2.9.1\AndroidManifest.xml:29:13-31:52
84                android:name="androidx.lifecycle.ProcessLifecycleInitializer"
84-->[androidx.lifecycle:lifecycle-process:2.9.1] C:\GradleHome\.gradle\caches\8.11.1\transforms\5c42de5edf39b866bebb64abe4d8ee31\transformed\lifecycle-process-2.9.1\AndroidManifest.xml:30:17-78
85                android:value="androidx.startup" />
85-->[androidx.lifecycle:lifecycle-process:2.9.1] C:\GradleHome\.gradle\caches\8.11.1\transforms\5c42de5edf39b866bebb64abe4d8ee31\transformed\lifecycle-process-2.9.1\AndroidManifest.xml:31:17-49
86            <meta-data
86-->[androidx.profileinstaller:profileinstaller:1.4.0] C:\GradleHome\.gradle\caches\8.11.1\transforms\a34c31deee888028e52c87025887536a\transformed\profileinstaller-1.4.0\AndroidManifest.xml:29:13-31:52
87                android:name="androidx.profileinstaller.ProfileInstallerInitializer"
87-->[androidx.profileinstaller:profileinstaller:1.4.0] C:\GradleHome\.gradle\caches\8.11.1\transforms\a34c31deee888028e52c87025887536a\transformed\profileinstaller-1.4.0\AndroidManifest.xml:30:17-85
88                android:value="androidx.startup" />
88-->[androidx.profileinstaller:profileinstaller:1.4.0] C:\GradleHome\.gradle\caches\8.11.1\transforms\a34c31deee888028e52c87025887536a\transformed\profileinstaller-1.4.0\AndroidManifest.xml:31:17-49
89        </provider>
90
91        <service
91-->[androidx.work:work-runtime:2.9.1] C:\GradleHome\.gradle\caches\8.11.1\transforms\38b1bfe84d845b3d8c33f19a6a277145\transformed\work-runtime-2.9.1\AndroidManifest.xml:39:9-45:35
92            android:name="androidx.work.impl.background.systemalarm.SystemAlarmService"
92-->[androidx.work:work-runtime:2.9.1] C:\GradleHome\.gradle\caches\8.11.1\transforms\38b1bfe84d845b3d8c33f19a6a277145\transformed\work-runtime-2.9.1\AndroidManifest.xml:40:13-88
93            android:directBootAware="false"
93-->[androidx.work:work-runtime:2.9.1] C:\GradleHome\.gradle\caches\8.11.1\transforms\38b1bfe84d845b3d8c33f19a6a277145\transformed\work-runtime-2.9.1\AndroidManifest.xml:41:13-44
94            android:enabled="@bool/enable_system_alarm_service_default"
94-->[androidx.work:work-runtime:2.9.1] C:\GradleHome\.gradle\caches\8.11.1\transforms\38b1bfe84d845b3d8c33f19a6a277145\transformed\work-runtime-2.9.1\AndroidManifest.xml:42:13-72
95            android:exported="false" />
95-->[androidx.work:work-runtime:2.9.1] C:\GradleHome\.gradle\caches\8.11.1\transforms\38b1bfe84d845b3d8c33f19a6a277145\transformed\work-runtime-2.9.1\AndroidManifest.xml:43:13-37
96        <service
96-->[androidx.work:work-runtime:2.9.1] C:\GradleHome\.gradle\caches\8.11.1\transforms\38b1bfe84d845b3d8c33f19a6a277145\transformed\work-runtime-2.9.1\AndroidManifest.xml:46:9-52:35
97            android:name="androidx.work.impl.background.systemjob.SystemJobService"
97-->[androidx.work:work-runtime:2.9.1] C:\GradleHome\.gradle\caches\8.11.1\transforms\38b1bfe84d845b3d8c33f19a6a277145\transformed\work-runtime-2.9.1\AndroidManifest.xml:47:13-84
98            android:directBootAware="false"
98-->[androidx.work:work-runtime:2.9.1] C:\GradleHome\.gradle\caches\8.11.1\transforms\38b1bfe84d845b3d8c33f19a6a277145\transformed\work-runtime-2.9.1\AndroidManifest.xml:48:13-44
99            android:enabled="@bool/enable_system_job_service_default"
99-->[androidx.work:work-runtime:2.9.1] C:\GradleHome\.gradle\caches\8.11.1\transforms\38b1bfe84d845b3d8c33f19a6a277145\transformed\work-runtime-2.9.1\AndroidManifest.xml:49:13-70
100            android:exported="true"
100-->[androidx.work:work-runtime:2.9.1] C:\GradleHome\.gradle\caches\8.11.1\transforms\38b1bfe84d845b3d8c33f19a6a277145\transformed\work-runtime-2.9.1\AndroidManifest.xml:50:13-36
101            android:permission="android.permission.BIND_JOB_SERVICE" />
101-->[androidx.work:work-runtime:2.9.1] C:\GradleHome\.gradle\caches\8.11.1\transforms\38b1bfe84d845b3d8c33f19a6a277145\transformed\work-runtime-2.9.1\AndroidManifest.xml:51:13-69
102        <service
102-->[androidx.work:work-runtime:2.9.1] C:\GradleHome\.gradle\caches\8.11.1\transforms\38b1bfe84d845b3d8c33f19a6a277145\transformed\work-runtime-2.9.1\AndroidManifest.xml:53:9-59:35
103            android:name="androidx.work.impl.foreground.SystemForegroundService"
103-->[androidx.work:work-runtime:2.9.1] C:\GradleHome\.gradle\caches\8.11.1\transforms\38b1bfe84d845b3d8c33f19a6a277145\transformed\work-runtime-2.9.1\AndroidManifest.xml:54:13-81
104            android:directBootAware="false"
104-->[androidx.work:work-runtime:2.9.1] C:\GradleHome\.gradle\caches\8.11.1\transforms\38b1bfe84d845b3d8c33f19a6a277145\transformed\work-runtime-2.9.1\AndroidManifest.xml:55:13-44
105            android:enabled="@bool/enable_system_foreground_service_default"
105-->[androidx.work:work-runtime:2.9.1] C:\GradleHome\.gradle\caches\8.11.1\transforms\38b1bfe84d845b3d8c33f19a6a277145\transformed\work-runtime-2.9.1\AndroidManifest.xml:56:13-77
106            android:exported="false" />
106-->[androidx.work:work-runtime:2.9.1] C:\GradleHome\.gradle\caches\8.11.1\transforms\38b1bfe84d845b3d8c33f19a6a277145\transformed\work-runtime-2.9.1\AndroidManifest.xml:57:13-37
107
108        <receiver
108-->[androidx.work:work-runtime:2.9.1] C:\GradleHome\.gradle\caches\8.11.1\transforms\38b1bfe84d845b3d8c33f19a6a277145\transformed\work-runtime-2.9.1\AndroidManifest.xml:61:9-66:35
109            android:name="androidx.work.impl.utils.ForceStopRunnable$BroadcastReceiver"
109-->[androidx.work:work-runtime:2.9.1] C:\GradleHome\.gradle\caches\8.11.1\transforms\38b1bfe84d845b3d8c33f19a6a277145\transformed\work-runtime-2.9.1\AndroidManifest.xml:62:13-88
110            android:directBootAware="false"
110-->[androidx.work:work-runtime:2.9.1] C:\GradleHome\.gradle\caches\8.11.1\transforms\38b1bfe84d845b3d8c33f19a6a277145\transformed\work-runtime-2.9.1\AndroidManifest.xml:63:13-44
111            android:enabled="true"
111-->[androidx.work:work-runtime:2.9.1] C:\GradleHome\.gradle\caches\8.11.1\transforms\38b1bfe84d845b3d8c33f19a6a277145\transformed\work-runtime-2.9.1\AndroidManifest.xml:64:13-35
112            android:exported="false" />
112-->[androidx.work:work-runtime:2.9.1] C:\GradleHome\.gradle\caches\8.11.1\transforms\38b1bfe84d845b3d8c33f19a6a277145\transformed\work-runtime-2.9.1\AndroidManifest.xml:65:13-37
113        <receiver
113-->[androidx.work:work-runtime:2.9.1] C:\GradleHome\.gradle\caches\8.11.1\transforms\38b1bfe84d845b3d8c33f19a6a277145\transformed\work-runtime-2.9.1\AndroidManifest.xml:67:9-77:20
114            android:name="androidx.work.impl.background.systemalarm.ConstraintProxy$BatteryChargingProxy"
114-->[androidx.work:work-runtime:2.9.1] C:\GradleHome\.gradle\caches\8.11.1\transforms\38b1bfe84d845b3d8c33f19a6a277145\transformed\work-runtime-2.9.1\AndroidManifest.xml:68:13-106
115            android:directBootAware="false"
115-->[androidx.work:work-runtime:2.9.1] C:\GradleHome\.gradle\caches\8.11.1\transforms\38b1bfe84d845b3d8c33f19a6a277145\transformed\work-runtime-2.9.1\AndroidManifest.xml:69:13-44
116            android:enabled="false"
116-->[androidx.work:work-runtime:2.9.1] C:\GradleHome\.gradle\caches\8.11.1\transforms\38b1bfe84d845b3d8c33f19a6a277145\transformed\work-runtime-2.9.1\AndroidManifest.xml:70:13-36
117            android:exported="false" >
117-->[androidx.work:work-runtime:2.9.1] C:\GradleHome\.gradle\caches\8.11.1\transforms\38b1bfe84d845b3d8c33f19a6a277145\transformed\work-runtime-2.9.1\AndroidManifest.xml:71:13-37
118            <intent-filter>
118-->[androidx.work:work-runtime:2.9.1] C:\GradleHome\.gradle\caches\8.11.1\transforms\38b1bfe84d845b3d8c33f19a6a277145\transformed\work-runtime-2.9.1\AndroidManifest.xml:73:13-76:29
119                <action android:name="android.intent.action.ACTION_POWER_CONNECTED" />
119-->[androidx.work:work-runtime:2.9.1] C:\GradleHome\.gradle\caches\8.11.1\transforms\38b1bfe84d845b3d8c33f19a6a277145\transformed\work-runtime-2.9.1\AndroidManifest.xml:74:17-87
119-->[androidx.work:work-runtime:2.9.1] C:\GradleHome\.gradle\caches\8.11.1\transforms\38b1bfe84d845b3d8c33f19a6a277145\transformed\work-runtime-2.9.1\AndroidManifest.xml:74:25-84
120                <action android:name="android.intent.action.ACTION_POWER_DISCONNECTED" />
120-->[androidx.work:work-runtime:2.9.1] C:\GradleHome\.gradle\caches\8.11.1\transforms\38b1bfe84d845b3d8c33f19a6a277145\transformed\work-runtime-2.9.1\AndroidManifest.xml:75:17-90
120-->[androidx.work:work-runtime:2.9.1] C:\GradleHome\.gradle\caches\8.11.1\transforms\38b1bfe84d845b3d8c33f19a6a277145\transformed\work-runtime-2.9.1\AndroidManifest.xml:75:25-87
121            </intent-filter>
122        </receiver>
123        <receiver
123-->[androidx.work:work-runtime:2.9.1] C:\GradleHome\.gradle\caches\8.11.1\transforms\38b1bfe84d845b3d8c33f19a6a277145\transformed\work-runtime-2.9.1\AndroidManifest.xml:78:9-88:20
124            android:name="androidx.work.impl.background.systemalarm.ConstraintProxy$BatteryNotLowProxy"
124-->[androidx.work:work-runtime:2.9.1] C:\GradleHome\.gradle\caches\8.11.1\transforms\38b1bfe84d845b3d8c33f19a6a277145\transformed\work-runtime-2.9.1\AndroidManifest.xml:79:13-104
125            android:directBootAware="false"
125-->[androidx.work:work-runtime:2.9.1] C:\GradleHome\.gradle\caches\8.11.1\transforms\38b1bfe84d845b3d8c33f19a6a277145\transformed\work-runtime-2.9.1\AndroidManifest.xml:80:13-44
126            android:enabled="false"
126-->[androidx.work:work-runtime:2.9.1] C:\GradleHome\.gradle\caches\8.11.1\transforms\38b1bfe84d845b3d8c33f19a6a277145\transformed\work-runtime-2.9.1\AndroidManifest.xml:81:13-36
127            android:exported="false" >
127-->[androidx.work:work-runtime:2.9.1] C:\GradleHome\.gradle\caches\8.11.1\transforms\38b1bfe84d845b3d8c33f19a6a277145\transformed\work-runtime-2.9.1\AndroidManifest.xml:82:13-37
128            <intent-filter>
128-->[androidx.work:work-runtime:2.9.1] C:\GradleHome\.gradle\caches\8.11.1\transforms\38b1bfe84d845b3d8c33f19a6a277145\transformed\work-runtime-2.9.1\AndroidManifest.xml:84:13-87:29
129                <action android:name="android.intent.action.BATTERY_OKAY" />
129-->[androidx.work:work-runtime:2.9.1] C:\GradleHome\.gradle\caches\8.11.1\transforms\38b1bfe84d845b3d8c33f19a6a277145\transformed\work-runtime-2.9.1\AndroidManifest.xml:85:17-77
129-->[androidx.work:work-runtime:2.9.1] C:\GradleHome\.gradle\caches\8.11.1\transforms\38b1bfe84d845b3d8c33f19a6a277145\transformed\work-runtime-2.9.1\AndroidManifest.xml:85:25-74
130                <action android:name="android.intent.action.BATTERY_LOW" />
130-->[androidx.work:work-runtime:2.9.1] C:\GradleHome\.gradle\caches\8.11.1\transforms\38b1bfe84d845b3d8c33f19a6a277145\transformed\work-runtime-2.9.1\AndroidManifest.xml:86:17-76
130-->[androidx.work:work-runtime:2.9.1] C:\GradleHome\.gradle\caches\8.11.1\transforms\38b1bfe84d845b3d8c33f19a6a277145\transformed\work-runtime-2.9.1\AndroidManifest.xml:86:25-73
131            </intent-filter>
132        </receiver>
133        <receiver
133-->[androidx.work:work-runtime:2.9.1] C:\GradleHome\.gradle\caches\8.11.1\transforms\38b1bfe84d845b3d8c33f19a6a277145\transformed\work-runtime-2.9.1\AndroidManifest.xml:89:9-99:20
134            android:name="androidx.work.impl.background.systemalarm.ConstraintProxy$StorageNotLowProxy"
134-->[androidx.work:work-runtime:2.9.1] C:\GradleHome\.gradle\caches\8.11.1\transforms\38b1bfe84d845b3d8c33f19a6a277145\transformed\work-runtime-2.9.1\AndroidManifest.xml:90:13-104
135            android:directBootAware="false"
135-->[androidx.work:work-runtime:2.9.1] C:\GradleHome\.gradle\caches\8.11.1\transforms\38b1bfe84d845b3d8c33f19a6a277145\transformed\work-runtime-2.9.1\AndroidManifest.xml:91:13-44
136            android:enabled="false"
136-->[androidx.work:work-runtime:2.9.1] C:\GradleHome\.gradle\caches\8.11.1\transforms\38b1bfe84d845b3d8c33f19a6a277145\transformed\work-runtime-2.9.1\AndroidManifest.xml:92:13-36
137            android:exported="false" >
137-->[androidx.work:work-runtime:2.9.1] C:\GradleHome\.gradle\caches\8.11.1\transforms\38b1bfe84d845b3d8c33f19a6a277145\transformed\work-runtime-2.9.1\AndroidManifest.xml:93:13-37
138            <intent-filter>
138-->[androidx.work:work-runtime:2.9.1] C:\GradleHome\.gradle\caches\8.11.1\transforms\38b1bfe84d845b3d8c33f19a6a277145\transformed\work-runtime-2.9.1\AndroidManifest.xml:95:13-98:29
139                <action android:name="android.intent.action.DEVICE_STORAGE_LOW" />
139-->[androidx.work:work-runtime:2.9.1] C:\GradleHome\.gradle\caches\8.11.1\transforms\38b1bfe84d845b3d8c33f19a6a277145\transformed\work-runtime-2.9.1\AndroidManifest.xml:96:17-83
139-->[androidx.work:work-runtime:2.9.1] C:\GradleHome\.gradle\caches\8.11.1\transforms\38b1bfe84d845b3d8c33f19a6a277145\transformed\work-runtime-2.9.1\AndroidManifest.xml:96:25-80
140                <action android:name="android.intent.action.DEVICE_STORAGE_OK" />
140-->[androidx.work:work-runtime:2.9.1] C:\GradleHome\.gradle\caches\8.11.1\transforms\38b1bfe84d845b3d8c33f19a6a277145\transformed\work-runtime-2.9.1\AndroidManifest.xml:97:17-82
140-->[androidx.work:work-runtime:2.9.1] C:\GradleHome\.gradle\caches\8.11.1\transforms\38b1bfe84d845b3d8c33f19a6a277145\transformed\work-runtime-2.9.1\AndroidManifest.xml:97:25-79
141            </intent-filter>
142        </receiver>
143        <receiver
143-->[androidx.work:work-runtime:2.9.1] C:\GradleHome\.gradle\caches\8.11.1\transforms\38b1bfe84d845b3d8c33f19a6a277145\transformed\work-runtime-2.9.1\AndroidManifest.xml:100:9-109:20
144            android:name="androidx.work.impl.background.systemalarm.ConstraintProxy$NetworkStateProxy"
144-->[androidx.work:work-runtime:2.9.1] C:\GradleHome\.gradle\caches\8.11.1\transforms\38b1bfe84d845b3d8c33f19a6a277145\transformed\work-runtime-2.9.1\AndroidManifest.xml:101:13-103
145            android:directBootAware="false"
145-->[androidx.work:work-runtime:2.9.1] C:\GradleHome\.gradle\caches\8.11.1\transforms\38b1bfe84d845b3d8c33f19a6a277145\transformed\work-runtime-2.9.1\AndroidManifest.xml:102:13-44
146            android:enabled="false"
146-->[androidx.work:work-runtime:2.9.1] C:\GradleHome\.gradle\caches\8.11.1\transforms\38b1bfe84d845b3d8c33f19a6a277145\transformed\work-runtime-2.9.1\AndroidManifest.xml:103:13-36
147            android:exported="false" >
147-->[androidx.work:work-runtime:2.9.1] C:\GradleHome\.gradle\caches\8.11.1\transforms\38b1bfe84d845b3d8c33f19a6a277145\transformed\work-runtime-2.9.1\AndroidManifest.xml:104:13-37
148            <intent-filter>
148-->[androidx.work:work-runtime:2.9.1] C:\GradleHome\.gradle\caches\8.11.1\transforms\38b1bfe84d845b3d8c33f19a6a277145\transformed\work-runtime-2.9.1\AndroidManifest.xml:106:13-108:29
149                <action android:name="android.net.conn.CONNECTIVITY_CHANGE" />
149-->[androidx.work:work-runtime:2.9.1] C:\GradleHome\.gradle\caches\8.11.1\transforms\38b1bfe84d845b3d8c33f19a6a277145\transformed\work-runtime-2.9.1\AndroidManifest.xml:107:17-79
149-->[androidx.work:work-runtime:2.9.1] C:\GradleHome\.gradle\caches\8.11.1\transforms\38b1bfe84d845b3d8c33f19a6a277145\transformed\work-runtime-2.9.1\AndroidManifest.xml:107:25-76
150            </intent-filter>
151        </receiver>
152        <receiver
152-->[androidx.work:work-runtime:2.9.1] C:\GradleHome\.gradle\caches\8.11.1\transforms\38b1bfe84d845b3d8c33f19a6a277145\transformed\work-runtime-2.9.1\AndroidManifest.xml:110:9-121:20
153            android:name="androidx.work.impl.background.systemalarm.RescheduleReceiver"
153-->[androidx.work:work-runtime:2.9.1] C:\GradleHome\.gradle\caches\8.11.1\transforms\38b1bfe84d845b3d8c33f19a6a277145\transformed\work-runtime-2.9.1\AndroidManifest.xml:111:13-88
154            android:directBootAware="false"
154-->[androidx.work:work-runtime:2.9.1] C:\GradleHome\.gradle\caches\8.11.1\transforms\38b1bfe84d845b3d8c33f19a6a277145\transformed\work-runtime-2.9.1\AndroidManifest.xml:112:13-44
155            android:enabled="false"
155-->[androidx.work:work-runtime:2.9.1] C:\GradleHome\.gradle\caches\8.11.1\transforms\38b1bfe84d845b3d8c33f19a6a277145\transformed\work-runtime-2.9.1\AndroidManifest.xml:113:13-36
156            android:exported="false" >
156-->[androidx.work:work-runtime:2.9.1] C:\GradleHome\.gradle\caches\8.11.1\transforms\38b1bfe84d845b3d8c33f19a6a277145\transformed\work-runtime-2.9.1\AndroidManifest.xml:114:13-37
157            <intent-filter>
157-->[androidx.work:work-runtime:2.9.1] C:\GradleHome\.gradle\caches\8.11.1\transforms\38b1bfe84d845b3d8c33f19a6a277145\transformed\work-runtime-2.9.1\AndroidManifest.xml:116:13-120:29
158                <action android:name="android.intent.action.BOOT_COMPLETED" />
158-->[androidx.work:work-runtime:2.9.1] C:\GradleHome\.gradle\caches\8.11.1\transforms\38b1bfe84d845b3d8c33f19a6a277145\transformed\work-runtime-2.9.1\AndroidManifest.xml:117:17-79
158-->[androidx.work:work-runtime:2.9.1] C:\GradleHome\.gradle\caches\8.11.1\transforms\38b1bfe84d845b3d8c33f19a6a277145\transformed\work-runtime-2.9.1\AndroidManifest.xml:117:25-76
159                <action android:name="android.intent.action.TIME_SET" />
159-->[androidx.work:work-runtime:2.9.1] C:\GradleHome\.gradle\caches\8.11.1\transforms\38b1bfe84d845b3d8c33f19a6a277145\transformed\work-runtime-2.9.1\AndroidManifest.xml:118:17-73
159-->[androidx.work:work-runtime:2.9.1] C:\GradleHome\.gradle\caches\8.11.1\transforms\38b1bfe84d845b3d8c33f19a6a277145\transformed\work-runtime-2.9.1\AndroidManifest.xml:118:25-70
160                <action android:name="android.intent.action.TIMEZONE_CHANGED" />
160-->[androidx.work:work-runtime:2.9.1] C:\GradleHome\.gradle\caches\8.11.1\transforms\38b1bfe84d845b3d8c33f19a6a277145\transformed\work-runtime-2.9.1\AndroidManifest.xml:119:17-81
160-->[androidx.work:work-runtime:2.9.1] C:\GradleHome\.gradle\caches\8.11.1\transforms\38b1bfe84d845b3d8c33f19a6a277145\transformed\work-runtime-2.9.1\AndroidManifest.xml:119:25-78
161            </intent-filter>
162        </receiver>
163        <receiver
163-->[androidx.work:work-runtime:2.9.1] C:\GradleHome\.gradle\caches\8.11.1\transforms\38b1bfe84d845b3d8c33f19a6a277145\transformed\work-runtime-2.9.1\AndroidManifest.xml:122:9-131:20
164            android:name="androidx.work.impl.background.systemalarm.ConstraintProxyUpdateReceiver"
164-->[androidx.work:work-runtime:2.9.1] C:\GradleHome\.gradle\caches\8.11.1\transforms\38b1bfe84d845b3d8c33f19a6a277145\transformed\work-runtime-2.9.1\AndroidManifest.xml:123:13-99
165            android:directBootAware="false"
165-->[androidx.work:work-runtime:2.9.1] C:\GradleHome\.gradle\caches\8.11.1\transforms\38b1bfe84d845b3d8c33f19a6a277145\transformed\work-runtime-2.9.1\AndroidManifest.xml:124:13-44
166            android:enabled="@bool/enable_system_alarm_service_default"
166-->[androidx.work:work-runtime:2.9.1] C:\GradleHome\.gradle\caches\8.11.1\transforms\38b1bfe84d845b3d8c33f19a6a277145\transformed\work-runtime-2.9.1\AndroidManifest.xml:125:13-72
167            android:exported="false" >
167-->[androidx.work:work-runtime:2.9.1] C:\GradleHome\.gradle\caches\8.11.1\transforms\38b1bfe84d845b3d8c33f19a6a277145\transformed\work-runtime-2.9.1\AndroidManifest.xml:126:13-37
168            <intent-filter>
168-->[androidx.work:work-runtime:2.9.1] C:\GradleHome\.gradle\caches\8.11.1\transforms\38b1bfe84d845b3d8c33f19a6a277145\transformed\work-runtime-2.9.1\AndroidManifest.xml:128:13-130:29
169                <action android:name="androidx.work.impl.background.systemalarm.UpdateProxies" />
169-->[androidx.work:work-runtime:2.9.1] C:\GradleHome\.gradle\caches\8.11.1\transforms\38b1bfe84d845b3d8c33f19a6a277145\transformed\work-runtime-2.9.1\AndroidManifest.xml:129:17-98
169-->[androidx.work:work-runtime:2.9.1] C:\GradleHome\.gradle\caches\8.11.1\transforms\38b1bfe84d845b3d8c33f19a6a277145\transformed\work-runtime-2.9.1\AndroidManifest.xml:129:25-95
170            </intent-filter>
171        </receiver>
172        <receiver
172-->[androidx.work:work-runtime:2.9.1] C:\GradleHome\.gradle\caches\8.11.1\transforms\38b1bfe84d845b3d8c33f19a6a277145\transformed\work-runtime-2.9.1\AndroidManifest.xml:132:9-142:20
173            android:name="androidx.work.impl.diagnostics.DiagnosticsReceiver"
173-->[androidx.work:work-runtime:2.9.1] C:\GradleHome\.gradle\caches\8.11.1\transforms\38b1bfe84d845b3d8c33f19a6a277145\transformed\work-runtime-2.9.1\AndroidManifest.xml:133:13-78
174            android:directBootAware="false"
174-->[androidx.work:work-runtime:2.9.1] C:\GradleHome\.gradle\caches\8.11.1\transforms\38b1bfe84d845b3d8c33f19a6a277145\transformed\work-runtime-2.9.1\AndroidManifest.xml:134:13-44
175            android:enabled="true"
175-->[androidx.work:work-runtime:2.9.1] C:\GradleHome\.gradle\caches\8.11.1\transforms\38b1bfe84d845b3d8c33f19a6a277145\transformed\work-runtime-2.9.1\AndroidManifest.xml:135:13-35
176            android:exported="true"
176-->[androidx.work:work-runtime:2.9.1] C:\GradleHome\.gradle\caches\8.11.1\transforms\38b1bfe84d845b3d8c33f19a6a277145\transformed\work-runtime-2.9.1\AndroidManifest.xml:136:13-36
177            android:permission="android.permission.DUMP" >
177-->[androidx.work:work-runtime:2.9.1] C:\GradleHome\.gradle\caches\8.11.1\transforms\38b1bfe84d845b3d8c33f19a6a277145\transformed\work-runtime-2.9.1\AndroidManifest.xml:137:13-57
178            <intent-filter>
178-->[androidx.work:work-runtime:2.9.1] C:\GradleHome\.gradle\caches\8.11.1\transforms\38b1bfe84d845b3d8c33f19a6a277145\transformed\work-runtime-2.9.1\AndroidManifest.xml:139:13-141:29
179                <action android:name="androidx.work.diagnostics.REQUEST_DIAGNOSTICS" />
179-->[androidx.work:work-runtime:2.9.1] C:\GradleHome\.gradle\caches\8.11.1\transforms\38b1bfe84d845b3d8c33f19a6a277145\transformed\work-runtime-2.9.1\AndroidManifest.xml:140:17-88
179-->[androidx.work:work-runtime:2.9.1] C:\GradleHome\.gradle\caches\8.11.1\transforms\38b1bfe84d845b3d8c33f19a6a277145\transformed\work-runtime-2.9.1\AndroidManifest.xml:140:25-85
180            </intent-filter>
181        </receiver>
182
183        <activity
183-->[androidx.compose.ui:ui-tooling-android:1.7.8] C:\GradleHome\.gradle\caches\8.11.1\transforms\89042f8c8fc6f6381407a3a6b354009e\transformed\ui-tooling-release\AndroidManifest.xml:23:9-25:39
184            android:name="androidx.compose.ui.tooling.PreviewActivity"
184-->[androidx.compose.ui:ui-tooling-android:1.7.8] C:\GradleHome\.gradle\caches\8.11.1\transforms\89042f8c8fc6f6381407a3a6b354009e\transformed\ui-tooling-release\AndroidManifest.xml:24:13-71
185            android:exported="true" />
185-->[androidx.compose.ui:ui-tooling-android:1.7.8] C:\GradleHome\.gradle\caches\8.11.1\transforms\89042f8c8fc6f6381407a3a6b354009e\transformed\ui-tooling-release\AndroidManifest.xml:25:13-36
186        <activity
186-->[androidx.compose.ui:ui-test-manifest:1.7.8] C:\GradleHome\.gradle\caches\8.11.1\transforms\62d21847971436654eb38fc26ee73ba8\transformed\ui-test-manifest-1.7.8\AndroidManifest.xml:23:9-25:39
187            android:name="androidx.activity.ComponentActivity"
187-->[androidx.compose.ui:ui-test-manifest:1.7.8] C:\GradleHome\.gradle\caches\8.11.1\transforms\62d21847971436654eb38fc26ee73ba8\transformed\ui-test-manifest-1.7.8\AndroidManifest.xml:24:13-63
188            android:exported="true" />
188-->[androidx.compose.ui:ui-test-manifest:1.7.8] C:\GradleHome\.gradle\caches\8.11.1\transforms\62d21847971436654eb38fc26ee73ba8\transformed\ui-test-manifest-1.7.8\AndroidManifest.xml:25:13-36
189
190        <service
190-->[androidx.room:room-runtime:2.6.1] C:\GradleHome\.gradle\caches\8.11.1\transforms\dd882e4ec5382d386db81820b9a8da06\transformed\room-runtime-2.6.1\AndroidManifest.xml:24:9-28:63
191            android:name="androidx.room.MultiInstanceInvalidationService"
191-->[androidx.room:room-runtime:2.6.1] C:\GradleHome\.gradle\caches\8.11.1\transforms\dd882e4ec5382d386db81820b9a8da06\transformed\room-runtime-2.6.1\AndroidManifest.xml:25:13-74
192            android:directBootAware="true"
192-->[androidx.room:room-runtime:2.6.1] C:\GradleHome\.gradle\caches\8.11.1\transforms\dd882e4ec5382d386db81820b9a8da06\transformed\room-runtime-2.6.1\AndroidManifest.xml:26:13-43
193            android:exported="false" />
193-->[androidx.room:room-runtime:2.6.1] C:\GradleHome\.gradle\caches\8.11.1\transforms\dd882e4ec5382d386db81820b9a8da06\transformed\room-runtime-2.6.1\AndroidManifest.xml:27:13-37
194
195        <receiver
195-->[androidx.profileinstaller:profileinstaller:1.4.0] C:\GradleHome\.gradle\caches\8.11.1\transforms\a34c31deee888028e52c87025887536a\transformed\profileinstaller-1.4.0\AndroidManifest.xml:34:9-52:20
196            android:name="androidx.profileinstaller.ProfileInstallReceiver"
196-->[androidx.profileinstaller:profileinstaller:1.4.0] C:\GradleHome\.gradle\caches\8.11.1\transforms\a34c31deee888028e52c87025887536a\transformed\profileinstaller-1.4.0\AndroidManifest.xml:35:13-76
197            android:directBootAware="false"
197-->[androidx.profileinstaller:profileinstaller:1.4.0] C:\GradleHome\.gradle\caches\8.11.1\transforms\a34c31deee888028e52c87025887536a\transformed\profileinstaller-1.4.0\AndroidManifest.xml:36:13-44
198            android:enabled="true"
198-->[androidx.profileinstaller:profileinstaller:1.4.0] C:\GradleHome\.gradle\caches\8.11.1\transforms\a34c31deee888028e52c87025887536a\transformed\profileinstaller-1.4.0\AndroidManifest.xml:37:13-35
199            android:exported="true"
199-->[androidx.profileinstaller:profileinstaller:1.4.0] C:\GradleHome\.gradle\caches\8.11.1\transforms\a34c31deee888028e52c87025887536a\transformed\profileinstaller-1.4.0\AndroidManifest.xml:38:13-36
200            android:permission="android.permission.DUMP" >
200-->[androidx.profileinstaller:profileinstaller:1.4.0] C:\GradleHome\.gradle\caches\8.11.1\transforms\a34c31deee888028e52c87025887536a\transformed\profileinstaller-1.4.0\AndroidManifest.xml:39:13-57
201            <intent-filter>
201-->[androidx.profileinstaller:profileinstaller:1.4.0] C:\GradleHome\.gradle\caches\8.11.1\transforms\a34c31deee888028e52c87025887536a\transformed\profileinstaller-1.4.0\AndroidManifest.xml:40:13-42:29
202                <action android:name="androidx.profileinstaller.action.INSTALL_PROFILE" />
202-->[androidx.profileinstaller:profileinstaller:1.4.0] C:\GradleHome\.gradle\caches\8.11.1\transforms\a34c31deee888028e52c87025887536a\transformed\profileinstaller-1.4.0\AndroidManifest.xml:41:17-91
202-->[androidx.profileinstaller:profileinstaller:1.4.0] C:\GradleHome\.gradle\caches\8.11.1\transforms\a34c31deee888028e52c87025887536a\transformed\profileinstaller-1.4.0\AndroidManifest.xml:41:25-88
203            </intent-filter>
204            <intent-filter>
204-->[androidx.profileinstaller:profileinstaller:1.4.0] C:\GradleHome\.gradle\caches\8.11.1\transforms\a34c31deee888028e52c87025887536a\transformed\profileinstaller-1.4.0\AndroidManifest.xml:43:13-45:29
205                <action android:name="androidx.profileinstaller.action.SKIP_FILE" />
205-->[androidx.profileinstaller:profileinstaller:1.4.0] C:\GradleHome\.gradle\caches\8.11.1\transforms\a34c31deee888028e52c87025887536a\transformed\profileinstaller-1.4.0\AndroidManifest.xml:44:17-85
205-->[androidx.profileinstaller:profileinstaller:1.4.0] C:\GradleHome\.gradle\caches\8.11.1\transforms\a34c31deee888028e52c87025887536a\transformed\profileinstaller-1.4.0\AndroidManifest.xml:44:25-82
206            </intent-filter>
207            <intent-filter>
207-->[androidx.profileinstaller:profileinstaller:1.4.0] C:\GradleHome\.gradle\caches\8.11.1\transforms\a34c31deee888028e52c87025887536a\transformed\profileinstaller-1.4.0\AndroidManifest.xml:46:13-48:29
208                <action android:name="androidx.profileinstaller.action.SAVE_PROFILE" />
208-->[androidx.profileinstaller:profileinstaller:1.4.0] C:\GradleHome\.gradle\caches\8.11.1\transforms\a34c31deee888028e52c87025887536a\transformed\profileinstaller-1.4.0\AndroidManifest.xml:47:17-88
208-->[androidx.profileinstaller:profileinstaller:1.4.0] C:\GradleHome\.gradle\caches\8.11.1\transforms\a34c31deee888028e52c87025887536a\transformed\profileinstaller-1.4.0\AndroidManifest.xml:47:25-85
209            </intent-filter>
210            <intent-filter>
210-->[androidx.profileinstaller:profileinstaller:1.4.0] C:\GradleHome\.gradle\caches\8.11.1\transforms\a34c31deee888028e52c87025887536a\transformed\profileinstaller-1.4.0\AndroidManifest.xml:49:13-51:29
211                <action android:name="androidx.profileinstaller.action.BENCHMARK_OPERATION" />
211-->[androidx.profileinstaller:profileinstaller:1.4.0] C:\GradleHome\.gradle\caches\8.11.1\transforms\a34c31deee888028e52c87025887536a\transformed\profileinstaller-1.4.0\AndroidManifest.xml:50:17-95
211-->[androidx.profileinstaller:profileinstaller:1.4.0] C:\GradleHome\.gradle\caches\8.11.1\transforms\a34c31deee888028e52c87025887536a\transformed\profileinstaller-1.4.0\AndroidManifest.xml:50:25-92
212            </intent-filter>
213        </receiver>
214
215        <meta-data
215-->[com.google.android.gms:play-services-basement:16.0.1] C:\GradleHome\.gradle\caches\8.11.1\transforms\70be690989ced7de7bc4b007034c599f\transformed\play-services-basement-16.0.1\AndroidManifest.xml:23:9-25:69
216            android:name="com.google.android.gms.version"
216-->[com.google.android.gms:play-services-basement:16.0.1] C:\GradleHome\.gradle\caches\8.11.1\transforms\70be690989ced7de7bc4b007034c599f\transformed\play-services-basement-16.0.1\AndroidManifest.xml:24:13-58
217            android:value="@integer/google_play_services_version" />
217-->[com.google.android.gms:play-services-basement:16.0.1] C:\GradleHome\.gradle\caches\8.11.1\transforms\70be690989ced7de7bc4b007034c599f\transformed\play-services-basement-16.0.1\AndroidManifest.xml:25:13-66
218    </application>
219
220</manifest>

Merged manifest saved to C:\DEV\StudyWise-Fresh\app\build\intermediates\merged_manifest\debug\processDebugMainManifest\AndroidManifest.xml
Resolve mutations for :app:processDebugManifest (Thread[Execution worker Thread 9,5,main]) started.
:app:processDebugManifest (Thread[Execution worker Thread 9,5,main]) started.

> Task :app:processDebugManifest
Caching disabled for task ':app:processDebugManifest' because:
  Build cache is disabled
Task ':app:processDebugManifest' is not up-to-date because:
  Output property 'multiApkManifestOutputDirectory' file C:\DEV\StudyWise-Fresh\app\build\intermediates\merged_manifests\debug\processDebugManifest has been removed.
  Output property 'multiApkManifestOutputDirectory' file C:\DEV\StudyWise-Fresh\app\build\intermediates\merged_manifests\debug\processDebugManifest\AndroidManifest.xml has been removed.
  Output property 'multiApkManifestOutputDirectory' file C:\DEV\StudyWise-Fresh\app\build\intermediates\merged_manifests\debug\processDebugManifest\output-metadata.json has been removed.
Resolve mutations for :app:processDebugManifestForPackage (Thread[Execution worker Thread 9,5,main]) started.
:app:processDebugManifestForPackage (Thread[Execution worker Thread 9,5,main]) started.
Resolve mutations for :app:javaPreCompileDebug (Thread[Execution worker Thread 3,5,main]) started.
:app:javaPreCompileDebug (Thread[Execution worker Thread 3,5,main]) started.
Resolve mutations for :app:mergeDebugShaders (Thread[included builds,5,main]) started.
:app:mergeDebugShaders (Thread[included builds,5,main]) started.

> Task :app:mergeDebugShaders
Caching disabled for task ':app:mergeDebugShaders' because:
  Build cache is disabled
  Simple merging task
Task ':app:mergeDebugShaders' is not up-to-date because:
  Output property 'outputDir' file C:\DEV\StudyWise-Fresh\app\build\intermediates\merged_shaders\debug\mergeDebugShaders\out has been removed.
The input changes require a full rebuild for incremental task ':app:mergeDebugShaders'.
Resolve mutations for :app:compileDebugShaders (Thread[included builds,5,main]) started.
:app:compileDebugShaders (Thread[included builds,5,main]) started.

> Task :app:compileDebugShaders NO-SOURCE
Skipping task ':app:compileDebugShaders' as it has no source files and no previous output files.
Resolve mutations for :app:generateDebugAssets (Thread[included builds,5,main]) started.
:app:generateDebugAssets (Thread[included builds,5,main]) started.

> Task :app:generateDebugAssets UP-TO-DATE
Skipping task ':app:generateDebugAssets' as it has no actions.
Resolve mutations for :app:mergeDebugAssets (Thread[included builds,5,main]) started.
:app:mergeDebugAssets (Thread[included builds,5,main]) started.

> Task :app:javaPreCompileDebug
Caching disabled for task ':app:javaPreCompileDebug' because:
  Build cache is disabled
Task ':app:javaPreCompileDebug' is not up-to-date because:
  Output property 'annotationProcessorListFile' file C:\DEV\StudyWise-Fresh\app\build\intermediates\annotation_processor_list\debug\javaPreCompileDebug\annotationProcessors.json has been removed.

> Task :app:mergeDebugAssets
Transforming datastore-preferences-release.aar (androidx.datastore:datastore-preferences-android:1.1.1) with ExtractAarTransform
Transforming datastore-preferences-release.aar (androidx.datastore:datastore-preferences-android:1.1.1) with AarTransform
Transforming datastore-release.aar (androidx.datastore:datastore-android:1.1.1) with ExtractAarTransform
Transforming datastore-release.aar (androidx.datastore:datastore-android:1.1.1) with AarTransform
Transforming datastore-core-release.aar (androidx.datastore:datastore-core-android:1.1.1) with ExtractAarTransform
Transforming datastore-core-release.aar (androidx.datastore:datastore-core-android:1.1.1) with AarTransform
Transforming hilt-navigation-compose-1.2.0.aar (androidx.hilt:hilt-navigation-compose:1.2.0) with ExtractAarTransform
Transforming hilt-navigation-compose-1.2.0.aar (androidx.hilt:hilt-navigation-compose:1.2.0) with AarTransform
Transforming hilt-navigation-1.2.0.aar (androidx.hilt:hilt-navigation:1.2.0) with ExtractAarTransform
Transforming hilt-navigation-1.2.0.aar (androidx.hilt:hilt-navigation:1.2.0) with AarTransform
Transforming navigation-common-2.8.4.aar (androidx.navigation:navigation-common:2.8.4) with ExtractAarTransform
Transforming navigation-common-2.8.4.aar (androidx.navigation:navigation-common:2.8.4) with AarTransform
Transforming navigation-runtime-2.8.4.aar (androidx.navigation:navigation-runtime:2.8.4) with ExtractAarTransform
Transforming navigation-runtime-2.8.4.aar (androidx.navigation:navigation-runtime:2.8.4) with AarTransform
Transforming navigation-common-ktx-2.8.4.aar (androidx.navigation:navigation-common-ktx:2.8.4) with ExtractAarTransform
Transforming navigation-common-ktx-2.8.4.aar (androidx.navigation:navigation-common-ktx:2.8.4) with AarTransform
Transforming navigation-runtime-ktx-2.8.4.aar (androidx.navigation:navigation-runtime-ktx:2.8.4) with ExtractAarTransform
Transforming navigation-runtime-ktx-2.8.4.aar (androidx.navigation:navigation-runtime-ktx:2.8.4) with AarTransform
Transforming navigation-compose-2.8.4.aar (androidx.navigation:navigation-compose:2.8.4) with ExtractAarTransform
Transforming navigation-compose-2.8.4.aar (androidx.navigation:navigation-compose:2.8.4) with AarTransform
Transforming accompanist-permissions-0.34.0.aar (com.google.accompanist:accompanist-permissions:0.34.0) with ExtractAarTransform
Transforming accompanist-permissions-0.34.0.aar (com.google.accompanist:accompanist-permissions:0.34.0) with AarTransform
Transforming hilt-work-1.2.0.aar (androidx.hilt:hilt-work:1.2.0) with ExtractAarTransform
Transforming hilt-work-1.2.0.aar (androidx.hilt:hilt-work:1.2.0) with AarTransform
Transforming hilt-android-2.49.aar (com.google.dagger:hilt-android:2.49) with ExtractAarTransform
Transforming hilt-android-2.49.aar (com.google.dagger:hilt-android:2.49) with AarTransform
Transforming fragment-1.5.1.aar (androidx.fragment:fragment:1.5.1) with ExtractAarTransform
Transforming fragment-1.5.1.aar (androidx.fragment:fragment:1.5.1) with AarTransform
Transforming accompanist-systemuicontroller-0.34.0.aar (com.google.accompanist:accompanist-systemuicontroller:0.34.0) with ExtractAarTransform
Transforming accompanist-systemuicontroller-0.34.0.aar (com.google.accompanist:accompanist-systemuicontroller:0.34.0) with AarTransform
Transforming work-runtime-ktx-2.9.1.aar (androidx.work:work-runtime-ktx:2.9.1) with ExtractAarTransform
Transforming work-runtime-ktx-2.9.1.aar (androidx.work:work-runtime-ktx:2.9.1) with AarTransform
Transforming work-runtime-2.9.1.aar (androidx.work:work-runtime:2.9.1) with ExtractAarTransform
Transforming work-runtime-2.9.1.aar (androidx.work:work-runtime:2.9.1) with AarTransform
Transforming loader-1.0.0.aar (androidx.loader:loader:1.0.0) with ExtractAarTransform
Transforming loader-1.0.0.aar (androidx.loader:loader:1.0.0) with AarTransform
Transforming viewpager-1.0.0.aar (androidx.viewpager:viewpager:1.0.0) with ExtractAarTransform
Transforming viewpager-1.0.0.aar (androidx.viewpager:viewpager:1.0.0) with AarTransform
Transforming coil-compose-2.7.0.aar (io.coil-kt:coil-compose:2.7.0) with ExtractAarTransform
Transforming coil-compose-2.7.0.aar (io.coil-kt:coil-compose:2.7.0) with AarTransform
Transforming coil-compose-base-2.7.0.aar (io.coil-kt:coil-compose-base:2.7.0) with ExtractAarTransform
Transforming coil-compose-base-2.7.0.aar (io.coil-kt:coil-compose-base:2.7.0) with AarTransform
Transforming coil-2.7.0.aar (io.coil-kt:coil:2.7.0) with ExtractAarTransform
Transforming coil-2.7.0.aar (io.coil-kt:coil:2.7.0) with AarTransform
Transforming coil-base-2.7.0.aar (io.coil-kt:coil-base:2.7.0) with ExtractAarTransform
Transforming coil-base-2.7.0.aar (io.coil-kt:coil-base:2.7.0) with AarTransform
Transforming appcompat-resources-1.6.1.aar (androidx.appcompat:appcompat-resources:1.6.1) with ExtractAarTransform
Transforming appcompat-resources-1.6.1.aar (androidx.appcompat:appcompat-resources:1.6.1) with AarTransform
Transforming autofill-1.0.0.aar (androidx.autofill:autofill:1.0.0) with ExtractAarTransform
Transforming autofill-1.0.0.aar (androidx.autofill:autofill:1.0.0) with AarTransform
Transforming customview-1.0.0.aar (androidx.customview:customview:1.0.0) with ExtractAarTransform
Transforming customview-1.0.0.aar (androidx.customview:customview:1.0.0) with AarTransform
Transforming vectordrawable-animated-1.1.0.aar (androidx.vectordrawable:vectordrawable-animated:1.1.0) with ExtractAarTransform
Transforming vectordrawable-animated-1.1.0.aar (androidx.vectordrawable:vectordrawable-animated:1.1.0) with AarTransform
Transforming vectordrawable-1.1.0.aar (androidx.vectordrawable:vectordrawable:1.1.0) with ExtractAarTransform
Transforming vectordrawable-1.1.0.aar (androidx.vectordrawable:vectordrawable:1.1.0) with AarTransform
Transforming vectordrawable-1.1.0.aar (androidx.vectordrawable:vectordrawable:1.1.0) with ExtractAarTransform
Transforming vectordrawable-1.1.0.aar (androidx.vectordrawable:vectordrawable:1.1.0) with AarTransform
Transforming material3-release.aar (androidx.compose.material3:material3-android:1.3.0) with ExtractAarTransform
Transforming material3-release.aar (androidx.compose.material3:material3-android:1.3.0) with AarTransform
Transforming ui-tooling-data-release.aar (androidx.compose.ui:ui-tooling-data-android:1.7.8) with ExtractAarTransform
Transforming ui-tooling-data-release.aar (androidx.compose.ui:ui-tooling-data-android:1.7.8) with AarTransform
Transforming ui-tooling-preview-release.aar (androidx.compose.ui:ui-tooling-preview-android:1.7.8) with ExtractAarTransform
Transforming ui-tooling-preview-release.aar (androidx.compose.ui:ui-tooling-preview-android:1.7.8) with AarTransform
Transforming ui-tooling-release.aar (androidx.compose.ui:ui-tooling-android:1.7.8) with ExtractAarTransform
Transforming ui-tooling-release.aar (androidx.compose.ui:ui-tooling-android:1.7.8) with AarTransform
Transforming material-release.aar (androidx.compose.material:material-android:1.7.0) with ExtractAarTransform
Transforming material-release.aar (androidx.compose.material:material-android:1.7.0) with AarTransform
Transforming material-ripple-release.aar (androidx.compose.material:material-ripple-android:1.7.0) with ExtractAarTransform
Transforming material-ripple-release.aar (androidx.compose.material:material-ripple-android:1.7.0) with AarTransform
Transforming animation-core-release.aar (androidx.compose.animation:animation-core-android:1.7.8) with ExtractAarTransform
Transforming animation-core-release.aar (androidx.compose.animation:animation-core-android:1.7.8) with AarTransform
Transforming animation-release.aar (androidx.compose.animation:animation-android:1.7.8) with ExtractAarTransform
Transforming animation-release.aar (androidx.compose.animation:animation-android:1.7.8) with AarTransform
Transforming foundation-layout-release.aar (androidx.compose.foundation:foundation-layout-android:1.7.8) with ExtractAarTransform
Transforming foundation-layout-release.aar (androidx.compose.foundation:foundation-layout-android:1.7.8) with AarTransform
Transforming foundation-release.aar (androidx.compose.foundation:foundation-android:1.7.8) with ExtractAarTransform
Transforming foundation-release.aar (androidx.compose.foundation:foundation-android:1.7.8) with AarTransform
Transforming ui-util-release.aar (androidx.compose.ui:ui-util-android:1.7.8) with ExtractAarTransform
Transforming ui-util-release.aar (androidx.compose.ui:ui-util-android:1.7.8) with AarTransform
Transforming ui-unit-release.aar (androidx.compose.ui:ui-unit-android:1.7.8) with ExtractAarTransform
Transforming ui-unit-release.aar (androidx.compose.ui:ui-unit-android:1.7.8) with AarTransform
Transforming ui-text-release.aar (androidx.compose.ui:ui-text-android:1.7.8) with ExtractAarTransform
Transforming ui-text-release.aar (androidx.compose.ui:ui-text-android:1.7.8) with AarTransform
Transforming ui-geometry-release.aar (androidx.compose.ui:ui-geometry-android:1.7.8) with ExtractAarTransform
Transforming ui-geometry-release.aar (androidx.compose.ui:ui-geometry-android:1.7.8) with AarTransform
Transforming ui-graphics-release.aar (androidx.compose.ui:ui-graphics-android:1.7.8) with ExtractAarTransform
Transforming ui-graphics-release.aar (androidx.compose.ui:ui-graphics-android:1.7.8) with AarTransform
Transforming graphics-path-1.0.1.aar (androidx.graphics:graphics-path:1.0.1) with ExtractAarTransform
Transforming graphics-path-1.0.1.aar (androidx.graphics:graphics-path:1.0.1) with AarTransform
Transforming emoji2-1.3.0.aar (androidx.emoji2:emoji2:1.3.0) with ExtractAarTransform
Transforming emoji2-1.3.0.aar (androidx.emoji2:emoji2:1.3.0) with AarTransform
Transforming core-1.16.0.aar (androidx.core:core:1.16.0) with ExtractAarTransform
Transforming core-1.16.0.aar (androidx.core:core:1.16.0) with AarTransform
Transforming core-1.16.0.aar (androidx.core:core:1.16.0) with ExtractAarTransform
Transforming core-1.16.0.aar (androidx.core:core:1.16.0) with AarTransform
Transforming lifecycle-process-2.9.1.aar (androidx.lifecycle:lifecycle-process:2.9.1) with ExtractAarTransform
Transforming lifecycle-process-2.9.1.aar (androidx.lifecycle:lifecycle-process:2.9.1) with AarTransform
Transforming lifecycle-runtime-compose-release.aar (androidx.lifecycle:lifecycle-runtime-compose-android:2.9.1) with ExtractAarTransform
Transforming lifecycle-runtime-compose-release.aar (androidx.lifecycle:lifecycle-runtime-compose-android:2.9.1) with AarTransform
Transforming lifecycle-livedata-core-ktx-2.9.1.aar (androidx.lifecycle:lifecycle-livedata-core-ktx:2.9.1) with ExtractAarTransform
Transforming lifecycle-livedata-core-ktx-2.9.1.aar (androidx.lifecycle:lifecycle-livedata-core-ktx:2.9.1) with AarTransform
Transforming lifecycle-livedata-core-2.9.1.aar (androidx.lifecycle:lifecycle-livedata-core:2.9.1) with ExtractAarTransform
Transforming lifecycle-livedata-core-2.9.1.aar (androidx.lifecycle:lifecycle-livedata-core:2.9.1) with AarTransform
Transforming lifecycle-viewmodel-savedstate-release.aar (androidx.lifecycle:lifecycle-viewmodel-savedstate-android:2.9.1) with ExtractAarTransform
Transforming lifecycle-viewmodel-savedstate-release.aar (androidx.lifecycle:lifecycle-viewmodel-savedstate-android:2.9.1) with AarTransform
Transforming lifecycle-viewmodel-2.9.1.aar (androidx.lifecycle:lifecycle-viewmodel:2.9.1) with ExtractAarTransform
Transforming lifecycle-viewmodel-2.9.1.aar (androidx.lifecycle:lifecycle-viewmodel:2.9.1) with AarTransform
Transforming lifecycle-viewmodel-release.aar (androidx.lifecycle:lifecycle-viewmodel-android:2.9.1) with ExtractAarTransform
Transforming lifecycle-viewmodel-release.aar (androidx.lifecycle:lifecycle-viewmodel-android:2.9.1) with AarTransform
Transforming savedstate-ktx-1.3.0.aar (androidx.savedstate:savedstate-ktx:1.3.0) with ExtractAarTransform
Transforming savedstate-ktx-1.3.0.aar (androidx.savedstate:savedstate-ktx:1.3.0) with AarTransform
Transforming savedstate-release.aar (androidx.savedstate:savedstate-android:1.3.0) with ExtractAarTransform
Transforming savedstate-release.aar (androidx.savedstate:savedstate-android:1.3.0) with AarTransform
Transforming lifecycle-runtime-release.aar (androidx.lifecycle:lifecycle-runtime-android:2.9.1) with ExtractAarTransform
Transforming lifecycle-runtime-release.aar (androidx.lifecycle:lifecycle-runtime-android:2.9.1) with AarTransform
Transforming lifecycle-service-2.9.1.aar (androidx.lifecycle:lifecycle-service:2.9.1) with ExtractAarTransform
Transforming lifecycle-service-2.9.1.aar (androidx.lifecycle:lifecycle-service:2.9.1) with AarTransform
Transforming lifecycle-livedata-2.9.1.aar (androidx.lifecycle:lifecycle-livedata:2.9.1) with ExtractAarTransform
Transforming lifecycle-livedata-2.9.1.aar (androidx.lifecycle:lifecycle-livedata:2.9.1) with AarTransform
Transforming lifecycle-livedata-2.9.1.aar (androidx.lifecycle:lifecycle-livedata:2.9.1) with ExtractAarTransform
Transforming lifecycle-livedata-2.9.1.aar (androidx.lifecycle:lifecycle-livedata:2.9.1) with AarTransform
Transforming lifecycle-viewmodel-ktx-2.9.1.aar (androidx.lifecycle:lifecycle-viewmodel-ktx:2.9.1) with ExtractAarTransform
Transforming lifecycle-viewmodel-ktx-2.9.1.aar (androidx.lifecycle:lifecycle-viewmodel-ktx:2.9.1) with AarTransform
Transforming lifecycle-runtime-ktx.aar (androidx.lifecycle:lifecycle-runtime-ktx-android:2.9.1) with ExtractAarTransform
Transforming lifecycle-runtime-ktx.aar (androidx.lifecycle:lifecycle-runtime-ktx-android:2.9.1) with AarTransform
Transforming lifecycle-viewmodel-compose-release.aar (androidx.lifecycle:lifecycle-viewmodel-compose-android:2.9.1) with ExtractAarTransform
Transforming lifecycle-viewmodel-compose-release.aar (androidx.lifecycle:lifecycle-viewmodel-compose-android:2.9.1) with AarTransform
Transforming accompanist-drawablepainter-0.32.0.aar (com.google.accompanist:accompanist-drawablepainter:0.32.0) with ExtractAarTransform
Transforming accompanist-drawablepainter-0.32.0.aar (com.google.accompanist:accompanist-drawablepainter:0.32.0) with AarTransform
Transforming material-icons-core-release.aar (androidx.compose.material:material-icons-core-android:1.7.0) with ExtractAarTransform
Transforming material-icons-core-release.aar (androidx.compose.material:material-icons-core-android:1.7.0) with AarTransform
Transforming ui-release.aar (androidx.compose.ui:ui-android:1.7.8) with ExtractAarTransform
Transforming ui-release.aar (androidx.compose.ui:ui-android:1.7.8) with AarTransform
Transforming ui-test-manifest-1.7.8.aar (androidx.compose.ui:ui-test-manifest:1.7.8) with ExtractAarTransform
Transforming ui-test-manifest-1.7.8.aar (androidx.compose.ui:ui-test-manifest:1.7.8) with AarTransform
Transforming activity-1.10.1.aar (androidx.activity:activity:1.10.1) with ExtractAarTransform
Transforming activity-1.10.1.aar (androidx.activity:activity:1.10.1) with AarTransform
Transforming activity-ktx-1.10.1.aar (androidx.activity:activity-ktx:1.10.1) with ExtractAarTransform
Transforming activity-ktx-1.10.1.aar (androidx.activity:activity-ktx:1.10.1) with AarTransform
Transforming activity-compose-1.10.1.aar (androidx.activity:activity-compose:1.10.1) with ExtractAarTransform
Transforming activity-compose-1.10.1.aar (androidx.activity:activity-compose:1.10.1) with AarTransform
Transforming customview-poolingcontainer-1.0.0.aar (androidx.customview:customview-poolingcontainer:1.0.0) with ExtractAarTransform
Transforming customview-poolingcontainer-1.0.0.aar (androidx.customview:customview-poolingcontainer:1.0.0) with AarTransform
Transforming core-ktx-1.16.0.aar (androidx.core:core-ktx:1.16.0) with ExtractAarTransform
Transforming core-ktx-1.16.0.aar (androidx.core:core-ktx:1.16.0) with AarTransform
Transforming room-runtime-2.6.1.aar (androidx.room:room-runtime:2.6.1) with ExtractAarTransform
Transforming room-runtime-2.6.1.aar (androidx.room:room-runtime:2.6.1) with AarTransform
Transforming room-ktx-2.6.1.aar (androidx.room:room-ktx:2.6.1) with ExtractAarTransform
Transforming room-ktx-2.6.1.aar (androidx.room:room-ktx:2.6.1) with AarTransform
Transforming runtime-saveable-release.aar (androidx.compose.runtime:runtime-saveable-android:1.7.8) with ExtractAarTransform
Transforming runtime-saveable-release.aar (androidx.compose.runtime:runtime-saveable-android:1.7.8) with AarTransform
Transforming runtime-release.aar (androidx.compose.runtime:runtime-android:1.7.8) with ExtractAarTransform
Transforming runtime-release.aar (androidx.compose.runtime:runtime-android:1.7.8) with AarTransform
Transforming timber-5.0.1.aar (com.jakewharton.timber:timber:5.0.1) with ExtractAarTransform
Transforming timber-5.0.1.aar (com.jakewharton.timber:timber:5.0.1) with AarTransform
Transforming sqlite-framework-2.4.0.aar (androidx.sqlite:sqlite-framework:2.4.0) with ExtractAarTransform
Transforming sqlite-framework-2.4.0.aar (androidx.sqlite:sqlite-framework:2.4.0) with AarTransform
Transforming sqlite-2.4.0.aar (androidx.sqlite:sqlite:2.4.0) with ExtractAarTransform
Transforming sqlite-2.4.0.aar (androidx.sqlite:sqlite:2.4.0) with AarTransform
Transforming annotation-experimental-1.4.1.aar (androidx.annotation:annotation-experimental:1.4.1) with ExtractAarTransform
Transforming annotation-experimental-1.4.1.aar (androidx.annotation:annotation-experimental:1.4.1) with AarTransform
Transforming core-viewtree-1.0.0.aar (androidx.core:core-viewtree:1.0.0) with ExtractAarTransform
Transforming core-viewtree-1.0.0.aar (androidx.core:core-viewtree:1.0.0) with AarTransform
Transforming versionedparcelable-1.1.1.aar (androidx.versionedparcelable:versionedparcelable:1.1.1) with ExtractAarTransform
Transforming versionedparcelable-1.1.1.aar (androidx.versionedparcelable:versionedparcelable:1.1.1) with AarTransform
Transforming core-runtime-2.2.0.aar (androidx.arch.core:core-runtime:2.2.0) with ExtractAarTransform
Transforming core-runtime-2.2.0.aar (androidx.arch.core:core-runtime:2.2.0) with AarTransform
Transforming interpolator-1.0.0.aar (androidx.interpolator:interpolator:1.0.0) with ExtractAarTransform
Transforming interpolator-1.0.0.aar (androidx.interpolator:interpolator:1.0.0) with AarTransform
Transforming interpolator-1.0.0.aar (androidx.interpolator:interpolator:1.0.0) with ExtractAarTransform
Transforming interpolator-1.0.0.aar (androidx.interpolator:interpolator:1.0.0) with AarTransform
Transforming profileinstaller-1.4.0.aar (androidx.profileinstaller:profileinstaller:1.4.0) with ExtractAarTransform
Transforming profileinstaller-1.4.0.aar (androidx.profileinstaller:profileinstaller:1.4.0) with AarTransform
Transforming startup-runtime-1.1.1.aar (androidx.startup:startup-runtime:1.1.1) with ExtractAarTransform
Transforming startup-runtime-1.1.1.aar (androidx.startup:startup-runtime:1.1.1) with AarTransform
Transforming tracing-1.2.0.aar (androidx.tracing:tracing:1.2.0) with ExtractAarTransform
Transforming tracing-1.2.0.aar (androidx.tracing:tracing:1.2.0) with AarTransform
Transforming exifinterface-1.3.7.aar (androidx.exifinterface:exifinterface:1.3.7) with ExtractAarTransform
Transforming exifinterface-1.3.7.aar (androidx.exifinterface:exifinterface:1.3.7) with AarTransform
Transforming dagger-lint-aar-2.49.aar (com.google.dagger:dagger-lint-aar:2.49) with ExtractAarTransform
Transforming dagger-lint-aar-2.49.aar (com.google.dagger:dagger-lint-aar:2.49) with AarTransform
Transforming play-services-tasks-16.0.1.aar (com.google.android.gms:play-services-tasks:16.0.1) with ExtractAarTransform
Transforming play-services-tasks-16.0.1.aar (com.google.android.gms:play-services-tasks:16.0.1) with AarTransform
Transforming play-services-basement-16.0.1.aar (com.google.android.gms:play-services-basement:16.0.1) with ExtractAarTransform
Transforming play-services-basement-16.0.1.aar (com.google.android.gms:play-services-basement:16.0.1) with AarTransform
Caching disabled for task ':app:mergeDebugAssets' because:
  Build cache is disabled
  Simple merging task
Task ':app:mergeDebugAssets' is not up-to-date because:
  Output property 'outputDir' file C:\DEV\StudyWise-Fresh\app\build\intermediates\assets\debug\mergeDebugAssets has been removed.
The input changes require a full rebuild for incremental task ':app:mergeDebugAssets'.
Resolve mutations for :app:compressDebugAssets (Thread[included builds,5,main]) started.
:app:compressDebugAssets (Thread[included builds,5,main]) started.

> Task :app:compressDebugAssets
Caching disabled for task ':app:compressDebugAssets' because:
  Build cache is disabled
Task ':app:compressDebugAssets' is not up-to-date because:
  Output property 'outputDir' file C:\DEV\StudyWise-Fresh\app\build\intermediates\compressed_assets\debug\compressDebugAssets\out has been removed.
The input changes require a full rebuild for incremental task ':app:compressDebugAssets'.
Resolve mutations for :app:desugarDebugFileDependencies (Thread[included builds,5,main]) started.
:app:desugarDebugFileDependencies (Thread[included builds,5,main]) started.

> Task :app:desugarDebugFileDependencies
Caching disabled for task ':app:desugarDebugFileDependencies' because:
  Build cache is disabled
Task ':app:desugarDebugFileDependencies' is not up-to-date because:
  Output property 'outputDirectory' file C:\DEV\StudyWise-Fresh\app\build\intermediates\external_file_lib_dex_archives\debug\desugarDebugFileDependencies has been removed.
  Output property 'outputGlobalSynthetics' file C:\DEV\StudyWise-Fresh\app\build\intermediates\global_synthetics_file_lib\debug\desugarDebugFileDependencies has been removed.
Resolve mutations for :app:checkDebugDuplicateClasses (Thread[included builds,5,main]) started.
:app:checkDebugDuplicateClasses (Thread[included builds,5,main]) started.
Resolve mutations for :app:mergeDebugJniLibFolders (Thread[Execution worker Thread 4,5,main]) started.
:app:mergeDebugJniLibFolders (Thread[Execution worker Thread 4,5,main]) started.

> Task :app:mergeDebugJniLibFolders
Caching disabled for task ':app:mergeDebugJniLibFolders' because:
  Build cache is disabled
  Simple merging task
Task ':app:mergeDebugJniLibFolders' is not up-to-date because:
  Output property 'outputDir' file C:\DEV\StudyWise-Fresh\app\build\intermediates\merged_jni_libs\debug\mergeDebugJniLibFolders\out has been removed.
The input changes require a full rebuild for incremental task ':app:mergeDebugJniLibFolders'.
Resolve mutations for :app:mergeDebugNativeLibs (Thread[Execution worker Thread 4,5,main]) started.
:app:mergeDebugNativeLibs (Thread[Execution worker Thread 4,5,main]) started.
Resolve mutations for :app:validateSigningDebug (Thread[Execution worker Thread 2,5,main]) started.
:app:validateSigningDebug (Thread[Execution worker Thread 2,5,main]) started.

> Task :app:checkDebugDuplicateClasses
Transforming datastore-preferences-release.aar (androidx.datastore:datastore-preferences-android:1.1.1) with AarToClassTransform
Transforming datastore-preferences-release.aar (androidx.datastore:datastore-preferences-android:1.1.1) with EnumerateClassesTransform
Transforming datastore-release.aar (androidx.datastore:datastore-android:1.1.1) with AarToClassTransform
Transforming datastore-release.aar (androidx.datastore:datastore-android:1.1.1) with EnumerateClassesTransform
Transforming datastore-core-release.aar (androidx.datastore:datastore-core-android:1.1.1) with AarToClassTransform
Transforming datastore-core-release.aar (androidx.datastore:datastore-core-android:1.1.1) with EnumerateClassesTransform
Transforming datastore-core-okio-jvm-1.1.1.jar (androidx.datastore:datastore-core-okio-jvm:1.1.1) with IdentityTransform
Transforming datastore-core-okio-jvm-1.1.1.jar (androidx.datastore:datastore-core-okio-jvm:1.1.1) with EnumerateClassesTransform
Transforming hilt-navigation-compose-1.2.0.aar (androidx.hilt:hilt-navigation-compose:1.2.0) with AarToClassTransform
Transforming hilt-navigation-compose-1.2.0.aar (androidx.hilt:hilt-navigation-compose:1.2.0) with EnumerateClassesTransform
Transforming datastore-preferences-core-jvm-1.1.1.jar (androidx.datastore:datastore-preferences-core-jvm:1.1.1) with IdentityTransform
Transforming hilt-navigation-1.2.0.aar (androidx.hilt:hilt-navigation:1.2.0) with AarToClassTransform
Transforming datastore-preferences-core-jvm-1.1.1.jar (androidx.datastore:datastore-preferences-core-jvm:1.1.1) with EnumerateClassesTransform
Transforming hilt-navigation-1.2.0.aar (androidx.hilt:hilt-navigation:1.2.0) with EnumerateClassesTransform
Transforming kotlin-parcelize-runtime-1.9.24.jar (org.jetbrains.kotlin:kotlin-parcelize-runtime:1.9.24) with IdentityTransform
Transforming navigation-common-2.8.4.aar (androidx.navigation:navigation-common:2.8.4) with AarToClassTransform
Transforming kotlin-parcelize-runtime-1.9.24.jar (org.jetbrains.kotlin:kotlin-parcelize-runtime:1.9.24) with EnumerateClassesTransform
Transforming navigation-common-2.8.4.aar (androidx.navigation:navigation-common:2.8.4) with EnumerateClassesTransform
Transforming navigation-runtime-2.8.4.aar (androidx.navigation:navigation-runtime:2.8.4) with AarToClassTransform
Transforming navigation-runtime-2.8.4.aar (androidx.navigation:navigation-runtime:2.8.4) with EnumerateClassesTransform
Transforming navigation-common-ktx-2.8.4.aar (androidx.navigation:navigation-common-ktx:2.8.4) with AarToClassTransform
Transforming navigation-common-ktx-2.8.4.aar (androidx.navigation:navigation-common-ktx:2.8.4) with EnumerateClassesTransform
Transforming navigation-runtime-ktx-2.8.4.aar (androidx.navigation:navigation-runtime-ktx:2.8.4) with AarToClassTransform
Transforming navigation-runtime-ktx-2.8.4.aar (androidx.navigation:navigation-runtime-ktx:2.8.4) with EnumerateClassesTransform
Transforming navigation-compose-2.8.4.aar (androidx.navigation:navigation-compose:2.8.4) with AarToClassTransform
Transforming navigation-compose-2.8.4.aar (androidx.navigation:navigation-compose:2.8.4) with EnumerateClassesTransform
Transforming accompanist-permissions-0.34.0.aar (com.google.accompanist:accompanist-permissions:0.34.0) with AarToClassTransform
Transforming accompanist-permissions-0.34.0.aar (com.google.accompanist:accompanist-permissions:0.34.0) with EnumerateClassesTransform
Transforming hilt-work-1.2.0.aar (androidx.hilt:hilt-work:1.2.0) with AarToClassTransform
Transforming hilt-work-1.2.0.aar (androidx.hilt:hilt-work:1.2.0) with EnumerateClassesTransform
Transforming hilt-android-2.49.aar (com.google.dagger:hilt-android:2.49) with AarToClassTransform
Transforming hilt-android-2.49.aar (com.google.dagger:hilt-android:2.49) with EnumerateClassesTransform
Transforming fragment-1.5.1.aar (androidx.fragment:fragment:1.5.1) with AarToClassTransform
Transforming fragment-1.5.1.aar (androidx.fragment:fragment:1.5.1) with EnumerateClassesTransform
Transforming accompanist-systemuicontroller-0.34.0.aar (com.google.accompanist:accompanist-systemuicontroller:0.34.0) with AarToClassTransform
Transforming accompanist-systemuicontroller-0.34.0.aar (com.google.accompanist:accompanist-systemuicontroller:0.34.0) with EnumerateClassesTransform
Transforming work-runtime-ktx-2.9.1.aar (androidx.work:work-runtime-ktx:2.9.1) with AarToClassTransform
Transforming work-runtime-ktx-2.9.1.aar (androidx.work:work-runtime-ktx:2.9.1) with EnumerateClassesTransform
Transforming work-runtime-2.9.1.aar (androidx.work:work-runtime:2.9.1) with AarToClassTransform
Transforming work-runtime-2.9.1.aar (androidx.work:work-runtime:2.9.1) with EnumerateClassesTransform
Transforming loader-1.0.0.aar (androidx.loader:loader:1.0.0) with AarToClassTransform
Transforming loader-1.0.0.aar (androidx.loader:loader:1.0.0) with EnumerateClassesTransform
Transforming viewpager-1.0.0.aar (androidx.viewpager:viewpager:1.0.0) with AarToClassTransform
Transforming viewpager-1.0.0.aar (androidx.viewpager:viewpager:1.0.0) with EnumerateClassesTransform
Transforming coil-compose-2.7.0.aar (io.coil-kt:coil-compose:2.7.0) with AarToClassTransform
Transforming coil-compose-2.7.0.aar (io.coil-kt:coil-compose:2.7.0) with EnumerateClassesTransform
Transforming coil-compose-base-2.7.0.aar (io.coil-kt:coil-compose-base:2.7.0) with AarToClassTransform
Transforming coil-compose-base-2.7.0.aar (io.coil-kt:coil-compose-base:2.7.0) with EnumerateClassesTransform
Transforming coil-2.7.0.aar (io.coil-kt:coil:2.7.0) with AarToClassTransform
Transforming coil-2.7.0.aar (io.coil-kt:coil:2.7.0) with EnumerateClassesTransform
Transforming coil-base-2.7.0.aar (io.coil-kt:coil-base:2.7.0) with AarToClassTransform
Transforming coil-base-2.7.0.aar (io.coil-kt:coil-base:2.7.0) with EnumerateClassesTransform
Transforming appcompat-resources-1.6.1.aar (androidx.appcompat:appcompat-resources:1.6.1) with AarToClassTransform
Transforming appcompat-resources-1.6.1.aar (androidx.appcompat:appcompat-resources:1.6.1) with EnumerateClassesTransform
Transforming autofill-1.0.0.aar (androidx.autofill:autofill:1.0.0) with AarToClassTransform
Transforming autofill-1.0.0.aar (androidx.autofill:autofill:1.0.0) with EnumerateClassesTransform
Transforming customview-1.0.0.aar (androidx.customview:customview:1.0.0) with AarToClassTransform
Transforming customview-1.0.0.aar (androidx.customview:customview:1.0.0) with EnumerateClassesTransform
Transforming vectordrawable-animated-1.1.0.aar (androidx.vectordrawable:vectordrawable-animated:1.1.0) with AarToClassTransform
Transforming vectordrawable-animated-1.1.0.aar (androidx.vectordrawable:vectordrawable-animated:1.1.0) with EnumerateClassesTransform
Transforming vectordrawable-1.1.0.aar (androidx.vectordrawable:vectordrawable:1.1.0) with AarToClassTransform
Transforming vectordrawable-1.1.0.aar (androidx.vectordrawable:vectordrawable:1.1.0) with EnumerateClassesTransform
Transforming vectordrawable-1.1.0.aar (androidx.vectordrawable:vectordrawable:1.1.0) with AarToClassTransform
Transforming vectordrawable-1.1.0.aar (androidx.vectordrawable:vectordrawable:1.1.0) with EnumerateClassesTransform
Transforming material3-release.aar (androidx.compose.material3:material3-android:1.3.0) with AarToClassTransform
Transforming material3-release.aar (androidx.compose.material3:material3-android:1.3.0) with EnumerateClassesTransform
Transforming ui-tooling-data-release.aar (androidx.compose.ui:ui-tooling-data-android:1.7.8) with AarToClassTransform
Transforming ui-tooling-data-release.aar (androidx.compose.ui:ui-tooling-data-android:1.7.8) with EnumerateClassesTransform
Transforming ui-tooling-preview-release.aar (androidx.compose.ui:ui-tooling-preview-android:1.7.8) with AarToClassTransform
Transforming ui-tooling-preview-release.aar (androidx.compose.ui:ui-tooling-preview-android:1.7.8) with EnumerateClassesTransform
Transforming ui-tooling-release.aar (androidx.compose.ui:ui-tooling-android:1.7.8) with AarToClassTransform
Transforming ui-tooling-release.aar (androidx.compose.ui:ui-tooling-android:1.7.8) with EnumerateClassesTransform
Transforming material-release.aar (androidx.compose.material:material-android:1.7.0) with AarToClassTransform
Transforming material-release.aar (androidx.compose.material:material-android:1.7.0) with EnumerateClassesTransform
Transforming material-ripple-release.aar (androidx.compose.material:material-ripple-android:1.7.0) with AarToClassTransform
Transforming material-ripple-release.aar (androidx.compose.material:material-ripple-android:1.7.0) with EnumerateClassesTransform
Transforming animation-core-release.aar (androidx.compose.animation:animation-core-android:1.7.8) with AarToClassTransform
Transforming animation-core-release.aar (androidx.compose.animation:animation-core-android:1.7.8) with EnumerateClassesTransform
Transforming animation-release.aar (androidx.compose.animation:animation-android:1.7.8) with AarToClassTransform
Transforming animation-release.aar (androidx.compose.animation:animation-android:1.7.8) with EnumerateClassesTransform
Transforming foundation-layout-release.aar (androidx.compose.foundation:foundation-layout-android:1.7.8) with AarToClassTransform
Transforming foundation-layout-release.aar (androidx.compose.foundation:foundation-layout-android:1.7.8) with EnumerateClassesTransform
Transforming foundation-release.aar (androidx.compose.foundation:foundation-android:1.7.8) with AarToClassTransform
Transforming foundation-release.aar (androidx.compose.foundation:foundation-android:1.7.8) with EnumerateClassesTransform
Transforming ui-util-release.aar (androidx.compose.ui:ui-util-android:1.7.8) with AarToClassTransform
Transforming ui-util-release.aar (androidx.compose.ui:ui-util-android:1.7.8) with EnumerateClassesTransform
Transforming ui-unit-release.aar (androidx.compose.ui:ui-unit-android:1.7.8) with AarToClassTransform
Transforming ui-unit-release.aar (androidx.compose.ui:ui-unit-android:1.7.8) with EnumerateClassesTransform
Transforming ui-text-release.aar (androidx.compose.ui:ui-text-android:1.7.8) with AarToClassTransform
Transforming ui-text-release.aar (androidx.compose.ui:ui-text-android:1.7.8) with EnumerateClassesTransform
Transforming ui-geometry-release.aar (androidx.compose.ui:ui-geometry-android:1.7.8) with AarToClassTransform
Transforming ui-geometry-release.aar (androidx.compose.ui:ui-geometry-android:1.7.8) with EnumerateClassesTransform
Transforming ui-graphics-release.aar (androidx.compose.ui:ui-graphics-android:1.7.8) with AarToClassTransform
Transforming ui-graphics-release.aar (androidx.compose.ui:ui-graphics-android:1.7.8) with EnumerateClassesTransform
Transforming graphics-path-1.0.1.aar (androidx.graphics:graphics-path:1.0.1) with AarToClassTransform
Transforming graphics-path-1.0.1.aar (androidx.graphics:graphics-path:1.0.1) with EnumerateClassesTransform
Transforming emoji2-1.3.0.aar (androidx.emoji2:emoji2:1.3.0) with AarToClassTransform
Transforming emoji2-1.3.0.aar (androidx.emoji2:emoji2:1.3.0) with EnumerateClassesTransform
Transforming core-1.16.0.aar (androidx.core:core:1.16.0) with AarToClassTransform
Transforming core-1.16.0.aar (androidx.core:core:1.16.0) with EnumerateClassesTransform
Transforming core-1.16.0.aar (androidx.core:core:1.16.0) with AarToClassTransform
Transforming core-1.16.0.aar (androidx.core:core:1.16.0) with EnumerateClassesTransform
Transforming lifecycle-process-2.9.1.aar (androidx.lifecycle:lifecycle-process:2.9.1) with AarToClassTransform
Transforming lifecycle-process-2.9.1.aar (androidx.lifecycle:lifecycle-process:2.9.1) with EnumerateClassesTransform
Transforming lifecycle-runtime-compose-release.aar (androidx.lifecycle:lifecycle-runtime-compose-android:2.9.1) with AarToClassTransform
Transforming lifecycle-runtime-compose-release.aar (androidx.lifecycle:lifecycle-runtime-compose-android:2.9.1) with EnumerateClassesTransform
Transforming lifecycle-livedata-core-ktx-2.9.1.aar (androidx.lifecycle:lifecycle-livedata-core-ktx:2.9.1) with AarToClassTransform
Transforming lifecycle-livedata-core-ktx-2.9.1.aar (androidx.lifecycle:lifecycle-livedata-core-ktx:2.9.1) with EnumerateClassesTransform
Transforming lifecycle-livedata-core-2.9.1.aar (androidx.lifecycle:lifecycle-livedata-core:2.9.1) with AarToClassTransform
Transforming lifecycle-livedata-core-2.9.1.aar (androidx.lifecycle:lifecycle-livedata-core:2.9.1) with EnumerateClassesTransform
Transforming lifecycle-viewmodel-savedstate-release.aar (androidx.lifecycle:lifecycle-viewmodel-savedstate-android:2.9.1) with AarToClassTransform
Transforming lifecycle-viewmodel-savedstate-release.aar (androidx.lifecycle:lifecycle-viewmodel-savedstate-android:2.9.1) with EnumerateClassesTransform
Transforming lifecycle-viewmodel-2.9.1.aar (androidx.lifecycle:lifecycle-viewmodel:2.9.1) with AarToClassTransform
Transforming lifecycle-viewmodel-2.9.1.aar (androidx.lifecycle:lifecycle-viewmodel:2.9.1) with EnumerateClassesTransform
Transforming lifecycle-viewmodel-release.aar (androidx.lifecycle:lifecycle-viewmodel-android:2.9.1) with AarToClassTransform
Transforming lifecycle-viewmodel-release.aar (androidx.lifecycle:lifecycle-viewmodel-android:2.9.1) with EnumerateClassesTransform
Transforming savedstate-ktx-1.3.0.aar (androidx.savedstate:savedstate-ktx:1.3.0) with AarToClassTransform
Transforming savedstate-ktx-1.3.0.aar (androidx.savedstate:savedstate-ktx:1.3.0) with EnumerateClassesTransform
Transforming savedstate-release.aar (androidx.savedstate:savedstate-android:1.3.0) with AarToClassTransform
Transforming savedstate-release.aar (androidx.savedstate:savedstate-android:1.3.0) with EnumerateClassesTransform
Transforming lifecycle-common-java8-2.9.1.jar (androidx.lifecycle:lifecycle-common-java8:2.9.1) with IdentityTransform
Transforming lifecycle-common-java8-2.9.1.jar (androidx.lifecycle:lifecycle-common-java8:2.9.1) with EnumerateClassesTransform
Transforming lifecycle-runtime-release.aar (androidx.lifecycle:lifecycle-runtime-android:2.9.1) with AarToClassTransform
Transforming lifecycle-runtime-release.aar (androidx.lifecycle:lifecycle-runtime-android:2.9.1) with EnumerateClassesTransform
Transforming lifecycle-service-2.9.1.aar (androidx.lifecycle:lifecycle-service:2.9.1) with AarToClassTransform
Transforming lifecycle-service-2.9.1.aar (androidx.lifecycle:lifecycle-service:2.9.1) with EnumerateClassesTransform
Transforming lifecycle-livedata-2.9.1.aar (androidx.lifecycle:lifecycle-livedata:2.9.1) with AarToClassTransform
Transforming lifecycle-livedata-2.9.1.aar (androidx.lifecycle:lifecycle-livedata:2.9.1) with EnumerateClassesTransform
Transforming lifecycle-livedata-2.9.1.aar (androidx.lifecycle:lifecycle-livedata:2.9.1) with AarToClassTransform
Transforming lifecycle-livedata-2.9.1.aar (androidx.lifecycle:lifecycle-livedata:2.9.1) with EnumerateClassesTransform
Transforming lifecycle-viewmodel-ktx-2.9.1.aar (androidx.lifecycle:lifecycle-viewmodel-ktx:2.9.1) with AarToClassTransform
Transforming lifecycle-viewmodel-ktx-2.9.1.aar (androidx.lifecycle:lifecycle-viewmodel-ktx:2.9.1) with EnumerateClassesTransform
Transforming lifecycle-common-jvm-2.9.1.jar (androidx.lifecycle:lifecycle-common-jvm:2.9.1) with IdentityTransform
Transforming lifecycle-runtime-ktx.aar (androidx.lifecycle:lifecycle-runtime-ktx-android:2.9.1) with AarToClassTransform
Transforming lifecycle-common-jvm-2.9.1.jar (androidx.lifecycle:lifecycle-common-jvm:2.9.1) with EnumerateClassesTransform
Transforming lifecycle-runtime-ktx.aar (androidx.lifecycle:lifecycle-runtime-ktx-android:2.9.1) with EnumerateClassesTransform
Transforming lifecycle-viewmodel-compose-release.aar (androidx.lifecycle:lifecycle-viewmodel-compose-android:2.9.1) with AarToClassTransform
Transforming lifecycle-viewmodel-compose-release.aar (androidx.lifecycle:lifecycle-viewmodel-compose-android:2.9.1) with EnumerateClassesTransform
Transforming accompanist-drawablepainter-0.32.0.aar (com.google.accompanist:accompanist-drawablepainter:0.32.0) with AarToClassTransform
Transforming accompanist-drawablepainter-0.32.0.aar (com.google.accompanist:accompanist-drawablepainter:0.32.0) with EnumerateClassesTransform
Transforming material-icons-core-release.aar (androidx.compose.material:material-icons-core-android:1.7.0) with AarToClassTransform
Transforming material-icons-core-release.aar (androidx.compose.material:material-icons-core-android:1.7.0) with EnumerateClassesTransform
Transforming ui-release.aar (androidx.compose.ui:ui-android:1.7.8) with AarToClassTransform
Transforming ui-release.aar (androidx.compose.ui:ui-android:1.7.8) with EnumerateClassesTransform
Transforming ui-test-manifest-1.7.8.aar (androidx.compose.ui:ui-test-manifest:1.7.8) with AarToClassTransform
Transforming ui-test-manifest-1.7.8.aar (androidx.compose.ui:ui-test-manifest:1.7.8) with EnumerateClassesTransform
Transforming activity-1.10.1.aar (androidx.activity:activity:1.10.1) with AarToClassTransform
Transforming activity-1.10.1.aar (androidx.activity:activity:1.10.1) with EnumerateClassesTransform
Transforming activity-ktx-1.10.1.aar (androidx.activity:activity-ktx:1.10.1) with AarToClassTransform
Transforming activity-ktx-1.10.1.aar (androidx.activity:activity-ktx:1.10.1) with EnumerateClassesTransform
Transforming activity-compose-1.10.1.aar (androidx.activity:activity-compose:1.10.1) with AarToClassTransform
Transforming activity-compose-1.10.1.aar (androidx.activity:activity-compose:1.10.1) with EnumerateClassesTransform
Transforming customview-poolingcontainer-1.0.0.aar (androidx.customview:customview-poolingcontainer:1.0.0) with AarToClassTransform
Transforming customview-poolingcontainer-1.0.0.aar (androidx.customview:customview-poolingcontainer:1.0.0) with EnumerateClassesTransform
Transforming core-ktx-1.16.0.aar (androidx.core:core-ktx:1.16.0) with AarToClassTransform
Transforming core-ktx-1.16.0.aar (androidx.core:core-ktx:1.16.0) with EnumerateClassesTransform
Transforming room-common-2.6.1.jar (androidx.room:room-common:2.6.1) with IdentityTransform
Transforming room-common-2.6.1.jar (androidx.room:room-common:2.6.1) with EnumerateClassesTransform
Transforming room-runtime-2.6.1.aar (androidx.room:room-runtime:2.6.1) with AarToClassTransform
Transforming room-runtime-2.6.1.aar (androidx.room:room-runtime:2.6.1) with EnumerateClassesTransform
Transforming room-ktx-2.6.1.aar (androidx.room:room-ktx:2.6.1) with AarToClassTransform
Transforming room-ktx-2.6.1.aar (androidx.room:room-ktx:2.6.1) with EnumerateClassesTransform
Transforming runtime-saveable-release.aar (androidx.compose.runtime:runtime-saveable-android:1.7.8) with AarToClassTransform
Transforming runtime-saveable-release.aar (androidx.compose.runtime:runtime-saveable-android:1.7.8) with EnumerateClassesTransform
Transforming runtime-release.aar (androidx.compose.runtime:runtime-android:1.7.8) with AarToClassTransform
Transforming runtime-release.aar (androidx.compose.runtime:runtime-android:1.7.8) with EnumerateClassesTransform
Transforming kotlinx-coroutines-play-services-1.8.1.jar (org.jetbrains.kotlinx:kotlinx-coroutines-play-services:1.8.1) with IdentityTransform
Transforming kotlinx-coroutines-play-services-1.8.1.jar (org.jetbrains.kotlinx:kotlinx-coroutines-play-services:1.8.1) with EnumerateClassesTransform
Transforming timber-5.0.1.aar (com.jakewharton.timber:timber:5.0.1) with AarToClassTransform
Transforming timber-5.0.1.aar (com.jakewharton.timber:timber:5.0.1) with EnumerateClassesTransform
Transforming sqlite-framework-2.4.0.aar (androidx.sqlite:sqlite-framework:2.4.0) with AarToClassTransform
Transforming sqlite-framework-2.4.0.aar (androidx.sqlite:sqlite-framework:2.4.0) with EnumerateClassesTransform
Transforming sqlite-2.4.0.aar (androidx.sqlite:sqlite:2.4.0) with AarToClassTransform
Transforming sqlite-2.4.0.aar (androidx.sqlite:sqlite:2.4.0) with EnumerateClassesTransform
Transforming annotation-experimental-1.4.1.aar (androidx.annotation:annotation-experimental:1.4.1) with AarToClassTransform
Transforming annotation-experimental-1.4.1.aar (androidx.annotation:annotation-experimental:1.4.1) with EnumerateClassesTransform
Transforming core-viewtree-1.0.0.aar (androidx.core:core-viewtree:1.0.0) with AarToClassTransform
Transforming core-viewtree-1.0.0.aar (androidx.core:core-viewtree:1.0.0) with EnumerateClassesTransform
Transforming kotlin-stdlib-jdk8-1.9.0.jar (org.jetbrains.kotlin:kotlin-stdlib-jdk8:1.9.0) with IdentityTransform
Transforming kotlin-stdlib-jdk8-1.9.0.jar (org.jetbrains.kotlin:kotlin-stdlib-jdk8:1.9.0) with EnumerateClassesTransform
Transforming versionedparcelable-1.1.1.aar (androidx.versionedparcelable:versionedparcelable:1.1.1) with AarToClassTransform
Transforming versionedparcelable-1.1.1.aar (androidx.versionedparcelable:versionedparcelable:1.1.1) with EnumerateClassesTransform
Transforming kotlin-stdlib-jdk7-1.9.0.jar (org.jetbrains.kotlin:kotlin-stdlib-jdk7:1.9.0) with IdentityTransform
Transforming kotlin-stdlib-jdk7-1.9.0.jar (org.jetbrains.kotlin:kotlin-stdlib-jdk7:1.9.0) with EnumerateClassesTransform
Transforming core-runtime-2.2.0.aar (androidx.arch.core:core-runtime:2.2.0) with AarToClassTransform
Transforming core-runtime-2.2.0.aar (androidx.arch.core:core-runtime:2.2.0) with EnumerateClassesTransform
Transforming interpolator-1.0.0.aar (androidx.interpolator:interpolator:1.0.0) with AarToClassTransform
Transforming kotlinx-coroutines-android-1.8.1.jar (org.jetbrains.kotlinx:kotlinx-coroutines-android:1.8.1) with IdentityTransform
Transforming interpolator-1.0.0.aar (androidx.interpolator:interpolator:1.0.0) with EnumerateClassesTransform
Transforming interpolator-1.0.0.aar (androidx.interpolator:interpolator:1.0.0) with AarToClassTransform
Transforming kotlinx-coroutines-android-1.8.1.jar (org.jetbrains.kotlinx:kotlinx-coroutines-android:1.8.1) with EnumerateClassesTransform
Transforming interpolator-1.0.0.aar (androidx.interpolator:interpolator:1.0.0) with EnumerateClassesTransform
Transforming profileinstaller-1.4.0.aar (androidx.profileinstaller:profileinstaller:1.4.0) with AarToClassTransform
Transforming profileinstaller-1.4.0.aar (androidx.profileinstaller:profileinstaller:1.4.0) with EnumerateClassesTransform
Transforming startup-runtime-1.1.1.aar (androidx.startup:startup-runtime:1.1.1) with AarToClassTransform
Transforming startup-runtime-1.1.1.aar (androidx.startup:startup-runtime:1.1.1) with EnumerateClassesTransform
Transforming tracing-1.2.0.aar (androidx.tracing:tracing:1.2.0) with AarToClassTransform
Transforming kotlinx-coroutines-core-jvm-1.8.1.jar (org.jetbrains.kotlinx:kotlinx-coroutines-core-jvm:1.8.1) with IdentityTransform
Transforming tracing-1.2.0.aar (androidx.tracing:tracing:1.2.0) with EnumerateClassesTransform
Transforming kotlinx-coroutines-core-jvm-1.8.1.jar (org.jetbrains.kotlinx:kotlinx-coroutines-core-jvm:1.8.1) with EnumerateClassesTransform
Transforming exifinterface-1.3.7.aar (androidx.exifinterface:exifinterface:1.3.7) with AarToClassTransform
Transforming exifinterface-1.3.7.aar (androidx.exifinterface:exifinterface:1.3.7) with EnumerateClassesTransform
Transforming gson-2.11.0.jar (com.google.code.gson:gson:2.11.0) with IdentityTransform
Transforming gson-2.11.0.jar (com.google.code.gson:gson:2.11.0) with EnumerateClassesTransform
Transforming kotlin-android-extensions-runtime-1.9.24.jar (org.jetbrains.kotlin:kotlin-android-extensions-runtime:1.9.24) with IdentityTransform
Transforming dagger-lint-aar-2.49.aar (com.google.dagger:dagger-lint-aar:2.49) with AarToClassTransform
Transforming kotlin-android-extensions-runtime-1.9.24.jar (org.jetbrains.kotlin:kotlin-android-extensions-runtime:1.9.24) with EnumerateClassesTransform
Transforming dagger-lint-aar-2.49.aar (com.google.dagger:dagger-lint-aar:2.49) with EnumerateClassesTransform
Transforming jsr305-3.0.2.jar (com.google.code.findbugs:jsr305:3.0.2) with IdentityTransform
Transforming jsr305-3.0.2.jar (com.google.code.findbugs:jsr305:3.0.2) with EnumerateClassesTransform
Transforming javax.inject-1.jar (javax.inject:javax.inject:1) with IdentityTransform
Transforming converter-gson-2.11.0.jar (com.squareup.retrofit2:converter-gson:2.11.0) with IdentityTransform
Transforming javax.inject-1.jar (javax.inject:javax.inject:1) with EnumerateClassesTransform
Transforming converter-gson-2.11.0.jar (com.squareup.retrofit2:converter-gson:2.11.0) with EnumerateClassesTransform
Transforming play-services-tasks-16.0.1.aar (com.google.android.gms:play-services-tasks:16.0.1) with AarToClassTransform
Transforming play-services-tasks-16.0.1.aar (com.google.android.gms:play-services-tasks:16.0.1) with EnumerateClassesTransform
Transforming collection-jvm-1.4.4.jar (androidx.collection:collection-jvm:1.4.4) with IdentityTransform
Transforming play-services-basement-16.0.1.aar (com.google.android.gms:play-services-basement:16.0.1) with AarToClassTransform
Transforming play-services-basement-16.0.1.aar (com.google.android.gms:play-services-basement:16.0.1) with EnumerateClassesTransform
Transforming collection-jvm-1.4.4.jar (androidx.collection:collection-jvm:1.4.4) with EnumerateClassesTransform
Transforming retrofit-2.11.0.jar (com.squareup.retrofit2:retrofit:2.11.0) with IdentityTransform
Transforming retrofit-2.11.0.jar (com.squareup.retrofit2:retrofit:2.11.0) with EnumerateClassesTransform
Transforming hilt-common-1.2.0.jar (androidx.hilt:hilt-common:1.2.0) with IdentityTransform
Transforming hilt-common-1.2.0.jar (androidx.hilt:hilt-common:1.2.0) with EnumerateClassesTransform
Transforming annotation-jvm-1.9.1.jar (androidx.annotation:annotation-jvm:1.9.1) with IdentityTransform
Transforming annotation-jvm-1.9.1.jar (androidx.annotation:annotation-jvm:1.9.1) with EnumerateClassesTransform
Transforming concurrent-futures-1.1.0.jar (androidx.concurrent:concurrent-futures:1.1.0) with IdentityTransform
Transforming concurrent-futures-1.1.0.jar (androidx.concurrent:concurrent-futures:1.1.0) with EnumerateClassesTransform
Transforming okhttp-4.12.0.jar (com.squareup.okhttp3:okhttp:4.12.0) with IdentityTransform
Transforming okhttp-4.12.0.jar (com.squareup.okhttp3:okhttp:4.12.0) with EnumerateClassesTransform
Transforming okio-jvm-3.9.0.jar (com.squareup.okio:okio-jvm:3.9.0) with IdentityTransform
Transforming okio-jvm-3.9.0.jar (com.squareup.okio:okio-jvm:3.9.0) with EnumerateClassesTransform
Transforming collection-ktx-1.4.4.jar (androidx.collection:collection-ktx:1.4.4) with IdentityTransform
Transforming collection-ktx-1.4.4.jar (androidx.collection:collection-ktx:1.4.4) with EnumerateClassesTransform
Transforming kotlinx-serialization-core-jvm-1.7.3.jar (org.jetbrains.kotlinx:kotlinx-serialization-core-jvm:1.7.3) with IdentityTransform
Transforming kotlinx-serialization-core-jvm-1.7.3.jar (org.jetbrains.kotlinx:kotlinx-serialization-core-jvm:1.7.3) with EnumerateClassesTransform
Transforming core-common-2.2.0.jar (androidx.arch.core:core-common:2.2.0) with IdentityTransform
Transforming core-common-2.2.0.jar (androidx.arch.core:core-common:2.2.0) with EnumerateClassesTransform
Transforming logging-interceptor-4.12.0.jar (com.squareup.okhttp3:logging-interceptor:4.12.0) with IdentityTransform
Transforming logging-interceptor-4.12.0.jar (com.squareup.okhttp3:logging-interceptor:4.12.0) with EnumerateClassesTransform
Transforming kotlin-stdlib-2.0.21.jar (org.jetbrains.kotlin:kotlin-stdlib:2.0.21) with IdentityTransform
Transforming kotlin-stdlib-2.0.21.jar (org.jetbrains.kotlin:kotlin-stdlib:2.0.21) with EnumerateClassesTransform
Transforming annotations-23.0.0.jar (org.jetbrains:annotations:23.0.0) with IdentityTransform
Transforming annotations-23.0.0.jar (org.jetbrains:annotations:23.0.0) with EnumerateClassesTransform
Transforming listenablefuture-1.0.jar (com.google.guava:listenablefuture:1.0) with IdentityTransform
Transforming listenablefuture-1.0.jar (com.google.guava:listenablefuture:1.0) with EnumerateClassesTransform
Transforming hilt-core-2.49.jar (com.google.dagger:hilt-core:2.49) with IdentityTransform
Transforming hilt-core-2.49.jar (com.google.dagger:hilt-core:2.49) with EnumerateClassesTransform
Transforming dagger-2.49.jar (com.google.dagger:dagger:2.49) with IdentityTransform
Transforming dagger-2.49.jar (com.google.dagger:dagger:2.49) with EnumerateClassesTransform
Transforming error_prone_annotations-2.27.0.jar (com.google.errorprone:error_prone_annotations:2.27.0) with IdentityTransform
Transforming error_prone_annotations-2.27.0.jar (com.google.errorprone:error_prone_annotations:2.27.0) with EnumerateClassesTransform
Transforming jspecify-1.0.0.jar (org.jspecify:jspecify:1.0.0) with IdentityTransform
Transforming jspecify-1.0.0.jar (org.jspecify:jspecify:1.0.0) with EnumerateClassesTransform
Caching disabled for task ':app:checkDebugDuplicateClasses' because:
  Build cache is disabled
  Caching has been disabled for the task
Task ':app:checkDebugDuplicateClasses' is not up-to-date because:
  Output property 'dummyOutputDirectory' file C:\DEV\StudyWise-Fresh\app\build\intermediates\duplicate_classes_check\debug\checkDebugDuplicateClasses has been removed.

> Task :app:validateSigningDebug
Caching disabled for task ':app:validateSigningDebug' because:
  Build cache is disabled
  Caching has been disabled for the task
Task ':app:validateSigningDebug' is not up-to-date because:
  Output property 'dummyOutputDirectory' file C:\DEV\StudyWise-Fresh\app\build\intermediates\validate_signing_config\debug\validateSigningDebug has been removed.
Resolve mutations for :app:mergeExtDexDebug (Thread[Execution worker Thread 2,5,main]) started.
:app:mergeExtDexDebug (Thread[Execution worker Thread 2,5,main]) started.

> Task :app:mergeDebugNativeLibs
Transforming datastore-core-okio-jvm-1.1.1.jar (androidx.datastore:datastore-core-okio-jvm:1.1.1) with ExtractJniTransform
Transforming datastore-preferences-core-jvm-1.1.1.jar (androidx.datastore:datastore-preferences-core-jvm:1.1.1) with ExtractJniTransform
Transforming datastore-preferences-release.aar (androidx.datastore:datastore-preferences-android:1.1.1) with ExtractAarTransform
Transforming datastore-preferences-release.aar (androidx.datastore:datastore-preferences-android:1.1.1) with AarTransform
Transforming datastore-release.aar (androidx.datastore:datastore-android:1.1.1) with ExtractAarTransform
Transforming datastore-release.aar (androidx.datastore:datastore-android:1.1.1) with AarTransform
Transforming datastore-core-release.aar (androidx.datastore:datastore-core-android:1.1.1) with ExtractAarTransform
Transforming datastore-core-release.aar (androidx.datastore:datastore-core-android:1.1.1) with AarTransform
Transforming kotlin-parcelize-runtime-1.9.24.jar (org.jetbrains.kotlin:kotlin-parcelize-runtime:1.9.24) with ExtractJniTransform
Transforming hilt-navigation-compose-1.2.0.aar (androidx.hilt:hilt-navigation-compose:1.2.0) with ExtractAarTransform
Transforming hilt-navigation-compose-1.2.0.aar (androidx.hilt:hilt-navigation-compose:1.2.0) with AarTransform
Transforming hilt-navigation-1.2.0.aar (androidx.hilt:hilt-navigation:1.2.0) with ExtractAarTransform
Transforming hilt-navigation-1.2.0.aar (androidx.hilt:hilt-navigation:1.2.0) with AarTransform
Transforming navigation-common-2.8.4.aar (androidx.navigation:navigation-common:2.8.4) with ExtractAarTransform
Transforming navigation-common-2.8.4.aar (androidx.navigation:navigation-common:2.8.4) with AarTransform
Transforming navigation-runtime-2.8.4.aar (androidx.navigation:navigation-runtime:2.8.4) with ExtractAarTransform
Transforming navigation-runtime-2.8.4.aar (androidx.navigation:navigation-runtime:2.8.4) with AarTransform
Transforming navigation-common-ktx-2.8.4.aar (androidx.navigation:navigation-common-ktx:2.8.4) with ExtractAarTransform
Transforming navigation-common-ktx-2.8.4.aar (androidx.navigation:navigation-common-ktx:2.8.4) with AarTransform
Transforming navigation-runtime-ktx-2.8.4.aar (androidx.navigation:navigation-runtime-ktx:2.8.4) with ExtractAarTransform
Transforming navigation-runtime-ktx-2.8.4.aar (androidx.navigation:navigation-runtime-ktx:2.8.4) with AarTransform
Transforming navigation-compose-2.8.4.aar (androidx.navigation:navigation-compose:2.8.4) with ExtractAarTransform
Transforming navigation-compose-2.8.4.aar (androidx.navigation:navigation-compose:2.8.4) with AarTransform
Transforming accompanist-permissions-0.34.0.aar (com.google.accompanist:accompanist-permissions:0.34.0) with ExtractAarTransform
Transforming accompanist-permissions-0.34.0.aar (com.google.accompanist:accompanist-permissions:0.34.0) with AarTransform
Transforming hilt-work-1.2.0.aar (androidx.hilt:hilt-work:1.2.0) with ExtractAarTransform
Transforming hilt-work-1.2.0.aar (androidx.hilt:hilt-work:1.2.0) with AarTransform
Transforming hilt-android-2.49.aar (com.google.dagger:hilt-android:2.49) with ExtractAarTransform
Transforming hilt-android-2.49.aar (com.google.dagger:hilt-android:2.49) with AarTransform
Transforming fragment-1.5.1.aar (androidx.fragment:fragment:1.5.1) with ExtractAarTransform
Transforming fragment-1.5.1.aar (androidx.fragment:fragment:1.5.1) with AarTransform
Transforming accompanist-systemuicontroller-0.34.0.aar (com.google.accompanist:accompanist-systemuicontroller:0.34.0) with ExtractAarTransform
Transforming accompanist-systemuicontroller-0.34.0.aar (com.google.accompanist:accompanist-systemuicontroller:0.34.0) with AarTransform
Transforming work-runtime-ktx-2.9.1.aar (androidx.work:work-runtime-ktx:2.9.1) with ExtractAarTransform
Transforming work-runtime-ktx-2.9.1.aar (androidx.work:work-runtime-ktx:2.9.1) with AarTransform
Transforming work-runtime-2.9.1.aar (androidx.work:work-runtime:2.9.1) with ExtractAarTransform
Transforming work-runtime-2.9.1.aar (androidx.work:work-runtime:2.9.1) with AarTransform
Transforming loader-1.0.0.aar (androidx.loader:loader:1.0.0) with ExtractAarTransform
Transforming loader-1.0.0.aar (androidx.loader:loader:1.0.0) with AarTransform
Transforming viewpager-1.0.0.aar (androidx.viewpager:viewpager:1.0.0) with ExtractAarTransform
Transforming viewpager-1.0.0.aar (androidx.viewpager:viewpager:1.0.0) with AarTransform
Transforming coil-compose-2.7.0.aar (io.coil-kt:coil-compose:2.7.0) with ExtractAarTransform
Transforming coil-compose-2.7.0.aar (io.coil-kt:coil-compose:2.7.0) with AarTransform
Transforming coil-compose-base-2.7.0.aar (io.coil-kt:coil-compose-base:2.7.0) with ExtractAarTransform
Transforming coil-compose-base-2.7.0.aar (io.coil-kt:coil-compose-base:2.7.0) with AarTransform
Transforming coil-2.7.0.aar (io.coil-kt:coil:2.7.0) with ExtractAarTransform
Transforming coil-2.7.0.aar (io.coil-kt:coil:2.7.0) with AarTransform
Transforming coil-base-2.7.0.aar (io.coil-kt:coil-base:2.7.0) with ExtractAarTransform
Transforming coil-base-2.7.0.aar (io.coil-kt:coil-base:2.7.0) with AarTransform
Transforming appcompat-resources-1.6.1.aar (androidx.appcompat:appcompat-resources:1.6.1) with ExtractAarTransform
Transforming appcompat-resources-1.6.1.aar (androidx.appcompat:appcompat-resources:1.6.1) with AarTransform
Transforming autofill-1.0.0.aar (androidx.autofill:autofill:1.0.0) with ExtractAarTransform
Transforming autofill-1.0.0.aar (androidx.autofill:autofill:1.0.0) with AarTransform
Transforming customview-1.0.0.aar (androidx.customview:customview:1.0.0) with ExtractAarTransform
Transforming customview-1.0.0.aar (androidx.customview:customview:1.0.0) with AarTransform
Transforming vectordrawable-animated-1.1.0.aar (androidx.vectordrawable:vectordrawable-animated:1.1.0) with ExtractAarTransform
Transforming vectordrawable-animated-1.1.0.aar (androidx.vectordrawable:vectordrawable-animated:1.1.0) with AarTransform
Transforming vectordrawable-1.1.0.aar (androidx.vectordrawable:vectordrawable:1.1.0) with ExtractAarTransform
Transforming vectordrawable-1.1.0.aar (androidx.vectordrawable:vectordrawable:1.1.0) with AarTransform
Transforming vectordrawable-1.1.0.aar (androidx.vectordrawable:vectordrawable:1.1.0) with ExtractAarTransform
Transforming vectordrawable-1.1.0.aar (androidx.vectordrawable:vectordrawable:1.1.0) with AarTransform
Transforming material3-release.aar (androidx.compose.material3:material3-android:1.3.0) with ExtractAarTransform
Transforming material3-release.aar (androidx.compose.material3:material3-android:1.3.0) with AarTransform
Transforming ui-tooling-data-release.aar (androidx.compose.ui:ui-tooling-data-android:1.7.8) with ExtractAarTransform
Transforming ui-tooling-data-release.aar (androidx.compose.ui:ui-tooling-data-android:1.7.8) with AarTransform
Transforming ui-tooling-preview-release.aar (androidx.compose.ui:ui-tooling-preview-android:1.7.8) with ExtractAarTransform
Transforming ui-tooling-preview-release.aar (androidx.compose.ui:ui-tooling-preview-android:1.7.8) with AarTransform
Transforming ui-tooling-release.aar (androidx.compose.ui:ui-tooling-android:1.7.8) with ExtractAarTransform
Transforming ui-tooling-release.aar (androidx.compose.ui:ui-tooling-android:1.7.8) with AarTransform
Transforming material-release.aar (androidx.compose.material:material-android:1.7.0) with ExtractAarTransform
Transforming material-release.aar (androidx.compose.material:material-android:1.7.0) with AarTransform
Transforming material-ripple-release.aar (androidx.compose.material:material-ripple-android:1.7.0) with ExtractAarTransform
Transforming material-ripple-release.aar (androidx.compose.material:material-ripple-android:1.7.0) with AarTransform
Transforming animation-core-release.aar (androidx.compose.animation:animation-core-android:1.7.8) with ExtractAarTransform
Transforming animation-core-release.aar (androidx.compose.animation:animation-core-android:1.7.8) with AarTransform
Transforming animation-release.aar (androidx.compose.animation:animation-android:1.7.8) with ExtractAarTransform
Transforming animation-release.aar (androidx.compose.animation:animation-android:1.7.8) with AarTransform
Transforming foundation-layout-release.aar (androidx.compose.foundation:foundation-layout-android:1.7.8) with ExtractAarTransform
Transforming foundation-layout-release.aar (androidx.compose.foundation:foundation-layout-android:1.7.8) with AarTransform
Transforming foundation-release.aar (androidx.compose.foundation:foundation-android:1.7.8) with ExtractAarTransform
Transforming foundation-release.aar (androidx.compose.foundation:foundation-android:1.7.8) with AarTransform
Transforming ui-util-release.aar (androidx.compose.ui:ui-util-android:1.7.8) with ExtractAarTransform
Transforming ui-util-release.aar (androidx.compose.ui:ui-util-android:1.7.8) with AarTransform
Transforming ui-unit-release.aar (androidx.compose.ui:ui-unit-android:1.7.8) with ExtractAarTransform
Transforming ui-unit-release.aar (androidx.compose.ui:ui-unit-android:1.7.8) with AarTransform
Transforming ui-text-release.aar (androidx.compose.ui:ui-text-android:1.7.8) with ExtractAarTransform
Transforming ui-text-release.aar (androidx.compose.ui:ui-text-android:1.7.8) with AarTransform
Transforming ui-geometry-release.aar (androidx.compose.ui:ui-geometry-android:1.7.8) with ExtractAarTransform
Transforming ui-geometry-release.aar (androidx.compose.ui:ui-geometry-android:1.7.8) with AarTransform
Transforming ui-graphics-release.aar (androidx.compose.ui:ui-graphics-android:1.7.8) with ExtractAarTransform
Transforming ui-graphics-release.aar (androidx.compose.ui:ui-graphics-android:1.7.8) with AarTransform
Transforming graphics-path-1.0.1.aar (androidx.graphics:graphics-path:1.0.1) with ExtractAarTransform
Transforming graphics-path-1.0.1.aar (androidx.graphics:graphics-path:1.0.1) with AarTransform
Transforming emoji2-1.3.0.aar (androidx.emoji2:emoji2:1.3.0) with ExtractAarTransform
Transforming emoji2-1.3.0.aar (androidx.emoji2:emoji2:1.3.0) with AarTransform
Transforming core-1.16.0.aar (androidx.core:core:1.16.0) with ExtractAarTransform
Transforming core-1.16.0.aar (androidx.core:core:1.16.0) with AarTransform
Transforming core-1.16.0.aar (androidx.core:core:1.16.0) with ExtractAarTransform
Transforming core-1.16.0.aar (androidx.core:core:1.16.0) with AarTransform
Transforming lifecycle-process-2.9.1.aar (androidx.lifecycle:lifecycle-process:2.9.1) with ExtractAarTransform
Transforming lifecycle-process-2.9.1.aar (androidx.lifecycle:lifecycle-process:2.9.1) with AarTransform
Transforming lifecycle-runtime-compose-release.aar (androidx.lifecycle:lifecycle-runtime-compose-android:2.9.1) with ExtractAarTransform
Transforming lifecycle-runtime-compose-release.aar (androidx.lifecycle:lifecycle-runtime-compose-android:2.9.1) with AarTransform
Transforming lifecycle-livedata-core-ktx-2.9.1.aar (androidx.lifecycle:lifecycle-livedata-core-ktx:2.9.1) with ExtractAarTransform
Transforming lifecycle-livedata-core-ktx-2.9.1.aar (androidx.lifecycle:lifecycle-livedata-core-ktx:2.9.1) with AarTransform
Transforming lifecycle-livedata-core-2.9.1.aar (androidx.lifecycle:lifecycle-livedata-core:2.9.1) with ExtractAarTransform
Transforming lifecycle-livedata-core-2.9.1.aar (androidx.lifecycle:lifecycle-livedata-core:2.9.1) with AarTransform
Transforming lifecycle-common-java8-2.9.1.jar (androidx.lifecycle:lifecycle-common-java8:2.9.1) with ExtractJniTransform
Transforming lifecycle-viewmodel-savedstate-release.aar (androidx.lifecycle:lifecycle-viewmodel-savedstate-android:2.9.1) with ExtractAarTransform
Transforming lifecycle-viewmodel-savedstate-release.aar (androidx.lifecycle:lifecycle-viewmodel-savedstate-android:2.9.1) with AarTransform
Transforming lifecycle-viewmodel-2.9.1.aar (androidx.lifecycle:lifecycle-viewmodel:2.9.1) with ExtractAarTransform
Transforming lifecycle-viewmodel-2.9.1.aar (androidx.lifecycle:lifecycle-viewmodel:2.9.1) with AarTransform
Transforming lifecycle-viewmodel-release.aar (androidx.lifecycle:lifecycle-viewmodel-android:2.9.1) with ExtractAarTransform
Transforming lifecycle-viewmodel-release.aar (androidx.lifecycle:lifecycle-viewmodel-android:2.9.1) with AarTransform
Transforming savedstate-ktx-1.3.0.aar (androidx.savedstate:savedstate-ktx:1.3.0) with ExtractAarTransform
Transforming savedstate-ktx-1.3.0.aar (androidx.savedstate:savedstate-ktx:1.3.0) with AarTransform
Transforming savedstate-release.aar (androidx.savedstate:savedstate-android:1.3.0) with ExtractAarTransform
Transforming savedstate-release.aar (androidx.savedstate:savedstate-android:1.3.0) with AarTransform
Transforming lifecycle-common-jvm-2.9.1.jar (androidx.lifecycle:lifecycle-common-jvm:2.9.1) with ExtractJniTransform
Transforming lifecycle-runtime-release.aar (androidx.lifecycle:lifecycle-runtime-android:2.9.1) with ExtractAarTransform
Transforming lifecycle-runtime-release.aar (androidx.lifecycle:lifecycle-runtime-android:2.9.1) with AarTransform
Transforming lifecycle-service-2.9.1.aar (androidx.lifecycle:lifecycle-service:2.9.1) with ExtractAarTransform
Transforming lifecycle-service-2.9.1.aar (androidx.lifecycle:lifecycle-service:2.9.1) with AarTransform
Transforming lifecycle-livedata-2.9.1.aar (androidx.lifecycle:lifecycle-livedata:2.9.1) with ExtractAarTransform
Transforming lifecycle-livedata-2.9.1.aar (androidx.lifecycle:lifecycle-livedata:2.9.1) with AarTransform
Transforming lifecycle-livedata-2.9.1.aar (androidx.lifecycle:lifecycle-livedata:2.9.1) with ExtractAarTransform
Transforming lifecycle-livedata-2.9.1.aar (androidx.lifecycle:lifecycle-livedata:2.9.1) with AarTransform
Transforming lifecycle-viewmodel-ktx-2.9.1.aar (androidx.lifecycle:lifecycle-viewmodel-ktx:2.9.1) with ExtractAarTransform
Transforming lifecycle-viewmodel-ktx-2.9.1.aar (androidx.lifecycle:lifecycle-viewmodel-ktx:2.9.1) with AarTransform
Transforming lifecycle-runtime-ktx.aar (androidx.lifecycle:lifecycle-runtime-ktx-android:2.9.1) with ExtractAarTransform
Transforming lifecycle-runtime-ktx.aar (androidx.lifecycle:lifecycle-runtime-ktx-android:2.9.1) with AarTransform
Transforming lifecycle-viewmodel-compose-release.aar (androidx.lifecycle:lifecycle-viewmodel-compose-android:2.9.1) with ExtractAarTransform
Transforming lifecycle-viewmodel-compose-release.aar (androidx.lifecycle:lifecycle-viewmodel-compose-android:2.9.1) with AarTransform
Transforming accompanist-drawablepainter-0.32.0.aar (com.google.accompanist:accompanist-drawablepainter:0.32.0) with ExtractAarTransform
Transforming accompanist-drawablepainter-0.32.0.aar (com.google.accompanist:accompanist-drawablepainter:0.32.0) with AarTransform
Transforming material-icons-core-release.aar (androidx.compose.material:material-icons-core-android:1.7.0) with ExtractAarTransform
Transforming material-icons-core-release.aar (androidx.compose.material:material-icons-core-android:1.7.0) with AarTransform
Transforming ui-release.aar (androidx.compose.ui:ui-android:1.7.8) with ExtractAarTransform
Transforming ui-release.aar (androidx.compose.ui:ui-android:1.7.8) with AarTransform
Transforming ui-test-manifest-1.7.8.aar (androidx.compose.ui:ui-test-manifest:1.7.8) with ExtractAarTransform
Transforming ui-test-manifest-1.7.8.aar (androidx.compose.ui:ui-test-manifest:1.7.8) with AarTransform
Transforming activity-1.10.1.aar (androidx.activity:activity:1.10.1) with ExtractAarTransform
Transforming activity-1.10.1.aar (androidx.activity:activity:1.10.1) with AarTransform
Transforming activity-ktx-1.10.1.aar (androidx.activity:activity-ktx:1.10.1) with ExtractAarTransform
Transforming activity-ktx-1.10.1.aar (androidx.activity:activity-ktx:1.10.1) with AarTransform
Transforming activity-compose-1.10.1.aar (androidx.activity:activity-compose:1.10.1) with ExtractAarTransform
Transforming activity-compose-1.10.1.aar (androidx.activity:activity-compose:1.10.1) with AarTransform
Transforming customview-poolingcontainer-1.0.0.aar (androidx.customview:customview-poolingcontainer:1.0.0) with ExtractAarTransform
Transforming customview-poolingcontainer-1.0.0.aar (androidx.customview:customview-poolingcontainer:1.0.0) with AarTransform
Transforming core-ktx-1.16.0.aar (androidx.core:core-ktx:1.16.0) with ExtractAarTransform
Transforming core-ktx-1.16.0.aar (androidx.core:core-ktx:1.16.0) with AarTransform
Transforming room-common-2.6.1.jar (androidx.room:room-common:2.6.1) with ExtractJniTransform
Transforming room-runtime-2.6.1.aar (androidx.room:room-runtime:2.6.1) with ExtractAarTransform
Transforming room-runtime-2.6.1.aar (androidx.room:room-runtime:2.6.1) with AarTransform
Transforming room-ktx-2.6.1.aar (androidx.room:room-ktx:2.6.1) with ExtractAarTransform
Transforming room-ktx-2.6.1.aar (androidx.room:room-ktx:2.6.1) with AarTransform
Transforming kotlinx-coroutines-play-services-1.8.1.jar (org.jetbrains.kotlinx:kotlinx-coroutines-play-services:1.8.1) with ExtractJniTransform
Transforming runtime-saveable-release.aar (androidx.compose.runtime:runtime-saveable-android:1.7.8) with ExtractAarTransform
Transforming runtime-saveable-release.aar (androidx.compose.runtime:runtime-saveable-android:1.7.8) with AarTransform
Transforming runtime-release.aar (androidx.compose.runtime:runtime-android:1.7.8) with ExtractAarTransform
Transforming runtime-release.aar (androidx.compose.runtime:runtime-android:1.7.8) with AarTransform
Transforming kotlinx-coroutines-core-jvm-1.8.1.jar (org.jetbrains.kotlinx:kotlinx-coroutines-core-jvm:1.8.1) with ExtractJniTransform
Transforming kotlinx-coroutines-android-1.8.1.jar (org.jetbrains.kotlinx:kotlinx-coroutines-android:1.8.1) with ExtractJniTransform
Transforming timber-5.0.1.aar (com.jakewharton.timber:timber:5.0.1) with ExtractAarTransform
Transforming timber-5.0.1.aar (com.jakewharton.timber:timber:5.0.1) with AarTransform
Transforming kotlin-android-extensions-runtime-1.9.24.jar (org.jetbrains.kotlin:kotlin-android-extensions-runtime:1.9.24) with ExtractJniTransform
Transforming sqlite-framework-2.4.0.aar (androidx.sqlite:sqlite-framework:2.4.0) with ExtractAarTransform
Transforming sqlite-framework-2.4.0.aar (androidx.sqlite:sqlite-framework:2.4.0) with AarTransform
Transforming sqlite-2.4.0.aar (androidx.sqlite:sqlite:2.4.0) with ExtractAarTransform
Transforming sqlite-2.4.0.aar (androidx.sqlite:sqlite:2.4.0) with AarTransform
Transforming annotation-experimental-1.4.1.aar (androidx.annotation:annotation-experimental:1.4.1) with ExtractAarTransform
Transforming annotation-experimental-1.4.1.aar (androidx.annotation:annotation-experimental:1.4.1) with AarTransform
Transforming core-viewtree-1.0.0.aar (androidx.core:core-viewtree:1.0.0) with ExtractAarTransform
Transforming core-viewtree-1.0.0.aar (androidx.core:core-viewtree:1.0.0) with AarTransform
Transforming kotlinx-serialization-core-jvm-1.7.3.jar (org.jetbrains.kotlinx:kotlinx-serialization-core-jvm:1.7.3) with ExtractJniTransform
Transforming logging-interceptor-4.12.0.jar (com.squareup.okhttp3:logging-interceptor:4.12.0) with ExtractJniTransform
Transforming converter-gson-2.11.0.jar (com.squareup.retrofit2:converter-gson:2.11.0) with ExtractJniTransform
Transforming retrofit-2.11.0.jar (com.squareup.retrofit2:retrofit:2.11.0) with ExtractJniTransform
Transforming okhttp-4.12.0.jar (com.squareup.okhttp3:okhttp:4.12.0) with ExtractJniTransform
Transforming kotlin-stdlib-jdk8-1.9.0.jar (org.jetbrains.kotlin:kotlin-stdlib-jdk8:1.9.0) with ExtractJniTransform
Transforming okio-jvm-3.9.0.jar (com.squareup.okio:okio-jvm:3.9.0) with ExtractJniTransform
Transforming versionedparcelable-1.1.1.aar (androidx.versionedparcelable:versionedparcelable:1.1.1) with ExtractAarTransform
Transforming versionedparcelable-1.1.1.aar (androidx.versionedparcelable:versionedparcelable:1.1.1) with AarTransform
Transforming collection-ktx-1.4.4.jar (androidx.collection:collection-ktx:1.4.4) with ExtractJniTransform
Transforming collection-jvm-1.4.4.jar (androidx.collection:collection-jvm:1.4.4) with ExtractJniTransform
Transforming kotlin-stdlib-jdk7-1.9.0.jar (org.jetbrains.kotlin:kotlin-stdlib-jdk7:1.9.0) with ExtractJniTransform
Transforming core-runtime-2.2.0.aar (androidx.arch.core:core-runtime:2.2.0) with ExtractAarTransform
Transforming core-runtime-2.2.0.aar (androidx.arch.core:core-runtime:2.2.0) with AarTransform
Transforming interpolator-1.0.0.aar (androidx.interpolator:interpolator:1.0.0) with ExtractAarTransform
Transforming interpolator-1.0.0.aar (androidx.interpolator:interpolator:1.0.0) with AarTransform
Transforming interpolator-1.0.0.aar (androidx.interpolator:interpolator:1.0.0) with ExtractAarTransform
Transforming interpolator-1.0.0.aar (androidx.interpolator:interpolator:1.0.0) with AarTransform
Transforming profileinstaller-1.4.0.aar (androidx.profileinstaller:profileinstaller:1.4.0) with ExtractAarTransform
Transforming profileinstaller-1.4.0.aar (androidx.profileinstaller:profileinstaller:1.4.0) with AarTransform
Transforming startup-runtime-1.1.1.aar (androidx.startup:startup-runtime:1.1.1) with ExtractAarTransform
Transforming startup-runtime-1.1.1.aar (androidx.startup:startup-runtime:1.1.1) with AarTransform
Transforming tracing-1.2.0.aar (androidx.tracing:tracing:1.2.0) with ExtractAarTransform
Transforming tracing-1.2.0.aar (androidx.tracing:tracing:1.2.0) with AarTransform
Transforming core-common-2.2.0.jar (androidx.arch.core:core-common:2.2.0) with ExtractJniTransform
Transforming exifinterface-1.3.7.aar (androidx.exifinterface:exifinterface:1.3.7) with ExtractAarTransform
Transforming exifinterface-1.3.7.aar (androidx.exifinterface:exifinterface:1.3.7) with AarTransform
Transforming concurrent-futures-1.1.0.jar (androidx.concurrent:concurrent-futures:1.1.0) with ExtractJniTransform
Transforming annotation-jvm-1.9.1.jar (androidx.annotation:annotation-jvm:1.9.1) with ExtractJniTransform
Transforming kotlin-stdlib-2.0.21.jar (org.jetbrains.kotlin:kotlin-stdlib:2.0.21) with ExtractJniTransform
Transforming gson-2.11.0.jar (com.google.code.gson:gson:2.11.0) with ExtractJniTransform
Transforming annotations-23.0.0.jar (org.jetbrains:annotations:23.0.0) with ExtractJniTransform
Transforming hilt-common-1.2.0.jar (androidx.hilt:hilt-common:1.2.0) with ExtractJniTransform
Transforming hilt-core-2.49.jar (com.google.dagger:hilt-core:2.49) with ExtractJniTransform
Transforming dagger-2.49.jar (com.google.dagger:dagger:2.49) with ExtractJniTransform
Transforming dagger-lint-aar-2.49.aar (com.google.dagger:dagger-lint-aar:2.49) with ExtractAarTransform
Transforming dagger-lint-aar-2.49.aar (com.google.dagger:dagger-lint-aar:2.49) with AarTransform
Transforming jsr305-3.0.2.jar (com.google.code.findbugs:jsr305:3.0.2) with ExtractJniTransform
Transforming javax.inject-1.jar (javax.inject:javax.inject:1) with ExtractJniTransform
Transforming error_prone_annotations-2.27.0.jar (com.google.errorprone:error_prone_annotations:2.27.0) with ExtractJniTransform
Transforming play-services-tasks-16.0.1.aar (com.google.android.gms:play-services-tasks:16.0.1) with ExtractAarTransform
Transforming play-services-tasks-16.0.1.aar (com.google.android.gms:play-services-tasks:16.0.1) with AarTransform
Transforming jspecify-1.0.0.jar (org.jspecify:jspecify:1.0.0) with ExtractJniTransform
Transforming play-services-basement-16.0.1.aar (com.google.android.gms:play-services-basement:16.0.1) with ExtractAarTransform
Transforming play-services-basement-16.0.1.aar (com.google.android.gms:play-services-basement:16.0.1) with AarTransform
Transforming listenablefuture-1.0.jar (com.google.guava:listenablefuture:1.0) with ExtractJniTransform
Caching disabled for task ':app:mergeDebugNativeLibs' because:
  Build cache is disabled
  Caching has been disabled for the task
Task ':app:mergeDebugNativeLibs' is not up-to-date because:
  Output property 'outputDir' file C:\DEV\StudyWise-Fresh\app\build\intermediates\merged_native_libs\debug\mergeDebugNativeLibs\out has been removed.
  Output property 'outputDir' file C:\DEV\StudyWise-Fresh\app\build\intermediates\merged_native_libs\debug\mergeDebugNativeLibs\out\lib has been removed.
  Output property 'outputDir' file C:\DEV\StudyWise-Fresh\app\build\intermediates\merged_native_libs\debug\mergeDebugNativeLibs\out\lib\arm64-v8a has been removed.
  and more...
  and more...
  and more...
  and more...
  and more...
  and more...
Resolve mutations for :app:mergeLibDexDebug (Thread[Execution worker Thread 4,5,main]) started.
:app:mergeLibDexDebug (Thread[Execution worker Thread 4,5,main]) started.
Resolve mutations for :app:stripDebugDebugSymbols (Thread[included builds,5,main]) started.
:app:stripDebugDebugSymbols (Thread[included builds,5,main]) started.
Resolve mutations for :app:writeDebugAppMetadata (Thread[Execution worker,5,main]) started.
:app:writeDebugAppMetadata (Thread[Execution worker Thread 3,5,main]) started.

> Task :app:mergeLibDexDebug
Caching disabled for task ':app:mergeLibDexDebug' because:
  Build cache is disabled
Task ':app:mergeLibDexDebug' is not up-to-date because:
  Output property 'outputDir' file C:\DEV\StudyWise-Fresh\app\build\intermediates\dex\debug\mergeLibDexDebug has been removed.
  Output property 'outputDir' file C:\DEV\StudyWise-Fresh\app\build\intermediates\dex\debug\mergeLibDexDebug\0 has been removed.
  Output property 'outputDir' file C:\DEV\StudyWise-Fresh\app\build\intermediates\dex\debug\mergeLibDexDebug\1 has been removed.
  and more...
  and more...
  and more...
  and more...
  and more...
  and more...
  and more...
  and more...
  and more...
  and more...
  and more...
  and more...
  and more...
  and more...
The input changes require a full rebuild for incremental task ':app:mergeLibDexDebug'.

> Task :app:stripDebugDebugSymbols
Caching disabled for task ':app:stripDebugDebugSymbols' because:
  Build cache is disabled
  Caching has been disabled for the task
Task ':app:stripDebugDebugSymbols' is not up-to-date because:
  Output property 'outputDir' file C:\DEV\StudyWise-Fresh\app\build\intermediates\stripped_native_libs\debug\stripDebugDebugSymbols\out has been removed.
  Output property 'outputDir' file C:\DEV\StudyWise-Fresh\app\build\intermediates\stripped_native_libs\debug\stripDebugDebugSymbols\out\lib has been removed.
  Output property 'outputDir' file C:\DEV\StudyWise-Fresh\app\build\intermediates\stripped_native_libs\debug\stripDebugDebugSymbols\out\lib\arm64-v8a has been removed.
  and more...
  and more...
  and more...
  and more...
  and more...
The input changes require a full rebuild for incremental task ':app:stripDebugDebugSymbols'.
C/C++: android.ndkVersion from module build.gradle is [27.0.12077973]
C/C++: android.ndkPath from module build.gradle is not set
C/C++: ndk.dir in local.properties is not set
C/C++: Not considering ANDROID_NDK_HOME because support was removed after deprecation period.
C/C++: sdkFolder is C:\Users\JM505 Computers\AppData\Local\Android\Sdk
C/C++: NDK side-by-side folder from sdkFolder C:\Users\JM505 Computers\AppData\Local\Android\Sdk\ndk does not exist
C/C++: android.ndkVersion from module build.gradle is [27.0.12077973]
C/C++: android.ndkPath from module build.gradle is not set
C/C++: ndk.dir in local.properties is not set
C/C++: Not considering ANDROID_NDK_HOME because support was removed after deprecation period.
C/C++: sdkFolder is C:\Users\JM505 Computers\AppData\Local\Android\Sdk
C/C++: NDK side-by-side folder from sdkFolder C:\Users\JM505 Computers\AppData\Local\Android\Sdk\ndk does not exist
C/C++: Folder C:\Users\JM505 Computers\AppData\Local\Android\Sdk\ndk\27.0.12077973 does not exist. Ignoring.
C/C++: Folder C:\Users\JM505 Computers\AppData\Local\Android\Sdk\ndk\27.0.12077973 does not exist. Ignoring.
C/C++: Folder C:\Users\JM505 Computers\AppData\Local\Android\Sdk\ndk-bundle does not exist. Ignoring.
Unable to strip library 'C:\DEV\StudyWise-Fresh\app\build\intermediates\merged_native_libs\debug\mergeDebugNativeLibs\out\lib\armeabi-v7a\libandroidx.graphics.path.so' due to missing strip tool for ABI 'armeabi-v7a'. Packaging it as is.
C/C++: Folder C:\Users\JM505 Computers\AppData\Local\Android\Sdk\ndk-bundle does not exist. Ignoring.
Unable to strip library 'C:\DEV\StudyWise-Fresh\app\build\intermediates\merged_native_libs\debug\mergeDebugNativeLibs\out\lib\arm64-v8a\libandroidx.graphics.path.so' due to missing strip tool for ABI 'arm64-v8a'. Packaging it as is.
C/C++: android.ndkVersion from module build.gradle is [27.0.12077973]
C/C++: android.ndkPath from module build.gradle is not set
C/C++: ndk.dir in local.properties is not set
C/C++: Not considering ANDROID_NDK_HOME because support was removed after deprecation period.
C/C++: sdkFolder is C:\Users\JM505 Computers\AppData\Local\Android\Sdk
C/C++: NDK side-by-side folder from sdkFolder C:\Users\JM505 Computers\AppData\Local\Android\Sdk\ndk does not exist
C/C++: android.ndkVersion from module build.gradle is [27.0.12077973]
C/C++: android.ndkPath from module build.gradle is not set
C/C++: ndk.dir in local.properties is not set
C/C++: Not considering ANDROID_NDK_HOME because support was removed after deprecation period.
C/C++: sdkFolder is C:\Users\JM505 Computers\AppData\Local\Android\Sdk
C/C++: NDK side-by-side folder from sdkFolder C:\Users\JM505 Computers\AppData\Local\Android\Sdk\ndk does not exist
C/C++: Folder C:\Users\JM505 Computers\AppData\Local\Android\Sdk\ndk\27.0.12077973 does not exist. Ignoring.
C/C++: Folder C:\Users\JM505 Computers\AppData\Local\Android\Sdk\ndk\27.0.12077973 does not exist. Ignoring.
C/C++: android.ndkVersion from module build.gradle is [27.0.12077973]
C/C++: android.ndkPath from module build.gradle is not set
C/C++: ndk.dir in local.properties is not set
C/C++: Not considering ANDROID_NDK_HOME because support was removed after deprecation period.
C/C++: sdkFolder is C:\Users\JM505 Computers\AppData\Local\Android\Sdk
C/C++: Folder C:\Users\JM505 Computers\AppData\Local\Android\Sdk\ndk-bundle does not exist. Ignoring.
C/C++: NDK side-by-side folder from sdkFolder C:\Users\JM505 Computers\AppData\Local\Android\Sdk\ndk does not exist
Unable to strip library 'C:\DEV\StudyWise-Fresh\app\build\intermediates\merged_native_libs\debug\mergeDebugNativeLibs\out\lib\x86_64\libandroidx.graphics.path.so' due to missing strip tool for ABI 'x86_64'. Packaging it as is.
C/C++: Folder C:\Users\JM505 Computers\AppData\Local\Android\Sdk\ndk\27.0.12077973 does not exist. Ignoring.
C/C++: Folder C:\Users\JM505 Computers\AppData\Local\Android\Sdk\ndk-bundle does not exist. Ignoring.
Unable to strip library 'C:\DEV\StudyWise-Fresh\app\build\intermediates\merged_native_libs\debug\mergeDebugNativeLibs\out\lib\armeabi-v7a\libdatastore_shared_counter.so' due to missing strip tool for ABI 'armeabi-v7a'. Packaging it as is.
C/C++: android.ndkVersion from module build.gradle is [27.0.12077973]
C/C++: android.ndkPath from module build.gradle is not set
C/C++: ndk.dir in local.properties is not set
C/C++: android.ndkVersion from module build.gradle is [27.0.12077973]
C/C++: Folder C:\Users\JM505 Computers\AppData\Local\Android\Sdk\ndk-bundle does not exist. Ignoring.
C/C++: Not considering ANDROID_NDK_HOME because support was removed after deprecation period.
Unable to strip library 'C:\DEV\StudyWise-Fresh\app\build\intermediates\merged_native_libs\debug\mergeDebugNativeLibs\out\lib\x86\libandroidx.graphics.path.so' due to missing strip tool for ABI 'x86'. Packaging it as is.
C/C++: android.ndkPath from module build.gradle is not set
C/C++: ndk.dir in local.properties is not set
C/C++: sdkFolder is C:\Users\JM505 Computers\AppData\Local\Android\Sdk
C/C++: Not considering ANDROID_NDK_HOME because support was removed after deprecation period.
C/C++: sdkFolder is C:\Users\JM505 Computers\AppData\Local\Android\Sdk
C/C++: NDK side-by-side folder from sdkFolder C:\Users\JM505 Computers\AppData\Local\Android\Sdk\ndk does not exist
C/C++: NDK side-by-side folder from sdkFolder C:\Users\JM505 Computers\AppData\Local\Android\Sdk\ndk does not exist
C/C++: Folder C:\Users\JM505 Computers\AppData\Local\Android\Sdk\ndk\27.0.12077973 does not exist. Ignoring.
C/C++: Folder C:\Users\JM505 Computers\AppData\Local\Android\Sdk\ndk-bundle does not exist. Ignoring.
Unable to strip library 'C:\DEV\StudyWise-Fresh\app\build\intermediates\merged_native_libs\debug\mergeDebugNativeLibs\out\lib\arm64-v8a\libdatastore_shared_counter.so' due to missing strip tool for ABI 'arm64-v8a'. Packaging it as is.
C/C++: android.ndkVersion from module build.gradle is [27.0.12077973]
C/C++: android.ndkPath from module build.gradle is not set
C/C++: ndk.dir in local.properties is not set
C/C++: Not considering ANDROID_NDK_HOME because support was removed after deprecation period.
C/C++: sdkFolder is C:\Users\JM505 Computers\AppData\Local\Android\Sdk
C/C++: NDK side-by-side folder from sdkFolder C:\Users\JM505 Computers\AppData\Local\Android\Sdk\ndk does not exist
C/C++: Folder C:\Users\JM505 Computers\AppData\Local\Android\Sdk\ndk\27.0.12077973 does not exist. Ignoring.
C/C++: Folder C:\Users\JM505 Computers\AppData\Local\Android\Sdk\ndk\27.0.12077973 does not exist. Ignoring.
C/C++: Folder C:\Users\JM505 Computers\AppData\Local\Android\Sdk\ndk-bundle does not exist. Ignoring.
Unable to strip library 'C:\DEV\StudyWise-Fresh\app\build\intermediates\merged_native_libs\debug\mergeDebugNativeLibs\out\lib\x86\libdatastore_shared_counter.so' due to missing strip tool for ABI 'x86'. Packaging it as is.
C/C++: Folder C:\Users\JM505 Computers\AppData\Local\Android\Sdk\ndk-bundle does not exist. Ignoring.
Unable to strip library 'C:\DEV\StudyWise-Fresh\app\build\intermediates\merged_native_libs\debug\mergeDebugNativeLibs\out\lib\x86_64\libdatastore_shared_counter.so' due to missing strip tool for ABI 'x86_64'. Packaging it as is.
Unable to strip the following libraries, packaging them as they are: libandroidx.graphics.path.so, libdatastore_shared_counter.so. Run with --info option to learn more.

> Task :app:writeDebugAppMetadata
Caching disabled for task ':app:writeDebugAppMetadata' because:
  Build cache is disabled
  Caching has been disabled for the task
Task ':app:writeDebugAppMetadata' is not up-to-date because:
  Output property 'outputFile' file C:\DEV\StudyWise-Fresh\app\build\intermediates\app_metadata\debug\writeDebugAppMetadata\app-metadata.properties has been removed.
Resolve mutations for :app:writeDebugSigningConfigVersions (Thread[included builds,5,main]) started.
:app:writeDebugSigningConfigVersions (Thread[included builds,5,main]) started.

> Task :app:writeDebugSigningConfigVersions
Caching disabled for task ':app:writeDebugSigningConfigVersions' because:
  Build cache is disabled
  Caching has been disabled for the task
Task ':app:writeDebugSigningConfigVersions' is not up-to-date because:
  Output property 'outputFile' file C:\DEV\StudyWise-Fresh\app\build\intermediates\signing_config_versions\debug\writeDebugSigningConfigVersions\signing-config-versions.json has been removed.

> Task :app:processDebugManifestForPackage
Custom actions are attached to task ':app:processDebugManifestForPackage'.
Caching disabled for task ':app:processDebugManifestForPackage' because:
  Build cache is disabled
Task ':app:processDebugManifestForPackage' is not up-to-date because:
  Output property 'packageManifests' file C:\DEV\StudyWise-Fresh\app\build\intermediates\packaged_manifests\debug\processDebugManifestForPackage has been removed.
  Output property 'packageManifests' file C:\DEV\StudyWise-Fresh\app\build\intermediates\packaged_manifests\debug\processDebugManifestForPackage\AndroidManifest.xml has been removed.
  Output property 'packageManifests' file C:\DEV\StudyWise-Fresh\app\build\intermediates\packaged_manifests\debug\processDebugManifestForPackage\output-metadata.json has been removed.
Resolve mutations for :app:processDebugResources (Thread[Execution worker Thread 9,5,main]) started.
:app:processDebugResources (Thread[Execution worker Thread 9,5,main]) started.

> Task :app:processDebugResources
Transforming aapt2-8.10.1-12782657-windows.jar (com.android.tools.build:aapt2:8.10.1-12782657) with Aapt2Extractor
Transforming datastore-preferences-release.aar (androidx.datastore:datastore-preferences-android:1.1.1) with ExtractAarTransform
Transforming datastore-preferences-release.aar (androidx.datastore:datastore-preferences-android:1.1.1) with AarResourcesCompilerTransform
Transforming datastore-release.aar (androidx.datastore:datastore-android:1.1.1) with ExtractAarTransform
Transforming datastore-release.aar (androidx.datastore:datastore-android:1.1.1) with AarResourcesCompilerTransform
Transforming datastore-core-release.aar (androidx.datastore:datastore-core-android:1.1.1) with ExtractAarTransform
Transforming datastore-core-release.aar (androidx.datastore:datastore-core-android:1.1.1) with AarResourcesCompilerTransform
Transforming hilt-navigation-compose-1.2.0.aar (androidx.hilt:hilt-navigation-compose:1.2.0) with ExtractAarTransform
Transforming hilt-navigation-compose-1.2.0.aar (androidx.hilt:hilt-navigation-compose:1.2.0) with AarResourcesCompilerTransform
Transforming hilt-navigation-1.2.0.aar (androidx.hilt:hilt-navigation:1.2.0) with ExtractAarTransform
Transforming hilt-navigation-1.2.0.aar (androidx.hilt:hilt-navigation:1.2.0) with AarResourcesCompilerTransform
Transforming navigation-common-2.8.4.aar (androidx.navigation:navigation-common:2.8.4) with ExtractAarTransform
Transforming navigation-common-2.8.4.aar (androidx.navigation:navigation-common:2.8.4) with AarResourcesCompilerTransform
Transforming navigation-runtime-2.8.4.aar (androidx.navigation:navigation-runtime:2.8.4) with ExtractAarTransform
Transforming navigation-runtime-2.8.4.aar (androidx.navigation:navigation-runtime:2.8.4) with AarResourcesCompilerTransform
Transforming navigation-common-ktx-2.8.4.aar (androidx.navigation:navigation-common-ktx:2.8.4) with ExtractAarTransform
Transforming navigation-common-ktx-2.8.4.aar (androidx.navigation:navigation-common-ktx:2.8.4) with AarResourcesCompilerTransform
Transforming navigation-runtime-ktx-2.8.4.aar (androidx.navigation:navigation-runtime-ktx:2.8.4) with ExtractAarTransform
Transforming navigation-runtime-ktx-2.8.4.aar (androidx.navigation:navigation-runtime-ktx:2.8.4) with AarResourcesCompilerTransform
Transforming navigation-compose-2.8.4.aar (androidx.navigation:navigation-compose:2.8.4) with ExtractAarTransform
Transforming navigation-compose-2.8.4.aar (androidx.navigation:navigation-compose:2.8.4) with AarResourcesCompilerTransform
Transforming accompanist-permissions-0.34.0.aar (com.google.accompanist:accompanist-permissions:0.34.0) with ExtractAarTransform
Transforming accompanist-permissions-0.34.0.aar (com.google.accompanist:accompanist-permissions:0.34.0) with AarResourcesCompilerTransform
Transforming hilt-work-1.2.0.aar (androidx.hilt:hilt-work:1.2.0) with ExtractAarTransform
Transforming hilt-work-1.2.0.aar (androidx.hilt:hilt-work:1.2.0) with AarResourcesCompilerTransform
Transforming hilt-android-2.49.aar (com.google.dagger:hilt-android:2.49) with ExtractAarTransform
Transforming hilt-android-2.49.aar (com.google.dagger:hilt-android:2.49) with AarResourcesCompilerTransform
Transforming fragment-1.5.1.aar (androidx.fragment:fragment:1.5.1) with ExtractAarTransform
Transforming fragment-1.5.1.aar (androidx.fragment:fragment:1.5.1) with AarResourcesCompilerTransform
Transforming accompanist-systemuicontroller-0.34.0.aar (com.google.accompanist:accompanist-systemuicontroller:0.34.0) with ExtractAarTransform
Transforming accompanist-systemuicontroller-0.34.0.aar (com.google.accompanist:accompanist-systemuicontroller:0.34.0) with AarResourcesCompilerTransform
Transforming work-runtime-ktx-2.9.1.aar (androidx.work:work-runtime-ktx:2.9.1) with ExtractAarTransform
Transforming work-runtime-ktx-2.9.1.aar (androidx.work:work-runtime-ktx:2.9.1) with AarResourcesCompilerTransform
Transforming work-runtime-2.9.1.aar (androidx.work:work-runtime:2.9.1) with ExtractAarTransform
Transforming work-runtime-2.9.1.aar (androidx.work:work-runtime:2.9.1) with AarResourcesCompilerTransform
Transforming loader-1.0.0.aar (androidx.loader:loader:1.0.0) with ExtractAarTransform
Transforming loader-1.0.0.aar (androidx.loader:loader:1.0.0) with AarResourcesCompilerTransform
Transforming viewpager-1.0.0.aar (androidx.viewpager:viewpager:1.0.0) with ExtractAarTransform
Transforming viewpager-1.0.0.aar (androidx.viewpager:viewpager:1.0.0) with AarResourcesCompilerTransform
Transforming coil-compose-2.7.0.aar (io.coil-kt:coil-compose:2.7.0) with ExtractAarTransform
Transforming coil-compose-2.7.0.aar (io.coil-kt:coil-compose:2.7.0) with AarResourcesCompilerTransform
Transforming coil-compose-base-2.7.0.aar (io.coil-kt:coil-compose-base:2.7.0) with ExtractAarTransform
Transforming coil-compose-base-2.7.0.aar (io.coil-kt:coil-compose-base:2.7.0) with AarResourcesCompilerTransform
Transforming coil-2.7.0.aar (io.coil-kt:coil:2.7.0) with ExtractAarTransform
Transforming coil-2.7.0.aar (io.coil-kt:coil:2.7.0) with AarResourcesCompilerTransform
Transforming coil-base-2.7.0.aar (io.coil-kt:coil-base:2.7.0) with ExtractAarTransform
Transforming coil-base-2.7.0.aar (io.coil-kt:coil-base:2.7.0) with AarResourcesCompilerTransform
Transforming appcompat-resources-1.6.1.aar (androidx.appcompat:appcompat-resources:1.6.1) with ExtractAarTransform
Transforming appcompat-resources-1.6.1.aar (androidx.appcompat:appcompat-resources:1.6.1) with AarResourcesCompilerTransform
Transforming autofill-1.0.0.aar (androidx.autofill:autofill:1.0.0) with ExtractAarTransform
Transforming autofill-1.0.0.aar (androidx.autofill:autofill:1.0.0) with AarResourcesCompilerTransform
Transforming customview-1.0.0.aar (androidx.customview:customview:1.0.0) with ExtractAarTransform
Transforming customview-1.0.0.aar (androidx.customview:customview:1.0.0) with AarResourcesCompilerTransform
Transforming vectordrawable-animated-1.1.0.aar (androidx.vectordrawable:vectordrawable-animated:1.1.0) with ExtractAarTransform
Transforming vectordrawable-animated-1.1.0.aar (androidx.vectordrawable:vectordrawable-animated:1.1.0) with AarResourcesCompilerTransform
Transforming vectordrawable-1.1.0.aar (androidx.vectordrawable:vectordrawable:1.1.0) with ExtractAarTransform
Transforming vectordrawable-1.1.0.aar (androidx.vectordrawable:vectordrawable:1.1.0) with AarResourcesCompilerTransform
Transforming vectordrawable-1.1.0.aar (androidx.vectordrawable:vectordrawable:1.1.0) with ExtractAarTransform
Transforming vectordrawable-1.1.0.aar (androidx.vectordrawable:vectordrawable:1.1.0) with AarResourcesCompilerTransform
Transforming material3-release.aar (androidx.compose.material3:material3-android:1.3.0) with ExtractAarTransform
Transforming material3-release.aar (androidx.compose.material3:material3-android:1.3.0) with AarResourcesCompilerTransform
Transforming ui-tooling-data-release.aar (androidx.compose.ui:ui-tooling-data-android:1.7.8) with ExtractAarTransform
Transforming ui-tooling-data-release.aar (androidx.compose.ui:ui-tooling-data-android:1.7.8) with AarResourcesCompilerTransform
Transforming ui-tooling-preview-release.aar (androidx.compose.ui:ui-tooling-preview-android:1.7.8) with ExtractAarTransform
Transforming ui-tooling-preview-release.aar (androidx.compose.ui:ui-tooling-preview-android:1.7.8) with AarResourcesCompilerTransform
Transforming ui-tooling-release.aar (androidx.compose.ui:ui-tooling-android:1.7.8) with ExtractAarTransform
Transforming ui-tooling-release.aar (androidx.compose.ui:ui-tooling-android:1.7.8) with AarResourcesCompilerTransform
Transforming material-release.aar (androidx.compose.material:material-android:1.7.0) with ExtractAarTransform
Transforming material-release.aar (androidx.compose.material:material-android:1.7.0) with AarResourcesCompilerTransform
Transforming material-ripple-release.aar (androidx.compose.material:material-ripple-android:1.7.0) with ExtractAarTransform
Transforming material-ripple-release.aar (androidx.compose.material:material-ripple-android:1.7.0) with AarResourcesCompilerTransform
Transforming animation-core-release.aar (androidx.compose.animation:animation-core-android:1.7.8) with ExtractAarTransform
Transforming animation-core-release.aar (androidx.compose.animation:animation-core-android:1.7.8) with AarResourcesCompilerTransform
Transforming animation-release.aar (androidx.compose.animation:animation-android:1.7.8) with ExtractAarTransform
Transforming animation-release.aar (androidx.compose.animation:animation-android:1.7.8) with AarResourcesCompilerTransform
Transforming foundation-layout-release.aar (androidx.compose.foundation:foundation-layout-android:1.7.8) with ExtractAarTransform
Transforming foundation-layout-release.aar (androidx.compose.foundation:foundation-layout-android:1.7.8) with AarResourcesCompilerTransform
Transforming foundation-release.aar (androidx.compose.foundation:foundation-android:1.7.8) with ExtractAarTransform
Transforming foundation-release.aar (androidx.compose.foundation:foundation-android:1.7.8) with AarResourcesCompilerTransform
Transforming ui-util-release.aar (androidx.compose.ui:ui-util-android:1.7.8) with ExtractAarTransform
Transforming ui-util-release.aar (androidx.compose.ui:ui-util-android:1.7.8) with AarResourcesCompilerTransform
Transforming ui-unit-release.aar (androidx.compose.ui:ui-unit-android:1.7.8) with ExtractAarTransform
Transforming ui-unit-release.aar (androidx.compose.ui:ui-unit-android:1.7.8) with AarResourcesCompilerTransform
Transforming ui-text-release.aar (androidx.compose.ui:ui-text-android:1.7.8) with ExtractAarTransform
Transforming ui-text-release.aar (androidx.compose.ui:ui-text-android:1.7.8) with AarResourcesCompilerTransform
Transforming ui-geometry-release.aar (androidx.compose.ui:ui-geometry-android:1.7.8) with ExtractAarTransform
Transforming ui-geometry-release.aar (androidx.compose.ui:ui-geometry-android:1.7.8) with AarResourcesCompilerTransform
Transforming ui-graphics-release.aar (androidx.compose.ui:ui-graphics-android:1.7.8) with ExtractAarTransform
Transforming ui-graphics-release.aar (androidx.compose.ui:ui-graphics-android:1.7.8) with AarResourcesCompilerTransform
Transforming graphics-path-1.0.1.aar (androidx.graphics:graphics-path:1.0.1) with ExtractAarTransform
Transforming graphics-path-1.0.1.aar (androidx.graphics:graphics-path:1.0.1) with AarResourcesCompilerTransform
Transforming emoji2-1.3.0.aar (androidx.emoji2:emoji2:1.3.0) with ExtractAarTransform
Transforming emoji2-1.3.0.aar (androidx.emoji2:emoji2:1.3.0) with AarResourcesCompilerTransform
Transforming core-1.16.0.aar (androidx.core:core:1.16.0) with ExtractAarTransform
Transforming core-1.16.0.aar (androidx.core:core:1.16.0) with AarResourcesCompilerTransform
Transforming core-1.16.0.aar (androidx.core:core:1.16.0) with ExtractAarTransform
Transforming core-1.16.0.aar (androidx.core:core:1.16.0) with AarResourcesCompilerTransform
Transforming lifecycle-process-2.9.1.aar (androidx.lifecycle:lifecycle-process:2.9.1) with ExtractAarTransform
Transforming lifecycle-process-2.9.1.aar (androidx.lifecycle:lifecycle-process:2.9.1) with AarResourcesCompilerTransform
Transforming lifecycle-runtime-compose-release.aar (androidx.lifecycle:lifecycle-runtime-compose-android:2.9.1) with ExtractAarTransform
Transforming lifecycle-runtime-compose-release.aar (androidx.lifecycle:lifecycle-runtime-compose-android:2.9.1) with AarResourcesCompilerTransform
Transforming lifecycle-livedata-core-ktx-2.9.1.aar (androidx.lifecycle:lifecycle-livedata-core-ktx:2.9.1) with ExtractAarTransform
Transforming lifecycle-livedata-core-ktx-2.9.1.aar (androidx.lifecycle:lifecycle-livedata-core-ktx:2.9.1) with AarResourcesCompilerTransform
Transforming lifecycle-livedata-core-2.9.1.aar (androidx.lifecycle:lifecycle-livedata-core:2.9.1) with ExtractAarTransform
Transforming lifecycle-livedata-core-2.9.1.aar (androidx.lifecycle:lifecycle-livedata-core:2.9.1) with AarResourcesCompilerTransform
Transforming lifecycle-viewmodel-savedstate-release.aar (androidx.lifecycle:lifecycle-viewmodel-savedstate-android:2.9.1) with ExtractAarTransform
Transforming lifecycle-viewmodel-savedstate-release.aar (androidx.lifecycle:lifecycle-viewmodel-savedstate-android:2.9.1) with AarResourcesCompilerTransform
Transforming lifecycle-viewmodel-2.9.1.aar (androidx.lifecycle:lifecycle-viewmodel:2.9.1) with ExtractAarTransform
Transforming lifecycle-viewmodel-2.9.1.aar (androidx.lifecycle:lifecycle-viewmodel:2.9.1) with AarResourcesCompilerTransform
Transforming lifecycle-viewmodel-release.aar (androidx.lifecycle:lifecycle-viewmodel-android:2.9.1) with ExtractAarTransform
Transforming lifecycle-viewmodel-release.aar (androidx.lifecycle:lifecycle-viewmodel-android:2.9.1) with AarResourcesCompilerTransform
Transforming savedstate-ktx-1.3.0.aar (androidx.savedstate:savedstate-ktx:1.3.0) with ExtractAarTransform
Transforming savedstate-ktx-1.3.0.aar (androidx.savedstate:savedstate-ktx:1.3.0) with AarResourcesCompilerTransform
Transforming savedstate-release.aar (androidx.savedstate:savedstate-android:1.3.0) with ExtractAarTransform
Transforming savedstate-release.aar (androidx.savedstate:savedstate-android:1.3.0) with AarResourcesCompilerTransform
Transforming lifecycle-runtime-release.aar (androidx.lifecycle:lifecycle-runtime-android:2.9.1) with ExtractAarTransform
Transforming lifecycle-runtime-release.aar (androidx.lifecycle:lifecycle-runtime-android:2.9.1) with AarResourcesCompilerTransform
Transforming lifecycle-service-2.9.1.aar (androidx.lifecycle:lifecycle-service:2.9.1) with ExtractAarTransform
Transforming lifecycle-service-2.9.1.aar (androidx.lifecycle:lifecycle-service:2.9.1) with AarResourcesCompilerTransform
Transforming lifecycle-livedata-2.9.1.aar (androidx.lifecycle:lifecycle-livedata:2.9.1) with ExtractAarTransform
Transforming lifecycle-livedata-2.9.1.aar (androidx.lifecycle:lifecycle-livedata:2.9.1) with AarResourcesCompilerTransform
Transforming lifecycle-livedata-2.9.1.aar (androidx.lifecycle:lifecycle-livedata:2.9.1) with ExtractAarTransform
Transforming lifecycle-livedata-2.9.1.aar (androidx.lifecycle:lifecycle-livedata:2.9.1) with AarResourcesCompilerTransform
Transforming lifecycle-viewmodel-ktx-2.9.1.aar (androidx.lifecycle:lifecycle-viewmodel-ktx:2.9.1) with ExtractAarTransform
Transforming lifecycle-viewmodel-ktx-2.9.1.aar (androidx.lifecycle:lifecycle-viewmodel-ktx:2.9.1) with AarResourcesCompilerTransform
Transforming lifecycle-runtime-ktx.aar (androidx.lifecycle:lifecycle-runtime-ktx-android:2.9.1) with ExtractAarTransform
Transforming lifecycle-runtime-ktx.aar (androidx.lifecycle:lifecycle-runtime-ktx-android:2.9.1) with AarResourcesCompilerTransform
Transforming lifecycle-viewmodel-compose-release.aar (androidx.lifecycle:lifecycle-viewmodel-compose-android:2.9.1) with ExtractAarTransform
Transforming lifecycle-viewmodel-compose-release.aar (androidx.lifecycle:lifecycle-viewmodel-compose-android:2.9.1) with AarResourcesCompilerTransform
Transforming accompanist-drawablepainter-0.32.0.aar (com.google.accompanist:accompanist-drawablepainter:0.32.0) with ExtractAarTransform
Transforming accompanist-drawablepainter-0.32.0.aar (com.google.accompanist:accompanist-drawablepainter:0.32.0) with AarResourcesCompilerTransform
Transforming material-icons-core-release.aar (androidx.compose.material:material-icons-core-android:1.7.0) with ExtractAarTransform
Transforming material-icons-core-release.aar (androidx.compose.material:material-icons-core-android:1.7.0) with AarResourcesCompilerTransform
Transforming ui-release.aar (androidx.compose.ui:ui-android:1.7.8) with ExtractAarTransform
Transforming ui-release.aar (androidx.compose.ui:ui-android:1.7.8) with AarResourcesCompilerTransform
Transforming ui-test-manifest-1.7.8.aar (androidx.compose.ui:ui-test-manifest:1.7.8) with ExtractAarTransform
Transforming ui-test-manifest-1.7.8.aar (androidx.compose.ui:ui-test-manifest:1.7.8) with AarResourcesCompilerTransform
Transforming activity-1.10.1.aar (androidx.activity:activity:1.10.1) with ExtractAarTransform
Transforming activity-1.10.1.aar (androidx.activity:activity:1.10.1) with AarResourcesCompilerTransform
Transforming activity-ktx-1.10.1.aar (androidx.activity:activity-ktx:1.10.1) with ExtractAarTransform
Transforming activity-ktx-1.10.1.aar (androidx.activity:activity-ktx:1.10.1) with AarResourcesCompilerTransform
Transforming activity-compose-1.10.1.aar (androidx.activity:activity-compose:1.10.1) with ExtractAarTransform
Transforming activity-compose-1.10.1.aar (androidx.activity:activity-compose:1.10.1) with AarResourcesCompilerTransform
Transforming customview-poolingcontainer-1.0.0.aar (androidx.customview:customview-poolingcontainer:1.0.0) with ExtractAarTransform
Transforming customview-poolingcontainer-1.0.0.aar (androidx.customview:customview-poolingcontainer:1.0.0) with AarResourcesCompilerTransform
Transforming core-ktx-1.16.0.aar (androidx.core:core-ktx:1.16.0) with ExtractAarTransform
Transforming core-ktx-1.16.0.aar (androidx.core:core-ktx:1.16.0) with AarResourcesCompilerTransform
Transforming room-runtime-2.6.1.aar (androidx.room:room-runtime:2.6.1) with ExtractAarTransform
Transforming room-runtime-2.6.1.aar (androidx.room:room-runtime:2.6.1) with AarResourcesCompilerTransform
Transforming room-ktx-2.6.1.aar (androidx.room:room-ktx:2.6.1) with ExtractAarTransform
Transforming room-ktx-2.6.1.aar (androidx.room:room-ktx:2.6.1) with AarResourcesCompilerTransform
Transforming runtime-saveable-release.aar (androidx.compose.runtime:runtime-saveable-android:1.7.8) with ExtractAarTransform
Transforming runtime-saveable-release.aar (androidx.compose.runtime:runtime-saveable-android:1.7.8) with AarResourcesCompilerTransform
Transforming runtime-release.aar (androidx.compose.runtime:runtime-android:1.7.8) with ExtractAarTransform
Transforming runtime-release.aar (androidx.compose.runtime:runtime-android:1.7.8) with AarResourcesCompilerTransform
Transforming timber-5.0.1.aar (com.jakewharton.timber:timber:5.0.1) with ExtractAarTransform
Transforming timber-5.0.1.aar (com.jakewharton.timber:timber:5.0.1) with AarResourcesCompilerTransform
Transforming sqlite-framework-2.4.0.aar (androidx.sqlite:sqlite-framework:2.4.0) with ExtractAarTransform
Transforming sqlite-framework-2.4.0.aar (androidx.sqlite:sqlite-framework:2.4.0) with AarResourcesCompilerTransform
Transforming sqlite-2.4.0.aar (androidx.sqlite:sqlite:2.4.0) with ExtractAarTransform
Transforming sqlite-2.4.0.aar (androidx.sqlite:sqlite:2.4.0) with AarResourcesCompilerTransform
Transforming annotation-experimental-1.4.1.aar (androidx.annotation:annotation-experimental:1.4.1) with ExtractAarTransform
Transforming annotation-experimental-1.4.1.aar (androidx.annotation:annotation-experimental:1.4.1) with AarResourcesCompilerTransform
Transforming core-viewtree-1.0.0.aar (androidx.core:core-viewtree:1.0.0) with ExtractAarTransform
Transforming core-viewtree-1.0.0.aar (androidx.core:core-viewtree:1.0.0) with AarResourcesCompilerTransform
Transforming versionedparcelable-1.1.1.aar (androidx.versionedparcelable:versionedparcelable:1.1.1) with ExtractAarTransform
Transforming versionedparcelable-1.1.1.aar (androidx.versionedparcelable:versionedparcelable:1.1.1) with AarResourcesCompilerTransform
Transforming core-runtime-2.2.0.aar (androidx.arch.core:core-runtime:2.2.0) with ExtractAarTransform
Transforming core-runtime-2.2.0.aar (androidx.arch.core:core-runtime:2.2.0) with AarResourcesCompilerTransform
Transforming interpolator-1.0.0.aar (androidx.interpolator:interpolator:1.0.0) with ExtractAarTransform
Transforming interpolator-1.0.0.aar (androidx.interpolator:interpolator:1.0.0) with AarResourcesCompilerTransform
Transforming interpolator-1.0.0.aar (androidx.interpolator:interpolator:1.0.0) with ExtractAarTransform
Transforming interpolator-1.0.0.aar (androidx.interpolator:interpolator:1.0.0) with AarResourcesCompilerTransform
Transforming profileinstaller-1.4.0.aar (androidx.profileinstaller:profileinstaller:1.4.0) with ExtractAarTransform
Transforming profileinstaller-1.4.0.aar (androidx.profileinstaller:profileinstaller:1.4.0) with AarResourcesCompilerTransform
Transforming startup-runtime-1.1.1.aar (androidx.startup:startup-runtime:1.1.1) with ExtractAarTransform
Transforming startup-runtime-1.1.1.aar (androidx.startup:startup-runtime:1.1.1) with AarResourcesCompilerTransform
Transforming tracing-1.2.0.aar (androidx.tracing:tracing:1.2.0) with ExtractAarTransform
Transforming tracing-1.2.0.aar (androidx.tracing:tracing:1.2.0) with AarResourcesCompilerTransform
Transforming exifinterface-1.3.7.aar (androidx.exifinterface:exifinterface:1.3.7) with ExtractAarTransform
Transforming exifinterface-1.3.7.aar (androidx.exifinterface:exifinterface:1.3.7) with AarResourcesCompilerTransform
Transforming dagger-lint-aar-2.49.aar (com.google.dagger:dagger-lint-aar:2.49) with ExtractAarTransform
Transforming dagger-lint-aar-2.49.aar (com.google.dagger:dagger-lint-aar:2.49) with AarResourcesCompilerTransform
Transforming play-services-tasks-16.0.1.aar (com.google.android.gms:play-services-tasks:16.0.1) with ExtractAarTransform
Transforming play-services-tasks-16.0.1.aar (com.google.android.gms:play-services-tasks:16.0.1) with AarResourcesCompilerTransform
Transforming play-services-basement-16.0.1.aar (com.google.android.gms:play-services-basement:16.0.1) with ExtractAarTransform
Transforming play-services-basement-16.0.1.aar (com.google.android.gms:play-services-basement:16.0.1) with AarResourcesCompilerTransform
Transforming datastore-preferences-release.aar (androidx.datastore:datastore-preferences-android:1.1.1) with ExtractAarTransform
Transforming datastore-preferences-release.aar (androidx.datastore:datastore-preferences-android:1.1.1) with LibrarySymbolTableTransform
Transforming datastore-release.aar (androidx.datastore:datastore-android:1.1.1) with ExtractAarTransform
Transforming datastore-release.aar (androidx.datastore:datastore-android:1.1.1) with LibrarySymbolTableTransform
Transforming datastore-core-release.aar (androidx.datastore:datastore-core-android:1.1.1) with ExtractAarTransform
Transforming datastore-core-release.aar (androidx.datastore:datastore-core-android:1.1.1) with LibrarySymbolTableTransform
Transforming hilt-navigation-compose-1.2.0.aar (androidx.hilt:hilt-navigation-compose:1.2.0) with ExtractAarTransform
Transforming hilt-navigation-compose-1.2.0.aar (androidx.hilt:hilt-navigation-compose:1.2.0) with LibrarySymbolTableTransform
Transforming hilt-navigation-1.2.0.aar (androidx.hilt:hilt-navigation:1.2.0) with ExtractAarTransform
Transforming hilt-navigation-1.2.0.aar (androidx.hilt:hilt-navigation:1.2.0) with LibrarySymbolTableTransform
Transforming navigation-common-2.8.4.aar (androidx.navigation:navigation-common:2.8.4) with ExtractAarTransform
Transforming navigation-common-2.8.4.aar (androidx.navigation:navigation-common:2.8.4) with LibrarySymbolTableTransform
Transforming navigation-runtime-2.8.4.aar (androidx.navigation:navigation-runtime:2.8.4) with ExtractAarTransform
Transforming navigation-runtime-2.8.4.aar (androidx.navigation:navigation-runtime:2.8.4) with LibrarySymbolTableTransform
Transforming navigation-common-ktx-2.8.4.aar (androidx.navigation:navigation-common-ktx:2.8.4) with ExtractAarTransform
Transforming navigation-common-ktx-2.8.4.aar (androidx.navigation:navigation-common-ktx:2.8.4) with LibrarySymbolTableTransform
Transforming navigation-runtime-ktx-2.8.4.aar (androidx.navigation:navigation-runtime-ktx:2.8.4) with ExtractAarTransform
Transforming navigation-runtime-ktx-2.8.4.aar (androidx.navigation:navigation-runtime-ktx:2.8.4) with LibrarySymbolTableTransform
Transforming navigation-compose-2.8.4.aar (androidx.navigation:navigation-compose:2.8.4) with ExtractAarTransform
Transforming navigation-compose-2.8.4.aar (androidx.navigation:navigation-compose:2.8.4) with LibrarySymbolTableTransform
Transforming accompanist-permissions-0.34.0.aar (com.google.accompanist:accompanist-permissions:0.34.0) with ExtractAarTransform
Transforming accompanist-permissions-0.34.0.aar (com.google.accompanist:accompanist-permissions:0.34.0) with LibrarySymbolTableTransform
Transforming hilt-work-1.2.0.aar (androidx.hilt:hilt-work:1.2.0) with ExtractAarTransform
Transforming hilt-work-1.2.0.aar (androidx.hilt:hilt-work:1.2.0) with LibrarySymbolTableTransform
Transforming hilt-android-2.49.aar (com.google.dagger:hilt-android:2.49) with ExtractAarTransform
Transforming hilt-android-2.49.aar (com.google.dagger:hilt-android:2.49) with LibrarySymbolTableTransform
Transforming fragment-1.5.1.aar (androidx.fragment:fragment:1.5.1) with ExtractAarTransform
Transforming fragment-1.5.1.aar (androidx.fragment:fragment:1.5.1) with LibrarySymbolTableTransform
Transforming accompanist-systemuicontroller-0.34.0.aar (com.google.accompanist:accompanist-systemuicontroller:0.34.0) with ExtractAarTransform
Transforming accompanist-systemuicontroller-0.34.0.aar (com.google.accompanist:accompanist-systemuicontroller:0.34.0) with LibrarySymbolTableTransform
Transforming work-runtime-ktx-2.9.1.aar (androidx.work:work-runtime-ktx:2.9.1) with ExtractAarTransform
Transforming work-runtime-ktx-2.9.1.aar (androidx.work:work-runtime-ktx:2.9.1) with LibrarySymbolTableTransform
Transforming work-runtime-2.9.1.aar (androidx.work:work-runtime:2.9.1) with ExtractAarTransform
Transforming work-runtime-2.9.1.aar (androidx.work:work-runtime:2.9.1) with LibrarySymbolTableTransform
Transforming loader-1.0.0.aar (androidx.loader:loader:1.0.0) with ExtractAarTransform
Transforming loader-1.0.0.aar (androidx.loader:loader:1.0.0) with LibrarySymbolTableTransform
Transforming viewpager-1.0.0.aar (androidx.viewpager:viewpager:1.0.0) with ExtractAarTransform
Transforming viewpager-1.0.0.aar (androidx.viewpager:viewpager:1.0.0) with LibrarySymbolTableTransform
Transforming coil-compose-2.7.0.aar (io.coil-kt:coil-compose:2.7.0) with ExtractAarTransform
Transforming coil-compose-2.7.0.aar (io.coil-kt:coil-compose:2.7.0) with LibrarySymbolTableTransform
Transforming coil-compose-base-2.7.0.aar (io.coil-kt:coil-compose-base:2.7.0) with ExtractAarTransform
Transforming coil-compose-base-2.7.0.aar (io.coil-kt:coil-compose-base:2.7.0) with LibrarySymbolTableTransform
Transforming coil-2.7.0.aar (io.coil-kt:coil:2.7.0) with ExtractAarTransform
Transforming coil-2.7.0.aar (io.coil-kt:coil:2.7.0) with LibrarySymbolTableTransform
Transforming coil-base-2.7.0.aar (io.coil-kt:coil-base:2.7.0) with ExtractAarTransform
Transforming coil-base-2.7.0.aar (io.coil-kt:coil-base:2.7.0) with LibrarySymbolTableTransform
Transforming appcompat-resources-1.6.1.aar (androidx.appcompat:appcompat-resources:1.6.1) with ExtractAarTransform
Transforming appcompat-resources-1.6.1.aar (androidx.appcompat:appcompat-resources:1.6.1) with LibrarySymbolTableTransform
Transforming autofill-1.0.0.aar (androidx.autofill:autofill:1.0.0) with ExtractAarTransform
Transforming autofill-1.0.0.aar (androidx.autofill:autofill:1.0.0) with LibrarySymbolTableTransform
Transforming customview-1.0.0.aar (androidx.customview:customview:1.0.0) with ExtractAarTransform
Transforming customview-1.0.0.aar (androidx.customview:customview:1.0.0) with LibrarySymbolTableTransform
Transforming vectordrawable-animated-1.1.0.aar (androidx.vectordrawable:vectordrawable-animated:1.1.0) with ExtractAarTransform
Transforming vectordrawable-animated-1.1.0.aar (androidx.vectordrawable:vectordrawable-animated:1.1.0) with LibrarySymbolTableTransform
Transforming vectordrawable-1.1.0.aar (androidx.vectordrawable:vectordrawable:1.1.0) with ExtractAarTransform
Transforming vectordrawable-1.1.0.aar (androidx.vectordrawable:vectordrawable:1.1.0) with LibrarySymbolTableTransform
Transforming vectordrawable-1.1.0.aar (androidx.vectordrawable:vectordrawable:1.1.0) with ExtractAarTransform
Transforming vectordrawable-1.1.0.aar (androidx.vectordrawable:vectordrawable:1.1.0) with LibrarySymbolTableTransform
Transforming material3-release.aar (androidx.compose.material3:material3-android:1.3.0) with ExtractAarTransform
Transforming material3-release.aar (androidx.compose.material3:material3-android:1.3.0) with LibrarySymbolTableTransform
Transforming ui-tooling-data-release.aar (androidx.compose.ui:ui-tooling-data-android:1.7.8) with ExtractAarTransform
Transforming ui-tooling-data-release.aar (androidx.compose.ui:ui-tooling-data-android:1.7.8) with LibrarySymbolTableTransform
Transforming ui-tooling-preview-release.aar (androidx.compose.ui:ui-tooling-preview-android:1.7.8) with ExtractAarTransform
Transforming ui-tooling-preview-release.aar (androidx.compose.ui:ui-tooling-preview-android:1.7.8) with LibrarySymbolTableTransform
Transforming ui-tooling-release.aar (androidx.compose.ui:ui-tooling-android:1.7.8) with ExtractAarTransform
Transforming ui-tooling-release.aar (androidx.compose.ui:ui-tooling-android:1.7.8) with LibrarySymbolTableTransform
Transforming material-release.aar (androidx.compose.material:material-android:1.7.0) with ExtractAarTransform
Transforming material-release.aar (androidx.compose.material:material-android:1.7.0) with LibrarySymbolTableTransform
Transforming material-ripple-release.aar (androidx.compose.material:material-ripple-android:1.7.0) with ExtractAarTransform
Transforming material-ripple-release.aar (androidx.compose.material:material-ripple-android:1.7.0) with LibrarySymbolTableTransform
Transforming animation-core-release.aar (androidx.compose.animation:animation-core-android:1.7.8) with ExtractAarTransform
Transforming animation-core-release.aar (androidx.compose.animation:animation-core-android:1.7.8) with LibrarySymbolTableTransform
Transforming animation-release.aar (androidx.compose.animation:animation-android:1.7.8) with ExtractAarTransform
Transforming animation-release.aar (androidx.compose.animation:animation-android:1.7.8) with LibrarySymbolTableTransform
Transforming foundation-layout-release.aar (androidx.compose.foundation:foundation-layout-android:1.7.8) with ExtractAarTransform
Transforming foundation-layout-release.aar (androidx.compose.foundation:foundation-layout-android:1.7.8) with LibrarySymbolTableTransform
Transforming foundation-release.aar (androidx.compose.foundation:foundation-android:1.7.8) with ExtractAarTransform
Transforming foundation-release.aar (androidx.compose.foundation:foundation-android:1.7.8) with LibrarySymbolTableTransform
Transforming ui-util-release.aar (androidx.compose.ui:ui-util-android:1.7.8) with ExtractAarTransform
Transforming ui-util-release.aar (androidx.compose.ui:ui-util-android:1.7.8) with LibrarySymbolTableTransform
Transforming ui-unit-release.aar (androidx.compose.ui:ui-unit-android:1.7.8) with ExtractAarTransform
Transforming ui-unit-release.aar (androidx.compose.ui:ui-unit-android:1.7.8) with LibrarySymbolTableTransform
Transforming ui-text-release.aar (androidx.compose.ui:ui-text-android:1.7.8) with ExtractAarTransform
Transforming ui-text-release.aar (androidx.compose.ui:ui-text-android:1.7.8) with LibrarySymbolTableTransform
Transforming ui-geometry-release.aar (androidx.compose.ui:ui-geometry-android:1.7.8) with ExtractAarTransform
Transforming ui-geometry-release.aar (androidx.compose.ui:ui-geometry-android:1.7.8) with LibrarySymbolTableTransform
Transforming ui-graphics-release.aar (androidx.compose.ui:ui-graphics-android:1.7.8) with ExtractAarTransform
Transforming ui-graphics-release.aar (androidx.compose.ui:ui-graphics-android:1.7.8) with LibrarySymbolTableTransform
Transforming graphics-path-1.0.1.aar (androidx.graphics:graphics-path:1.0.1) with ExtractAarTransform
Transforming graphics-path-1.0.1.aar (androidx.graphics:graphics-path:1.0.1) with LibrarySymbolTableTransform
Transforming emoji2-1.3.0.aar (androidx.emoji2:emoji2:1.3.0) with ExtractAarTransform
Transforming emoji2-1.3.0.aar (androidx.emoji2:emoji2:1.3.0) with LibrarySymbolTableTransform
Transforming core-1.16.0.aar (androidx.core:core:1.16.0) with ExtractAarTransform
Transforming core-1.16.0.aar (androidx.core:core:1.16.0) with LibrarySymbolTableTransform
Transforming core-1.16.0.aar (androidx.core:core:1.16.0) with ExtractAarTransform
Transforming core-1.16.0.aar (androidx.core:core:1.16.0) with LibrarySymbolTableTransform
Transforming lifecycle-process-2.9.1.aar (androidx.lifecycle:lifecycle-process:2.9.1) with ExtractAarTransform
Transforming lifecycle-process-2.9.1.aar (androidx.lifecycle:lifecycle-process:2.9.1) with LibrarySymbolTableTransform
Transforming lifecycle-runtime-compose-release.aar (androidx.lifecycle:lifecycle-runtime-compose-android:2.9.1) with ExtractAarTransform
Transforming lifecycle-runtime-compose-release.aar (androidx.lifecycle:lifecycle-runtime-compose-android:2.9.1) with LibrarySymbolTableTransform
Transforming lifecycle-livedata-core-ktx-2.9.1.aar (androidx.lifecycle:lifecycle-livedata-core-ktx:2.9.1) with ExtractAarTransform
Transforming lifecycle-livedata-core-ktx-2.9.1.aar (androidx.lifecycle:lifecycle-livedata-core-ktx:2.9.1) with LibrarySymbolTableTransform
Transforming lifecycle-livedata-core-2.9.1.aar (androidx.lifecycle:lifecycle-livedata-core:2.9.1) with ExtractAarTransform
Transforming lifecycle-livedata-core-2.9.1.aar (androidx.lifecycle:lifecycle-livedata-core:2.9.1) with LibrarySymbolTableTransform
Transforming lifecycle-viewmodel-savedstate-release.aar (androidx.lifecycle:lifecycle-viewmodel-savedstate-android:2.9.1) with ExtractAarTransform
Transforming lifecycle-viewmodel-savedstate-release.aar (androidx.lifecycle:lifecycle-viewmodel-savedstate-android:2.9.1) with LibrarySymbolTableTransform
Transforming lifecycle-viewmodel-2.9.1.aar (androidx.lifecycle:lifecycle-viewmodel:2.9.1) with ExtractAarTransform
Transforming lifecycle-viewmodel-2.9.1.aar (androidx.lifecycle:lifecycle-viewmodel:2.9.1) with LibrarySymbolTableTransform
Transforming lifecycle-viewmodel-release.aar (androidx.lifecycle:lifecycle-viewmodel-android:2.9.1) with ExtractAarTransform
Transforming lifecycle-viewmodel-release.aar (androidx.lifecycle:lifecycle-viewmodel-android:2.9.1) with LibrarySymbolTableTransform
Transforming savedstate-ktx-1.3.0.aar (androidx.savedstate:savedstate-ktx:1.3.0) with ExtractAarTransform
Transforming savedstate-ktx-1.3.0.aar (androidx.savedstate:savedstate-ktx:1.3.0) with LibrarySymbolTableTransform
Transforming savedstate-release.aar (androidx.savedstate:savedstate-android:1.3.0) with ExtractAarTransform
Transforming savedstate-release.aar (androidx.savedstate:savedstate-android:1.3.0) with LibrarySymbolTableTransform
Transforming lifecycle-runtime-release.aar (androidx.lifecycle:lifecycle-runtime-android:2.9.1) with ExtractAarTransform
Transforming lifecycle-runtime-release.aar (androidx.lifecycle:lifecycle-runtime-android:2.9.1) with LibrarySymbolTableTransform
Transforming lifecycle-service-2.9.1.aar (androidx.lifecycle:lifecycle-service:2.9.1) with ExtractAarTransform
Transforming lifecycle-service-2.9.1.aar (androidx.lifecycle:lifecycle-service:2.9.1) with LibrarySymbolTableTransform
Transforming lifecycle-livedata-2.9.1.aar (androidx.lifecycle:lifecycle-livedata:2.9.1) with ExtractAarTransform
Transforming lifecycle-livedata-2.9.1.aar (androidx.lifecycle:lifecycle-livedata:2.9.1) with LibrarySymbolTableTransform
Transforming lifecycle-livedata-2.9.1.aar (androidx.lifecycle:lifecycle-livedata:2.9.1) with ExtractAarTransform
Transforming lifecycle-livedata-2.9.1.aar (androidx.lifecycle:lifecycle-livedata:2.9.1) with LibrarySymbolTableTransform
Transforming lifecycle-viewmodel-ktx-2.9.1.aar (androidx.lifecycle:lifecycle-viewmodel-ktx:2.9.1) with ExtractAarTransform
Transforming lifecycle-viewmodel-ktx-2.9.1.aar (androidx.lifecycle:lifecycle-viewmodel-ktx:2.9.1) with LibrarySymbolTableTransform
Transforming lifecycle-runtime-ktx.aar (androidx.lifecycle:lifecycle-runtime-ktx-android:2.9.1) with ExtractAarTransform
Transforming lifecycle-runtime-ktx.aar (androidx.lifecycle:lifecycle-runtime-ktx-android:2.9.1) with LibrarySymbolTableTransform
Transforming lifecycle-viewmodel-compose-release.aar (androidx.lifecycle:lifecycle-viewmodel-compose-android:2.9.1) with ExtractAarTransform
Transforming lifecycle-viewmodel-compose-release.aar (androidx.lifecycle:lifecycle-viewmodel-compose-android:2.9.1) with LibrarySymbolTableTransform
Transforming accompanist-drawablepainter-0.32.0.aar (com.google.accompanist:accompanist-drawablepainter:0.32.0) with ExtractAarTransform
Transforming accompanist-drawablepainter-0.32.0.aar (com.google.accompanist:accompanist-drawablepainter:0.32.0) with LibrarySymbolTableTransform
Transforming material-icons-core-release.aar (androidx.compose.material:material-icons-core-android:1.7.0) with ExtractAarTransform
Transforming material-icons-core-release.aar (androidx.compose.material:material-icons-core-android:1.7.0) with LibrarySymbolTableTransform
Transforming ui-release.aar (androidx.compose.ui:ui-android:1.7.8) with ExtractAarTransform
Transforming ui-release.aar (androidx.compose.ui:ui-android:1.7.8) with LibrarySymbolTableTransform
Transforming ui-test-manifest-1.7.8.aar (androidx.compose.ui:ui-test-manifest:1.7.8) with ExtractAarTransform
Transforming ui-test-manifest-1.7.8.aar (androidx.compose.ui:ui-test-manifest:1.7.8) with LibrarySymbolTableTransform
Transforming activity-1.10.1.aar (androidx.activity:activity:1.10.1) with ExtractAarTransform
Transforming activity-1.10.1.aar (androidx.activity:activity:1.10.1) with LibrarySymbolTableTransform
Transforming activity-ktx-1.10.1.aar (androidx.activity:activity-ktx:1.10.1) with ExtractAarTransform
Transforming activity-ktx-1.10.1.aar (androidx.activity:activity-ktx:1.10.1) with LibrarySymbolTableTransform
Transforming activity-compose-1.10.1.aar (androidx.activity:activity-compose:1.10.1) with ExtractAarTransform
Transforming activity-compose-1.10.1.aar (androidx.activity:activity-compose:1.10.1) with LibrarySymbolTableTransform
Transforming customview-poolingcontainer-1.0.0.aar (androidx.customview:customview-poolingcontainer:1.0.0) with ExtractAarTransform
Transforming customview-poolingcontainer-1.0.0.aar (androidx.customview:customview-poolingcontainer:1.0.0) with LibrarySymbolTableTransform
Transforming core-ktx-1.16.0.aar (androidx.core:core-ktx:1.16.0) with ExtractAarTransform
Transforming core-ktx-1.16.0.aar (androidx.core:core-ktx:1.16.0) with LibrarySymbolTableTransform
Transforming room-runtime-2.6.1.aar (androidx.room:room-runtime:2.6.1) with ExtractAarTransform
Transforming room-runtime-2.6.1.aar (androidx.room:room-runtime:2.6.1) with LibrarySymbolTableTransform
Transforming room-ktx-2.6.1.aar (androidx.room:room-ktx:2.6.1) with ExtractAarTransform
Transforming room-ktx-2.6.1.aar (androidx.room:room-ktx:2.6.1) with LibrarySymbolTableTransform
Transforming runtime-saveable-release.aar (androidx.compose.runtime:runtime-saveable-android:1.7.8) with ExtractAarTransform
Transforming runtime-saveable-release.aar (androidx.compose.runtime:runtime-saveable-android:1.7.8) with LibrarySymbolTableTransform
Transforming runtime-release.aar (androidx.compose.runtime:runtime-android:1.7.8) with ExtractAarTransform
Transforming runtime-release.aar (androidx.compose.runtime:runtime-android:1.7.8) with LibrarySymbolTableTransform
Transforming timber-5.0.1.aar (com.jakewharton.timber:timber:5.0.1) with ExtractAarTransform
Transforming timber-5.0.1.aar (com.jakewharton.timber:timber:5.0.1) with LibrarySymbolTableTransform
Transforming sqlite-framework-2.4.0.aar (androidx.sqlite:sqlite-framework:2.4.0) with ExtractAarTransform
Transforming sqlite-framework-2.4.0.aar (androidx.sqlite:sqlite-framework:2.4.0) with LibrarySymbolTableTransform
Transforming sqlite-2.4.0.aar (androidx.sqlite:sqlite:2.4.0) with ExtractAarTransform
Transforming sqlite-2.4.0.aar (androidx.sqlite:sqlite:2.4.0) with LibrarySymbolTableTransform
Transforming annotation-experimental-1.4.1.aar (androidx.annotation:annotation-experimental:1.4.1) with ExtractAarTransform
Transforming annotation-experimental-1.4.1.aar (androidx.annotation:annotation-experimental:1.4.1) with LibrarySymbolTableTransform
Transforming core-viewtree-1.0.0.aar (androidx.core:core-viewtree:1.0.0) with ExtractAarTransform
Transforming core-viewtree-1.0.0.aar (androidx.core:core-viewtree:1.0.0) with LibrarySymbolTableTransform
Transforming versionedparcelable-1.1.1.aar (androidx.versionedparcelable:versionedparcelable:1.1.1) with ExtractAarTransform
Transforming versionedparcelable-1.1.1.aar (androidx.versionedparcelable:versionedparcelable:1.1.1) with LibrarySymbolTableTransform
Transforming core-runtime-2.2.0.aar (androidx.arch.core:core-runtime:2.2.0) with ExtractAarTransform
Transforming core-runtime-2.2.0.aar (androidx.arch.core:core-runtime:2.2.0) with LibrarySymbolTableTransform
Transforming interpolator-1.0.0.aar (androidx.interpolator:interpolator:1.0.0) with ExtractAarTransform
Transforming interpolator-1.0.0.aar (androidx.interpolator:interpolator:1.0.0) with LibrarySymbolTableTransform
Transforming interpolator-1.0.0.aar (androidx.interpolator:interpolator:1.0.0) with ExtractAarTransform
Transforming interpolator-1.0.0.aar (androidx.interpolator:interpolator:1.0.0) with LibrarySymbolTableTransform
Transforming profileinstaller-1.4.0.aar (androidx.profileinstaller:profileinstaller:1.4.0) with ExtractAarTransform
Transforming profileinstaller-1.4.0.aar (androidx.profileinstaller:profileinstaller:1.4.0) with LibrarySymbolTableTransform
Transforming startup-runtime-1.1.1.aar (androidx.startup:startup-runtime:1.1.1) with ExtractAarTransform
Transforming startup-runtime-1.1.1.aar (androidx.startup:startup-runtime:1.1.1) with LibrarySymbolTableTransform
Transforming tracing-1.2.0.aar (androidx.tracing:tracing:1.2.0) with ExtractAarTransform
Transforming tracing-1.2.0.aar (androidx.tracing:tracing:1.2.0) with LibrarySymbolTableTransform
Transforming exifinterface-1.3.7.aar (androidx.exifinterface:exifinterface:1.3.7) with ExtractAarTransform
Transforming exifinterface-1.3.7.aar (androidx.exifinterface:exifinterface:1.3.7) with LibrarySymbolTableTransform
Transforming dagger-lint-aar-2.49.aar (com.google.dagger:dagger-lint-aar:2.49) with ExtractAarTransform
Transforming dagger-lint-aar-2.49.aar (com.google.dagger:dagger-lint-aar:2.49) with LibrarySymbolTableTransform
Transforming play-services-tasks-16.0.1.aar (com.google.android.gms:play-services-tasks:16.0.1) with ExtractAarTransform
Transforming play-services-tasks-16.0.1.aar (com.google.android.gms:play-services-tasks:16.0.1) with LibrarySymbolTableTransform
Transforming play-services-basement-16.0.1.aar (com.google.android.gms:play-services-basement:16.0.1) with ExtractAarTransform
Transforming play-services-basement-16.0.1.aar (com.google.android.gms:play-services-basement:16.0.1) with LibrarySymbolTableTransform
Caching disabled for task ':app:processDebugResources' because:
  Build cache is disabled
Task ':app:processDebugResources' is not up-to-date because:
  Output property 'RClassOutputJar' file C:\DEV\StudyWise-Fresh\app\build\intermediates\compile_and_runtime_not_namespaced_r_class_jar\debug\processDebugResources\R.jar has been removed.
  Output property 'linkedResourcesOutputDir' file C:\DEV\StudyWise-Fresh\app\build\intermediates\linked_resources_binary_format\debug\processDebugResources has been removed.
  Output property 'linkedResourcesOutputDir' file C:\DEV\StudyWise-Fresh\app\build\intermediates\linked_resources_binary_format\debug\processDebugResources\linked-resources-binary-format-debug.ap_ has been removed.
  and more...
  and more...
The input changes require a full rebuild for incremental task ':app:processDebugResources'.
AAPT2 aapt2-8.10.1-12782657-windows Daemon #0: starting
Aapt output file C:\DEV\StudyWise-Fresh\app\build\intermediates\linked_resources_binary_format\debug\processDebugResources\linked-resources-binary-format-debug.ap_
Resolve mutations for :app:kaptGenerateStubsDebugKotlin (Thread[Execution worker Thread 9,5,main]) started.
:app:kaptGenerateStubsDebugKotlin (Thread[Execution worker Thread 9,5,main]) started.

> Task :app:mergeExtDexDebug
Transforming datastore-core-okio-jvm-1.1.1.jar (androidx.datastore:datastore-core-okio-jvm:1.1.1) with IdentityTransform
Transforming datastore-core-okio-jvm-1.1.1.jar (androidx.datastore:datastore-core-okio-jvm:1.1.1) with IdentityTransform
Transforming datastore-core-okio-jvm-1.1.1.jar (androidx.datastore:datastore-core-okio-jvm:1.1.1) with DexingNoClasspathTransform
Transforming datastore-core-okio-jvm-1.1.1.jar (androidx.datastore:datastore-core-okio-jvm:1.1.1) with DexingOutputSplitTransform
Transforming datastore-preferences-core-jvm-1.1.1.jar (androidx.datastore:datastore-preferences-core-jvm:1.1.1) with IdentityTransform
Transforming datastore-preferences-core-jvm-1.1.1.jar (androidx.datastore:datastore-preferences-core-jvm:1.1.1) with IdentityTransform
Transforming datastore-preferences-core-jvm-1.1.1.jar (androidx.datastore:datastore-preferences-core-jvm:1.1.1) with DexingNoClasspathTransform
Transforming datastore-preferences-core-jvm-1.1.1.jar (androidx.datastore:datastore-preferences-core-jvm:1.1.1) with DexingOutputSplitTransform
Transforming datastore-preferences-release.aar (androidx.datastore:datastore-preferences-android:1.1.1) with AarToClassTransform
Transforming datastore-preferences-release.aar (androidx.datastore:datastore-preferences-android:1.1.1) with IdentityTransform
Transforming datastore-preferences-release.aar (androidx.datastore:datastore-preferences-android:1.1.1) with DexingNoClasspathTransform
Transforming datastore-preferences-release.aar (androidx.datastore:datastore-preferences-android:1.1.1) with DexingOutputSplitTransform
Transforming datastore-release.aar (androidx.datastore:datastore-android:1.1.1) with AarToClassTransform
Transforming datastore-release.aar (androidx.datastore:datastore-android:1.1.1) with IdentityTransform
Transforming datastore-release.aar (androidx.datastore:datastore-android:1.1.1) with DexingNoClasspathTransform
Transforming datastore-release.aar (androidx.datastore:datastore-android:1.1.1) with DexingOutputSplitTransform
Transforming datastore-core-release.aar (androidx.datastore:datastore-core-android:1.1.1) with AarToClassTransform
Transforming datastore-core-release.aar (androidx.datastore:datastore-core-android:1.1.1) with IdentityTransform
Transforming datastore-core-release.aar (androidx.datastore:datastore-core-android:1.1.1) with DexingNoClasspathTransform
Transforming datastore-core-release.aar (androidx.datastore:datastore-core-android:1.1.1) with DexingOutputSplitTransform
Transforming kotlin-parcelize-runtime-1.9.24.jar (org.jetbrains.kotlin:kotlin-parcelize-runtime:1.9.24) with IdentityTransform
Transforming kotlin-parcelize-runtime-1.9.24.jar (org.jetbrains.kotlin:kotlin-parcelize-runtime:1.9.24) with IdentityTransform
Transforming kotlin-parcelize-runtime-1.9.24.jar (org.jetbrains.kotlin:kotlin-parcelize-runtime:1.9.24) with DexingNoClasspathTransform
Transforming kotlin-parcelize-runtime-1.9.24.jar (org.jetbrains.kotlin:kotlin-parcelize-runtime:1.9.24) with DexingOutputSplitTransform
Transforming hilt-navigation-compose-1.2.0.aar (androidx.hilt:hilt-navigation-compose:1.2.0) with AarToClassTransform
Transforming hilt-navigation-compose-1.2.0.aar (androidx.hilt:hilt-navigation-compose:1.2.0) with IdentityTransform
Transforming hilt-navigation-compose-1.2.0.aar (androidx.hilt:hilt-navigation-compose:1.2.0) with DexingNoClasspathTransform
Transforming hilt-navigation-compose-1.2.0.aar (androidx.hilt:hilt-navigation-compose:1.2.0) with DexingOutputSplitTransform
Transforming hilt-navigation-1.2.0.aar (androidx.hilt:hilt-navigation:1.2.0) with AarToClassTransform
Transforming hilt-navigation-1.2.0.aar (androidx.hilt:hilt-navigation:1.2.0) with IdentityTransform
Transforming hilt-navigation-1.2.0.aar (androidx.hilt:hilt-navigation:1.2.0) with DexingNoClasspathTransform
Transforming hilt-navigation-1.2.0.aar (androidx.hilt:hilt-navigation:1.2.0) with DexingOutputSplitTransform
Transforming navigation-common-2.8.4.aar (androidx.navigation:navigation-common:2.8.4) with AarToClassTransform
Transforming navigation-common-2.8.4.aar (androidx.navigation:navigation-common:2.8.4) with IdentityTransform
Transforming navigation-common-2.8.4.aar (androidx.navigation:navigation-common:2.8.4) with DexingNoClasspathTransform
Transforming navigation-common-2.8.4.aar (androidx.navigation:navigation-common:2.8.4) with DexingOutputSplitTransform
Transforming navigation-runtime-2.8.4.aar (androidx.navigation:navigation-runtime:2.8.4) with AarToClassTransform
Transforming navigation-runtime-2.8.4.aar (androidx.navigation:navigation-runtime:2.8.4) with IdentityTransform
Transforming navigation-runtime-2.8.4.aar (androidx.navigation:navigation-runtime:2.8.4) with DexingNoClasspathTransform
Transforming navigation-runtime-2.8.4.aar (androidx.navigation:navigation-runtime:2.8.4) with DexingOutputSplitTransform
Transforming navigation-common-ktx-2.8.4.aar (androidx.navigation:navigation-common-ktx:2.8.4) with AarToClassTransform
Transforming navigation-common-ktx-2.8.4.aar (androidx.navigation:navigation-common-ktx:2.8.4) with IdentityTransform
Transforming navigation-common-ktx-2.8.4.aar (androidx.navigation:navigation-common-ktx:2.8.4) with DexingNoClasspathTransform
Transforming navigation-common-ktx-2.8.4.aar (androidx.navigation:navigation-common-ktx:2.8.4) with DexingOutputSplitTransform
Transforming navigation-runtime-ktx-2.8.4.aar (androidx.navigation:navigation-runtime-ktx:2.8.4) with AarToClassTransform
Transforming navigation-runtime-ktx-2.8.4.aar (androidx.navigation:navigation-runtime-ktx:2.8.4) with IdentityTransform
Transforming navigation-runtime-ktx-2.8.4.aar (androidx.navigation:navigation-runtime-ktx:2.8.4) with DexingNoClasspathTransform
Transforming navigation-runtime-ktx-2.8.4.aar (androidx.navigation:navigation-runtime-ktx:2.8.4) with DexingOutputSplitTransform
Transforming navigation-compose-2.8.4.aar (androidx.navigation:navigation-compose:2.8.4) with AarToClassTransform
Transforming navigation-compose-2.8.4.aar (androidx.navigation:navigation-compose:2.8.4) with IdentityTransform
Transforming navigation-compose-2.8.4.aar (androidx.navigation:navigation-compose:2.8.4) with DexingNoClasspathTransform
Transforming navigation-compose-2.8.4.aar (androidx.navigation:navigation-compose:2.8.4) with DexingOutputSplitTransform
Transforming accompanist-permissions-0.34.0.aar (com.google.accompanist:accompanist-permissions:0.34.0) with AarToClassTransform
Transforming accompanist-permissions-0.34.0.aar (com.google.accompanist:accompanist-permissions:0.34.0) with IdentityTransform
Transforming accompanist-permissions-0.34.0.aar (com.google.accompanist:accompanist-permissions:0.34.0) with DexingNoClasspathTransform
Transforming accompanist-permissions-0.34.0.aar (com.google.accompanist:accompanist-permissions:0.34.0) with DexingOutputSplitTransform
Transforming hilt-work-1.2.0.aar (androidx.hilt:hilt-work:1.2.0) with AarToClassTransform
Transforming hilt-work-1.2.0.aar (androidx.hilt:hilt-work:1.2.0) with IdentityTransform
Transforming hilt-work-1.2.0.aar (androidx.hilt:hilt-work:1.2.0) with DexingNoClasspathTransform
Transforming hilt-work-1.2.0.aar (androidx.hilt:hilt-work:1.2.0) with DexingOutputSplitTransform
Transforming hilt-android-2.49.aar (com.google.dagger:hilt-android:2.49) with AarToClassTransform
Transforming hilt-android-2.49.aar (com.google.dagger:hilt-android:2.49) with IdentityTransform
Transforming hilt-android-2.49.aar (com.google.dagger:hilt-android:2.49) with DexingNoClasspathTransform
Transforming hilt-android-2.49.aar (com.google.dagger:hilt-android:2.49) with DexingOutputSplitTransform
Transforming fragment-1.5.1.aar (androidx.fragment:fragment:1.5.1) with AarToClassTransform
Transforming fragment-1.5.1.aar (androidx.fragment:fragment:1.5.1) with IdentityTransform
Transforming fragment-1.5.1.aar (androidx.fragment:fragment:1.5.1) with DexingNoClasspathTransform
Transforming fragment-1.5.1.aar (androidx.fragment:fragment:1.5.1) with DexingOutputSplitTransform
Transforming accompanist-systemuicontroller-0.34.0.aar (com.google.accompanist:accompanist-systemuicontroller:0.34.0) with AarToClassTransform
Transforming accompanist-systemuicontroller-0.34.0.aar (com.google.accompanist:accompanist-systemuicontroller:0.34.0) with IdentityTransform
Transforming accompanist-systemuicontroller-0.34.0.aar (com.google.accompanist:accompanist-systemuicontroller:0.34.0) with DexingNoClasspathTransform
Transforming accompanist-systemuicontroller-0.34.0.aar (com.google.accompanist:accompanist-systemuicontroller:0.34.0) with DexingOutputSplitTransform
Transforming work-runtime-ktx-2.9.1.aar (androidx.work:work-runtime-ktx:2.9.1) with AarToClassTransform
Transforming work-runtime-ktx-2.9.1.aar (androidx.work:work-runtime-ktx:2.9.1) with IdentityTransform
Transforming work-runtime-ktx-2.9.1.aar (androidx.work:work-runtime-ktx:2.9.1) with DexingNoClasspathTransform
Transforming work-runtime-ktx-2.9.1.aar (androidx.work:work-runtime-ktx:2.9.1) with DexingOutputSplitTransform
Transforming work-runtime-2.9.1.aar (androidx.work:work-runtime:2.9.1) with AarToClassTransform
Transforming work-runtime-2.9.1.aar (androidx.work:work-runtime:2.9.1) with IdentityTransform
Transforming work-runtime-2.9.1.aar (androidx.work:work-runtime:2.9.1) with DexingNoClasspathTransform
Transforming work-runtime-2.9.1.aar (androidx.work:work-runtime:2.9.1) with DexingOutputSplitTransform
Transforming loader-1.0.0.aar (androidx.loader:loader:1.0.0) with AarToClassTransform
Transforming loader-1.0.0.aar (androidx.loader:loader:1.0.0) with IdentityTransform
Transforming loader-1.0.0.aar (androidx.loader:loader:1.0.0) with DexingNoClasspathTransform
Transforming loader-1.0.0.aar (androidx.loader:loader:1.0.0) with DexingOutputSplitTransform
Transforming viewpager-1.0.0.aar (androidx.viewpager:viewpager:1.0.0) with AarToClassTransform
Transforming viewpager-1.0.0.aar (androidx.viewpager:viewpager:1.0.0) with IdentityTransform
Transforming viewpager-1.0.0.aar (androidx.viewpager:viewpager:1.0.0) with DexingNoClasspathTransform
Transforming viewpager-1.0.0.aar (androidx.viewpager:viewpager:1.0.0) with DexingOutputSplitTransform
Transforming coil-compose-2.7.0.aar (io.coil-kt:coil-compose:2.7.0) with AarToClassTransform
Transforming coil-compose-2.7.0.aar (io.coil-kt:coil-compose:2.7.0) with IdentityTransform
Transforming coil-compose-2.7.0.aar (io.coil-kt:coil-compose:2.7.0) with DexingNoClasspathTransform
Transforming coil-compose-2.7.0.aar (io.coil-kt:coil-compose:2.7.0) with DexingOutputSplitTransform
Transforming coil-compose-base-2.7.0.aar (io.coil-kt:coil-compose-base:2.7.0) with AarToClassTransform
Transforming coil-compose-base-2.7.0.aar (io.coil-kt:coil-compose-base:2.7.0) with IdentityTransform
Transforming coil-compose-base-2.7.0.aar (io.coil-kt:coil-compose-base:2.7.0) with DexingNoClasspathTransform
Transforming coil-compose-base-2.7.0.aar (io.coil-kt:coil-compose-base:2.7.0) with DexingOutputSplitTransform
Transforming coil-2.7.0.aar (io.coil-kt:coil:2.7.0) with AarToClassTransform
Transforming coil-2.7.0.aar (io.coil-kt:coil:2.7.0) with IdentityTransform
Transforming coil-2.7.0.aar (io.coil-kt:coil:2.7.0) with DexingNoClasspathTransform
Transforming coil-2.7.0.aar (io.coil-kt:coil:2.7.0) with DexingOutputSplitTransform
Transforming coil-base-2.7.0.aar (io.coil-kt:coil-base:2.7.0) with AarToClassTransform
Transforming coil-base-2.7.0.aar (io.coil-kt:coil-base:2.7.0) with IdentityTransform
Transforming coil-base-2.7.0.aar (io.coil-kt:coil-base:2.7.0) with DexingNoClasspathTransform
Transforming coil-base-2.7.0.aar (io.coil-kt:coil-base:2.7.0) with DexingOutputSplitTransform
Transforming appcompat-resources-1.6.1.aar (androidx.appcompat:appcompat-resources:1.6.1) with AarToClassTransform
Transforming appcompat-resources-1.6.1.aar (androidx.appcompat:appcompat-resources:1.6.1) with IdentityTransform
Transforming appcompat-resources-1.6.1.aar (androidx.appcompat:appcompat-resources:1.6.1) with DexingNoClasspathTransform
Transforming appcompat-resources-1.6.1.aar (androidx.appcompat:appcompat-resources:1.6.1) with DexingOutputSplitTransform
Transforming autofill-1.0.0.aar (androidx.autofill:autofill:1.0.0) with AarToClassTransform
Transforming autofill-1.0.0.aar (androidx.autofill:autofill:1.0.0) with IdentityTransform
Transforming autofill-1.0.0.aar (androidx.autofill:autofill:1.0.0) with DexingNoClasspathTransform
Transforming autofill-1.0.0.aar (androidx.autofill:autofill:1.0.0) with DexingOutputSplitTransform
Transforming customview-1.0.0.aar (androidx.customview:customview:1.0.0) with AarToClassTransform
Transforming customview-1.0.0.aar (androidx.customview:customview:1.0.0) with IdentityTransform
Transforming customview-1.0.0.aar (androidx.customview:customview:1.0.0) with DexingNoClasspathTransform
Transforming customview-1.0.0.aar (androidx.customview:customview:1.0.0) with DexingOutputSplitTransform
Transforming vectordrawable-animated-1.1.0.aar (androidx.vectordrawable:vectordrawable-animated:1.1.0) with AarToClassTransform
Transforming vectordrawable-animated-1.1.0.aar (androidx.vectordrawable:vectordrawable-animated:1.1.0) with IdentityTransform
Transforming vectordrawable-animated-1.1.0.aar (androidx.vectordrawable:vectordrawable-animated:1.1.0) with DexingNoClasspathTransform
Transforming vectordrawable-animated-1.1.0.aar (androidx.vectordrawable:vectordrawable-animated:1.1.0) with DexingOutputSplitTransform
Transforming vectordrawable-1.1.0.aar (androidx.vectordrawable:vectordrawable:1.1.0) with AarToClassTransform
Transforming vectordrawable-1.1.0.aar (androidx.vectordrawable:vectordrawable:1.1.0) with IdentityTransform
Transforming vectordrawable-1.1.0.aar (androidx.vectordrawable:vectordrawable:1.1.0) with DexingNoClasspathTransform
Transforming vectordrawable-1.1.0.aar (androidx.vectordrawable:vectordrawable:1.1.0) with DexingOutputSplitTransform
Transforming vectordrawable-1.1.0.aar (androidx.vectordrawable:vectordrawable:1.1.0) with AarToClassTransform
Transforming vectordrawable-1.1.0.aar (androidx.vectordrawable:vectordrawable:1.1.0) with IdentityTransform
Transforming vectordrawable-1.1.0.aar (androidx.vectordrawable:vectordrawable:1.1.0) with DexingNoClasspathTransform
Transforming vectordrawable-1.1.0.aar (androidx.vectordrawable:vectordrawable:1.1.0) with DexingOutputSplitTransform
Transforming material3-release.aar (androidx.compose.material3:material3-android:1.3.0) with AarToClassTransform
Transforming material3-release.aar (androidx.compose.material3:material3-android:1.3.0) with IdentityTransform
Transforming material3-release.aar (androidx.compose.material3:material3-android:1.3.0) with DexingNoClasspathTransform
Transforming material3-release.aar (androidx.compose.material3:material3-android:1.3.0) with DexingOutputSplitTransform
Transforming ui-tooling-data-release.aar (androidx.compose.ui:ui-tooling-data-android:1.7.8) with AarToClassTransform
Transforming ui-tooling-data-release.aar (androidx.compose.ui:ui-tooling-data-android:1.7.8) with IdentityTransform
Transforming ui-tooling-data-release.aar (androidx.compose.ui:ui-tooling-data-android:1.7.8) with DexingNoClasspathTransform
Transforming ui-tooling-data-release.aar (androidx.compose.ui:ui-tooling-data-android:1.7.8) with DexingOutputSplitTransform
Transforming ui-tooling-preview-release.aar (androidx.compose.ui:ui-tooling-preview-android:1.7.8) with AarToClassTransform
Transforming ui-tooling-preview-release.aar (androidx.compose.ui:ui-tooling-preview-android:1.7.8) with IdentityTransform
Transforming ui-tooling-preview-release.aar (androidx.compose.ui:ui-tooling-preview-android:1.7.8) with DexingNoClasspathTransform
Transforming ui-tooling-preview-release.aar (androidx.compose.ui:ui-tooling-preview-android:1.7.8) with DexingOutputSplitTransform
Transforming ui-tooling-release.aar (androidx.compose.ui:ui-tooling-android:1.7.8) with AarToClassTransform
Transforming ui-tooling-release.aar (androidx.compose.ui:ui-tooling-android:1.7.8) with IdentityTransform
Transforming ui-tooling-release.aar (androidx.compose.ui:ui-tooling-android:1.7.8) with DexingNoClasspathTransform
Transforming ui-tooling-release.aar (androidx.compose.ui:ui-tooling-android:1.7.8) with DexingOutputSplitTransform
Transforming material-release.aar (androidx.compose.material:material-android:1.7.0) with AarToClassTransform
Transforming material-release.aar (androidx.compose.material:material-android:1.7.0) with IdentityTransform
Transforming material-release.aar (androidx.compose.material:material-android:1.7.0) with DexingNoClasspathTransform
Transforming material-release.aar (androidx.compose.material:material-android:1.7.0) with DexingOutputSplitTransform
Transforming material-ripple-release.aar (androidx.compose.material:material-ripple-android:1.7.0) with AarToClassTransform
Transforming material-ripple-release.aar (androidx.compose.material:material-ripple-android:1.7.0) with IdentityTransform
Transforming material-ripple-release.aar (androidx.compose.material:material-ripple-android:1.7.0) with DexingNoClasspathTransform
Transforming material-ripple-release.aar (androidx.compose.material:material-ripple-android:1.7.0) with DexingOutputSplitTransform
Transforming animation-core-release.aar (androidx.compose.animation:animation-core-android:1.7.8) with AarToClassTransform
Transforming animation-core-release.aar (androidx.compose.animation:animation-core-android:1.7.8) with IdentityTransform
Transforming animation-core-release.aar (androidx.compose.animation:animation-core-android:1.7.8) with DexingNoClasspathTransform
Transforming animation-core-release.aar (androidx.compose.animation:animation-core-android:1.7.8) with DexingOutputSplitTransform
Transforming animation-release.aar (androidx.compose.animation:animation-android:1.7.8) with AarToClassTransform
Transforming animation-release.aar (androidx.compose.animation:animation-android:1.7.8) with IdentityTransform
Transforming animation-release.aar (androidx.compose.animation:animation-android:1.7.8) with DexingNoClasspathTransform
Transforming animation-release.aar (androidx.compose.animation:animation-android:1.7.8) with DexingOutputSplitTransform
Transforming foundation-layout-release.aar (androidx.compose.foundation:foundation-layout-android:1.7.8) with AarToClassTransform
Transforming foundation-layout-release.aar (androidx.compose.foundation:foundation-layout-android:1.7.8) with IdentityTransform
Transforming foundation-layout-release.aar (androidx.compose.foundation:foundation-layout-android:1.7.8) with DexingNoClasspathTransform
Transforming foundation-layout-release.aar (androidx.compose.foundation:foundation-layout-android:1.7.8) with DexingOutputSplitTransform
Transforming foundation-release.aar (androidx.compose.foundation:foundation-android:1.7.8) with AarToClassTransform
Transforming foundation-release.aar (androidx.compose.foundation:foundation-android:1.7.8) with IdentityTransform
Transforming foundation-release.aar (androidx.compose.foundation:foundation-android:1.7.8) with DexingNoClasspathTransform
Transforming foundation-release.aar (androidx.compose.foundation:foundation-android:1.7.8) with DexingOutputSplitTransform
Transforming ui-util-release.aar (androidx.compose.ui:ui-util-android:1.7.8) with AarToClassTransform
Transforming ui-util-release.aar (androidx.compose.ui:ui-util-android:1.7.8) with IdentityTransform
Transforming ui-util-release.aar (androidx.compose.ui:ui-util-android:1.7.8) with DexingNoClasspathTransform
Transforming ui-util-release.aar (androidx.compose.ui:ui-util-android:1.7.8) with DexingOutputSplitTransform
Transforming ui-unit-release.aar (androidx.compose.ui:ui-unit-android:1.7.8) with AarToClassTransform
Transforming ui-unit-release.aar (androidx.compose.ui:ui-unit-android:1.7.8) with IdentityTransform
Transforming ui-unit-release.aar (androidx.compose.ui:ui-unit-android:1.7.8) with DexingNoClasspathTransform
Transforming ui-unit-release.aar (androidx.compose.ui:ui-unit-android:1.7.8) with DexingOutputSplitTransform
Transforming ui-text-release.aar (androidx.compose.ui:ui-text-android:1.7.8) with AarToClassTransform
Transforming ui-text-release.aar (androidx.compose.ui:ui-text-android:1.7.8) with IdentityTransform
Transforming ui-text-release.aar (androidx.compose.ui:ui-text-android:1.7.8) with DexingNoClasspathTransform
Transforming ui-text-release.aar (androidx.compose.ui:ui-text-android:1.7.8) with DexingOutputSplitTransform
Transforming ui-geometry-release.aar (androidx.compose.ui:ui-geometry-android:1.7.8) with AarToClassTransform
Transforming ui-geometry-release.aar (androidx.compose.ui:ui-geometry-android:1.7.8) with IdentityTransform
Transforming ui-geometry-release.aar (androidx.compose.ui:ui-geometry-android:1.7.8) with DexingNoClasspathTransform
Transforming ui-geometry-release.aar (androidx.compose.ui:ui-geometry-android:1.7.8) with DexingOutputSplitTransform
Transforming ui-graphics-release.aar (androidx.compose.ui:ui-graphics-android:1.7.8) with AarToClassTransform
Transforming ui-graphics-release.aar (androidx.compose.ui:ui-graphics-android:1.7.8) with IdentityTransform
Transforming ui-graphics-release.aar (androidx.compose.ui:ui-graphics-android:1.7.8) with DexingNoClasspathTransform
Transforming ui-graphics-release.aar (androidx.compose.ui:ui-graphics-android:1.7.8) with DexingOutputSplitTransform
Transforming graphics-path-1.0.1.aar (androidx.graphics:graphics-path:1.0.1) with AarToClassTransform
Transforming graphics-path-1.0.1.aar (androidx.graphics:graphics-path:1.0.1) with IdentityTransform
Transforming graphics-path-1.0.1.aar (androidx.graphics:graphics-path:1.0.1) with DexingNoClasspathTransform
Transforming graphics-path-1.0.1.aar (androidx.graphics:graphics-path:1.0.1) with DexingOutputSplitTransform
Transforming emoji2-1.3.0.aar (androidx.emoji2:emoji2:1.3.0) with AarToClassTransform
Transforming emoji2-1.3.0.aar (androidx.emoji2:emoji2:1.3.0) with IdentityTransform
Transforming emoji2-1.3.0.aar (androidx.emoji2:emoji2:1.3.0) with DexingNoClasspathTransform
Transforming emoji2-1.3.0.aar (androidx.emoji2:emoji2:1.3.0) with DexingOutputSplitTransform
Transforming core-1.16.0.aar (androidx.core:core:1.16.0) with AarToClassTransform
Transforming core-1.16.0.aar (androidx.core:core:1.16.0) with IdentityTransform
Transforming core-1.16.0.aar (androidx.core:core:1.16.0) with DexingNoClasspathTransform
Transforming core-1.16.0.aar (androidx.core:core:1.16.0) with DexingOutputSplitTransform
Transforming core-1.16.0.aar (androidx.core:core:1.16.0) with AarToClassTransform
Transforming core-1.16.0.aar (androidx.core:core:1.16.0) with IdentityTransform
Transforming core-1.16.0.aar (androidx.core:core:1.16.0) with DexingNoClasspathTransform
Transforming core-1.16.0.aar (androidx.core:core:1.16.0) with DexingOutputSplitTransform
Transforming lifecycle-process-2.9.1.aar (androidx.lifecycle:lifecycle-process:2.9.1) with AarToClassTransform
Transforming lifecycle-process-2.9.1.aar (androidx.lifecycle:lifecycle-process:2.9.1) with IdentityTransform
Transforming lifecycle-process-2.9.1.aar (androidx.lifecycle:lifecycle-process:2.9.1) with DexingNoClasspathTransform
Transforming lifecycle-process-2.9.1.aar (androidx.lifecycle:lifecycle-process:2.9.1) with DexingOutputSplitTransform
Transforming lifecycle-runtime-compose-release.aar (androidx.lifecycle:lifecycle-runtime-compose-android:2.9.1) with AarToClassTransform
Transforming lifecycle-runtime-compose-release.aar (androidx.lifecycle:lifecycle-runtime-compose-android:2.9.1) with IdentityTransform
Transforming lifecycle-runtime-compose-release.aar (androidx.lifecycle:lifecycle-runtime-compose-android:2.9.1) with DexingNoClasspathTransform
Transforming lifecycle-runtime-compose-release.aar (androidx.lifecycle:lifecycle-runtime-compose-android:2.9.1) with DexingOutputSplitTransform
Transforming lifecycle-livedata-core-ktx-2.9.1.aar (androidx.lifecycle:lifecycle-livedata-core-ktx:2.9.1) with AarToClassTransform
Transforming lifecycle-livedata-core-ktx-2.9.1.aar (androidx.lifecycle:lifecycle-livedata-core-ktx:2.9.1) with IdentityTransform
Transforming lifecycle-livedata-core-ktx-2.9.1.aar (androidx.lifecycle:lifecycle-livedata-core-ktx:2.9.1) with DexingNoClasspathTransform
Transforming lifecycle-livedata-core-ktx-2.9.1.aar (androidx.lifecycle:lifecycle-livedata-core-ktx:2.9.1) with DexingOutputSplitTransform
Transforming lifecycle-livedata-core-2.9.1.aar (androidx.lifecycle:lifecycle-livedata-core:2.9.1) with AarToClassTransform
Transforming lifecycle-livedata-core-2.9.1.aar (androidx.lifecycle:lifecycle-livedata-core:2.9.1) with IdentityTransform
Transforming lifecycle-livedata-core-2.9.1.aar (androidx.lifecycle:lifecycle-livedata-core:2.9.1) with DexingNoClasspathTransform
Transforming lifecycle-livedata-core-2.9.1.aar (androidx.lifecycle:lifecycle-livedata-core:2.9.1) with DexingOutputSplitTransform
Transforming lifecycle-common-java8-2.9.1.jar (androidx.lifecycle:lifecycle-common-java8:2.9.1) with IdentityTransform
Transforming lifecycle-common-java8-2.9.1.jar (androidx.lifecycle:lifecycle-common-java8:2.9.1) with IdentityTransform
Transforming lifecycle-common-java8-2.9.1.jar (androidx.lifecycle:lifecycle-common-java8:2.9.1) with DexingNoClasspathTransform
Transforming lifecycle-common-java8-2.9.1.jar (androidx.lifecycle:lifecycle-common-java8:2.9.1) with DexingOutputSplitTransform
Transforming lifecycle-viewmodel-savedstate-release.aar (androidx.lifecycle:lifecycle-viewmodel-savedstate-android:2.9.1) with AarToClassTransform
Transforming lifecycle-viewmodel-savedstate-release.aar (androidx.lifecycle:lifecycle-viewmodel-savedstate-android:2.9.1) with IdentityTransform
Transforming lifecycle-viewmodel-savedstate-release.aar (androidx.lifecycle:lifecycle-viewmodel-savedstate-android:2.9.1) with DexingNoClasspathTransform
Transforming lifecycle-viewmodel-savedstate-release.aar (androidx.lifecycle:lifecycle-viewmodel-savedstate-android:2.9.1) with DexingOutputSplitTransform
Transforming lifecycle-viewmodel-2.9.1.aar (androidx.lifecycle:lifecycle-viewmodel:2.9.1) with AarToClassTransform
Transforming lifecycle-viewmodel-2.9.1.aar (androidx.lifecycle:lifecycle-viewmodel:2.9.1) with IdentityTransform
Transforming lifecycle-viewmodel-2.9.1.aar (androidx.lifecycle:lifecycle-viewmodel:2.9.1) with DexingNoClasspathTransform
Transforming lifecycle-viewmodel-2.9.1.aar (androidx.lifecycle:lifecycle-viewmodel:2.9.1) with DexingOutputSplitTransform
Transforming lifecycle-viewmodel-release.aar (androidx.lifecycle:lifecycle-viewmodel-android:2.9.1) with AarToClassTransform
Transforming lifecycle-viewmodel-release.aar (androidx.lifecycle:lifecycle-viewmodel-android:2.9.1) with IdentityTransform
Transforming lifecycle-viewmodel-release.aar (androidx.lifecycle:lifecycle-viewmodel-android:2.9.1) with DexingNoClasspathTransform
Transforming lifecycle-viewmodel-release.aar (androidx.lifecycle:lifecycle-viewmodel-android:2.9.1) with DexingOutputSplitTransform
Transforming savedstate-ktx-1.3.0.aar (androidx.savedstate:savedstate-ktx:1.3.0) with AarToClassTransform
Transforming savedstate-ktx-1.3.0.aar (androidx.savedstate:savedstate-ktx:1.3.0) with IdentityTransform
Transforming savedstate-ktx-1.3.0.aar (androidx.savedstate:savedstate-ktx:1.3.0) with DexingNoClasspathTransform
Transforming savedstate-ktx-1.3.0.aar (androidx.savedstate:savedstate-ktx:1.3.0) with DexingOutputSplitTransform
Transforming savedstate-release.aar (androidx.savedstate:savedstate-android:1.3.0) with AarToClassTransform
Transforming savedstate-release.aar (androidx.savedstate:savedstate-android:1.3.0) with IdentityTransform
Transforming savedstate-release.aar (androidx.savedstate:savedstate-android:1.3.0) with DexingNoClasspathTransform
Transforming savedstate-release.aar (androidx.savedstate:savedstate-android:1.3.0) with DexingOutputSplitTransform
Transforming lifecycle-common-jvm-2.9.1.jar (androidx.lifecycle:lifecycle-common-jvm:2.9.1) with IdentityTransform
Transforming lifecycle-common-jvm-2.9.1.jar (androidx.lifecycle:lifecycle-common-jvm:2.9.1) with IdentityTransform
Transforming lifecycle-common-jvm-2.9.1.jar (androidx.lifecycle:lifecycle-common-jvm:2.9.1) with DexingNoClasspathTransform
Transforming lifecycle-common-jvm-2.9.1.jar (androidx.lifecycle:lifecycle-common-jvm:2.9.1) with DexingOutputSplitTransform
Transforming lifecycle-runtime-release.aar (androidx.lifecycle:lifecycle-runtime-android:2.9.1) with AarToClassTransform
Transforming lifecycle-runtime-release.aar (androidx.lifecycle:lifecycle-runtime-android:2.9.1) with IdentityTransform
Transforming lifecycle-runtime-release.aar (androidx.lifecycle:lifecycle-runtime-android:2.9.1) with DexingNoClasspathTransform
Transforming lifecycle-runtime-release.aar (androidx.lifecycle:lifecycle-runtime-android:2.9.1) with DexingOutputSplitTransform
Transforming lifecycle-service-2.9.1.aar (androidx.lifecycle:lifecycle-service:2.9.1) with AarToClassTransform
Transforming lifecycle-service-2.9.1.aar (androidx.lifecycle:lifecycle-service:2.9.1) with IdentityTransform
Transforming lifecycle-service-2.9.1.aar (androidx.lifecycle:lifecycle-service:2.9.1) with DexingNoClasspathTransform
Transforming lifecycle-service-2.9.1.aar (androidx.lifecycle:lifecycle-service:2.9.1) with DexingOutputSplitTransform
Transforming lifecycle-livedata-2.9.1.aar (androidx.lifecycle:lifecycle-livedata:2.9.1) with AarToClassTransform
Transforming lifecycle-livedata-2.9.1.aar (androidx.lifecycle:lifecycle-livedata:2.9.1) with IdentityTransform
Transforming lifecycle-livedata-2.9.1.aar (androidx.lifecycle:lifecycle-livedata:2.9.1) with DexingNoClasspathTransform
Transforming lifecycle-livedata-2.9.1.aar (androidx.lifecycle:lifecycle-livedata:2.9.1) with DexingOutputSplitTransform
Transforming lifecycle-livedata-2.9.1.aar (androidx.lifecycle:lifecycle-livedata:2.9.1) with AarToClassTransform
Transforming lifecycle-livedata-2.9.1.aar (androidx.lifecycle:lifecycle-livedata:2.9.1) with IdentityTransform
Transforming lifecycle-livedata-2.9.1.aar (androidx.lifecycle:lifecycle-livedata:2.9.1) with DexingNoClasspathTransform
Transforming lifecycle-livedata-2.9.1.aar (androidx.lifecycle:lifecycle-livedata:2.9.1) with DexingOutputSplitTransform
Transforming lifecycle-viewmodel-ktx-2.9.1.aar (androidx.lifecycle:lifecycle-viewmodel-ktx:2.9.1) with AarToClassTransform
Transforming lifecycle-viewmodel-ktx-2.9.1.aar (androidx.lifecycle:lifecycle-viewmodel-ktx:2.9.1) with IdentityTransform
Transforming lifecycle-viewmodel-ktx-2.9.1.aar (androidx.lifecycle:lifecycle-viewmodel-ktx:2.9.1) with DexingNoClasspathTransform
Transforming lifecycle-viewmodel-ktx-2.9.1.aar (androidx.lifecycle:lifecycle-viewmodel-ktx:2.9.1) with DexingOutputSplitTransform
Transforming lifecycle-runtime-ktx.aar (androidx.lifecycle:lifecycle-runtime-ktx-android:2.9.1) with AarToClassTransform
Transforming lifecycle-runtime-ktx.aar (androidx.lifecycle:lifecycle-runtime-ktx-android:2.9.1) with IdentityTransform
Transforming lifecycle-runtime-ktx.aar (androidx.lifecycle:lifecycle-runtime-ktx-android:2.9.1) with DexingNoClasspathTransform
Transforming lifecycle-runtime-ktx.aar (androidx.lifecycle:lifecycle-runtime-ktx-android:2.9.1) with DexingOutputSplitTransform
Transforming lifecycle-viewmodel-compose-release.aar (androidx.lifecycle:lifecycle-viewmodel-compose-android:2.9.1) with AarToClassTransform
Transforming lifecycle-viewmodel-compose-release.aar (androidx.lifecycle:lifecycle-viewmodel-compose-android:2.9.1) with IdentityTransform
Transforming lifecycle-viewmodel-compose-release.aar (androidx.lifecycle:lifecycle-viewmodel-compose-android:2.9.1) with DexingNoClasspathTransform
Transforming lifecycle-viewmodel-compose-release.aar (androidx.lifecycle:lifecycle-viewmodel-compose-android:2.9.1) with DexingOutputSplitTransform
Transforming accompanist-drawablepainter-0.32.0.aar (com.google.accompanist:accompanist-drawablepainter:0.32.0) with AarToClassTransform
Transforming accompanist-drawablepainter-0.32.0.aar (com.google.accompanist:accompanist-drawablepainter:0.32.0) with IdentityTransform
Transforming accompanist-drawablepainter-0.32.0.aar (com.google.accompanist:accompanist-drawablepainter:0.32.0) with DexingNoClasspathTransform
Transforming accompanist-drawablepainter-0.32.0.aar (com.google.accompanist:accompanist-drawablepainter:0.32.0) with DexingOutputSplitTransform
Transforming material-icons-core-release.aar (androidx.compose.material:material-icons-core-android:1.7.0) with AarToClassTransform
Transforming material-icons-core-release.aar (androidx.compose.material:material-icons-core-android:1.7.0) with IdentityTransform
Transforming material-icons-core-release.aar (androidx.compose.material:material-icons-core-android:1.7.0) with DexingNoClasspathTransform
Transforming material-icons-core-release.aar (androidx.compose.material:material-icons-core-android:1.7.0) with DexingOutputSplitTransform
Transforming ui-release.aar (androidx.compose.ui:ui-android:1.7.8) with AarToClassTransform
Transforming ui-release.aar (androidx.compose.ui:ui-android:1.7.8) with IdentityTransform
Transforming ui-release.aar (androidx.compose.ui:ui-android:1.7.8) with DexingNoClasspathTransform
Transforming ui-release.aar (androidx.compose.ui:ui-android:1.7.8) with DexingOutputSplitTransform
Transforming ui-test-manifest-1.7.8.aar (androidx.compose.ui:ui-test-manifest:1.7.8) with AarToClassTransform
Transforming ui-test-manifest-1.7.8.aar (androidx.compose.ui:ui-test-manifest:1.7.8) with IdentityTransform
Transforming ui-test-manifest-1.7.8.aar (androidx.compose.ui:ui-test-manifest:1.7.8) with DexingNoClasspathTransform
Transforming ui-test-manifest-1.7.8.aar (androidx.compose.ui:ui-test-manifest:1.7.8) with DexingOutputSplitTransform
Transforming activity-1.10.1.aar (androidx.activity:activity:1.10.1) with AarToClassTransform
Transforming activity-1.10.1.aar (androidx.activity:activity:1.10.1) with IdentityTransform
Transforming activity-1.10.1.aar (androidx.activity:activity:1.10.1) with DexingNoClasspathTransform
Transforming activity-1.10.1.aar (androidx.activity:activity:1.10.1) with DexingOutputSplitTransform
Transforming activity-ktx-1.10.1.aar (androidx.activity:activity-ktx:1.10.1) with AarToClassTransform
Transforming activity-ktx-1.10.1.aar (androidx.activity:activity-ktx:1.10.1) with IdentityTransform
Transforming activity-ktx-1.10.1.aar (androidx.activity:activity-ktx:1.10.1) with DexingNoClasspathTransform
Transforming activity-ktx-1.10.1.aar (androidx.activity:activity-ktx:1.10.1) with DexingOutputSplitTransform
Transforming activity-compose-1.10.1.aar (androidx.activity:activity-compose:1.10.1) with AarToClassTransform
Transforming activity-compose-1.10.1.aar (androidx.activity:activity-compose:1.10.1) with IdentityTransform
Transforming activity-compose-1.10.1.aar (androidx.activity:activity-compose:1.10.1) with DexingNoClasspathTransform
Transforming activity-compose-1.10.1.aar (androidx.activity:activity-compose:1.10.1) with DexingOutputSplitTransform
Transforming customview-poolingcontainer-1.0.0.aar (androidx.customview:customview-poolingcontainer:1.0.0) with AarToClassTransform
Transforming customview-poolingcontainer-1.0.0.aar (androidx.customview:customview-poolingcontainer:1.0.0) with IdentityTransform
Transforming customview-poolingcontainer-1.0.0.aar (androidx.customview:customview-poolingcontainer:1.0.0) with DexingNoClasspathTransform
Transforming customview-poolingcontainer-1.0.0.aar (androidx.customview:customview-poolingcontainer:1.0.0) with DexingOutputSplitTransform
Transforming core-ktx-1.16.0.aar (androidx.core:core-ktx:1.16.0) with AarToClassTransform
Transforming core-ktx-1.16.0.aar (androidx.core:core-ktx:1.16.0) with IdentityTransform
Transforming core-ktx-1.16.0.aar (androidx.core:core-ktx:1.16.0) with DexingNoClasspathTransform
Transforming core-ktx-1.16.0.aar (androidx.core:core-ktx:1.16.0) with DexingOutputSplitTransform
Transforming room-common-2.6.1.jar (androidx.room:room-common:2.6.1) with IdentityTransform
Transforming room-common-2.6.1.jar (androidx.room:room-common:2.6.1) with IdentityTransform
Transforming room-common-2.6.1.jar (androidx.room:room-common:2.6.1) with DexingNoClasspathTransform
Transforming room-common-2.6.1.jar (androidx.room:room-common:2.6.1) with DexingOutputSplitTransform
Transforming room-runtime-2.6.1.aar (androidx.room:room-runtime:2.6.1) with AarToClassTransform
Transforming room-runtime-2.6.1.aar (androidx.room:room-runtime:2.6.1) with IdentityTransform
Transforming room-runtime-2.6.1.aar (androidx.room:room-runtime:2.6.1) with DexingNoClasspathTransform
Transforming room-runtime-2.6.1.aar (androidx.room:room-runtime:2.6.1) with DexingOutputSplitTransform
Transforming room-ktx-2.6.1.aar (androidx.room:room-ktx:2.6.1) with AarToClassTransform
Transforming room-ktx-2.6.1.aar (androidx.room:room-ktx:2.6.1) with IdentityTransform
Transforming room-ktx-2.6.1.aar (androidx.room:room-ktx:2.6.1) with DexingNoClasspathTransform
Transforming room-ktx-2.6.1.aar (androidx.room:room-ktx:2.6.1) with DexingOutputSplitTransform
Transforming kotlinx-coroutines-play-services-1.8.1.jar (org.jetbrains.kotlinx:kotlinx-coroutines-play-services:1.8.1) with IdentityTransform
Transforming kotlinx-coroutines-play-services-1.8.1.jar (org.jetbrains.kotlinx:kotlinx-coroutines-play-services:1.8.1) with IdentityTransform
Transforming kotlinx-coroutines-play-services-1.8.1.jar (org.jetbrains.kotlinx:kotlinx-coroutines-play-services:1.8.1) with DexingNoClasspathTransform
Transforming kotlinx-coroutines-play-services-1.8.1.jar (org.jetbrains.kotlinx:kotlinx-coroutines-play-services:1.8.1) with DexingOutputSplitTransform
Transforming runtime-saveable-release.aar (androidx.compose.runtime:runtime-saveable-android:1.7.8) with AarToClassTransform
Transforming runtime-saveable-release.aar (androidx.compose.runtime:runtime-saveable-android:1.7.8) with IdentityTransform
Transforming runtime-saveable-release.aar (androidx.compose.runtime:runtime-saveable-android:1.7.8) with DexingNoClasspathTransform
Transforming runtime-saveable-release.aar (androidx.compose.runtime:runtime-saveable-android:1.7.8) with DexingOutputSplitTransform
Transforming runtime-release.aar (androidx.compose.runtime:runtime-android:1.7.8) with AarToClassTransform
Transforming runtime-release.aar (androidx.compose.runtime:runtime-android:1.7.8) with IdentityTransform
Transforming runtime-release.aar (androidx.compose.runtime:runtime-android:1.7.8) with DexingNoClasspathTransform
Transforming runtime-release.aar (androidx.compose.runtime:runtime-android:1.7.8) with DexingOutputSplitTransform
Transforming kotlinx-coroutines-core-jvm-1.8.1.jar (org.jetbrains.kotlinx:kotlinx-coroutines-core-jvm:1.8.1) with IdentityTransform
Transforming kotlinx-coroutines-core-jvm-1.8.1.jar (org.jetbrains.kotlinx:kotlinx-coroutines-core-jvm:1.8.1) with IdentityTransform
Transforming kotlinx-coroutines-core-jvm-1.8.1.jar (org.jetbrains.kotlinx:kotlinx-coroutines-core-jvm:1.8.1) with DexingNoClasspathTransform
Transforming kotlinx-coroutines-core-jvm-1.8.1.jar (org.jetbrains.kotlinx:kotlinx-coroutines-core-jvm:1.8.1) with DexingOutputSplitTransform
Transforming kotlinx-coroutines-android-1.8.1.jar (org.jetbrains.kotlinx:kotlinx-coroutines-android:1.8.1) with IdentityTransform
Transforming kotlinx-coroutines-android-1.8.1.jar (org.jetbrains.kotlinx:kotlinx-coroutines-android:1.8.1) with IdentityTransform
Transforming kotlinx-coroutines-android-1.8.1.jar (org.jetbrains.kotlinx:kotlinx-coroutines-android:1.8.1) with DexingNoClasspathTransform
Transforming kotlinx-coroutines-android-1.8.1.jar (org.jetbrains.kotlinx:kotlinx-coroutines-android:1.8.1) with DexingOutputSplitTransform
Transforming timber-5.0.1.aar (com.jakewharton.timber:timber:5.0.1) with AarToClassTransform
Transforming timber-5.0.1.aar (com.jakewharton.timber:timber:5.0.1) with IdentityTransform
Transforming timber-5.0.1.aar (com.jakewharton.timber:timber:5.0.1) with DexingNoClasspathTransform
Transforming timber-5.0.1.aar (com.jakewharton.timber:timber:5.0.1) with DexingOutputSplitTransform
Transforming kotlin-android-extensions-runtime-1.9.24.jar (org.jetbrains.kotlin:kotlin-android-extensions-runtime:1.9.24) with IdentityTransform
Transforming kotlin-android-extensions-runtime-1.9.24.jar (org.jetbrains.kotlin:kotlin-android-extensions-runtime:1.9.24) with IdentityTransform
Transforming kotlin-android-extensions-runtime-1.9.24.jar (org.jetbrains.kotlin:kotlin-android-extensions-runtime:1.9.24) with DexingNoClasspathTransform
Transforming kotlin-android-extensions-runtime-1.9.24.jar (org.jetbrains.kotlin:kotlin-android-extensions-runtime:1.9.24) with DexingOutputSplitTransform
Transforming sqlite-framework-2.4.0.aar (androidx.sqlite:sqlite-framework:2.4.0) with AarToClassTransform
Transforming sqlite-framework-2.4.0.aar (androidx.sqlite:sqlite-framework:2.4.0) with IdentityTransform
Transforming sqlite-framework-2.4.0.aar (androidx.sqlite:sqlite-framework:2.4.0) with DexingNoClasspathTransform
Transforming sqlite-framework-2.4.0.aar (androidx.sqlite:sqlite-framework:2.4.0) with DexingOutputSplitTransform
Transforming sqlite-2.4.0.aar (androidx.sqlite:sqlite:2.4.0) with AarToClassTransform
Transforming sqlite-2.4.0.aar (androidx.sqlite:sqlite:2.4.0) with IdentityTransform
Transforming sqlite-2.4.0.aar (androidx.sqlite:sqlite:2.4.0) with DexingNoClasspathTransform
Transforming sqlite-2.4.0.aar (androidx.sqlite:sqlite:2.4.0) with DexingOutputSplitTransform
Transforming annotation-experimental-1.4.1.aar (androidx.annotation:annotation-experimental:1.4.1) with AarToClassTransform
Transforming annotation-experimental-1.4.1.aar (androidx.annotation:annotation-experimental:1.4.1) with IdentityTransform
Transforming annotation-experimental-1.4.1.aar (androidx.annotation:annotation-experimental:1.4.1) with DexingNoClasspathTransform
Transforming annotation-experimental-1.4.1.aar (androidx.annotation:annotation-experimental:1.4.1) with DexingOutputSplitTransform
Transforming core-viewtree-1.0.0.aar (androidx.core:core-viewtree:1.0.0) with AarToClassTransform
Transforming core-viewtree-1.0.0.aar (androidx.core:core-viewtree:1.0.0) with IdentityTransform
Transforming core-viewtree-1.0.0.aar (androidx.core:core-viewtree:1.0.0) with DexingNoClasspathTransform
Transforming core-viewtree-1.0.0.aar (androidx.core:core-viewtree:1.0.0) with DexingOutputSplitTransform
Transforming kotlinx-serialization-core-jvm-1.7.3.jar (org.jetbrains.kotlinx:kotlinx-serialization-core-jvm:1.7.3) with IdentityTransform
Transforming kotlinx-serialization-core-jvm-1.7.3.jar (org.jetbrains.kotlinx:kotlinx-serialization-core-jvm:1.7.3) with IdentityTransform
Transforming kotlinx-serialization-core-jvm-1.7.3.jar (org.jetbrains.kotlinx:kotlinx-serialization-core-jvm:1.7.3) with DexingNoClasspathTransform
Transforming kotlinx-serialization-core-jvm-1.7.3.jar (org.jetbrains.kotlinx:kotlinx-serialization-core-jvm:1.7.3) with DexingOutputSplitTransform
Transforming logging-interceptor-4.12.0.jar (com.squareup.okhttp3:logging-interceptor:4.12.0) with IdentityTransform
Transforming logging-interceptor-4.12.0.jar (com.squareup.okhttp3:logging-interceptor:4.12.0) with IdentityTransform
Transforming logging-interceptor-4.12.0.jar (com.squareup.okhttp3:logging-interceptor:4.12.0) with DexingNoClasspathTransform
Transforming logging-interceptor-4.12.0.jar (com.squareup.okhttp3:logging-interceptor:4.12.0) with DexingOutputSplitTransform
Transforming converter-gson-2.11.0.jar (com.squareup.retrofit2:converter-gson:2.11.0) with IdentityTransform
Transforming converter-gson-2.11.0.jar (com.squareup.retrofit2:converter-gson:2.11.0) with IdentityTransform
Transforming converter-gson-2.11.0.jar (com.squareup.retrofit2:converter-gson:2.11.0) with DexingNoClasspathTransform
Transforming converter-gson-2.11.0.jar (com.squareup.retrofit2:converter-gson:2.11.0) with DexingOutputSplitTransform
Transforming retrofit-2.11.0.jar (com.squareup.retrofit2:retrofit:2.11.0) with IdentityTransform
Transforming retrofit-2.11.0.jar (com.squareup.retrofit2:retrofit:2.11.0) with IdentityTransform
Transforming retrofit-2.11.0.jar (com.squareup.retrofit2:retrofit:2.11.0) with DexingNoClasspathTransform
Transforming retrofit-2.11.0.jar (com.squareup.retrofit2:retrofit:2.11.0) with DexingOutputSplitTransform
Transforming okhttp-4.12.0.jar (com.squareup.okhttp3:okhttp:4.12.0) with IdentityTransform
Transforming okhttp-4.12.0.jar (com.squareup.okhttp3:okhttp:4.12.0) with IdentityTransform
Transforming okhttp-4.12.0.jar (com.squareup.okhttp3:okhttp:4.12.0) with DexingNoClasspathTransform
Transforming okhttp-4.12.0.jar (com.squareup.okhttp3:okhttp:4.12.0) with DexingOutputSplitTransform
Transforming kotlin-stdlib-jdk8-1.9.0.jar (org.jetbrains.kotlin:kotlin-stdlib-jdk8:1.9.0) with IdentityTransform
Transforming kotlin-stdlib-jdk8-1.9.0.jar (org.jetbrains.kotlin:kotlin-stdlib-jdk8:1.9.0) with IdentityTransform
Transforming kotlin-stdlib-jdk8-1.9.0.jar (org.jetbrains.kotlin:kotlin-stdlib-jdk8:1.9.0) with DexingNoClasspathTransform
Transforming kotlin-stdlib-jdk8-1.9.0.jar (org.jetbrains.kotlin:kotlin-stdlib-jdk8:1.9.0) with DexingOutputSplitTransform
Transforming okio-jvm-3.9.0.jar (com.squareup.okio:okio-jvm:3.9.0) with IdentityTransform
Transforming okio-jvm-3.9.0.jar (com.squareup.okio:okio-jvm:3.9.0) with IdentityTransform
Transforming okio-jvm-3.9.0.jar (com.squareup.okio:okio-jvm:3.9.0) with DexingNoClasspathTransform
Transforming okio-jvm-3.9.0.jar (com.squareup.okio:okio-jvm:3.9.0) with DexingOutputSplitTransform
Transforming versionedparcelable-1.1.1.aar (androidx.versionedparcelable:versionedparcelable:1.1.1) with AarToClassTransform
Transforming versionedparcelable-1.1.1.aar (androidx.versionedparcelable:versionedparcelable:1.1.1) with IdentityTransform
Transforming versionedparcelable-1.1.1.aar (androidx.versionedparcelable:versionedparcelable:1.1.1) with DexingNoClasspathTransform
Transforming versionedparcelable-1.1.1.aar (androidx.versionedparcelable:versionedparcelable:1.1.1) with DexingOutputSplitTransform
Transforming collection-ktx-1.4.4.jar (androidx.collection:collection-ktx:1.4.4) with IdentityTransform
Transforming collection-ktx-1.4.4.jar (androidx.collection:collection-ktx:1.4.4) with IdentityTransform
Transforming collection-ktx-1.4.4.jar (androidx.collection:collection-ktx:1.4.4) with DexingNoClasspathTransform
Transforming collection-ktx-1.4.4.jar (androidx.collection:collection-ktx:1.4.4) with DexingOutputSplitTransform
Transforming collection-jvm-1.4.4.jar (androidx.collection:collection-jvm:1.4.4) with IdentityTransform
Transforming collection-jvm-1.4.4.jar (androidx.collection:collection-jvm:1.4.4) with IdentityTransform
Transforming collection-jvm-1.4.4.jar (androidx.collection:collection-jvm:1.4.4) with DexingNoClasspathTransform
Transforming collection-jvm-1.4.4.jar (androidx.collection:collection-jvm:1.4.4) with DexingOutputSplitTransform
Transforming kotlin-stdlib-jdk7-1.9.0.jar (org.jetbrains.kotlin:kotlin-stdlib-jdk7:1.9.0) with IdentityTransform
Transforming kotlin-stdlib-jdk7-1.9.0.jar (org.jetbrains.kotlin:kotlin-stdlib-jdk7:1.9.0) with IdentityTransform
Transforming kotlin-stdlib-jdk7-1.9.0.jar (org.jetbrains.kotlin:kotlin-stdlib-jdk7:1.9.0) with DexingNoClasspathTransform
Transforming kotlin-stdlib-jdk7-1.9.0.jar (org.jetbrains.kotlin:kotlin-stdlib-jdk7:1.9.0) with DexingOutputSplitTransform
Transforming core-runtime-2.2.0.aar (androidx.arch.core:core-runtime:2.2.0) with AarToClassTransform
Transforming core-runtime-2.2.0.aar (androidx.arch.core:core-runtime:2.2.0) with IdentityTransform
Transforming core-runtime-2.2.0.aar (androidx.arch.core:core-runtime:2.2.0) with DexingNoClasspathTransform
Transforming core-runtime-2.2.0.aar (androidx.arch.core:core-runtime:2.2.0) with DexingOutputSplitTransform
Transforming interpolator-1.0.0.aar (androidx.interpolator:interpolator:1.0.0) with AarToClassTransform
Transforming interpolator-1.0.0.aar (androidx.interpolator:interpolator:1.0.0) with IdentityTransform
Transforming interpolator-1.0.0.aar (androidx.interpolator:interpolator:1.0.0) with DexingNoClasspathTransform
Transforming interpolator-1.0.0.aar (androidx.interpolator:interpolator:1.0.0) with DexingOutputSplitTransform
Transforming interpolator-1.0.0.aar (androidx.interpolator:interpolator:1.0.0) with AarToClassTransform
Transforming interpolator-1.0.0.aar (androidx.interpolator:interpolator:1.0.0) with IdentityTransform
Transforming interpolator-1.0.0.aar (androidx.interpolator:interpolator:1.0.0) with DexingNoClasspathTransform
Transforming interpolator-1.0.0.aar (androidx.interpolator:interpolator:1.0.0) with DexingOutputSplitTransform
Transforming profileinstaller-1.4.0.aar (androidx.profileinstaller:profileinstaller:1.4.0) with AarToClassTransform
Transforming profileinstaller-1.4.0.aar (androidx.profileinstaller:profileinstaller:1.4.0) with IdentityTransform
Transforming profileinstaller-1.4.0.aar (androidx.profileinstaller:profileinstaller:1.4.0) with DexingNoClasspathTransform
Transforming profileinstaller-1.4.0.aar (androidx.profileinstaller:profileinstaller:1.4.0) with DexingOutputSplitTransform
Transforming startup-runtime-1.1.1.aar (androidx.startup:startup-runtime:1.1.1) with AarToClassTransform
Transforming startup-runtime-1.1.1.aar (androidx.startup:startup-runtime:1.1.1) with IdentityTransform
Transforming startup-runtime-1.1.1.aar (androidx.startup:startup-runtime:1.1.1) with DexingNoClasspathTransform
Transforming startup-runtime-1.1.1.aar (androidx.startup:startup-runtime:1.1.1) with DexingOutputSplitTransform
Transforming tracing-1.2.0.aar (androidx.tracing:tracing:1.2.0) with AarToClassTransform
Transforming tracing-1.2.0.aar (androidx.tracing:tracing:1.2.0) with IdentityTransform
Transforming tracing-1.2.0.aar (androidx.tracing:tracing:1.2.0) with DexingNoClasspathTransform
Transforming tracing-1.2.0.aar (androidx.tracing:tracing:1.2.0) with DexingOutputSplitTransform
Transforming core-common-2.2.0.jar (androidx.arch.core:core-common:2.2.0) with IdentityTransform
Transforming core-common-2.2.0.jar (androidx.arch.core:core-common:2.2.0) with IdentityTransform
Transforming core-common-2.2.0.jar (androidx.arch.core:core-common:2.2.0) with DexingNoClasspathTransform
Transforming core-common-2.2.0.jar (androidx.arch.core:core-common:2.2.0) with DexingOutputSplitTransform
Transforming exifinterface-1.3.7.aar (androidx.exifinterface:exifinterface:1.3.7) with AarToClassTransform
Transforming exifinterface-1.3.7.aar (androidx.exifinterface:exifinterface:1.3.7) with IdentityTransform
Transforming exifinterface-1.3.7.aar (androidx.exifinterface:exifinterface:1.3.7) with DexingNoClasspathTransform
Transforming exifinterface-1.3.7.aar (androidx.exifinterface:exifinterface:1.3.7) with DexingOutputSplitTransform
Transforming concurrent-futures-1.1.0.jar (androidx.concurrent:concurrent-futures:1.1.0) with IdentityTransform
Transforming concurrent-futures-1.1.0.jar (androidx.concurrent:concurrent-futures:1.1.0) with IdentityTransform
Transforming concurrent-futures-1.1.0.jar (androidx.concurrent:concurrent-futures:1.1.0) with DexingNoClasspathTransform
Transforming concurrent-futures-1.1.0.jar (androidx.concurrent:concurrent-futures:1.1.0) with DexingOutputSplitTransform
Transforming annotation-jvm-1.9.1.jar (androidx.annotation:annotation-jvm:1.9.1) with IdentityTransform
Transforming annotation-jvm-1.9.1.jar (androidx.annotation:annotation-jvm:1.9.1) with IdentityTransform
Transforming annotation-jvm-1.9.1.jar (androidx.annotation:annotation-jvm:1.9.1) with DexingNoClasspathTransform
Transforming annotation-jvm-1.9.1.jar (androidx.annotation:annotation-jvm:1.9.1) with DexingOutputSplitTransform
Transforming kotlin-stdlib-2.0.21.jar (org.jetbrains.kotlin:kotlin-stdlib:2.0.21) with IdentityTransform
Transforming kotlin-stdlib-2.0.21.jar (org.jetbrains.kotlin:kotlin-stdlib:2.0.21) with IdentityTransform
Transforming kotlin-stdlib-2.0.21.jar (org.jetbrains.kotlin:kotlin-stdlib:2.0.21) with DexingNoClasspathTransform
Transforming kotlin-stdlib-2.0.21.jar (org.jetbrains.kotlin:kotlin-stdlib:2.0.21) with DexingOutputSplitTransform
Transforming gson-2.11.0.jar (com.google.code.gson:gson:2.11.0) with IdentityTransform
Transforming gson-2.11.0.jar (com.google.code.gson:gson:2.11.0) with IdentityTransform
Transforming gson-2.11.0.jar (com.google.code.gson:gson:2.11.0) with DexingNoClasspathTransform
Transforming gson-2.11.0.jar (com.google.code.gson:gson:2.11.0) with DexingOutputSplitTransform
Transforming annotations-23.0.0.jar (org.jetbrains:annotations:23.0.0) with IdentityTransform
Transforming annotations-23.0.0.jar (org.jetbrains:annotations:23.0.0) with IdentityTransform
Transforming annotations-23.0.0.jar (org.jetbrains:annotations:23.0.0) with DexingNoClasspathTransform
Transforming annotations-23.0.0.jar (org.jetbrains:annotations:23.0.0) with DexingOutputSplitTransform
Transforming hilt-common-1.2.0.jar (androidx.hilt:hilt-common:1.2.0) with IdentityTransform
Transforming hilt-common-1.2.0.jar (androidx.hilt:hilt-common:1.2.0) with IdentityTransform
Transforming hilt-common-1.2.0.jar (androidx.hilt:hilt-common:1.2.0) with DexingNoClasspathTransform
Transforming hilt-common-1.2.0.jar (androidx.hilt:hilt-common:1.2.0) with DexingOutputSplitTransform
Transforming hilt-core-2.49.jar (com.google.dagger:hilt-core:2.49) with IdentityTransform
Transforming hilt-core-2.49.jar (com.google.dagger:hilt-core:2.49) with IdentityTransform
Transforming hilt-core-2.49.jar (com.google.dagger:hilt-core:2.49) with DexingNoClasspathTransform
Transforming hilt-core-2.49.jar (com.google.dagger:hilt-core:2.49) with DexingOutputSplitTransform
Transforming dagger-2.49.jar (com.google.dagger:dagger:2.49) with IdentityTransform
Transforming dagger-2.49.jar (com.google.dagger:dagger:2.49) with IdentityTransform
Transforming dagger-2.49.jar (com.google.dagger:dagger:2.49) with DexingNoClasspathTransform
Transforming dagger-2.49.jar (com.google.dagger:dagger:2.49) with DexingOutputSplitTransform
Transforming dagger-lint-aar-2.49.aar (com.google.dagger:dagger-lint-aar:2.49) with AarToClassTransform
Transforming dagger-lint-aar-2.49.aar (com.google.dagger:dagger-lint-aar:2.49) with IdentityTransform
Transforming dagger-lint-aar-2.49.aar (com.google.dagger:dagger-lint-aar:2.49) with DexingNoClasspathTransform
Transforming dagger-lint-aar-2.49.aar (com.google.dagger:dagger-lint-aar:2.49) with DexingOutputSplitTransform
Transforming jsr305-3.0.2.jar (com.google.code.findbugs:jsr305:3.0.2) with IdentityTransform
Transforming jsr305-3.0.2.jar (com.google.code.findbugs:jsr305:3.0.2) with IdentityTransform
Transforming jsr305-3.0.2.jar (com.google.code.findbugs:jsr305:3.0.2) with DexingNoClasspathTransform
Transforming jsr305-3.0.2.jar (com.google.code.findbugs:jsr305:3.0.2) with DexingOutputSplitTransform
Transforming javax.inject-1.jar (javax.inject:javax.inject:1) with IdentityTransform
Transforming javax.inject-1.jar (javax.inject:javax.inject:1) with IdentityTransform
Transforming javax.inject-1.jar (javax.inject:javax.inject:1) with DexingNoClasspathTransform
Transforming javax.inject-1.jar (javax.inject:javax.inject:1) with DexingOutputSplitTransform
Transforming error_prone_annotations-2.27.0.jar (com.google.errorprone:error_prone_annotations:2.27.0) with IdentityTransform
Transforming error_prone_annotations-2.27.0.jar (com.google.errorprone:error_prone_annotations:2.27.0) with IdentityTransform
Transforming error_prone_annotations-2.27.0.jar (com.google.errorprone:error_prone_annotations:2.27.0) with DexingNoClasspathTransform
Transforming error_prone_annotations-2.27.0.jar (com.google.errorprone:error_prone_annotations:2.27.0) with DexingOutputSplitTransform
Transforming play-services-tasks-16.0.1.aar (com.google.android.gms:play-services-tasks:16.0.1) with AarToClassTransform
Transforming play-services-tasks-16.0.1.aar (com.google.android.gms:play-services-tasks:16.0.1) with IdentityTransform
Transforming play-services-tasks-16.0.1.aar (com.google.android.gms:play-services-tasks:16.0.1) with DexingNoClasspathTransform
Transforming play-services-tasks-16.0.1.aar (com.google.android.gms:play-services-tasks:16.0.1) with DexingOutputSplitTransform
Transforming jspecify-1.0.0.jar (org.jspecify:jspecify:1.0.0) with IdentityTransform
Transforming jspecify-1.0.0.jar (org.jspecify:jspecify:1.0.0) with IdentityTransform
Transforming jspecify-1.0.0.jar (org.jspecify:jspecify:1.0.0) with DexingNoClasspathTransform
Transforming jspecify-1.0.0.jar (org.jspecify:jspecify:1.0.0) with DexingOutputSplitTransform
Transforming play-services-basement-16.0.1.aar (com.google.android.gms:play-services-basement:16.0.1) with AarToClassTransform
Transforming play-services-basement-16.0.1.aar (com.google.android.gms:play-services-basement:16.0.1) with IdentityTransform
Transforming play-services-basement-16.0.1.aar (com.google.android.gms:play-services-basement:16.0.1) with DexingNoClasspathTransform
Transforming play-services-basement-16.0.1.aar (com.google.android.gms:play-services-basement:16.0.1) with DexingOutputSplitTransform
Transforming listenablefuture-1.0.jar (com.google.guava:listenablefuture:1.0) with IdentityTransform
Transforming listenablefuture-1.0.jar (com.google.guava:listenablefuture:1.0) with IdentityTransform
Transforming listenablefuture-1.0.jar (com.google.guava:listenablefuture:1.0) with DexingNoClasspathTransform
Transforming listenablefuture-1.0.jar (com.google.guava:listenablefuture:1.0) with DexingOutputSplitTransform
Caching disabled for task ':app:mergeExtDexDebug' because:
  Build cache is disabled
Task ':app:mergeExtDexDebug' is not up-to-date because:
  Output property 'outputDir' file C:\DEV\StudyWise-Fresh\app\build\intermediates\dex\debug\mergeExtDexDebug has been removed.
  Output property 'outputDir' file C:\DEV\StudyWise-Fresh\app\build\intermediates\dex\debug\mergeExtDexDebug\classes.dex has been removed.
  Output property 'outputDir' file C:\DEV\StudyWise-Fresh\app\build\intermediates\dex\debug\mergeExtDexDebug\classes2.dex has been removed.
The input changes require a full rebuild for incremental task ':app:mergeExtDexDebug'.
Merging to 'C:\DEV\StudyWise-Fresh\app\build\intermediates\dex\debug\mergeExtDexDebug' with D8 from all or a subset of dex files in C:\GradleHome\.gradle\caches\8.11.1\transforms\5da998a5f44794995809000f324785c0\transformed\datastore-core-okio-jvm-1.1.1\datastore-core-okio-jvm-1.1.1_dex, C:\GradleHome\.gradle\caches\8.11.1\transforms\885fa8d89e9aea35d9af5d260b0f5989\transformed\datastore-preferences-core-jvm-1.1.1\datastore-preferences-core-jvm-1.1.1_dex, C:\GradleHome\.gradle\caches\8.11.1\transforms\9b1c32a0b2fc0f6202f2d23764470206\transformed\datastore-preferences-release-runtime\datastore-preferences-release-runtime_dex, C:\GradleHome\.gradle\caches\8.11.1\transforms\86b789c714444d5dadae8c2bdb2bf2f1\transformed\datastore-release-runtime\datastore-release-runtime_dex, C:\GradleHome\.gradle\caches\8.11.1\transforms\774235a65c9431ec620b2f14fba9fd9e\transformed\datastore-core-release-runtime\datastore-core-release-runtime_dex, C:\GradleHome\.gradle\caches\8.11.1\transforms\db6a5cb62a325c75e718c8569420a9bd\transformed\kotlin-parcelize-runtime-1.9.24\kotlin-parcelize-runtime-1.9.24_dex, C:\GradleHome\.gradle\caches\8.11.1\transforms\5ffcd7561e344770edf9bfd7a84dba10\transformed\hilt-navigation-compose-1.2.0-runtime\hilt-navigation-compose-1.2.0-runtime_dex, C:\GradleHome\.gradle\caches\8.11.1\transforms\a0f974aa63a10b4834c03df6fab81899\transformed\hilt-navigation-1.2.0-runtime\hilt-navigation-1.2.0-runtime_dex, C:\GradleHome\.gradle\caches\8.11.1\transforms\748a83aa6327c5085bb0b95e74a2890f\transformed\navigation-common-2.8.4-runtime\navigation-common-2.8.4-runtime_dex, C:\GradleHome\.gradle\caches\8.11.1\transforms\8b1b952f9591d9cabb52ce121087d554\transformed\navigation-runtime-2.8.4-runtime\navigation-runtime-2.8.4-runtime_dex, C:\GradleHome\.gradle\caches\8.11.1\transforms\f20348d5b289ad5d1f6309631da5495e\transformed\navigation-compose-2.8.4-runtime\navigation-compose-2.8.4-runtime_dex, C:\GradleHome\.gradle\caches\8.11.1\transforms\0fa2c727c31336b6871697f484b1eddd\transformed\accompanist-permissions-0.34.0-runtime\accompanist-permissions-0.34.0-runtime_dex, C:\GradleHome\.gradle\caches\8.11.1\transforms\530ecd45c830161ff4444aba4f8e3bf6\transformed\hilt-work-1.2.0-runtime\hilt-work-1.2.0-runtime_dex, C:\GradleHome\.gradle\caches\8.11.1\transforms\3916be44285eb24daa53aabcfb7d1afe\transformed\hilt-android-2.49-runtime\hilt-android-2.49-runtime_dex, C:\GradleHome\.gradle\caches\8.11.1\transforms\089e2068ee72accf9d603326f54970f3\transformed\fragment-1.5.1-runtime\fragment-1.5.1-runtime_dex, C:\GradleHome\.gradle\caches\8.11.1\transforms\56b7fa04bc49ba24b6aa2f1ac5acafac\transformed\accompanist-systemuicontroller-0.34.0-runtime\accompanist-systemuicontroller-0.34.0-runtime_dex, C:\GradleHome\.gradle\caches\8.11.1\transforms\ccaa49ce0a604dbfa3332dfd22605e4d\transformed\work-runtime-2.9.1-runtime\work-runtime-2.9.1-runtime_dex, C:\GradleHome\.gradle\caches\8.11.1\transforms\2f06dc2178966decda1dba303ad51d32\transformed\loader-1.0.0-runtime\loader-1.0.0-runtime_dex, C:\GradleHome\.gradle\caches\8.11.1\transforms\40f14da9b6c68535eb22c209b99fc9a6\transformed\viewpager-1.0.0-runtime\viewpager-1.0.0-runtime_dex, C:\GradleHome\.gradle\caches\8.11.1\transforms\74a0cc23ae22a1bb518ef09a9e11d254\transformed\coil-compose-2.7.0-runtime\coil-compose-2.7.0-runtime_dex, C:\GradleHome\.gradle\caches\8.11.1\transforms\1ef39834389e9e7f87cf953a08140929\transformed\coil-compose-base-2.7.0-runtime\coil-compose-base-2.7.0-runtime_dex, C:\GradleHome\.gradle\caches\8.11.1\transforms\1c9017660bfa41e4b3c01254e424288d\transformed\coil-2.7.0-runtime\coil-2.7.0-runtime_dex, C:\GradleHome\.gradle\caches\8.11.1\transforms\3198b77d88bca3507175c86a35923857\transformed\coil-base-2.7.0-runtime\coil-base-2.7.0-runtime_dex, C:\GradleHome\.gradle\caches\8.11.1\transforms\f6712bf331af15f319e7644e4d165ff7\transformed\appcompat-resources-1.6.1-runtime\appcompat-resources-1.6.1-runtime_dex, C:\GradleHome\.gradle\caches\8.11.1\transforms\f57bc497e6024a9e66887b39065d66e6\transformed\autofill-1.0.0-runtime\autofill-1.0.0-runtime_dex, C:\GradleHome\.gradle\caches\8.11.1\transforms\cddc5cbc5cf31d85d0b456b40d9bb078\transformed\customview-1.0.0-runtime\customview-1.0.0-runtime_dex, C:\GradleHome\.gradle\caches\8.11.1\transforms\2e1eca30aa0d8c568fd7f1f0741a639f\transformed\vectordrawable-animated-1.1.0-runtime\vectordrawable-animated-1.1.0-runtime_dex, C:\GradleHome\.gradle\caches\8.11.1\transforms\95fca5b78da456d07ebe0b84849fcfca\transformed\vectordrawable-1.1.0-runtime\vectordrawable-1.1.0-runtime_dex, C:\GradleHome\.gradle\caches\8.11.1\transforms\ff7d04f40445b1a231fc1ba74539ee5c\transformed\material3-release-runtime\material3-release-runtime_dex, C:\GradleHome\.gradle\caches\8.11.1\transforms\61af8cd0fc4ad1a365cb65c016df0610\transformed\ui-tooling-data-release-runtime\ui-tooling-data-release-runtime_dex, C:\GradleHome\.gradle\caches\8.11.1\transforms\1e762c8e2662bfe87549e9cc410cc7bd\transformed\ui-tooling-preview-release-runtime\ui-tooling-preview-release-runtime_dex, C:\GradleHome\.gradle\caches\8.11.1\transforms\ba71a33e1d8e7b9229913a49e6b303a4\transformed\ui-tooling-release-runtime\ui-tooling-release-runtime_dex, C:\GradleHome\.gradle\caches\8.11.1\transforms\1bebccad54a09d425562e23a1270c9eb\transformed\material-release-runtime\material-release-runtime_dex, C:\GradleHome\.gradle\caches\8.11.1\transforms\bb2bccbb91d12496df4c16ce54e40ed1\transformed\material-ripple-release-runtime\material-ripple-release-runtime_dex, C:\GradleHome\.gradle\caches\8.11.1\transforms\5ced4292395613367f97220775ce399b\transformed\animation-core-release-runtime\animation-core-release-runtime_dex, C:\GradleHome\.gradle\caches\8.11.1\transforms\b8a867955f25f8cc467d24831b486ac4\transformed\animation-release-runtime\animation-release-runtime_dex, C:\GradleHome\.gradle\caches\8.11.1\transforms\ab569caebeefbd5146f160a66b92e489\transformed\foundation-layout-release-runtime\foundation-layout-release-runtime_dex, C:\GradleHome\.gradle\caches\8.11.1\transforms\6f9a80163504d082c17296d1b31a8571\transformed\foundation-release-runtime\foundation-release-runtime_dex, C:\GradleHome\.gradle\caches\8.11.1\transforms\786e10c4db379af5caf30bc742c73c7c\transformed\ui-util-release-runtime\ui-util-release-runtime_dex, C:\GradleHome\.gradle\caches\8.11.1\transforms\a8d628ec328aac5c0b1c6fd3ba943531\transformed\ui-unit-release-runtime\ui-unit-release-runtime_dex, C:\GradleHome\.gradle\caches\8.11.1\transforms\0fa606554860000b4470a0fe39a1c093\transformed\ui-text-release-runtime\ui-text-release-runtime_dex, C:\GradleHome\.gradle\caches\8.11.1\transforms\bedce44eb63e9a04b6f38a46ba2d4025\transformed\ui-geometry-release-runtime\ui-geometry-release-runtime_dex, C:\GradleHome\.gradle\caches\8.11.1\transforms\6d3eeb641611cfda1651d94ab463ecd0\transformed\ui-graphics-release-runtime\ui-graphics-release-runtime_dex, C:\GradleHome\.gradle\caches\8.11.1\transforms\4bbe91b62effeb1cd8ae38336b693727\transformed\graphics-path-1.0.1-runtime\graphics-path-1.0.1-runtime_dex, C:\GradleHome\.gradle\caches\8.11.1\transforms\2fecdeb98a718271b936bb667c53797e\transformed\emoji2-1.3.0-runtime\emoji2-1.3.0-runtime_dex, C:\GradleHome\.gradle\caches\8.11.1\transforms\7f9561b5da684c05ba75e632d3b59a47\transformed\core-1.16.0-runtime\core-1.16.0-runtime_dex, C:\GradleHome\.gradle\caches\8.11.1\transforms\97bafd7a014e3bd75feac38b4added6a\transformed\lifecycle-process-2.9.1-runtime\lifecycle-process-2.9.1-runtime_dex, C:\GradleHome\.gradle\caches\8.11.1\transforms\3e2dc894422dc6720f3035389947a634\transformed\lifecycle-runtime-compose-release-runtime\lifecycle-runtime-compose-release-runtime_dex, C:\GradleHome\.gradle\caches\8.11.1\transforms\74e6c0343f71de749743456c0bcf563b\transformed\lifecycle-livedata-core-2.9.1-runtime\lifecycle-livedata-core-2.9.1-runtime_dex, C:\GradleHome\.gradle\caches\8.11.1\transforms\0f6f2f7f587337a93562da4dbc59dad5\transformed\lifecycle-viewmodel-savedstate-release-runtime\lifecycle-viewmodel-savedstate-release-runtime_dex, C:\GradleHome\.gradle\caches\8.11.1\transforms\e0d7e504c710378d8b66a8da8b7034e4\transformed\lifecycle-viewmodel-release-runtime\lifecycle-viewmodel-release-runtime_dex, C:\GradleHome\.gradle\caches\8.11.1\transforms\76b6ed6d4d6b894d762cbe83b6689d7a\transformed\savedstate-release-runtime\savedstate-release-runtime_dex, C:\GradleHome\.gradle\caches\8.11.1\transforms\53d06693586df9ca856546e87f5981ad\transformed\lifecycle-common-jvm-2.9.1\lifecycle-common-jvm-2.9.1_dex, C:\GradleHome\.gradle\caches\8.11.1\transforms\e91e4baef88175b1b0bdbdade8479de6\transformed\lifecycle-runtime-release-runtime\lifecycle-runtime-release-runtime_dex, C:\GradleHome\.gradle\caches\8.11.1\transforms\979f1583d06af30a28de809fa55f70e2\transformed\lifecycle-service-2.9.1-runtime\lifecycle-service-2.9.1-runtime_dex, C:\GradleHome\.gradle\caches\8.11.1\transforms\446b0d215ff4366f1259f005f86db0ff\transformed\lifecycle-livedata-2.9.1-runtime\lifecycle-livedata-2.9.1-runtime_dex, C:\GradleHome\.gradle\caches\8.11.1\transforms\19a4aecaa557b533d5df752b74254a0b\transformed\lifecycle-viewmodel-compose-release-runtime\lifecycle-viewmodel-compose-release-runtime_dex, C:\GradleHome\.gradle\caches\8.11.1\transforms\3666dbfd58ca814102284bc2b11acc65\transformed\accompanist-drawablepainter-0.32.0-runtime\accompanist-drawablepainter-0.32.0-runtime_dex, C:\GradleHome\.gradle\caches\8.11.1\transforms\b95c6134dabf8aadabfdacd2fe41e666\transformed\material-icons-core-release-runtime\material-icons-core-release-runtime_dex, C:\GradleHome\.gradle\caches\8.11.1\transforms\77764801ccec3e4e6b06b3b9f9e37410\transformed\ui-release-runtime\ui-release-runtime_dex, C:\GradleHome\.gradle\caches\8.11.1\transforms\c0143225b992d8d83066ce5a72db8bb5\transformed\activity-1.10.1-runtime\activity-1.10.1-runtime_dex, C:\GradleHome\.gradle\caches\8.11.1\transforms\30d1f743db302e5d56000ecac74b5f39\transformed\activity-compose-1.10.1-runtime\activity-compose-1.10.1-runtime_dex, C:\GradleHome\.gradle\caches\8.11.1\transforms\dd52a29642281edbc42a218a16366a86\transformed\customview-poolingcontainer-1.0.0-runtime\customview-poolingcontainer-1.0.0-runtime_dex, C:\GradleHome\.gradle\caches\8.11.1\transforms\a684abae930f9be55d5f282dcb6995f7\transformed\core-ktx-1.16.0-runtime\core-ktx-1.16.0-runtime_dex, C:\GradleHome\.gradle\caches\8.11.1\transforms\2ec87a081efadd3722cfa057d42f0a37\transformed\room-common-2.6.1\room-common-2.6.1_dex, C:\GradleHome\.gradle\caches\8.11.1\transforms\2bc5493653ca2c6ac9493e195f385b81\transformed\room-runtime-2.6.1-runtime\room-runtime-2.6.1-runtime_dex, C:\GradleHome\.gradle\caches\8.11.1\transforms\3ace2a97457114590c6bef269cc29bba\transformed\room-ktx-2.6.1-runtime\room-ktx-2.6.1-runtime_dex, C:\GradleHome\.gradle\caches\8.11.1\transforms\56f894bec92e4c78acd0df7019ad3e91\transformed\kotlinx-coroutines-play-services-1.8.1\kotlinx-coroutines-play-services-1.8.1_dex, C:\GradleHome\.gradle\caches\8.11.1\transforms\fadb07ce8923dc1cb0a06137b3846cef\transformed\runtime-saveable-release-runtime\runtime-saveable-release-runtime_dex, C:\GradleHome\.gradle\caches\8.11.1\transforms\f9cd1d4ed4878c7481405c90e6566df6\transformed\runtime-release-runtime\runtime-release-runtime_dex, C:\GradleHome\.gradle\caches\8.11.1\transforms\20b060418f435259143e18f509187fea\transformed\kotlinx-coroutines-core-jvm-1.8.1\kotlinx-coroutines-core-jvm-1.8.1_dex, C:\GradleHome\.gradle\caches\8.11.1\transforms\e1cf771748ea5842ce4e8c8c129a9a27\transformed\kotlinx-coroutines-android-1.8.1\kotlinx-coroutines-android-1.8.1_dex, C:\GradleHome\.gradle\caches\8.11.1\transforms\f94b9cd06fa090e03641a13abf458553\transformed\timber-5.0.1-runtime\timber-5.0.1-runtime_dex, C:\GradleHome\.gradle\caches\8.11.1\transforms\c0f986c869e850bfe17c0350bb8a71e2\transformed\kotlin-android-extensions-runtime-1.9.24\kotlin-android-extensions-runtime-1.9.24_dex, C:\GradleHome\.gradle\caches\8.11.1\transforms\d2cf98eb860bc491ffc4d5c734294a61\transformed\sqlite-framework-2.4.0-runtime\sqlite-framework-2.4.0-runtime_dex, C:\GradleHome\.gradle\caches\8.11.1\transforms\a4c144ca41e8b03a5ff0c2abdcb9ba99\transformed\sqlite-2.4.0-runtime\sqlite-2.4.0-runtime_dex, C:\GradleHome\.gradle\caches\8.11.1\transforms\f283535e8308f6a7de2daac1b2c53af5\transformed\annotation-experimental-1.4.1-runtime\annotation-experimental-1.4.1-runtime_dex, C:\GradleHome\.gradle\caches\8.11.1\transforms\b71efa0f94bad5b7e25f75a3ef970f06\transformed\core-viewtree-1.0.0-runtime\core-viewtree-1.0.0-runtime_dex, C:\GradleHome\.gradle\caches\8.11.1\transforms\1f168c7716c58864ee592418f91a7c1b\transformed\kotlinx-serialization-core-jvm-1.7.3\kotlinx-serialization-core-jvm-1.7.3_dex, C:\GradleHome\.gradle\caches\8.11.1\transforms\57d94b585c1e2557e2f61495c4916e3b\transformed\logging-interceptor-4.12.0\logging-interceptor-4.12.0_dex, C:\GradleHome\.gradle\caches\8.11.1\transforms\657e105ea07a4086e70733a7d3110a84\transformed\converter-gson-2.11.0\converter-gson-2.11.0_dex, C:\GradleHome\.gradle\caches\8.11.1\transforms\e34152c395bcfcd70ac5a71677461100\transformed\retrofit-2.11.0\retrofit-2.11.0_dex, C:\GradleHome\.gradle\caches\8.11.1\transforms\a4754c15def6088d0f9385e7ea2b4e8b\transformed\okhttp-4.12.0\okhttp-4.12.0_dex, C:\GradleHome\.gradle\caches\8.11.1\transforms\4f537f734dea5c587f743d1941a080b2\transformed\okio-jvm-3.9.0\okio-jvm-3.9.0_dex, C:\GradleHome\.gradle\caches\8.11.1\transforms\5b5b166e806d586ebb5c07fc03412fde\transformed\versionedparcelable-1.1.1-runtime\versionedparcelable-1.1.1-runtime_dex, C:\GradleHome\.gradle\caches\8.11.1\transforms\a1ca80440e7d271d34ff2f6400870f37\transformed\collection-jvm-1.4.4\collection-jvm-1.4.4_dex, C:\GradleHome\.gradle\caches\8.11.1\transforms\07d4dd97e62a9eea7b8d0a568f0eb5a2\transformed\core-runtime-2.2.0-runtime\core-runtime-2.2.0-runtime_dex, C:\GradleHome\.gradle\caches\8.11.1\transforms\0d540c671e1e196e727ee60052c796ab\transformed\interpolator-1.0.0-runtime\interpolator-1.0.0-runtime_dex, C:\GradleHome\.gradle\caches\8.11.1\transforms\cd28d2c0733deed6266cfd5a0fd7d271\transformed\profileinstaller-1.4.0-runtime\profileinstaller-1.4.0-runtime_dex, C:\GradleHome\.gradle\caches\8.11.1\transforms\01e06aa54ec1fc22499c4c87e1adf219\transformed\startup-runtime-1.1.1-runtime\startup-runtime-1.1.1-runtime_dex, C:\GradleHome\.gradle\caches\8.11.1\transforms\7411bca4eb894192e9f9f732f85132bc\transformed\tracing-1.2.0-runtime\tracing-1.2.0-runtime_dex, C:\GradleHome\.gradle\caches\8.11.1\transforms\e02e1acb9458bcae9a749a0ba37740fd\transformed\core-common-2.2.0\core-common-2.2.0_dex, C:\GradleHome\.gradle\caches\8.11.1\transforms\68dae4144b5a164532c194134c0eae94\transformed\exifinterface-1.3.7-runtime\exifinterface-1.3.7-runtime_dex, C:\GradleHome\.gradle\caches\8.11.1\transforms\5735c0f995d33cd57762dcf51b38ca6a\transformed\concurrent-futures-1.1.0\concurrent-futures-1.1.0_dex, C:\GradleHome\.gradle\caches\8.11.1\transforms\2c2a3bd00196b1c76dae46eb283a3037\transformed\annotation-jvm-1.9.1\annotation-jvm-1.9.1_dex, C:\GradleHome\.gradle\caches\8.11.1\transforms\9b94fadee824cd54aea749f8dac05352\transformed\kotlin-stdlib-2.0.21\kotlin-stdlib-2.0.21_dex, C:\GradleHome\.gradle\caches\8.11.1\transforms\c07e1954b5fff7c40646797516d7e91f\transformed\gson-2.11.0\gson-2.11.0_dex, C:\GradleHome\.gradle\caches\8.11.1\transforms\f9f7496b7e6e6c147a06fae467f072f9\transformed\annotations-23.0.0\annotations-23.0.0_dex, C:\GradleHome\.gradle\caches\8.11.1\transforms\b726468ce9c445ba785fba4bdd649d07\transformed\hilt-common-1.2.0\hilt-common-1.2.0_dex, C:\GradleHome\.gradle\caches\8.11.1\transforms\ddf2ce5af1a4de0f9a6c01b37cea2b1e\transformed\hilt-core-2.49\hilt-core-2.49_dex, C:\GradleHome\.gradle\caches\8.11.1\transforms\a5da2f4039e3ff05e02ac7896caf4f44\transformed\dagger-2.49\dagger-2.49_dex, C:\GradleHome\.gradle\caches\8.11.1\transforms\b9c2a90ff5aa74e072098b83fc9ab46d\transformed\jsr305-3.0.2\jsr305-3.0.2_dex, C:\GradleHome\.gradle\caches\8.11.1\transforms\17f1fbe5c66bea7d04f548786a11a5b2\transformed\javax.inject-1\javax.inject-1_dex, C:\GradleHome\.gradle\caches\8.11.1\transforms\78878af9d7e955efae0a384109469357\transformed\error_prone_annotations-2.27.0\error_prone_annotations-2.27.0_dex, C:\GradleHome\.gradle\caches\8.11.1\transforms\a7a595d90b49c00c32c552f7c4ff5f6e\transformed\play-services-tasks-16.0.1-runtime\play-services-tasks-16.0.1-runtime_dex, C:\GradleHome\.gradle\caches\8.11.1\transforms\e62f3d1190441642725125b2c5406dc6\transformed\jspecify-1.0.0\jspecify-1.0.0_dex, C:\GradleHome\.gradle\caches\8.11.1\transforms\36c257869ccead8cf33b93ef81894069\transformed\play-services-basement-16.0.1-runtime\play-services-basement-16.0.1-runtime_dex, C:\GradleHome\.gradle\caches\8.11.1\transforms\2d1d89e20a9f6e6d156cfaec7b684bce\transformed\listenablefuture-1.0\listenablefuture-1.0_dex, and from all global synthetics files in 

> Task :app:kaptGenerateStubsDebugKotlin
Transforming kotlin-parcelize-runtime-1.9.24.jar (org.jetbrains.kotlin:kotlin-parcelize-runtime:1.9.24) with IdentityTransform
Transforming hilt-navigation-compose-1.2.0.aar (androidx.hilt:hilt-navigation-compose:1.2.0) with AarToClassTransform
Transforming hilt-navigation-1.2.0.aar (androidx.hilt:hilt-navigation:1.2.0) with AarToClassTransform
Transforming navigation-common-2.8.4.aar (androidx.navigation:navigation-common:2.8.4) with AarToClassTransform
Transforming navigation-runtime-2.8.4.aar (androidx.navigation:navigation-runtime:2.8.4) with AarToClassTransform
Transforming navigation-common-ktx-2.8.4.aar (androidx.navigation:navigation-common-ktx:2.8.4) with AarToClassTransform
Transforming navigation-runtime-ktx-2.8.4.aar (androidx.navigation:navigation-runtime-ktx:2.8.4) with AarToClassTransform
Transforming navigation-compose-2.8.4.aar (androidx.navigation:navigation-compose:2.8.4) with AarToClassTransform
Transforming activity-ktx-1.10.1.aar (androidx.activity:activity-ktx:1.10.1) with AarToClassTransform
Transforming hilt-work-1.2.0.aar (androidx.hilt:hilt-work:1.2.0) with AarToClassTransform
Transforming hilt-android-2.49.aar (com.google.dagger:hilt-android:2.49) with AarToClassTransform
Transforming fragment-1.5.1.aar (androidx.fragment:fragment:1.5.1) with AarToClassTransform
Transforming work-runtime-ktx-2.9.1.aar (androidx.work:work-runtime-ktx:2.9.1) with AarToClassTransform
Transforming work-runtime-2.9.1.aar (androidx.work:work-runtime:2.9.1) with AarToClassTransform
Transforming loader-1.0.0.aar (androidx.loader:loader:1.0.0) with AarToClassTransform
Transforming viewpager-1.0.0.aar (androidx.viewpager:viewpager:1.0.0) with AarToClassTransform
Transforming customview-1.0.0.aar (androidx.customview:customview:1.0.0) with AarToClassTransform
Transforming core-1.16.0.aar (androidx.core:core:1.16.0) with AarToClassTransform
Transforming core-1.16.0.aar (androidx.core:core:1.16.0) with AarToClassTransform
Transforming coil-compose-2.7.0.aar (io.coil-kt:coil-compose:2.7.0) with AarToClassTransform
Transforming coil-compose-base-2.7.0.aar (io.coil-kt:coil-compose-base:2.7.0) with AarToClassTransform
Transforming coil-2.7.0.aar (io.coil-kt:coil:2.7.0) with AarToClassTransform
Transforming coil-base-2.7.0.aar (io.coil-kt:coil-base:2.7.0) with AarToClassTransform
Transforming lifecycle-livedata-core-ktx-2.9.1.aar (androidx.lifecycle:lifecycle-livedata-core-ktx:2.9.1) with AarToClassTransform
Transforming lifecycle-runtime-compose-release.aar (androidx.lifecycle:lifecycle-runtime-compose-android:2.9.1) with AarToClassTransform
Transforming lifecycle-runtime-release.aar (androidx.lifecycle:lifecycle-runtime-android:2.9.1) with AarToClassTransform
Transforming lifecycle-livedata-2.9.1.aar (androidx.lifecycle:lifecycle-livedata:2.9.1) with AarToClassTransform
Transforming lifecycle-livedata-2.9.1.aar (androidx.lifecycle:lifecycle-livedata:2.9.1) with AarToClassTransform
Transforming lifecycle-viewmodel-savedstate-release.aar (androidx.lifecycle:lifecycle-viewmodel-savedstate-android:2.9.1) with AarToClassTransform
Transforming savedstate-ktx-1.3.0.aar (androidx.savedstate:savedstate-ktx:1.3.0) with AarToClassTransform
Transforming savedstate-release.aar (androidx.savedstate:savedstate-android:1.3.0) with AarToClassTransform
Transforming lifecycle-common-jvm-2.9.1.jar (androidx.lifecycle:lifecycle-common-jvm:2.9.1) with IdentityTransform
Transforming lifecycle-livedata-core-2.9.1.aar (androidx.lifecycle:lifecycle-livedata-core:2.9.1) with AarToClassTransform
Transforming lifecycle-viewmodel-2.9.1.aar (androidx.lifecycle:lifecycle-viewmodel:2.9.1) with AarToClassTransform
Transforming lifecycle-viewmodel-release.aar (androidx.lifecycle:lifecycle-viewmodel-android:2.9.1) with AarToClassTransform
Transforming lifecycle-viewmodel-ktx-2.9.1.aar (androidx.lifecycle:lifecycle-viewmodel-ktx:2.9.1) with AarToClassTransform
Transforming lifecycle-runtime-ktx.aar (androidx.lifecycle:lifecycle-runtime-ktx-android:2.9.1) with AarToClassTransform
Transforming lifecycle-viewmodel-compose-release.aar (androidx.lifecycle:lifecycle-viewmodel-compose-android:2.9.1) with AarToClassTransform
Transforming material3-release.aar (androidx.compose.material3:material3-android:1.3.0) with AarToClassTransform
Transforming foundation-layout-release.aar (androidx.compose.foundation:foundation-layout-android:1.7.8) with AarToClassTransform
Transforming material-ripple-release.aar (androidx.compose.material:material-ripple-android:1.7.0) with AarToClassTransform
Transforming foundation-release.aar (androidx.compose.foundation:foundation-android:1.7.8) with AarToClassTransform
Transforming animation-core-release.aar (androidx.compose.animation:animation-core-android:1.7.8) with AarToClassTransform
Transforming animation-release.aar (androidx.compose.animation:animation-android:1.7.8) with AarToClassTransform
Transforming ui-util-release.aar (androidx.compose.ui:ui-util-android:1.7.8) with AarToClassTransform
Transforming ui-unit-release.aar (androidx.compose.ui:ui-unit-android:1.7.8) with AarToClassTransform
Transforming ui-text-release.aar (androidx.compose.ui:ui-text-android:1.7.8) with AarToClassTransform
Transforming ui-geometry-release.aar (androidx.compose.ui:ui-geometry-android:1.7.8) with AarToClassTransform
Transforming ui-tooling-data-release.aar (androidx.compose.ui:ui-tooling-data-android:1.7.8) with AarToClassTransform
Transforming ui-tooling-preview-release.aar (androidx.compose.ui:ui-tooling-preview-android:1.7.8) with AarToClassTransform
Transforming ui-graphics-release.aar (androidx.compose.ui:ui-graphics-android:1.7.8) with AarToClassTransform
Transforming material-icons-core-release.aar (androidx.compose.material:material-icons-core-android:1.7.0) with AarToClassTransform
Transforming ui-release.aar (androidx.compose.ui:ui-android:1.7.8) with AarToClassTransform
Transforming ui-tooling-release.aar (androidx.compose.ui:ui-tooling-android:1.7.8) with AarToClassTransform
Transforming ui-test-manifest-1.7.8.aar (androidx.compose.ui:ui-test-manifest:1.7.8) with AarToClassTransform
Transforming activity-1.10.1.aar (androidx.activity:activity:1.10.1) with AarToClassTransform
Transforming activity-compose-1.10.1.aar (androidx.activity:activity-compose:1.10.1) with AarToClassTransform
Transforming core-ktx-1.16.0.aar (androidx.core:core-ktx:1.16.0) with AarToClassTransform
Transforming room-common-2.6.1.jar (androidx.room:room-common:2.6.1) with IdentityTransform
Transforming room-runtime-2.6.1.aar (androidx.room:room-runtime:2.6.1) with AarToClassTransform
Transforming room-ktx-2.6.1.aar (androidx.room:room-ktx:2.6.1) with AarToClassTransform
Transforming kotlinx-coroutines-play-services-1.8.1.jar (org.jetbrains.kotlinx:kotlinx-coroutines-play-services:1.8.1) with IdentityTransform
Transforming datastore-core-okio-jvm-1.1.1.jar (androidx.datastore:datastore-core-okio-jvm:1.1.1) with IdentityTransform
Transforming datastore-core-release.aar (androidx.datastore:datastore-core-android:1.1.1) with AarToClassTransform
Transforming datastore-preferences-core-jvm-1.1.1.jar (androidx.datastore:datastore-preferences-core-jvm:1.1.1) with IdentityTransform
Transforming datastore-release.aar (androidx.datastore:datastore-android:1.1.1) with AarToClassTransform
Transforming datastore-preferences-release.aar (androidx.datastore:datastore-preferences-android:1.1.1) with AarToClassTransform
Transforming runtime-saveable-release.aar (androidx.compose.runtime:runtime-saveable-android:1.7.8) with AarToClassTransform
Transforming runtime-release.aar (androidx.compose.runtime:runtime-android:1.7.8) with AarToClassTransform
Transforming kotlinx-coroutines-core-jvm-1.8.1.jar (org.jetbrains.kotlinx:kotlinx-coroutines-core-jvm:1.8.1) with IdentityTransform
Transforming kotlinx-coroutines-android-1.8.1.jar (org.jetbrains.kotlinx:kotlinx-coroutines-android:1.8.1) with IdentityTransform
Transforming timber-5.0.1.aar (com.jakewharton.timber:timber:5.0.1) with AarToClassTransform
Transforming accompanist-permissions-0.34.0.aar (com.google.accompanist:accompanist-permissions:0.34.0) with AarToClassTransform
Transforming accompanist-systemuicontroller-0.34.0.aar (com.google.accompanist:accompanist-systemuicontroller:0.34.0) with AarToClassTransform
Transforming kotlin-android-extensions-runtime-1.9.24.jar (org.jetbrains.kotlin:kotlin-android-extensions-runtime:1.9.24) with IdentityTransform
Transforming annotation-experimental-1.4.1.aar (androidx.annotation:annotation-experimental:1.4.1) with AarToClassTransform
Transforming converter-gson-2.11.0.jar (com.squareup.retrofit2:converter-gson:2.11.0) with IdentityTransform
Transforming retrofit-2.11.0.jar (com.squareup.retrofit2:retrofit:2.11.0) with IdentityTransform
Transforming logging-interceptor-4.12.0.jar (com.squareup.okhttp3:logging-interceptor:4.12.0) with IdentityTransform
Transforming okhttp-4.12.0.jar (com.squareup.okhttp3:okhttp:4.12.0) with IdentityTransform
Transforming kotlin-stdlib-jdk8-1.9.0.jar (org.jetbrains.kotlin:kotlin-stdlib-jdk8:1.9.0) with IdentityTransform
Transforming core-viewtree-1.0.0.aar (androidx.core:core-viewtree:1.0.0) with AarToClassTransform
Transforming sqlite-framework-2.4.0.aar (androidx.sqlite:sqlite-framework:2.4.0) with AarToClassTransform
Transforming sqlite-2.4.0.aar (androidx.sqlite:sqlite:2.4.0) with AarToClassTransform
Transforming versionedparcelable-1.1.1.aar (androidx.versionedparcelable:versionedparcelable:1.1.1) with AarToClassTransform
Transforming collection-jvm-1.4.4.jar (androidx.collection:collection-jvm:1.4.4) with IdentityTransform
Transforming core-runtime-2.2.0.aar (androidx.arch.core:core-runtime:2.2.0) with AarToClassTransform
Transforming core-common-2.2.0.jar (androidx.arch.core:core-common:2.2.0) with IdentityTransform
Transforming annotation-jvm-1.9.1.jar (androidx.annotation:annotation-jvm:1.9.1) with IdentityTransform
Transforming okio-jvm-3.9.0.jar (com.squareup.okio:okio-jvm:3.9.0) with IdentityTransform
Transforming kotlin-stdlib-jdk7-1.9.0.jar (org.jetbrains.kotlin:kotlin-stdlib-jdk7:1.9.0) with IdentityTransform
Transforming kotlinx-serialization-core-jvm-1.7.3.jar (org.jetbrains.kotlinx:kotlinx-serialization-core-jvm:1.7.3) with IdentityTransform
Transforming kotlin-stdlib-2.0.21.jar (org.jetbrains.kotlin:kotlin-stdlib:2.0.21) with IdentityTransform
Transforming gson-2.11.0.jar (com.google.code.gson:gson:2.11.0) with IdentityTransform
Transforming annotations-23.0.0.jar (org.jetbrains:annotations:23.0.0) with IdentityTransform
Transforming listenablefuture-1.0.jar (com.google.guava:listenablefuture:1.0) with IdentityTransform
Transforming play-services-tasks-16.0.1.aar (com.google.android.gms:play-services-tasks:16.0.1) with AarToClassTransform
Transforming play-services-basement-16.0.1.aar (com.google.android.gms:play-services-basement:16.0.1) with AarToClassTransform
Transforming jspecify-1.0.0.jar (org.jspecify:jspecify:1.0.0) with IdentityTransform
Transforming startup-runtime-1.1.1.aar (androidx.startup:startup-runtime:1.1.1) with AarToClassTransform
Transforming hilt-core-2.49.jar (com.google.dagger:hilt-core:2.49) with IdentityTransform
Transforming dagger-2.49.jar (com.google.dagger:dagger:2.49) with IdentityTransform
Transforming javax.inject-1.jar (javax.inject:javax.inject:1) with IdentityTransform
Transforming dagger-lint-aar-2.49.aar (com.google.dagger:dagger-lint-aar:2.49) with AarToClassTransform
Transforming jsr305-3.0.2.jar (com.google.code.findbugs:jsr305:3.0.2) with IdentityTransform
Transforming error_prone_annotations-2.27.0.jar (com.google.errorprone:error_prone_annotations:2.27.0) with IdentityTransform
Transforming hilt-common-1.2.0.jar (androidx.hilt:hilt-common:1.2.0) with IdentityTransform
Transforming R.jar with ClasspathEntrySnapshotTransform
Transforming kotlin-parcelize-runtime-1.9.24.jar with ClasspathEntrySnapshotTransform
Transforming hilt-navigation-compose-1.2.0-api.jar with ClasspathEntrySnapshotTransform
Transforming hilt-navigation-1.2.0-api.jar with ClasspathEntrySnapshotTransform
Transforming navigation-common-2.8.4-api.jar with ClasspathEntrySnapshotTransform
Transforming navigation-runtime-2.8.4-api.jar with ClasspathEntrySnapshotTransform
Transforming navigation-common-ktx-2.8.4-api.jar with ClasspathEntrySnapshotTransform
Transforming navigation-runtime-ktx-2.8.4-api.jar with ClasspathEntrySnapshotTransform
Transforming navigation-compose-2.8.4-api.jar with ClasspathEntrySnapshotTransform
Transforming activity-ktx-1.10.1-api.jar with ClasspathEntrySnapshotTransform
Transforming hilt-work-1.2.0-api.jar with ClasspathEntrySnapshotTransform
Transforming hilt-android-2.49-api.jar with ClasspathEntrySnapshotTransform
Transforming fragment-1.5.1-api.jar with ClasspathEntrySnapshotTransform
Transforming work-runtime-ktx-2.9.1-api.jar with ClasspathEntrySnapshotTransform
Transforming work-runtime-2.9.1-api.jar with ClasspathEntrySnapshotTransform
Transforming loader-1.0.0-api.jar with ClasspathEntrySnapshotTransform
Transforming viewpager-1.0.0-api.jar with ClasspathEntrySnapshotTransform
Transforming customview-1.0.0-api.jar with ClasspathEntrySnapshotTransform
Transforming core-1.16.0-api.jar with ClasspathEntrySnapshotTransform
Transforming coil-compose-2.7.0-api.jar with ClasspathEntrySnapshotTransform
Transforming coil-compose-base-2.7.0-api.jar with ClasspathEntrySnapshotTransform
Transforming coil-2.7.0-api.jar with ClasspathEntrySnapshotTransform
Transforming coil-base-2.7.0-api.jar with ClasspathEntrySnapshotTransform
Transforming lifecycle-livedata-core-ktx-2.9.1-api.jar with ClasspathEntrySnapshotTransform
Transforming lifecycle-runtime-compose-release-api.jar with ClasspathEntrySnapshotTransform
Transforming lifecycle-runtime-release-api.jar with ClasspathEntrySnapshotTransform
Transforming lifecycle-livedata-2.9.1-api.jar with ClasspathEntrySnapshotTransform
Transforming lifecycle-viewmodel-savedstate-release-api.jar with ClasspathEntrySnapshotTransform
Transforming savedstate-ktx-1.3.0-api.jar with ClasspathEntrySnapshotTransform
Transforming savedstate-release-api.jar with ClasspathEntrySnapshotTransform
Transforming lifecycle-common-jvm-2.9.1.jar with ClasspathEntrySnapshotTransform
Transforming lifecycle-livedata-core-2.9.1-api.jar with ClasspathEntrySnapshotTransform
Transforming lifecycle-viewmodel-2.9.1-api.jar with ClasspathEntrySnapshotTransform
Transforming lifecycle-viewmodel-release-api.jar with ClasspathEntrySnapshotTransform
Transforming lifecycle-viewmodel-ktx-2.9.1-api.jar with ClasspathEntrySnapshotTransform
Transforming lifecycle-runtime-ktx-api.jar with ClasspathEntrySnapshotTransform
Transforming lifecycle-viewmodel-compose-release-api.jar with ClasspathEntrySnapshotTransform
Transforming material3-release-api.jar with ClasspathEntrySnapshotTransform
Transforming foundation-layout-release-api.jar with ClasspathEntrySnapshotTransform
Transforming material-ripple-release-api.jar with ClasspathEntrySnapshotTransform
Transforming foundation-release-api.jar with ClasspathEntrySnapshotTransform
Transforming animation-core-release-api.jar with ClasspathEntrySnapshotTransform
Transforming animation-release-api.jar with ClasspathEntrySnapshotTransform
Transforming ui-util-release-api.jar with ClasspathEntrySnapshotTransform
Transforming ui-unit-release-api.jar with ClasspathEntrySnapshotTransform
Transforming ui-text-release-api.jar with ClasspathEntrySnapshotTransform
Transforming ui-geometry-release-api.jar with ClasspathEntrySnapshotTransform
Transforming ui-tooling-data-release-api.jar with ClasspathEntrySnapshotTransform
Transforming ui-tooling-preview-release-api.jar with ClasspathEntrySnapshotTransform
Transforming ui-graphics-release-api.jar with ClasspathEntrySnapshotTransform
Transforming material-icons-core-release-api.jar with ClasspathEntrySnapshotTransform
Transforming ui-release-api.jar with ClasspathEntrySnapshotTransform
Transforming ui-tooling-release-api.jar with ClasspathEntrySnapshotTransform
Transforming ui-test-manifest-1.7.8-api.jar with ClasspathEntrySnapshotTransform
Transforming activity-1.10.1-api.jar with ClasspathEntrySnapshotTransform
Transforming activity-compose-1.10.1-api.jar with ClasspathEntrySnapshotTransform
Transforming core-ktx-1.16.0-api.jar with ClasspathEntrySnapshotTransform
Transforming room-common-2.6.1.jar with ClasspathEntrySnapshotTransform
Transforming room-runtime-2.6.1-api.jar with ClasspathEntrySnapshotTransform
Transforming room-ktx-2.6.1-api.jar with ClasspathEntrySnapshotTransform
Transforming kotlinx-coroutines-play-services-1.8.1.jar with ClasspathEntrySnapshotTransform
Transforming datastore-core-okio-jvm-1.1.1.jar with ClasspathEntrySnapshotTransform
Transforming datastore-core-release-api.jar with ClasspathEntrySnapshotTransform
Transforming datastore-preferences-core-jvm-1.1.1.jar with ClasspathEntrySnapshotTransform
Transforming datastore-release-api.jar with ClasspathEntrySnapshotTransform
Transforming datastore-preferences-release-api.jar with ClasspathEntrySnapshotTransform
Transforming runtime-saveable-release-api.jar with ClasspathEntrySnapshotTransform
Transforming runtime-release-api.jar with ClasspathEntrySnapshotTransform
Transforming kotlinx-coroutines-core-jvm-1.8.1.jar with ClasspathEntrySnapshotTransform
Transforming kotlinx-coroutines-android-1.8.1.jar with ClasspathEntrySnapshotTransform
Transforming timber-5.0.1-api.jar with ClasspathEntrySnapshotTransform
Transforming accompanist-permissions-0.34.0-api.jar with ClasspathEntrySnapshotTransform
Transforming accompanist-systemuicontroller-0.34.0-api.jar with ClasspathEntrySnapshotTransform
Transforming kotlin-android-extensions-runtime-1.9.24.jar with ClasspathEntrySnapshotTransform
Transforming annotation-experimental-1.4.1-api.jar with ClasspathEntrySnapshotTransform
Transforming converter-gson-2.11.0.jar with ClasspathEntrySnapshotTransform
Transforming retrofit-2.11.0.jar with ClasspathEntrySnapshotTransform
Transforming logging-interceptor-4.12.0.jar with ClasspathEntrySnapshotTransform
Transforming okhttp-4.12.0.jar with ClasspathEntrySnapshotTransform
Transforming kotlin-stdlib-jdk8-1.9.0.jar with ClasspathEntrySnapshotTransform
Transforming core-viewtree-1.0.0-api.jar with ClasspathEntrySnapshotTransform
Transforming sqlite-framework-2.4.0-api.jar with ClasspathEntrySnapshotTransform
Transforming sqlite-2.4.0-api.jar with ClasspathEntrySnapshotTransform
Transforming versionedparcelable-1.1.1-api.jar with ClasspathEntrySnapshotTransform
Transforming collection-jvm-1.4.4.jar with ClasspathEntrySnapshotTransform
Transforming core-runtime-2.2.0-api.jar with ClasspathEntrySnapshotTransform
Transforming core-common-2.2.0.jar with ClasspathEntrySnapshotTransform
Transforming annotation-jvm-1.9.1.jar with ClasspathEntrySnapshotTransform
Transforming okio-jvm-3.9.0.jar with ClasspathEntrySnapshotTransform
Transforming kotlin-stdlib-jdk7-1.9.0.jar with ClasspathEntrySnapshotTransform
Transforming kotlinx-serialization-core-jvm-1.7.3.jar with ClasspathEntrySnapshotTransform
Transforming kotlin-stdlib-2.0.21.jar with ClasspathEntrySnapshotTransform
Transforming gson-2.11.0.jar with ClasspathEntrySnapshotTransform
Transforming annotations-23.0.0.jar with ClasspathEntrySnapshotTransform
Transforming listenablefuture-1.0.jar with ClasspathEntrySnapshotTransform
Transforming play-services-tasks-16.0.1-api.jar with ClasspathEntrySnapshotTransform
Transforming play-services-basement-16.0.1-api.jar with ClasspathEntrySnapshotTransform
Transforming jspecify-1.0.0.jar with ClasspathEntrySnapshotTransform
Transforming startup-runtime-1.1.1-api.jar with ClasspathEntrySnapshotTransform
Transforming hilt-core-2.49.jar with ClasspathEntrySnapshotTransform
Transforming dagger-2.49.jar with ClasspathEntrySnapshotTransform
Transforming javax.inject-1.jar with ClasspathEntrySnapshotTransform
Transforming dagger-lint-aar-2.49-api.jar with ClasspathEntrySnapshotTransform
Transforming jsr305-3.0.2.jar with ClasspathEntrySnapshotTransform
Transforming error_prone_annotations-2.27.0.jar with ClasspathEntrySnapshotTransform
Transforming hilt-common-1.2.0.jar with ClasspathEntrySnapshotTransform
Transforming android.jar with ClasspathEntrySnapshotTransform
Transforming core-lambda-stubs.jar with ClasspathEntrySnapshotTransform
Caching disabled for task ':app:kaptGenerateStubsDebugKotlin' because:
  Build cache is disabled
Task ':app:kaptGenerateStubsDebugKotlin' is not up-to-date because:
  Task has failed previously.
The input changes require a full rebuild for incremental task ':app:kaptGenerateStubsDebugKotlin'.
file or directory 'C:\DEV\StudyWise-Fresh\app\src\debug\kotlin', not found
file or directory 'C:\DEV\StudyWise-Fresh\app\src\debug\kotlin', not found
file or directory 'C:\DEV\StudyWise-Fresh\app\src\debug\java', not found
file or directory 'C:\DEV\StudyWise-Fresh\app\src\debug\kotlin', not found
file or directory 'C:\DEV\StudyWise-Fresh\app\src\debug\java', not found
file or directory 'C:\DEV\StudyWise-Fresh\app\src\main\kotlin', not found
file or directory 'C:\DEV\StudyWise-Fresh\app\src\main\kotlin', not found
file or directory 'C:\DEV\StudyWise-Fresh\app\src\main\kotlin', not found
file or directory 'C:\DEV\StudyWise-Fresh\app\src\main\kotlin', not found
file or directory 'C:\DEV\StudyWise-Fresh\app\src\main\kotlin', not found
file or directory 'C:\DEV\StudyWise-Fresh\app\src\main\kotlin', not found
file or directory 'C:\DEV\StudyWise-Fresh\app\src\debug\kotlin', not found
file or directory 'C:\DEV\StudyWise-Fresh\app\src\debug\kotlin', not found
file or directory 'C:\DEV\StudyWise-Fresh\app\src\debug\java', not found
file or directory 'C:\DEV\StudyWise-Fresh\app\src\debug\kotlin', not found
file or directory 'C:\DEV\StudyWise-Fresh\app\src\debug\java', not found
file or directory 'C:\DEV\StudyWise-Fresh\app\src\debug\java', not found
file or directory 'C:\DEV\StudyWise-Fresh\app\src\debug\kotlin', not found
file or directory 'C:\DEV\StudyWise-Fresh\app\src\debug\kotlin', not found
file or directory 'C:\DEV\StudyWise-Fresh\app\src\debug\java', not found
file or directory 'C:\DEV\StudyWise-Fresh\app\src\debug\kotlin', not found
file or directory 'C:\DEV\StudyWise-Fresh\app\src\debug\java', not found
file or directory 'C:\DEV\StudyWise-Fresh\app\src\main\kotlin', not found
file or directory 'C:\DEV\StudyWise-Fresh\app\src\main\kotlin', not found
file or directory 'C:\DEV\StudyWise-Fresh\app\src\debug\kotlin', not found
file or directory 'C:\DEV\StudyWise-Fresh\app\src\debug\kotlin', not found
file or directory 'C:\DEV\StudyWise-Fresh\app\src\debug\java', not found
file or directory 'C:\DEV\StudyWise-Fresh\app\src\debug\kotlin', not found
file or directory 'C:\DEV\StudyWise-Fresh\app\src\debug\java', not found
file or directory 'C:\DEV\StudyWise-Fresh\app\src\main\kotlin', not found
file or directory 'C:\DEV\StudyWise-Fresh\app\src\main\kotlin', not found
file or directory 'C:\DEV\StudyWise-Fresh\app\src\main\kotlin', not found
file or directory 'C:\DEV\StudyWise-Fresh\app\src\main\kotlin', not found
file or directory 'C:\DEV\StudyWise-Fresh\app\src\main\kotlin', not found
file or directory 'C:\DEV\StudyWise-Fresh\app\src\main\kotlin', not found
file or directory 'C:\DEV\StudyWise-Fresh\app\src\debug\kotlin', not found
file or directory 'C:\DEV\StudyWise-Fresh\app\src\debug\kotlin', not found
file or directory 'C:\DEV\StudyWise-Fresh\app\src\debug\java', not found
file or directory 'C:\DEV\StudyWise-Fresh\app\src\debug\kotlin', not found
file or directory 'C:\DEV\StudyWise-Fresh\app\src\debug\java', not found
file or directory 'C:\DEV\StudyWise-Fresh\app\src\debug\java', not found
file or directory 'C:\DEV\StudyWise-Fresh\app\src\debug\kotlin', not found
file or directory 'C:\DEV\StudyWise-Fresh\app\src\debug\kotlin', not found
file or directory 'C:\DEV\StudyWise-Fresh\app\src\debug\java', not found
file or directory 'C:\DEV\StudyWise-Fresh\app\src\debug\kotlin', not found
file or directory 'C:\DEV\StudyWise-Fresh\app\src\debug\java', not found
file or directory 'C:\DEV\StudyWise-Fresh\app\src\main\kotlin', not found
file or directory 'C:\DEV\StudyWise-Fresh\app\src\main\kotlin', not found
file or directory 'C:\DEV\StudyWise-Fresh\app\src\main\kotlin', not found
file or directory 'C:\DEV\StudyWise-Fresh\app\src\main\kotlin', not found
file or directory 'C:\DEV\StudyWise-Fresh\app\src\main\kotlin', not found
file or directory 'C:\DEV\StudyWise-Fresh\app\src\main\kotlin', not found
file or directory 'C:\DEV\StudyWise-Fresh\app\src\debug\kotlin', not found
file or directory 'C:\DEV\StudyWise-Fresh\app\src\debug\kotlin', not found
file or directory 'C:\DEV\StudyWise-Fresh\app\src\debug\java', not found
file or directory 'C:\DEV\StudyWise-Fresh\app\src\debug\kotlin', not found
file or directory 'C:\DEV\StudyWise-Fresh\app\src\debug\java', not found
file or directory 'C:\DEV\StudyWise-Fresh\app\src\debug\java', not found
Using Kotlin/JVM incremental compilation
[KOTLIN] Kotlin compilation 'jdkHome' argument: null
i: found daemon on port 17933 (1722333 ms old), trying to connect
i: connected to the daemon
Options for KOTLIN DAEMON: IncrementalCompilationOptions(super=CompilationOptions(compilerMode=INCREMENTAL_COMPILER, targetPlatform=JVM, reportCategories=[0, 3], reportSeverity=2, requestedCompilationResults=[0], kotlinScriptExtensions=[]), areFileChangesKnown=false, modifiedFiles=null, deletedFiles=null, classpathChanges=NotAvailableForNonIncrementalRun, workingDir=C:\DEV\StudyWise-Fresh\app\build\kotlin\kaptGenerateStubsDebugKotlin\cacheable, multiModuleICSettings=MultiModuleICSettings(buildHistoryFile=C:\DEV\StudyWise-Fresh\app\build\kotlin\kaptGenerateStubsDebugKotlin\local-state\build-history.bin, useModuleDetection=true), usePreciseJavaTracking=true, outputFiles=[C:\DEV\StudyWise-Fresh\app\build\tmp\kapt3\incrementalData\debug, C:\DEV\StudyWise-Fresh\app\build\tmp\kapt3\stubs\debug, C:\DEV\StudyWise-Fresh\app\build\kotlin\kaptGenerateStubsDebugKotlin\cacheable, C:\DEV\StudyWise-Fresh\app\build\kotlin\kaptGenerateStubsDebugKotlin\local-state])
e: Could not load module <Error module>

> Task :app:kaptGenerateStubsDebugKotlin FAILED
AAPT2 aapt2-8.10.1-12782657-windows Daemon #0: shutdown
[Incubating] Problems report is available at: file:///C:/DEV/StudyWise-Fresh/build/reports/problems/problems-report.html

FAILURE: Build failed with an exception.

* What went wrong:
Execution failed for task ':app:kaptGenerateStubsDebugKotlin'.
> A failure occurred while executing org.jetbrains.kotlin.compilerRunner.GradleCompilerRunnerWithWorkers$GradleKotlinCompilerWorkAction
   > Compilation error. See log for more details

* Try:
> Run with --debug option to get more log output.
> Run with --scan to get full insights.
> Get more help at https://help.gradle.org.

* Exception is:
org.gradle.api.tasks.TaskExecutionException: Execution failed for task ':app:kaptGenerateStubsDebugKotlin'.
	at org.gradle.api.internal.tasks.execution.ExecuteActionsTaskExecuter.lambda$executeIfValid$1(ExecuteActionsTaskExecuter.java:130)
	at org.gradle.internal.Try$Failure.ifSuccessfulOrElse(Try.java:293)
	at org.gradle.api.internal.tasks.execution.ExecuteActionsTaskExecuter.executeIfValid(ExecuteActionsTaskExecuter.java:128)
	at org.gradle.api.internal.tasks.execution.ExecuteActionsTaskExecuter.execute(ExecuteActionsTaskExecuter.java:116)
	at org.gradle.api.internal.tasks.execution.FinalizePropertiesTaskExecuter.execute(FinalizePropertiesTaskExecuter.java:46)
	at org.gradle.api.internal.tasks.execution.ResolveTaskExecutionModeExecuter.execute(ResolveTaskExecutionModeExecuter.java:51)
	at org.gradle.api.internal.tasks.execution.SkipTaskWithNoActionsExecuter.execute(SkipTaskWithNoActionsExecuter.java:57)
	at org.gradle.api.internal.tasks.execution.SkipOnlyIfTaskExecuter.execute(SkipOnlyIfTaskExecuter.java:74)
	at org.gradle.api.internal.tasks.execution.CatchExceptionTaskExecuter.execute(CatchExceptionTaskExecuter.java:36)
	at org.gradle.api.internal.tasks.execution.EventFiringTaskExecuter$1.executeTask(EventFiringTaskExecuter.java:77)
	at org.gradle.api.internal.tasks.execution.EventFiringTaskExecuter$1.call(EventFiringTaskExecuter.java:55)
	at org.gradle.api.internal.tasks.execution.EventFiringTaskExecuter$1.call(EventFiringTaskExecuter.java:52)
	at org.gradle.internal.operations.DefaultBuildOperationRunner$CallableBuildOperationWorker.execute(DefaultBuildOperationRunner.java:209)
	at org.gradle.internal.operations.DefaultBuildOperationRunner$CallableBuildOperationWorker.execute(DefaultBuildOperationRunner.java:204)
	at org.gradle.internal.operations.DefaultBuildOperationRunner$2.execute(DefaultBuildOperationRunner.java:66)
	at org.gradle.internal.operations.DefaultBuildOperationRunner$2.execute(DefaultBuildOperationRunner.java:59)
	at org.gradle.internal.operations.DefaultBuildOperationRunner.execute(DefaultBuildOperationRunner.java:166)
	at org.gradle.internal.operations.DefaultBuildOperationRunner.execute(DefaultBuildOperationRunner.java:59)
	at org.gradle.internal.operations.DefaultBuildOperationRunner.call(DefaultBuildOperationRunner.java:53)
	at org.gradle.api.internal.tasks.execution.EventFiringTaskExecuter.execute(EventFiringTaskExecuter.java:52)
	at org.gradle.execution.plan.LocalTaskNodeExecutor.execute(LocalTaskNodeExecutor.java:42)
	at org.gradle.execution.taskgraph.DefaultTaskExecutionGraph$InvokeNodeExecutorsAction.execute(DefaultTaskExecutionGraph.java:331)
	at org.gradle.execution.taskgraph.DefaultTaskExecutionGraph$InvokeNodeExecutorsAction.execute(DefaultTaskExecutionGraph.java:318)
	at org.gradle.execution.taskgraph.DefaultTaskExecutionGraph$BuildOperationAwareExecutionAction.lambda$execute$0(DefaultTaskExecutionGraph.java:314)
	at org.gradle.internal.operations.CurrentBuildOperationRef.with(CurrentBuildOperationRef.java:85)
	at org.gradle.execution.taskgraph.DefaultTaskExecutionGraph$BuildOperationAwareExecutionAction.execute(DefaultTaskExecutionGraph.java:314)
	at org.gradle.execution.taskgraph.DefaultTaskExecutionGraph$BuildOperationAwareExecutionAction.execute(DefaultTaskExecutionGraph.java:303)
	at org.gradle.execution.plan.DefaultPlanExecutor$ExecutorWorker.execute(DefaultPlanExecutor.java:459)
	at org.gradle.execution.plan.DefaultPlanExecutor$ExecutorWorker.run(DefaultPlanExecutor.java:376)
	at org.gradle.internal.concurrent.ExecutorPolicy$CatchAndRecordFailures.onExecute(ExecutorPolicy.java:64)
	at org.gradle.internal.concurrent.AbstractManagedExecutor$1.run(AbstractManagedExecutor.java:48)
Caused by: org.gradle.workers.internal.DefaultWorkerExecutor$WorkExecutionException: A failure occurred while executing org.jetbrains.kotlin.compilerRunner.GradleCompilerRunnerWithWorkers$GradleKotlinCompilerWorkAction
	at org.gradle.workers.internal.DefaultWorkerExecutor$WorkItemExecution.waitForCompletion(DefaultWorkerExecutor.java:287)
	at org.gradle.internal.work.DefaultAsyncWorkTracker.lambda$waitForItemsAndGatherFailures$2(DefaultAsyncWorkTracker.java:130)
	at org.gradle.internal.Factories$1.create(Factories.java:31)
	at org.gradle.internal.work.DefaultWorkerLeaseService.withoutLocks(DefaultWorkerLeaseService.java:335)
	at org.gradle.internal.work.DefaultWorkerLeaseService.withoutLocks(DefaultWorkerLeaseService.java:318)
	at org.gradle.internal.work.DefaultWorkerLeaseService.withoutLock(DefaultWorkerLeaseService.java:323)
	at org.gradle.internal.work.DefaultAsyncWorkTracker.waitForItemsAndGatherFailures(DefaultAsyncWorkTracker.java:126)
	at org.gradle.internal.work.DefaultAsyncWorkTracker.waitForItemsAndGatherFailures(DefaultAsyncWorkTracker.java:92)
	at org.gradle.internal.work.DefaultAsyncWorkTracker.waitForAll(DefaultAsyncWorkTracker.java:78)
	at org.gradle.internal.work.DefaultAsyncWorkTracker.waitForCompletion(DefaultAsyncWorkTracker.java:66)
	at org.gradle.api.internal.tasks.execution.TaskExecution$3.run(TaskExecution.java:252)
	at org.gradle.internal.operations.DefaultBuildOperationRunner$1.execute(DefaultBuildOperationRunner.java:29)
	at org.gradle.internal.operations.DefaultBuildOperationRunner$1.execute(DefaultBuildOperationRunner.java:26)
	at org.gradle.internal.operations.DefaultBuildOperationRunner$2.execute(DefaultBuildOperationRunner.java:66)
	at org.gradle.internal.operations.DefaultBuildOperationRunner$2.execute(DefaultBuildOperationRunner.java:59)
	at org.gradle.internal.operations.DefaultBuildOperationRunner.execute(DefaultBuildOperationRunner.java:166)
	at org.gradle.internal.operations.DefaultBuildOperationRunner.execute(DefaultBuildOperationRunner.java:59)
	at org.gradle.internal.operations.DefaultBuildOperationRunner.run(DefaultBuildOperationRunner.java:47)
	at org.gradle.api.internal.tasks.execution.TaskExecution.executeAction(TaskExecution.java:229)
	at org.gradle.api.internal.tasks.execution.TaskExecution.executeActions(TaskExecution.java:212)
	at org.gradle.api.internal.tasks.execution.TaskExecution.executeWithPreviousOutputFiles(TaskExecution.java:195)
	at org.gradle.api.internal.tasks.execution.TaskExecution.execute(TaskExecution.java:162)
	at org.gradle.internal.execution.steps.ExecuteStep.executeInternal(ExecuteStep.java:105)
	at org.gradle.internal.execution.steps.ExecuteStep.access$000(ExecuteStep.java:44)
	at org.gradle.internal.execution.steps.ExecuteStep$1.call(ExecuteStep.java:59)
	at org.gradle.internal.execution.steps.ExecuteStep$1.call(ExecuteStep.java:56)
	at org.gradle.internal.operations.DefaultBuildOperationRunner$CallableBuildOperationWorker.execute(DefaultBuildOperationRunner.java:209)
	at org.gradle.internal.operations.DefaultBuildOperationRunner$CallableBuildOperationWorker.execute(DefaultBuildOperationRunner.java:204)
	at org.gradle.internal.operations.DefaultBuildOperationRunner$2.execute(DefaultBuildOperationRunner.java:66)
	at org.gradle.internal.operations.DefaultBuildOperationRunner$2.execute(DefaultBuildOperationRunner.java:59)
	at org.gradle.internal.operations.DefaultBuildOperationRunner.execute(DefaultBuildOperationRunner.java:166)
	at org.gradle.internal.operations.DefaultBuildOperationRunner.execute(DefaultBuildOperationRunner.java:59)
	at org.gradle.internal.operations.DefaultBuildOperationRunner.call(DefaultBuildOperationRunner.java:53)
	at org.gradle.internal.execution.steps.ExecuteStep.execute(ExecuteStep.java:56)
	at org.gradle.internal.execution.steps.ExecuteStep.execute(ExecuteStep.java:44)
	at org.gradle.internal.execution.steps.CancelExecutionStep.execute(CancelExecutionStep.java:42)
	at org.gradle.internal.execution.steps.TimeoutStep.executeWithoutTimeout(TimeoutStep.java:75)
	at org.gradle.internal.execution.steps.TimeoutStep.execute(TimeoutStep.java:55)
	at org.gradle.internal.execution.steps.PreCreateOutputParentsStep.execute(PreCreateOutputParentsStep.java:50)
	at org.gradle.internal.execution.steps.PreCreateOutputParentsStep.execute(PreCreateOutputParentsStep.java:28)
	at org.gradle.internal.execution.steps.RemovePreviousOutputsStep.execute(RemovePreviousOutputsStep.java:67)
	at org.gradle.internal.execution.steps.RemovePreviousOutputsStep.execute(RemovePreviousOutputsStep.java:37)
	at org.gradle.internal.execution.steps.BroadcastChangingOutputsStep.execute(BroadcastChangingOutputsStep.java:61)
	at org.gradle.internal.execution.steps.BroadcastChangingOutputsStep.execute(BroadcastChangingOutputsStep.java:26)
	at org.gradle.internal.execution.steps.CaptureOutputsAfterExecutionStep.execute(CaptureOutputsAfterExecutionStep.java:69)
	at org.gradle.internal.execution.steps.CaptureOutputsAfterExecutionStep.execute(CaptureOutputsAfterExecutionStep.java:46)
	at org.gradle.internal.execution.steps.ResolveInputChangesStep.execute(ResolveInputChangesStep.java:40)
	at org.gradle.internal.execution.steps.ResolveInputChangesStep.execute(ResolveInputChangesStep.java:29)
	at org.gradle.internal.execution.steps.BuildCacheStep.executeWithoutCache(BuildCacheStep.java:189)
	at org.gradle.internal.execution.steps.BuildCacheStep.lambda$execute$1(BuildCacheStep.java:75)
	at org.gradle.internal.Either$Right.fold(Either.java:175)
	at org.gradle.internal.execution.caching.CachingState.fold(CachingState.java:62)
	at org.gradle.internal.execution.steps.BuildCacheStep.execute(BuildCacheStep.java:73)
	at org.gradle.internal.execution.steps.BuildCacheStep.execute(BuildCacheStep.java:48)
	at org.gradle.internal.execution.steps.StoreExecutionStateStep.execute(StoreExecutionStateStep.java:46)
	at org.gradle.internal.execution.steps.StoreExecutionStateStep.execute(StoreExecutionStateStep.java:35)
	at org.gradle.internal.execution.steps.SkipUpToDateStep.executeBecause(SkipUpToDateStep.java:75)
	at org.gradle.internal.execution.steps.SkipUpToDateStep.lambda$execute$2(SkipUpToDateStep.java:53)
	at org.gradle.internal.execution.steps.SkipUpToDateStep.execute(SkipUpToDateStep.java:53)
	at org.gradle.internal.execution.steps.SkipUpToDateStep.execute(SkipUpToDateStep.java:35)
	at org.gradle.internal.execution.steps.legacy.MarkSnapshottingInputsFinishedStep.execute(MarkSnapshottingInputsFinishedStep.java:37)
	at org.gradle.internal.execution.steps.legacy.MarkSnapshottingInputsFinishedStep.execute(MarkSnapshottingInputsFinishedStep.java:27)
	at org.gradle.internal.execution.steps.ResolveIncrementalCachingStateStep.executeDelegate(ResolveIncrementalCachingStateStep.java:49)
	at org.gradle.internal.execution.steps.ResolveIncrementalCachingStateStep.executeDelegate(ResolveIncrementalCachingStateStep.java:27)
	at org.gradle.internal.execution.steps.AbstractResolveCachingStateStep.execute(AbstractResolveCachingStateStep.java:71)
	at org.gradle.internal.execution.steps.AbstractResolveCachingStateStep.execute(AbstractResolveCachingStateStep.java:39)
	at org.gradle.internal.execution.steps.ResolveChangesStep.execute(ResolveChangesStep.java:65)
	at org.gradle.internal.execution.steps.ResolveChangesStep.execute(ResolveChangesStep.java:36)
	at org.gradle.internal.execution.steps.ValidateStep.execute(ValidateStep.java:107)
	at org.gradle.internal.execution.steps.ValidateStep.execute(ValidateStep.java:56)
	at org.gradle.internal.execution.steps.AbstractCaptureStateBeforeExecutionStep.execute(AbstractCaptureStateBeforeExecutionStep.java:64)
	at org.gradle.internal.execution.steps.AbstractCaptureStateBeforeExecutionStep.execute(AbstractCaptureStateBeforeExecutionStep.java:43)
	at org.gradle.internal.execution.steps.AbstractSkipEmptyWorkStep.executeWithNonEmptySources(AbstractSkipEmptyWorkStep.java:125)
	at org.gradle.internal.execution.steps.AbstractSkipEmptyWorkStep.execute(AbstractSkipEmptyWorkStep.java:56)
	at org.gradle.internal.execution.steps.AbstractSkipEmptyWorkStep.execute(AbstractSkipEmptyWorkStep.java:36)
	at org.gradle.internal.execution.steps.legacy.MarkSnapshottingInputsStartedStep.execute(MarkSnapshottingInputsStartedStep.java:38)
	at org.gradle.internal.execution.steps.LoadPreviousExecutionStateStep.execute(LoadPreviousExecutionStateStep.java:36)
	at org.gradle.internal.execution.steps.LoadPreviousExecutionStateStep.execute(LoadPreviousExecutionStateStep.java:23)
	at org.gradle.internal.execution.steps.HandleStaleOutputsStep.execute(HandleStaleOutputsStep.java:75)
	at org.gradle.internal.execution.steps.HandleStaleOutputsStep.execute(HandleStaleOutputsStep.java:41)
	at org.gradle.internal.execution.steps.AssignMutableWorkspaceStep.lambda$execute$0(AssignMutableWorkspaceStep.java:35)
	at org.gradle.api.internal.tasks.execution.TaskExecution$4.withWorkspace(TaskExecution.java:289)
	at org.gradle.internal.execution.steps.AssignMutableWorkspaceStep.execute(AssignMutableWorkspaceStep.java:31)
	at org.gradle.internal.execution.steps.AssignMutableWorkspaceStep.execute(AssignMutableWorkspaceStep.java:22)
	at org.gradle.internal.execution.steps.ChoosePipelineStep.execute(ChoosePipelineStep.java:40)
	at org.gradle.internal.execution.steps.ChoosePipelineStep.execute(ChoosePipelineStep.java:23)
	at org.gradle.internal.execution.steps.ExecuteWorkBuildOperationFiringStep.lambda$execute$2(ExecuteWorkBuildOperationFiringStep.java:67)
	at org.gradle.internal.execution.steps.ExecuteWorkBuildOperationFiringStep.execute(ExecuteWorkBuildOperationFiringStep.java:67)
	at org.gradle.internal.execution.steps.ExecuteWorkBuildOperationFiringStep.execute(ExecuteWorkBuildOperationFiringStep.java:39)
	at org.gradle.internal.execution.steps.IdentityCacheStep.execute(IdentityCacheStep.java:46)
	at org.gradle.internal.execution.steps.IdentityCacheStep.execute(IdentityCacheStep.java:34)
	at org.gradle.internal.execution.steps.IdentifyStep.execute(IdentifyStep.java:48)
	at org.gradle.internal.execution.steps.IdentifyStep.execute(IdentifyStep.java:35)
	at org.gradle.internal.execution.impl.DefaultExecutionEngine$1.execute(DefaultExecutionEngine.java:61)
	at org.gradle.api.internal.tasks.execution.ExecuteActionsTaskExecuter.executeIfValid(ExecuteActionsTaskExecuter.java:127)
	at org.gradle.api.internal.tasks.execution.ExecuteActionsTaskExecuter.execute(ExecuteActionsTaskExecuter.java:116)
	at org.gradle.api.internal.tasks.execution.FinalizePropertiesTaskExecuter.execute(FinalizePropertiesTaskExecuter.java:46)
	at org.gradle.api.internal.tasks.execution.ResolveTaskExecutionModeExecuter.execute(ResolveTaskExecutionModeExecuter.java:51)
	at org.gradle.api.internal.tasks.execution.SkipTaskWithNoActionsExecuter.execute(SkipTaskWithNoActionsExecuter.java:57)
	at org.gradle.api.internal.tasks.execution.SkipOnlyIfTaskExecuter.execute(SkipOnlyIfTaskExecuter.java:74)
	at org.gradle.api.internal.tasks.execution.CatchExceptionTaskExecuter.execute(CatchExceptionTaskExecuter.java:36)
	at org.gradle.api.internal.tasks.execution.EventFiringTaskExecuter$1.executeTask(EventFiringTaskExecuter.java:77)
	at org.gradle.api.internal.tasks.execution.EventFiringTaskExecuter$1.call(EventFiringTaskExecuter.java:55)
	at org.gradle.api.internal.tasks.execution.EventFiringTaskExecuter$1.call(EventFiringTaskExecuter.java:52)
	at org.gradle.internal.operations.DefaultBuildOperationRunner$CallableBuildOperationWorker.execute(DefaultBuildOperationRunner.java:209)
	at org.gradle.internal.operations.DefaultBuildOperationRunner$CallableBuildOperationWorker.execute(DefaultBuildOperationRunner.java:204)
	at org.gradle.internal.operations.DefaultBuildOperationRunner$2.execute(DefaultBuildOperationRunner.java:66)
	at org.gradle.internal.operations.DefaultBuildOperationRunner$2.execute(DefaultBuildOperationRunner.java:59)
	at org.gradle.internal.operations.DefaultBuildOperationRunner.execute(DefaultBuildOperationRunner.java:166)
	at org.gradle.internal.operations.DefaultBuildOperationRunner.execute(DefaultBuildOperationRunner.java:59)
	at org.gradle.internal.operations.DefaultBuildOperationRunner.call(DefaultBuildOperationRunner.java:53)
	at org.gradle.api.internal.tasks.execution.EventFiringTaskExecuter.execute(EventFiringTaskExecuter.java:52)
	at org.gradle.execution.plan.LocalTaskNodeExecutor.execute(LocalTaskNodeExecutor.java:42)
	at org.gradle.execution.taskgraph.DefaultTaskExecutionGraph$InvokeNodeExecutorsAction.execute(DefaultTaskExecutionGraph.java:331)
	at org.gradle.execution.taskgraph.DefaultTaskExecutionGraph$InvokeNodeExecutorsAction.execute(DefaultTaskExecutionGraph.java:318)
	at org.gradle.execution.taskgraph.DefaultTaskExecutionGraph$BuildOperationAwareExecutionAction.lambda$execute$0(DefaultTaskExecutionGraph.java:314)
	at org.gradle.internal.operations.CurrentBuildOperationRef.with(CurrentBuildOperationRef.java:85)
	at org.gradle.execution.taskgraph.DefaultTaskExecutionGraph$BuildOperationAwareExecutionAction.execute(DefaultTaskExecutionGraph.java:314)
	at org.gradle.execution.taskgraph.DefaultTaskExecutionGraph$BuildOperationAwareExecutionAction.execute(DefaultTaskExecutionGraph.java:303)
	at org.gradle.execution.plan.DefaultPlanExecutor$ExecutorWorker.execute(DefaultPlanExecutor.java:459)
	at org.gradle.execution.plan.DefaultPlanExecutor$ExecutorWorker.run(DefaultPlanExecutor.java:376)
	at org.gradle.internal.concurrent.ExecutorPolicy$CatchAndRecordFailures.onExecute(ExecutorPolicy.java:64)
	at org.gradle.internal.concurrent.AbstractManagedExecutor$1.run(AbstractManagedExecutor.java:48)
Caused by: org.jetbrains.kotlin.gradle.tasks.CompilationErrorException: Compilation error. See log for more details
	at org.jetbrains.kotlin.gradle.tasks.TasksUtilsKt.throwExceptionIfCompilationFailed(tasksUtils.kt:20)
	at org.jetbrains.kotlin.compilerRunner.GradleKotlinCompilerWork.run(GradleKotlinCompilerWork.kt:141)
	at org.jetbrains.kotlin.compilerRunner.GradleCompilerRunnerWithWorkers$GradleKotlinCompilerWorkAction.execute(GradleCompilerRunnerWithWorkers.kt:73)
	at org.gradle.workers.internal.DefaultWorkerServer.execute(DefaultWorkerServer.java:63)
	at org.gradle.workers.internal.NoIsolationWorkerFactory$1$1.create(NoIsolationWorkerFactory.java:66)
	at org.gradle.workers.internal.NoIsolationWorkerFactory$1$1.create(NoIsolationWorkerFactory.java:62)
	at org.gradle.internal.classloader.ClassLoaderUtils.executeInClassloader(ClassLoaderUtils.java:100)
	at org.gradle.workers.internal.NoIsolationWorkerFactory$1.lambda$execute$0(NoIsolationWorkerFactory.java:62)
	at org.gradle.workers.internal.AbstractWorker$1.call(AbstractWorker.java:44)
	at org.gradle.workers.internal.AbstractWorker$1.call(AbstractWorker.java:41)
	at org.gradle.internal.operations.DefaultBuildOperationRunner$CallableBuildOperationWorker.execute(DefaultBuildOperationRunner.java:209)
	at org.gradle.internal.operations.DefaultBuildOperationRunner$CallableBuildOperationWorker.execute(DefaultBuildOperationRunner.java:204)
	at org.gradle.internal.operations.DefaultBuildOperationRunner$2.execute(DefaultBuildOperationRunner.java:66)
	at org.gradle.internal.operations.DefaultBuildOperationRunner$2.execute(DefaultBuildOperationRunner.java:59)
	at org.gradle.internal.operations.DefaultBuildOperationRunner.execute(DefaultBuildOperationRunner.java:166)
	at org.gradle.internal.operations.DefaultBuildOperationRunner.execute(DefaultBuildOperationRunner.java:59)
	at org.gradle.internal.operations.DefaultBuildOperationRunner.call(DefaultBuildOperationRunner.java:53)
	at org.gradle.workers.internal.AbstractWorker.executeWrappedInBuildOperation(AbstractWorker.java:41)
	at org.gradle.workers.internal.NoIsolationWorkerFactory$1.execute(NoIsolationWorkerFactory.java:59)
	at org.gradle.workers.internal.DefaultWorkerExecutor.lambda$submitWork$0(DefaultWorkerExecutor.java:174)
	at org.gradle.internal.work.DefaultConditionalExecutionQueue$ExecutionRunner.runExecution(DefaultConditionalExecutionQueue.java:194)
	at org.gradle.internal.work.DefaultConditionalExecutionQueue$ExecutionRunner.access$700(DefaultConditionalExecutionQueue.java:127)
	at org.gradle.internal.work.DefaultConditionalExecutionQueue$ExecutionRunner$1.run(DefaultConditionalExecutionQueue.java:169)
	at org.gradle.internal.Factories$1.create(Factories.java:31)
	at org.gradle.internal.work.DefaultWorkerLeaseService.withLocks(DefaultWorkerLeaseService.java:263)
	at org.gradle.internal.work.DefaultWorkerLeaseService.runAsWorkerThread(DefaultWorkerLeaseService.java:127)
	at org.gradle.internal.work.DefaultWorkerLeaseService.runAsWorkerThread(DefaultWorkerLeaseService.java:132)
	at org.gradle.internal.work.DefaultConditionalExecutionQueue$ExecutionRunner.runBatch(DefaultConditionalExecutionQueue.java:164)
	at org.gradle.internal.work.DefaultConditionalExecutionQueue$ExecutionRunner.run(DefaultConditionalExecutionQueue.java:133)
	... 2 more


Deprecated Gradle features were used in this build, making it incompatible with Gradle 9.0.

You can use '--warning-mode all' to show the individual deprecation warnings and determine if they come from your own scripts or plugins.

For more on this, please refer to https://docs.gradle.org/8.11.1/userguide/command_line_interface.html#sec:command_line_warnings in the Gradle documentation.

BUILD FAILED in 29s
31 actionable tasks: 31 executed
Watched directory hierarchies: [C:\DEV\StudyWise-Fresh]
